[0.000000] (-) TimerEvent: {}
[0.000140] (send_num) JobQueued: {'identifier': 'send_num', 'dependencies': OrderedDict()}
[0.000176] (youbot_description) JobQueued: {'identifier': 'youbot_description', 'dependencies': OrderedDict()}
[0.000198] (youbot_moveit) JobQueued: {'identifier': 'youbot_moveit', 'dependencies': OrderedDict([('youbot_description', '/youbot/install/youbot_description')])}
[0.001252] (youbot_description) JobStarted: {'identifier': 'youbot_description'}
[0.010444] (send_num) JobStarted: {'identifier': 'send_num'}
[0.024447] (youbot_description) JobProgress: {'identifier': 'youbot_description', 'progress': 'cmake'}
[0.024628] (youbot_description) JobProgress: {'identifier': 'youbot_description', 'progress': 'build'}
[0.025261] (youbot_description) Command: {'cmd': ['/usr/bin/cmake', '--build', '/youbot/build/youbot_description', '--', '-j4', '-l4'], 'cwd': '/youbot/build/youbot_description', 'env': OrderedDict([('HOSTNAME', 'danil-H110M-S2PV'), ('SHLVL', '1'), ('LD_LIBRARY_PATH', '/opt/ros/humble/opt/rviz_ogre_vendor/lib:/opt/ros/humble/lib/x86_64-linux-gnu:/opt/ros/humble/lib'), ('HOME', '/root'), ('ROS_PYTHON_VERSION', '3'), ('ROS_DISTRO', 'humble'), ('_', '/usr/bin/colcon'), ('ROS_VERSION', '2'), ('NVIDIA_DRIVER_CAPABILITIES', 'graphics'), ('TERM', 'xterm'), ('ROS_LOCALHOST_ONLY', '0'), ('QT_X11_NO_MITSHM', '1'), ('PATH', '/opt/ros/humble/bin:/usr/local/sbin:/usr/local/bin:/usr/sbin:/usr/bin:/sbin:/bin'), ('DISPLAY', 'unix:1'), ('LANG', 'C.UTF-8'), ('ROS_DOMAIN_ID', '205'), ('AMENT_PREFIX_PATH', '/opt/ros/humble'), ('PWD', '/youbot/build/youbot_description'), ('LC_ALL', 'C.UTF-8'), ('PYTHONPATH', '/opt/ros/humble/lib/python3.10/site-packages:/opt/ros/humble/local/lib/python3.10/dist-packages'), ('NVIDIA_VISIBLE_DEVICES', 'all'), ('COLCON', '1'), ('CMAKE_PREFIX_PATH', '/opt/ros/humble')]), 'shell': False}
[0.099673] (-) TimerEvent: {}
[0.200645] (-) TimerEvent: {}
[0.302871] (-) TimerEvent: {}
[0.384856] (youbot_description) CommandEnded: {'returncode': 0}
[0.385297] (youbot_description) JobProgress: {'identifier': 'youbot_description', 'progress': 'install'}
[0.402870] (youbot_description) Command: {'cmd': ['/usr/bin/cmake', '--install', '/youbot/build/youbot_description'], 'cwd': '/youbot/build/youbot_description', 'env': OrderedDict([('HOSTNAME', 'danil-H110M-S2PV'), ('SHLVL', '1'), ('LD_LIBRARY_PATH', '/opt/ros/humble/opt/rviz_ogre_vendor/lib:/opt/ros/humble/lib/x86_64-linux-gnu:/opt/ros/humble/lib'), ('HOME', '/root'), ('ROS_PYTHON_VERSION', '3'), ('ROS_DISTRO', 'humble'), ('_', '/usr/bin/colcon'), ('ROS_VERSION', '2'), ('NVIDIA_DRIVER_CAPABILITIES', 'graphics'), ('TERM', 'xterm'), ('ROS_LOCALHOST_ONLY', '0'), ('QT_X11_NO_MITSHM', '1'), ('PATH', '/opt/ros/humble/bin:/usr/local/sbin:/usr/local/bin:/usr/sbin:/usr/bin:/sbin:/bin'), ('DISPLAY', 'unix:1'), ('LANG', 'C.UTF-8'), ('ROS_DOMAIN_ID', '205'), ('AMENT_PREFIX_PATH', '/opt/ros/humble'), ('PWD', '/youbot/build/youbot_description'), ('LC_ALL', 'C.UTF-8'), ('PYTHONPATH', '/opt/ros/humble/lib/python3.10/site-packages:/opt/ros/humble/local/lib/python3.10/dist-packages'), ('NVIDIA_VISIBLE_DEVICES', 'all'), ('COLCON', '1'), ('CMAKE_PREFIX_PATH', '/opt/ros/humble')]), 'shell': False}
[0.405069] (-) TimerEvent: {}
[0.417161] (youbot_description) StdoutLine: {'line': b'-- Install configuration: ""\n'}
[0.419575] (youbot_description) StdoutLine: {'line': b'-- Up-to-date: /youbot/install/youbot_description/share/youbot_description/launch\n'}
[0.420218] (youbot_description) StdoutLine: {'line': b'-- Up-to-date: /youbot/install/youbot_description/share/youbot_description/launch/rviz.launch.py\n'}
[0.420314] (youbot_description) StdoutLine: {'line': b'-- Up-to-date: /youbot/install/youbot_description/share/youbot_description/rviz\n'}
[0.420384] (youbot_description) StdoutLine: {'line': b'-- Up-to-date: /youbot/install/youbot_description/share/youbot_description/rviz/view.rviz\n'}
[0.420450] (youbot_description) StdoutLine: {'line': b'-- Up-to-date: /youbot/install/youbot_description/share/youbot_description/urdf\n'}
[0.420513] (youbot_description) StdoutLine: {'line': b'-- Up-to-date: /youbot/install/youbot_description/share/youbot_description/urdf/youbot.urdf\n'}
[0.420591] (youbot_description) StdoutLine: {'line': b'-- Up-to-date: /youbot/install/youbot_description/share/youbot_description/meshes\n'}
[0.420653] (youbot_description) StdoutLine: {'line': b'-- Up-to-date: /youbot/install/youbot_description/share/youbot_description/meshes/youbot_arm\n'}
[0.420716] (youbot_description) StdoutLine: {'line': b'-- Up-to-date: /youbot/install/youbot_description/share/youbot_description/meshes/youbot_arm/arm_joint_5_convex.stl\n'}
[0.420779] (youbot_description) StdoutLine: {'line': b'-- Up-to-date: /youbot/install/youbot_description/share/youbot_description/meshes/youbot_arm/arm2_convex.stl\n'}
[0.420864] (youbot_description) StdoutLine: {'line': b'-- Up-to-date: /youbot/install/youbot_description/share/youbot_description/meshes/youbot_arm/arm_joint_2_convex.stl\n'}
[0.420928] (youbot_description) StdoutLine: {'line': b'-- Up-to-date: /youbot/install/youbot_description/share/youbot_description/meshes/youbot_arm/arm0_convex.dae\n'}
[0.420990] (youbot_description) StdoutLine: {'line': b'-- Up-to-date: /youbot/install/youbot_description/share/youbot_description/meshes/youbot_arm/arm2.dae\n'}
[0.421051] (youbot_description) StdoutLine: {'line': b'-- Up-to-date: /youbot/install/youbot_description/share/youbot_description/meshes/youbot_arm/arm_joint_3_convex.stl_Zone.Identifier\n'}
[0.421113] (youbot_description) StdoutLine: {'line': b'-- Up-to-date: /youbot/install/youbot_description/share/youbot_description/meshes/youbot_arm/arm_joint_3_convex.stl\n'}
[0.421174] (youbot_description) StdoutLine: {'line': b'-- Up-to-date: /youbot/install/youbot_description/share/youbot_description/meshes/youbot_arm/arm4_convex.dae\n'}
[0.421235] (youbot_description) StdoutLine: {'line': b'-- Up-to-date: /youbot/install/youbot_description/share/youbot_description/meshes/youbot_arm/arm2_convex.stl_Zone.Identifier\n'}
[0.421296] (youbot_description) StdoutLine: {'line': b'-- Up-to-date: /youbot/install/youbot_description/share/youbot_description/meshes/youbot_arm/arm4.dae\n'}
[0.424096] (youbot_description) StdoutLine: {'line': b'-- Up-to-date: /youbot/install/youbot_description/share/youbot_description/meshes/youbot_arm/arm5.dae\n'}
[0.424310] (youbot_description) StdoutLine: {'line': b'-- Up-to-date: /youbot/install/youbot_description/share/youbot_description/meshes/youbot_arm/arm_joint_4_convex.stl_Zone.Identifier\n'}
[0.424383] (youbot_description) StdoutLine: {'line': b'-- Up-to-date: /youbot/install/youbot_description/share/youbot_description/meshes/youbot_arm/arm0_convex.stl\n'}
[0.424448] (youbot_description) StdoutLine: {'line': b'-- Up-to-date: /youbot/install/youbot_description/share/youbot_description/meshes/youbot_arm/arm0.dae\n'}
[0.424584] (youbot_description) StdoutLine: {'line': b'-- Up-to-date: /youbot/install/youbot_description/share/youbot_description/meshes/youbot_arm/arm3_convex.dae\n'}
[0.427961] (youbot_description) StdoutLine: {'line': b'-- Up-to-date: /youbot/install/youbot_description/share/youbot_description/meshes/youbot_arm/arm5_convex.dae\n'}
[0.428061] (youbot_description) StdoutLine: {'line': b'-- Up-to-date: /youbot/install/youbot_description/share/youbot_description/meshes/youbot_arm/arm_joint_5_convex.stl_Zone.Identifier\n'}
[0.428134] (youbot_description) StdoutLine: {'line': b'-- Up-to-date: /youbot/install/youbot_description/share/youbot_description/meshes/youbot_arm/arm1.dae\n'}
[0.428203] (youbot_description) StdoutLine: {'line': b'-- Up-to-date: /youbot/install/youbot_description/share/youbot_description/meshes/youbot_arm/arm_joint_4_convex.stl\n'}
[0.428266] (youbot_description) StdoutLine: {'line': b'-- Up-to-date: /youbot/install/youbot_description/share/youbot_description/meshes/youbot_arm/arm_joint_2_convex.stl_Zone.Identifier\n'}
[0.428328] (youbot_description) StdoutLine: {'line': b'-- Up-to-date: /youbot/install/youbot_description/share/youbot_description/meshes/youbot_arm/arm0_convex.stl_Zone.Identifier\n'}
[0.428389] (youbot_description) StdoutLine: {'line': b'-- Up-to-date: /youbot/install/youbot_description/share/youbot_description/meshes/youbot_arm/arm2_convex.dae\n'}
[0.428463] (youbot_description) StdoutLine: {'line': b'-- Up-to-date: /youbot/install/youbot_description/share/youbot_description/meshes/youbot_arm/arm3.dae\n'}
[0.428532] (youbot_description) StdoutLine: {'line': b'-- Up-to-date: /youbot/install/youbot_description/share/youbot_description/meshes/youbot_arm/arm_joint_1_convex.stl\n'}
[0.428594] (youbot_description) StdoutLine: {'line': b'-- Up-to-date: /youbot/install/youbot_description/share/youbot_description/meshes/youbot_arm/arm1_convex.dae\n'}
[0.428654] (youbot_description) StdoutLine: {'line': b'-- Up-to-date: /youbot/install/youbot_description/share/youbot_description/meshes/youbot_arm/arm_joint_1_convex.stl_Zone.Identifier\n'}
[0.428716] (youbot_description) StdoutLine: {'line': b'-- Up-to-date: /youbot/install/youbot_description/share/youbot_description/meshes/sensors\n'}
[0.428777] (youbot_description) StdoutLine: {'line': b'-- Up-to-date: /youbot/install/youbot_description/share/youbot_description/meshes/sensors/kinect.tga\n'}
[0.428853] (youbot_description) StdoutLine: {'line': b'-- Up-to-date: /youbot/install/youbot_description/share/youbot_description/meshes/sensors/hokuyo_convex.dae\n'}
[0.428916] (youbot_description) StdoutLine: {'line': b'-- Up-to-date: /youbot/install/youbot_description/share/youbot_description/meshes/sensors/asus_xtion_pro_live_base.dae\n'}
[0.428990] (youbot_description) StdoutLine: {'line': b'-- Up-to-date: /youbot/install/youbot_description/share/youbot_description/meshes/sensors/kinect.dae\n'}
[0.429051] (youbot_description) StdoutLine: {'line': b'-- Up-to-date: /youbot/install/youbot_description/share/youbot_description/meshes/sensors/hokuyo.dae\n'}
[0.429112] (youbot_description) StdoutLine: {'line': b'-- Up-to-date: /youbot/install/youbot_description/share/youbot_description/meshes/sensors/asus_xtion_pro_live_camera.dae\n'}
[0.429172] (youbot_description) StdoutLine: {'line': b'-- Up-to-date: /youbot/install/youbot_description/share/youbot_description/meshes/sensors/microsoft_lifecam.dae\n'}
[0.429232] (youbot_description) StdoutLine: {'line': b'-- Up-to-date: /youbot/install/youbot_description/share/youbot_description/meshes/sensors/asus_xtion_pro_live_base.png\n'}
[0.429292] (youbot_description) StdoutLine: {'line': b'-- Up-to-date: /youbot/install/youbot_description/share/youbot_description/meshes/sensors/asus_xtion_pro_live_camera.png\n'}
[0.429353] (youbot_description) StdoutLine: {'line': b'-- Up-to-date: /youbot/install/youbot_description/share/youbot_description/meshes/youbot_plate\n'}
[0.429413] (youbot_description) StdoutLine: {'line': b'-- Up-to-date: /youbot/install/youbot_description/share/youbot_description/meshes/youbot_plate/plate_convex.dae\n'}
[0.429473] (youbot_description) StdoutLine: {'line': b'-- Up-to-date: /youbot/install/youbot_description/share/youbot_description/meshes/youbot_plate/plate.dae\n'}
[0.429533] (youbot_description) StdoutLine: {'line': b'-- Up-to-date: /youbot/install/youbot_description/share/youbot_description/meshes/youbot_plate/plate.stl\n'}
[0.429593] (youbot_description) StdoutLine: {'line': b'-- Up-to-date: /youbot/install/youbot_description/share/youbot_description/meshes/youbot_base\n'}
[0.429654] (youbot_description) StdoutLine: {'line': b'-- Up-to-date: /youbot/install/youbot_description/share/youbot_description/meshes/youbot_base/base_convex.stl\n'}
[0.429715] (youbot_description) StdoutLine: {'line': b'-- Up-to-date: /youbot/install/youbot_description/share/youbot_description/meshes/youbot_base/base_convex.stl_Zone.Identifier\n'}
[0.429776] (youbot_description) StdoutLine: {'line': b'-- Up-to-date: /youbot/install/youbot_description/share/youbot_description/meshes/youbot_base/front-right_wheel.dae_Zone.Identifier\n'}
[0.432516] (youbot_description) StdoutLine: {'line': b'-- Up-to-date: /youbot/install/youbot_description/share/youbot_description/meshes/youbot_base/front-left_wheel.dae\n'}
[0.432619] (youbot_description) StdoutLine: {'line': b'-- Up-to-date: /youbot/install/youbot_description/share/youbot_description/meshes/youbot_base/base.dae\n'}
[0.432697] (youbot_description) StdoutLine: {'line': b'-- Up-to-date: /youbot/install/youbot_description/share/youbot_description/meshes/youbot_base/back-right_wheel.dae_Zone.Identifier\n'}
[0.433185] (youbot_description) StdoutLine: {'line': b'-- Up-to-date: /youbot/install/youbot_description/share/youbot_description/meshes/youbot_base/front-right_wheel.dae\n'}
[0.433277] (youbot_description) StdoutLine: {'line': b'-- Up-to-date: /youbot/install/youbot_description/share/youbot_description/meshes/youbot_base/back-left_wheel.dae_Zone.Identifier\n'}
[0.433346] (youbot_description) StdoutLine: {'line': b'-- Up-to-date: /youbot/install/youbot_description/share/youbot_description/meshes/youbot_base/back-right_wheel.dae\n'}
[0.433410] (youbot_description) StdoutLine: {'line': b'-- Up-to-date: /youbot/install/youbot_description/share/youbot_description/meshes/youbot_base/front-left_wheel.dae_Zone.Identifier\n'}
[0.433905] (youbot_description) StdoutLine: {'line': b'-- Up-to-date: /youbot/install/youbot_description/share/youbot_description/meshes/youbot_base/base_convex.dae\n'}
[0.433987] (youbot_description) StdoutLine: {'line': b'-- Up-to-date: /youbot/install/youbot_description/share/youbot_description/meshes/youbot_base/back-left_wheel.dae\n'}
[0.434077] (youbot_description) StdoutLine: {'line': b'-- Up-to-date: /youbot/install/youbot_description/share/youbot_description/meshes/youbot_base/base_frame.dae_Zone.Identifier\n'}
[0.434458] (youbot_description) StdoutLine: {'line': b'-- Up-to-date: /youbot/install/youbot_description/share/youbot_description/meshes/youbot_base/base_frame.dae\n'}
[0.434528] (youbot_description) StdoutLine: {'line': b'-- Up-to-date: /youbot/install/youbot_description/share/youbot_description/meshes/youbot_gripper\n'}
[0.434592] (youbot_description) StdoutLine: {'line': b'-- Up-to-date: /youbot/install/youbot_description/share/youbot_description/meshes/youbot_gripper/finger.dae\n'}
[0.434663] (youbot_description) StdoutLine: {'line': b'-- Up-to-date: /youbot/install/youbot_description/share/youbot_description/meshes/youbot_gripper/finger_convex.dae\n'}
[0.434930] (youbot_description) StdoutLine: {'line': b'-- Up-to-date: /youbot/install/youbot_description/share/youbot_description/meshes/youbot_gripper/palm_convex.dae\n'}
[0.435327] (youbot_description) StdoutLine: {'line': b'-- Up-to-date: /youbot/install/youbot_description/share/youbot_description/meshes/youbot_gripper/palm.dae\n'}
[0.435412] (youbot_description) StdoutLine: {'line': b'-- Up-to-date: /youbot/install/youbot_description/share/youbot_description/config\n'}
[0.435480] (youbot_description) StdoutLine: {'line': b'-- Up-to-date: /youbot/install/youbot_description/share/youbot_description/config/youbot.yaml\n'}
[0.435543] (youbot_description) StdoutLine: {'line': b'-- Up-to-date: /youbot/install/youbot_description/share/youbot_description/config/rviz.rviz\n'}
[0.436132] (youbot_description) StdoutLine: {'line': b'-- Up-to-date: /youbot/install/youbot_description/share/youbot_description/sdf\n'}
[0.438924] (youbot_description) StdoutLine: {'line': b'-- Up-to-date: /youbot/install/youbot_description/share/youbot_description/sdf/youbot\n'}
[0.439003] (youbot_description) StdoutLine: {'line': b'-- Up-to-date: /youbot/install/youbot_description/share/youbot_description/sdf/youbot/model.config\n'}
[0.439068] (youbot_description) StdoutLine: {'line': b'-- Up-to-date: /youbot/install/youbot_description/share/youbot_description/sdf/youbot/meshes\n'}
[0.439130] (youbot_description) StdoutLine: {'line': b'-- Up-to-date: /youbot/install/youbot_description/share/youbot_description/sdf/youbot/meshes/gripper\n'}
[0.439211] (youbot_description) StdoutLine: {'line': b'-- Up-to-date: /youbot/install/youbot_description/share/youbot_description/sdf/youbot/meshes/gripper/palm.stl\n'}
[0.439272] (youbot_description) StdoutLine: {'line': b'-- Up-to-date: /youbot/install/youbot_description/share/youbot_description/sdf/youbot/meshes/gripper/palm_convex.stl\n'}
[0.439331] (youbot_description) StdoutLine: {'line': b'-- Up-to-date: /youbot/install/youbot_description/share/youbot_description/sdf/youbot/meshes/gripper/finger_convex.stl\n'}
[0.439396] (youbot_description) StdoutLine: {'line': b'-- Up-to-date: /youbot/install/youbot_description/share/youbot_description/sdf/youbot/meshes/gripper/finger.stl\n'}
[0.439456] (youbot_description) StdoutLine: {'line': b'-- Up-to-date: /youbot/install/youbot_description/share/youbot_description/sdf/youbot/meshes/arm\n'}
[0.439515] (youbot_description) StdoutLine: {'line': b'-- Up-to-date: /youbot/install/youbot_description/share/youbot_description/sdf/youbot/meshes/arm/arm2_convex.stl\n'}
[0.439574] (youbot_description) StdoutLine: {'line': b'-- Up-to-date: /youbot/install/youbot_description/share/youbot_description/sdf/youbot/meshes/arm/arm2.dae\n'}
[0.439633] (youbot_description) StdoutLine: {'line': b'-- Up-to-date: /youbot/install/youbot_description/share/youbot_description/sdf/youbot/meshes/arm/arm3_convex.stl\n'}
[0.439692] (youbot_description) StdoutLine: {'line': b'-- Up-to-date: /youbot/install/youbot_description/share/youbot_description/sdf/youbot/meshes/arm/arm4.dae\n'}
[0.439750] (youbot_description) StdoutLine: {'line': b'-- Up-to-date: /youbot/install/youbot_description/share/youbot_description/sdf/youbot/meshes/arm/arm5.dae\n'}
[0.439817] (youbot_description) StdoutLine: {'line': b'-- Up-to-date: /youbot/install/youbot_description/share/youbot_description/sdf/youbot/meshes/arm/arm0_convex.stl\n'}
[0.439885] (youbot_description) StdoutLine: {'line': b'-- Up-to-date: /youbot/install/youbot_description/share/youbot_description/sdf/youbot/meshes/arm/arm1_convex.stl\n'}
[0.439944] (youbot_description) StdoutLine: {'line': b'-- Up-to-date: /youbot/install/youbot_description/share/youbot_description/sdf/youbot/meshes/arm/arm0.dae\n'}
[0.440003] (youbot_description) StdoutLine: {'line': b'-- Up-to-date: /youbot/install/youbot_description/share/youbot_description/sdf/youbot/meshes/arm/arm1.dae\n'}
[0.440062] (youbot_description) StdoutLine: {'line': b'-- Up-to-date: /youbot/install/youbot_description/share/youbot_description/sdf/youbot/meshes/arm/arm4_convex.stl\n'}
[0.440121] (youbot_description) StdoutLine: {'line': b'-- Up-to-date: /youbot/install/youbot_description/share/youbot_description/sdf/youbot/meshes/arm/arm3.dae\n'}
[0.440181] (youbot_description) StdoutLine: {'line': b'-- Up-to-date: /youbot/install/youbot_description/share/youbot_description/sdf/youbot/meshes/arm/arm5_convex.stl\n'}
[0.440242] (youbot_description) StdoutLine: {'line': b'-- Up-to-date: /youbot/install/youbot_description/share/youbot_description/sdf/youbot/meshes/base\n'}
[0.440302] (youbot_description) StdoutLine: {'line': b'-- Up-to-date: /youbot/install/youbot_description/share/youbot_description/sdf/youbot/meshes/base/base_convex.stl\n'}
[0.440361] (youbot_description) StdoutLine: {'line': b'-- Up-to-date: /youbot/install/youbot_description/share/youbot_description/sdf/youbot/meshes/base/front-left_wheel.dae\n'}
[0.440420] (youbot_description) StdoutLine: {'line': b'-- Up-to-date: /youbot/install/youbot_description/share/youbot_description/sdf/youbot/meshes/base/base.dae\n'}
[0.440478] (youbot_description) StdoutLine: {'line': b'-- Up-to-date: /youbot/install/youbot_description/share/youbot_description/sdf/youbot/meshes/base/front-right_wheel.dae\n'}
[0.440537] (youbot_description) StdoutLine: {'line': b'-- Up-to-date: /youbot/install/youbot_description/share/youbot_description/sdf/youbot/meshes/base/back-right_wheel.dae\n'}
[0.440596] (youbot_description) StdoutLine: {'line': b'-- Up-to-date: /youbot/install/youbot_description/share/youbot_description/sdf/youbot/meshes/base/back-left_wheel.dae\n'}
[0.440664] (youbot_description) StdoutLine: {'line': b'-- Up-to-date: /youbot/install/youbot_description/share/youbot_description/sdf/youbot/meshes/plate\n'}
[0.440725] (youbot_description) StdoutLine: {'line': b'-- Up-to-date: /youbot/install/youbot_description/share/youbot_description/sdf/youbot/meshes/plate/plate.dae\n'}
[0.440783] (youbot_description) StdoutLine: {'line': b'-- Up-to-date: /youbot/install/youbot_description/share/youbot_description/sdf/youbot/meshes/plate/plate_convex.stl\n'}
[0.444155] (youbot_description) StdoutLine: {'line': b'-- Up-to-date: /youbot/install/youbot_description/share/youbot_description/sdf/youbot/materials\n'}
[0.444244] (youbot_description) StdoutLine: {'line': b'-- Up-to-date: /youbot/install/youbot_description/share/youbot_description/sdf/youbot/materials/scripts\n'}
[0.444311] (youbot_description) StdoutLine: {'line': b'-- Up-to-date: /youbot/install/youbot_description/share/youbot_description/sdf/youbot/materials/scripts/youbot.material\n'}
[0.444373] (youbot_description) StdoutLine: {'line': b'-- Up-to-date: /youbot/install/youbot_description/share/youbot_description/sdf/youbot/model.sdf\n'}
[0.444434] (youbot_description) StdoutLine: {'line': b'-- Up-to-date: /youbot/install/youbot_description/share/youbot_description/worlds\n'}
[0.444493] (youbot_description) StdoutLine: {'line': b'-- Up-to-date: /youbot/install/youbot_description/share/ament_index/resource_index/package_run_dependencies/youbot_description\n'}
[0.444553] (youbot_description) StdoutLine: {'line': b'-- Up-to-date: /youbot/install/youbot_description/share/ament_index/resource_index/parent_prefix_path/youbot_description\n'}
[0.444613] (youbot_description) StdoutLine: {'line': b'-- Up-to-date: /youbot/install/youbot_description/share/youbot_description/environment/ament_prefix_path.sh\n'}
[0.444673] (youbot_description) StdoutLine: {'line': b'-- Up-to-date: /youbot/install/youbot_description/share/youbot_description/environment/ament_prefix_path.dsv\n'}
[0.444734] (youbot_description) StdoutLine: {'line': b'-- Up-to-date: /youbot/install/youbot_description/share/youbot_description/environment/path.sh\n'}
[0.444793] (youbot_description) StdoutLine: {'line': b'-- Up-to-date: /youbot/install/youbot_description/share/youbot_description/environment/path.dsv\n'}
[0.444883] (youbot_description) StdoutLine: {'line': b'-- Up-to-date: /youbot/install/youbot_description/share/youbot_description/local_setup.bash\n'}
[0.444945] (youbot_description) StdoutLine: {'line': b'-- Up-to-date: /youbot/install/youbot_description/share/youbot_description/local_setup.sh\n'}
[0.445004] (youbot_description) StdoutLine: {'line': b'-- Up-to-date: /youbot/install/youbot_description/share/youbot_description/local_setup.zsh\n'}
[0.445063] (youbot_description) StdoutLine: {'line': b'-- Up-to-date: /youbot/install/youbot_description/share/youbot_description/local_setup.dsv\n'}
[0.445122] (youbot_description) StdoutLine: {'line': b'-- Installing: /youbot/install/youbot_description/share/youbot_description/package.dsv\n'}
[0.445181] (youbot_description) StdoutLine: {'line': b'-- Up-to-date: /youbot/install/youbot_description/share/ament_index/resource_index/packages/youbot_description\n'}
[0.445240] (youbot_description) StdoutLine: {'line': b'-- Up-to-date: /youbot/install/youbot_description/share/youbot_description/cmake/youbot_descriptionConfig.cmake\n'}
[0.445300] (youbot_description) StdoutLine: {'line': b'-- Up-to-date: /youbot/install/youbot_description/share/youbot_description/cmake/youbot_descriptionConfig-version.cmake\n'}
[0.445360] (youbot_description) StdoutLine: {'line': b'-- Up-to-date: /youbot/install/youbot_description/share/youbot_description/package.xml\n'}
[0.445420] (youbot_description) CommandEnded: {'returncode': 0}
[0.457222] (youbot_description) JobEnded: {'identifier': 'youbot_description', 'rc': 0}
[0.457764] (youbot_moveit) JobStarted: {'identifier': 'youbot_moveit'}
[0.469188] (youbot_moveit) JobProgress: {'identifier': 'youbot_moveit', 'progress': 'cmake'}
[0.469943] (youbot_moveit) JobProgress: {'identifier': 'youbot_moveit', 'progress': 'build'}
[0.470280] (youbot_moveit) Command: {'cmd': ['/usr/bin/cmake', '--build', '/youbot/build/youbot_moveit', '--', '-j4', '-l4'], 'cwd': '/youbot/build/youbot_moveit', 'env': OrderedDict([('HOSTNAME', 'danil-H110M-S2PV'), ('SHLVL', '1'), ('LD_LIBRARY_PATH', '/opt/ros/humble/opt/rviz_ogre_vendor/lib:/opt/ros/humble/lib/x86_64-linux-gnu:/opt/ros/humble/lib'), ('HOME', '/root'), ('ROS_PYTHON_VERSION', '3'), ('ROS_DISTRO', 'humble'), ('_', '/usr/bin/colcon'), ('ROS_VERSION', '2'), ('NVIDIA_DRIVER_CAPABILITIES', 'graphics'), ('TERM', 'xterm'), ('ROS_LOCALHOST_ONLY', '0'), ('QT_X11_NO_MITSHM', '1'), ('PATH', '/opt/ros/humble/bin:/usr/local/sbin:/usr/local/bin:/usr/sbin:/usr/bin:/sbin:/bin'), ('DISPLAY', 'unix:1'), ('LANG', 'C.UTF-8'), ('ROS_DOMAIN_ID', '205'), ('AMENT_PREFIX_PATH', '/youbot/install/youbot_description:/opt/ros/humble'), ('PWD', '/youbot/build/youbot_moveit'), ('LC_ALL', 'C.UTF-8'), ('PYTHONPATH', '/opt/ros/humble/lib/python3.10/site-packages:/opt/ros/humble/local/lib/python3.10/dist-packages'), ('NVIDIA_VISIBLE_DEVICES', 'all'), ('COLCON', '1'), ('CMAKE_PREFIX_PATH', '/youbot/install/youbot_description:/opt/ros/humble')]), 'shell': False}
[0.507876] (-) TimerEvent: {}
[0.554202] (youbot_moveit) StdoutLine: {'line': b'[100%] Built target script\n'}
[0.567169] (youbot_moveit) CommandEnded: {'returncode': 0}
[0.568207] (youbot_moveit) JobProgress: {'identifier': 'youbot_moveit', 'progress': 'install'}
[0.568507] (youbot_moveit) Command: {'cmd': ['/usr/bin/cmake', '--install', '/youbot/build/youbot_moveit'], 'cwd': '/youbot/build/youbot_moveit', 'env': OrderedDict([('HOSTNAME', 'danil-H110M-S2PV'), ('SHLVL', '1'), ('LD_LIBRARY_PATH', '/opt/ros/humble/opt/rviz_ogre_vendor/lib:/opt/ros/humble/lib/x86_64-linux-gnu:/opt/ros/humble/lib'), ('HOME', '/root'), ('ROS_PYTHON_VERSION', '3'), ('ROS_DISTRO', 'humble'), ('_', '/usr/bin/colcon'), ('ROS_VERSION', '2'), ('NVIDIA_DRIVER_CAPABILITIES', 'graphics'), ('TERM', 'xterm'), ('ROS_LOCALHOST_ONLY', '0'), ('QT_X11_NO_MITSHM', '1'), ('PATH', '/opt/ros/humble/bin:/usr/local/sbin:/usr/local/bin:/usr/sbin:/usr/bin:/sbin:/bin'), ('DISPLAY', 'unix:1'), ('LANG', 'C.UTF-8'), ('ROS_DOMAIN_ID', '205'), ('AMENT_PREFIX_PATH', '/youbot/install/youbot_description:/opt/ros/humble'), ('PWD', '/youbot/build/youbot_moveit'), ('LC_ALL', 'C.UTF-8'), ('PYTHONPATH', '/opt/ros/humble/lib/python3.10/site-packages:/opt/ros/humble/local/lib/python3.10/dist-packages'), ('NVIDIA_VISIBLE_DEVICES', 'all'), ('COLCON', '1'), ('CMAKE_PREFIX_PATH', '/youbot/install/youbot_description:/opt/ros/humble')]), 'shell': False}
[0.581458] (youbot_moveit) StdoutLine: {'line': b'-- Install configuration: ""\n'}
[0.584868] (youbot_moveit) StdoutLine: {'line': b'-- Up-to-date: /youbot/install/youbot_moveit/share/ament_index/resource_index/package_run_dependencies/youbot_moveit\n'}
[0.584990] (youbot_moveit) StdoutLine: {'line': b'-- Up-to-date: /youbot/install/youbot_moveit/share/ament_index/resource_index/parent_prefix_path/youbot_moveit\n'}
[0.585063] (youbot_moveit) StdoutLine: {'line': b'-- Up-to-date: /youbot/install/youbot_moveit/share/youbot_moveit/environment/ament_prefix_path.sh\n'}
[0.585128] (youbot_moveit) StdoutLine: {'line': b'-- Up-to-date: /youbot/install/youbot_moveit/share/youbot_moveit/environment/ament_prefix_path.dsv\n'}
[0.585190] (youbot_moveit) StdoutLine: {'line': b'-- Up-to-date: /youbot/install/youbot_moveit/share/youbot_moveit/environment/path.sh\n'}
[0.585251] (youbot_moveit) StdoutLine: {'line': b'-- Up-to-date: /youbot/install/youbot_moveit/share/youbot_moveit/environment/path.dsv\n'}
[0.585312] (youbot_moveit) StdoutLine: {'line': b'-- Up-to-date: /youbot/install/youbot_moveit/share/youbot_moveit/local_setup.bash\n'}
[0.585372] (youbot_moveit) StdoutLine: {'line': b'-- Up-to-date: /youbot/install/youbot_moveit/share/youbot_moveit/local_setup.sh\n'}
[0.585432] (youbot_moveit) StdoutLine: {'line': b'-- Up-to-date: /youbot/install/youbot_moveit/share/youbot_moveit/local_setup.zsh\n'}
[0.585491] (youbot_moveit) StdoutLine: {'line': b'-- Up-to-date: /youbot/install/youbot_moveit/share/youbot_moveit/local_setup.dsv\n'}
[0.585550] (youbot_moveit) StdoutLine: {'line': b'-- Installing: /youbot/install/youbot_moveit/share/youbot_moveit/package.dsv\n'}
[0.585610] (youbot_moveit) StdoutLine: {'line': b'-- Up-to-date: /youbot/install/youbot_moveit/share/ament_index/resource_index/packages/youbot_moveit\n'}
[0.585669] (youbot_moveit) StdoutLine: {'line': b'-- Up-to-date: /youbot/install/youbot_moveit/share/youbot_moveit/cmake/youbot_moveitConfig.cmake\n'}
[0.585738] (youbot_moveit) StdoutLine: {'line': b'-- Up-to-date: /youbot/install/youbot_moveit/share/youbot_moveit/cmake/youbot_moveitConfig-version.cmake\n'}
[0.585798] (youbot_moveit) StdoutLine: {'line': b'-- Up-to-date: /youbot/install/youbot_moveit/share/youbot_moveit/package.xml\n'}
[0.585959] (youbot_moveit) StdoutLine: {'line': b'-- Up-to-date: /youbot/install/youbot_moveit/lib/youbot_moveit/script\n'}
[0.586021] (youbot_moveit) StdoutLine: {'line': b'-- Up-to-date: /youbot/install/youbot_moveit/share/youbot_moveit/launch\n'}
[0.586137] (youbot_moveit) StdoutLine: {'line': b'-- Up-to-date: /youbot/install/youbot_moveit/share/youbot_moveit/launch/warehouse_db.launch.py\n'}
[0.586200] (youbot_moveit) StdoutLine: {'line': b'-- Up-to-date: /youbot/install/youbot_moveit/share/youbot_moveit/launch/spawn_controllers.launch.py\n'}
[0.586259] (youbot_moveit) StdoutLine: {'line': b'-- Up-to-date: /youbot/install/youbot_moveit/share/youbot_moveit/launch/rsp.launch.py\n'}
[0.586319] (youbot_moveit) StdoutLine: {'line': b'-- Up-to-date: /youbot/install/youbot_moveit/share/youbot_moveit/launch/demo.launch.py\n'}
[0.586378] (youbot_moveit) StdoutLine: {'line': b'-- Up-to-date: /youbot/install/youbot_moveit/share/youbot_moveit/launch/moveit_rviz.launch.py\n'}
[0.586437] (youbot_moveit) StdoutLine: {'line': b'-- Up-to-date: /youbot/install/youbot_moveit/share/youbot_moveit/launch/move_group.launch.py\n'}
[0.586496] (youbot_moveit) StdoutLine: {'line': b'-- Up-to-date: /youbot/install/youbot_moveit/share/youbot_moveit/launch/setup_assistant.launch.py\n'}
[0.586555] (youbot_moveit) StdoutLine: {'line': b'-- Up-to-date: /youbot/install/youbot_moveit/share/youbot_moveit/launch/static_virtual_joint_tfs.launch.py\n'}
[0.586615] (youbot_moveit) StdoutLine: {'line': b'-- Up-to-date: /youbot/install/youbot_moveit/share/youbot_moveit/config\n'}
[0.586674] (youbot_moveit) StdoutLine: {'line': b'-- Up-to-date: /youbot/install/youbot_moveit/share/youbot_moveit/config/moveit.rviz\n'}
[0.586734] (youbot_moveit) StdoutLine: {'line': b'-- Up-to-date: /youbot/install/youbot_moveit/share/youbot_moveit/config/youbot.ros2_control.xacro\n'}
[0.586792] (youbot_moveit) StdoutLine: {'line': b'-- Up-to-date: /youbot/install/youbot_moveit/share/youbot_moveit/config/joint_limits.yaml\n'}
[0.586866] (youbot_moveit) StdoutLine: {'line': b'-- Up-to-date: /youbot/install/youbot_moveit/share/youbot_moveit/config/youbot.urdf.xacro\n'}
[0.586928] (youbot_moveit) StdoutLine: {'line': b'-- Up-to-date: /youbot/install/youbot_moveit/share/youbot_moveit/config/moveit_controllers.yaml\n'}
[0.586987] (youbot_moveit) StdoutLine: {'line': b'-- Up-to-date: /youbot/install/youbot_moveit/share/youbot_moveit/config/kinematics.yaml\n'}
[0.587046] (youbot_moveit) StdoutLine: {'line': b'-- Up-to-date: /youbot/install/youbot_moveit/share/youbot_moveit/config/initial_positions.yaml\n'}
[0.587114] (youbot_moveit) StdoutLine: {'line': b'-- Up-to-date: /youbot/install/youbot_moveit/share/youbot_moveit/config/ros2_controllers.yaml\n'}
[0.587174] (youbot_moveit) StdoutLine: {'line': b'-- Up-to-date: /youbot/install/youbot_moveit/share/youbot_moveit/config/youbot.srdf\n'}
[0.587233] (youbot_moveit) StdoutLine: {'line': b'-- Up-to-date: /youbot/install/youbot_moveit/share/youbot_moveit/config/ompl_planning.yaml\n'}
[0.587295] (youbot_moveit) StdoutLine: {'line': b'-- Up-to-date: /youbot/install/youbot_moveit/share/youbot_moveit/config/pilz_cartesian_limits.yaml\n'}
[0.587354] (youbot_moveit) StdoutLine: {'line': b'-- Up-to-date: /youbot/install/youbot_moveit/share/youbot_moveit/.setup_assistant\n'}
[0.587415] (youbot_moveit) CommandEnded: {'returncode': 0}
[0.598186] (youbot_moveit) JobEnded: {'identifier': 'youbot_moveit', 'rc': 0}
[0.608001] (-) TimerEvent: {}
[0.708576] (-) TimerEvent: {}
[0.808983] (-) TimerEvent: {}
[0.826487] (send_num) Command: {'cmd': ['/usr/bin/python3', '-W', 'ignore:setup.py install is deprecated', '-W', 'ignore:easy_install command is deprecated', 'setup.py', 'egg_info', '--egg-base', '../../build/send_num', 'build', '--build-base', '/youbot/build/send_num/build', 'install', '--record', '/youbot/build/send_num/install.log', '--single-version-externally-managed', 'install_data'], 'cwd': '/youbot/src/send_num', 'env': {'HOSTNAME': 'danil-H110M-S2PV', 'SHLVL': '1', 'LD_LIBRARY_PATH': '/opt/ros/humble/opt/rviz_ogre_vendor/lib:/opt/ros/humble/lib/x86_64-linux-gnu:/opt/ros/humble/lib', 'HOME': '/root', 'ROS_PYTHON_VERSION': '3', 'ROS_DISTRO': 'humble', '_': '/usr/bin/colcon', 'ROS_VERSION': '2', 'NVIDIA_DRIVER_CAPABILITIES': 'graphics', 'TERM': 'xterm', 'ROS_LOCALHOST_ONLY': '0', 'QT_X11_NO_MITSHM': '1', 'PATH': '/opt/ros/humble/bin:/usr/local/sbin:/usr/local/bin:/usr/sbin:/usr/bin:/sbin:/bin', 'DISPLAY': 'unix:1', 'LANG': 'C.UTF-8', 'ROS_DOMAIN_ID': '205', 'AMENT_PREFIX_PATH': '/opt/ros/humble', 'PWD': '/youbot/build/send_num', 'LC_ALL': 'C.UTF-8', 'PYTHONPATH': '/youbot/build/send_num/prefix_override:/usr/lib/python3/dist-packages/colcon_core/task/python/colcon_distutils_commands:/youbot/install/send_num/lib/python3.10/site-packages:/opt/ros/humble/lib/python3.10/site-packages:/opt/ros/humble/local/lib/python3.10/dist-packages', 'NVIDIA_VISIBLE_DEVICES': 'all', 'COLCON': '1'}, 'shell': False}
[0.909100] (-) TimerEvent: {}
[1.009390] (-) TimerEvent: {}
[1.088429] (send_num) StdoutLine: {'line': b'running egg_info\n'}
[1.089596] (send_num) StdoutLine: {'line': b'writing ../../build/send_num/send_num.egg-info/PKG-INFO\n'}
[1.090146] (send_num) StdoutLine: {'line': b'writing dependency_links to ../../build/send_num/send_num.egg-info/dependency_links.txt\n'}
[1.090240] (send_num) StdoutLine: {'line': b'writing entry points to ../../build/send_num/send_num.egg-info/entry_points.txt\n'}
[1.090306] (send_num) StdoutLine: {'line': b'writing requirements to ../../build/send_num/send_num.egg-info/requires.txt\n'}
[1.090422] (send_num) StdoutLine: {'line': b'writing top-level names to ../../build/send_num/send_num.egg-info/top_level.txt\n'}
[1.092123] (send_num) StdoutLine: {'line': b"reading manifest file '../../build/send_num/send_num.egg-info/SOURCES.txt'\n"}
[1.092417] (send_num) StdoutLine: {'line': b"adding license file 'LICENSE'\n"}
[1.093135] (send_num) StdoutLine: {'line': b"writing manifest file '../../build/send_num/send_num.egg-info/SOURCES.txt'\n"}
[1.093315] (send_num) StdoutLine: {'line': b'running build\n'}
[1.093393] (send_num) StdoutLine: {'line': b'running build_py\n'}
[1.094056] (send_num) StdoutLine: {'line': b'running install\n'}
[1.094405] (send_num) StdoutLine: {'line': b'running install_lib\n'}
[1.096255] (send_num) StdoutLine: {'line': b'running install_data\n'}
[1.096704] (send_num) StdoutLine: {'line': b'running install_egg_info\n'}
[1.098404] (send_num) StdoutLine: {'line': b"removing '/youbot/install/send_num/lib/python3.10/site-packages/send_num-0.0.0-py3.10.egg-info' (and everything under it)\n"}
[1.098671] (send_num) StdoutLine: {'line': b'Copying ../../build/send_num/send_num.egg-info to /youbot/install/send_num/lib/python3.10/site-packages/send_num-0.0.0-py3.10.egg-info\n'}
[1.099693] (send_num) StdoutLine: {'line': b'running install_scripts\n'}
[1.109506] (-) TimerEvent: {}
[1.126088] (send_num) StdoutLine: {'line': b'Installing bridge script to /youbot/install/send_num/lib/send_num\n'}
[1.126590] (send_num) StdoutLine: {'line': b'Installing camera_server script to /youbot/install/send_num/lib/send_num\n'}
[1.126671] (send_num) StdoutLine: {'line': b'Installing on_youbot script to /youbot/install/send_num/lib/send_num\n'}
[1.126736] (send_num) StdoutLine: {'line': b'Installing send script to /youbot/install/send_num/lib/send_num\n'}
[1.126798] (send_num) StdoutLine: {'line': b'Installing test_bridge script to /youbot/install/send_num/lib/send_num\n'}
[1.126873] (send_num) StdoutLine: {'line': b'Installing test_server_copy script to /youbot/install/send_num/lib/send_num\n'}
[1.126938] (send_num) StdoutLine: {'line': b"writing list of installed files to '/youbot/build/send_num/install.log'\n"}
[1.153832] (send_num) CommandEnded: {'returncode': 0}
[1.161645] (send_num) JobEnded: {'identifier': 'send_num', 'rc': 0}
[1.164591] (-) EventReactorShutdown: {}
