[0.010s] Invoking command in '/youbot/build/trac_ik': AMENT_PREFIX_PATH=/youbot/install/trac_ik_kinematics:/youbot/install/trac_ik_examples:/youbot/install/trac_ik_lib:${AMENT_PREFIX_PATH} CMAKE_PREFIX_PATH=/youbot/install/trac_ik_kinematics:/youbot/install/trac_ik_examples:/youbot/install/trac_ik_lib:/youbot/install/youbot_moveit:/youbot/install/youbot_description:/youbot/install/send_num:/opt/ros/humble LD_LIBRARY_PATH=/youbot/install/trac_ik_kinematics/lib:/youbot/install/trac_ik_lib/lib:${LD_LIBRARY_PATH} /usr/bin/cmake /youbot/src/trac_ik/trac_ik -DAMENT_CMAKE_SYMLINK_INSTALL=1 -DCMAKE_INSTALL_PREFIX=/youbot/install/trac_ik
[0.080s] -- The C compiler identification is GNU 11.4.0
[0.147s] -- The CXX compiler identification is GNU 11.4.0
[0.160s] -- Detecting C compiler ABI info
[0.243s] -- Detecting C compiler ABI info - done
[0.251s] -- Check for working C compiler: /usr/bin/cc - skipped
[0.252s] -- Detecting C compile features
[0.252s] -- Detecting C compile features - done
[0.257s] -- Detecting CXX compiler ABI info
[0.376s] -- Detecting CXX compiler ABI info - done
[0.382s] -- Check for working CXX compiler: /usr/bin/c++ - skipped
[0.384s] -- Detecting CXX compile features
[0.386s] -- Detecting CXX compile features - done
[0.388s] -- Found ament_cmake: 1.3.11 (/opt/ros/humble/share/ament_cmake/cmake)
[0.574s] -- Found Python3: /usr/bin/python3 (found version "3.10.12") found components: Interpreter 
[0.651s] -- Override CMake install command with custom implementation using symlinks instead of copying resources
[0.802s] -- Configuring done
[0.811s] -- Generating done
[0.811s] -- Build files have been written to: /youbot/build/trac_ik
[0.812s] Invoked command in '/youbot/build/trac_ik' returned '0': AMENT_PREFIX_PATH=/youbot/install/trac_ik_kinematics:/youbot/install/trac_ik_examples:/youbot/install/trac_ik_lib:${AMENT_PREFIX_PATH} CMAKE_PREFIX_PATH=/youbot/install/trac_ik_kinematics:/youbot/install/trac_ik_examples:/youbot/install/trac_ik_lib:/youbot/install/youbot_moveit:/youbot/install/youbot_description:/youbot/install/send_num:/opt/ros/humble LD_LIBRARY_PATH=/youbot/install/trac_ik_kinematics/lib:/youbot/install/trac_ik_lib/lib:${LD_LIBRARY_PATH} /usr/bin/cmake /youbot/src/trac_ik/trac_ik -DAMENT_CMAKE_SYMLINK_INSTALL=1 -DCMAKE_INSTALL_PREFIX=/youbot/install/trac_ik
[0.814s] Invoking command in '/youbot/build/trac_ik': AMENT_PREFIX_PATH=/youbot/install/trac_ik_kinematics:/youbot/install/trac_ik_examples:/youbot/install/trac_ik_lib:${AMENT_PREFIX_PATH} CMAKE_PREFIX_PATH=/youbot/install/trac_ik_kinematics:/youbot/install/trac_ik_examples:/youbot/install/trac_ik_lib:/youbot/install/youbot_moveit:/youbot/install/youbot_description:/youbot/install/send_num:/opt/ros/humble LD_LIBRARY_PATH=/youbot/install/trac_ik_kinematics/lib:/youbot/install/trac_ik_lib/lib:${LD_LIBRARY_PATH} /usr/bin/cmake --build /youbot/build/trac_ik -- -j4 -l4
[0.862s] Invoked command in '/youbot/build/trac_ik' returned '0': AMENT_PREFIX_PATH=/youbot/install/trac_ik_kinematics:/youbot/install/trac_ik_examples:/youbot/install/trac_ik_lib:${AMENT_PREFIX_PATH} CMAKE_PREFIX_PATH=/youbot/install/trac_ik_kinematics:/youbot/install/trac_ik_examples:/youbot/install/trac_ik_lib:/youbot/install/youbot_moveit:/youbot/install/youbot_description:/youbot/install/send_num:/opt/ros/humble LD_LIBRARY_PATH=/youbot/install/trac_ik_kinematics/lib:/youbot/install/trac_ik_lib/lib:${LD_LIBRARY_PATH} /usr/bin/cmake --build /youbot/build/trac_ik -- -j4 -l4
[0.863s] Invoking command in '/youbot/build/trac_ik': AMENT_PREFIX_PATH=/youbot/install/trac_ik_kinematics:/youbot/install/trac_ik_examples:/youbot/install/trac_ik_lib:${AMENT_PREFIX_PATH} CMAKE_PREFIX_PATH=/youbot/install/trac_ik_kinematics:/youbot/install/trac_ik_examples:/youbot/install/trac_ik_lib:/youbot/install/youbot_moveit:/youbot/install/youbot_description:/youbot/install/send_num:/opt/ros/humble LD_LIBRARY_PATH=/youbot/install/trac_ik_kinematics/lib:/youbot/install/trac_ik_lib/lib:${LD_LIBRARY_PATH} /usr/bin/cmake --install /youbot/build/trac_ik
[0.872s] -- Install configuration: ""
[0.872s] -- Execute custom install script
[0.873s] -- Symlinking: /youbot/install/trac_ik/share/ament_index/resource_index/package_run_dependencies/trac_ik
[0.884s] -- Symlinking: /youbot/install/trac_ik/share/ament_index/resource_index/parent_prefix_path/trac_ik
[0.895s] -- Symlinking: /youbot/install/trac_ik/share/trac_ik/environment/ament_prefix_path.sh
[0.911s] -- Symlinking: /youbot/install/trac_ik/share/trac_ik/environment/ament_prefix_path.dsv
[0.917s] -- Symlinking: /youbot/install/trac_ik/share/trac_ik/environment/path.sh
[0.927s] -- Symlinking: /youbot/install/trac_ik/share/trac_ik/environment/path.dsv
[0.937s] -- Symlinking: /youbot/install/trac_ik/share/trac_ik/local_setup.bash
[0.949s] -- Symlinking: /youbot/install/trac_ik/share/trac_ik/local_setup.sh
[0.959s] -- Symlinking: /youbot/install/trac_ik/share/trac_ik/local_setup.zsh
[0.972s] -- Symlinking: /youbot/install/trac_ik/share/trac_ik/local_setup.dsv
[0.981s] -- Symlinking: /youbot/install/trac_ik/share/trac_ik/package.dsv
[0.993s] -- Symlinking: /youbot/install/trac_ik/share/ament_index/resource_index/packages/trac_ik
[1.003s] -- Symlinking: /youbot/install/trac_ik/share/trac_ik/cmake/trac_ikConfig.cmake
[1.014s] -- Symlinking: /youbot/install/trac_ik/share/trac_ik/cmake/trac_ikConfig-version.cmake
[1.027s] -- Symlinking: /youbot/install/trac_ik/share/trac_ik/package.xml
[1.046s] Invoked command in '/youbot/build/trac_ik' returned '0': AMENT_PREFIX_PATH=/youbot/install/trac_ik_kinematics:/youbot/install/trac_ik_examples:/youbot/install/trac_ik_lib:${AMENT_PREFIX_PATH} CMAKE_PREFIX_PATH=/youbot/install/trac_ik_kinematics:/youbot/install/trac_ik_examples:/youbot/install/trac_ik_lib:/youbot/install/youbot_moveit:/youbot/install/youbot_description:/youbot/install/send_num:/opt/ros/humble LD_LIBRARY_PATH=/youbot/install/trac_ik_kinematics/lib:/youbot/install/trac_ik_lib/lib:${LD_LIBRARY_PATH} /usr/bin/cmake --install /youbot/build/trac_ik
