[0.018s] Invoking command in '/youbot/build/youbot_description': CMAKE_PREFIX_PATH=/opt/ros/humble /usr/bin/cmake /youbot/src/youbot_description -DCMAKE_INSTALL_PREFIX=/youbot/install/youbot_description
[0.032s] -- Found ament_cmake: 1.3.11 (/opt/ros/humble/share/ament_cmake/cmake)
[0.170s] -- Override CMake install command with custom implementation using symlinks instead of copying resources
[0.187s] -- Found urdf: 2.6.1 (/opt/ros/humble/share/urdf/cmake)
[0.307s] -- Configuring done
[0.311s] -- Generating done
[0.312s] -- Build files have been written to: /youbot/build/youbot_description
[0.325s] Invoked command in '/youbot/build/youbot_description' returned '0': CMAKE_PREFIX_PATH=/opt/ros/humble /usr/bin/cmake /youbot/src/youbot_description -DCMAKE_INSTALL_PREFIX=/youbot/install/youbot_description
[0.325s] Invoking command in '/youbot/build/youbot_description': CMAKE_PREFIX_PATH=/opt/ros/humble /usr/bin/cmake --build /youbot/build/youbot_description -- -j4 -l4
[0.375s] Invoked command in '/youbot/build/youbot_description' returned '0': CMAKE_PREFIX_PATH=/opt/ros/humble /usr/bin/cmake --build /youbot/build/youbot_description -- -j4 -l4
[0.388s] Invoking command in '/youbot/build/youbot_description': CMAKE_PREFIX_PATH=/opt/ros/humble /usr/bin/cmake --install /youbot/build/youbot_description
[0.397s] -- Install configuration: ""
[0.398s] -- Execute custom install script
[0.398s] -- Up-to-date symlink: /youbot/install/youbot_description/share/youbot_description/launch/rviz.launch.py
[0.399s] -- Up-to-date symlink: /youbot/install/youbot_description/share/youbot_description/rviz/view.rviz
[0.399s] -- Up-to-date symlink: /youbot/install/youbot_description/share/youbot_description/urdf/youbot.urdf
[0.400s] -- Up-to-date symlink: /youbot/install/youbot_description/share/youbot_description/meshes/sensors/asus_xtion_pro_live_base.dae
[0.400s] -- Up-to-date symlink: /youbot/install/youbot_description/share/youbot_description/meshes/sensors/asus_xtion_pro_live_base.png
[0.400s] -- Up-to-date symlink: /youbot/install/youbot_description/share/youbot_description/meshes/sensors/asus_xtion_pro_live_camera.dae
[0.400s] -- Up-to-date symlink: /youbot/install/youbot_description/share/youbot_description/meshes/sensors/asus_xtion_pro_live_camera.png
[0.401s] -- Up-to-date symlink: /youbot/install/youbot_description/share/youbot_description/meshes/sensors/hokuyo.dae
[0.401s] -- Up-to-date symlink: /youbot/install/youbot_description/share/youbot_description/meshes/sensors/hokuyo_convex.dae
[0.401s] -- Up-to-date symlink: /youbot/install/youbot_description/share/youbot_description/meshes/sensors/kinect.dae
[0.401s] -- Up-to-date symlink: /youbot/install/youbot_description/share/youbot_description/meshes/sensors/kinect.tga
[0.402s] -- Up-to-date symlink: /youbot/install/youbot_description/share/youbot_description/meshes/sensors/microsoft_lifecam.dae
[0.403s] -- Up-to-date symlink: /youbot/install/youbot_description/share/youbot_description/meshes/youbot_arm/arm0.dae
[0.403s] -- Up-to-date symlink: /youbot/install/youbot_description/share/youbot_description/meshes/youbot_arm/arm0_convex.dae
[0.403s] -- Up-to-date symlink: /youbot/install/youbot_description/share/youbot_description/meshes/youbot_arm/arm0_convex.stl
[0.404s] -- Up-to-date symlink: /youbot/install/youbot_description/share/youbot_description/meshes/youbot_arm/arm0_convex.stl_Zone.Identifier
[0.404s] -- Up-to-date symlink: /youbot/install/youbot_description/share/youbot_description/meshes/youbot_arm/arm1.dae
[0.404s] -- Up-to-date symlink: /youbot/install/youbot_description/share/youbot_description/meshes/youbot_arm/arm1_convex.dae
[0.404s] -- Up-to-date symlink: /youbot/install/youbot_description/share/youbot_description/meshes/youbot_arm/arm2.dae
[0.404s] -- Up-to-date symlink: /youbot/install/youbot_description/share/youbot_description/meshes/youbot_arm/arm2_convex.dae
[0.405s] -- Up-to-date symlink: /youbot/install/youbot_description/share/youbot_description/meshes/youbot_arm/arm2_convex.stl
[0.405s] -- Up-to-date symlink: /youbot/install/youbot_description/share/youbot_description/meshes/youbot_arm/arm2_convex.stl_Zone.Identifier
[0.405s] -- Up-to-date symlink: /youbot/install/youbot_description/share/youbot_description/meshes/youbot_arm/arm3.dae
[0.405s] -- Up-to-date symlink: /youbot/install/youbot_description/share/youbot_description/meshes/youbot_arm/arm3_convex.dae
[0.406s] -- Up-to-date symlink: /youbot/install/youbot_description/share/youbot_description/meshes/youbot_arm/arm4.dae
[0.406s] -- Up-to-date symlink: /youbot/install/youbot_description/share/youbot_description/meshes/youbot_arm/arm4_convex.dae
[0.406s] -- Up-to-date symlink: /youbot/install/youbot_description/share/youbot_description/meshes/youbot_arm/arm5.dae
[0.407s] -- Up-to-date symlink: /youbot/install/youbot_description/share/youbot_description/meshes/youbot_arm/arm5_convex.dae
[0.407s] -- Up-to-date symlink: /youbot/install/youbot_description/share/youbot_description/meshes/youbot_arm/arm_joint_1_convex.stl
[0.407s] -- Up-to-date symlink: /youbot/install/youbot_description/share/youbot_description/meshes/youbot_arm/arm_joint_1_convex.stl_Zone.Identifier
[0.407s] -- Up-to-date symlink: /youbot/install/youbot_description/share/youbot_description/meshes/youbot_arm/arm_joint_2_convex.stl
[0.407s] -- Up-to-date symlink: /youbot/install/youbot_description/share/youbot_description/meshes/youbot_arm/arm_joint_2_convex.stl_Zone.Identifier
[0.407s] -- Up-to-date symlink: /youbot/install/youbot_description/share/youbot_description/meshes/youbot_arm/arm_joint_3_convex.stl
[0.407s] -- Up-to-date symlink: /youbot/install/youbot_description/share/youbot_description/meshes/youbot_arm/arm_joint_3_convex.stl_Zone.Identifier
[0.407s] -- Up-to-date symlink: /youbot/install/youbot_description/share/youbot_description/meshes/youbot_arm/arm_joint_4_convex.stl
[0.407s] -- Up-to-date symlink: /youbot/install/youbot_description/share/youbot_description/meshes/youbot_arm/arm_joint_4_convex.stl_Zone.Identifier
[0.407s] -- Up-to-date symlink: /youbot/install/youbot_description/share/youbot_description/meshes/youbot_arm/arm_joint_5_convex.stl
[0.407s] -- Up-to-date symlink: /youbot/install/youbot_description/share/youbot_description/meshes/youbot_arm/arm_joint_5_convex.stl_Zone.Identifier
[0.407s] -- Up-to-date symlink: /youbot/install/youbot_description/share/youbot_description/meshes/youbot_base/back-left_wheel.dae
[0.407s] -- Up-to-date symlink: /youbot/install/youbot_description/share/youbot_description/meshes/youbot_base/back-left_wheel.dae_Zone.Identifier
[0.407s] -- Up-to-date symlink: /youbot/install/youbot_description/share/youbot_description/meshes/youbot_base/back-right_wheel.dae
[0.409s] -- Up-to-date symlink: /youbot/install/youbot_description/share/youbot_description/meshes/youbot_base/back-right_wheel.dae_Zone.Identifier
[0.410s] -- Up-to-date symlink: /youbot/install/youbot_description/share/youbot_description/meshes/youbot_base/base.dae
[0.410s] -- Up-to-date symlink: /youbot/install/youbot_description/share/youbot_description/meshes/youbot_base/base_convex.dae
[0.410s] -- Up-to-date symlink: /youbot/install/youbot_description/share/youbot_description/meshes/youbot_base/base_convex.stl
[0.410s] -- Up-to-date symlink: /youbot/install/youbot_description/share/youbot_description/meshes/youbot_base/base_convex.stl_Zone.Identifier
[0.410s] -- Up-to-date symlink: /youbot/install/youbot_description/share/youbot_description/meshes/youbot_base/base_frame.dae
[0.410s] -- Up-to-date symlink: /youbot/install/youbot_description/share/youbot_description/meshes/youbot_base/base_frame.dae_Zone.Identifier
[0.410s] -- Up-to-date symlink: /youbot/install/youbot_description/share/youbot_description/meshes/youbot_base/front-left_wheel.dae
[0.410s] -- Up-to-date symlink: /youbot/install/youbot_description/share/youbot_description/meshes/youbot_base/front-left_wheel.dae_Zone.Identifier
[0.410s] -- Up-to-date symlink: /youbot/install/youbot_description/share/youbot_description/meshes/youbot_base/front-right_wheel.dae
[0.410s] -- Up-to-date symlink: /youbot/install/youbot_description/share/youbot_description/meshes/youbot_base/front-right_wheel.dae_Zone.Identifier
[0.410s] -- Up-to-date symlink: /youbot/install/youbot_description/share/youbot_description/meshes/youbot_gripper/finger.dae
[0.410s] -- Up-to-date symlink: /youbot/install/youbot_description/share/youbot_description/meshes/youbot_gripper/finger_convex.dae
[0.410s] -- Up-to-date symlink: /youbot/install/youbot_description/share/youbot_description/meshes/youbot_gripper/palm.dae
[0.410s] -- Up-to-date symlink: /youbot/install/youbot_description/share/youbot_description/meshes/youbot_gripper/palm_convex.dae
[0.410s] -- Up-to-date symlink: /youbot/install/youbot_description/share/youbot_description/meshes/youbot_plate/plate.dae
[0.410s] -- Up-to-date symlink: /youbot/install/youbot_description/share/youbot_description/meshes/youbot_plate/plate.stl
[0.411s] -- Up-to-date symlink: /youbot/install/youbot_description/share/youbot_description/meshes/youbot_plate/plate_convex.dae
[0.411s] -- Up-to-date symlink: /youbot/install/youbot_description/share/youbot_description/config/rviz.rviz
[0.411s] -- Up-to-date symlink: /youbot/install/youbot_description/share/youbot_description/config/youbot.yaml
[0.411s] -- Up-to-date symlink: /youbot/install/youbot_description/share/youbot_description/sdf/youbot/materials/scripts/youbot.material
[0.411s] -- Up-to-date symlink: /youbot/install/youbot_description/share/youbot_description/sdf/youbot/meshes/arm/arm0.dae
[0.411s] -- Up-to-date symlink: /youbot/install/youbot_description/share/youbot_description/sdf/youbot/meshes/arm/arm0_convex.stl
[0.411s] -- Up-to-date symlink: /youbot/install/youbot_description/share/youbot_description/sdf/youbot/meshes/arm/arm1.dae
[0.411s] -- Up-to-date symlink: /youbot/install/youbot_description/share/youbot_description/sdf/youbot/meshes/arm/arm1_convex.stl
[0.411s] -- Up-to-date symlink: /youbot/install/youbot_description/share/youbot_description/sdf/youbot/meshes/arm/arm2.dae
[0.413s] -- Up-to-date symlink: /youbot/install/youbot_description/share/youbot_description/sdf/youbot/meshes/arm/arm2_convex.stl
[0.413s] -- Up-to-date symlink: /youbot/install/youbot_description/share/youbot_description/sdf/youbot/meshes/arm/arm3.dae
[0.414s] -- Up-to-date symlink: /youbot/install/youbot_description/share/youbot_description/sdf/youbot/meshes/arm/arm3_convex.stl
[0.414s] -- Up-to-date symlink: /youbot/install/youbot_description/share/youbot_description/sdf/youbot/meshes/arm/arm4.dae
[0.414s] -- Up-to-date symlink: /youbot/install/youbot_description/share/youbot_description/sdf/youbot/meshes/arm/arm4_convex.stl
[0.414s] -- Up-to-date symlink: /youbot/install/youbot_description/share/youbot_description/sdf/youbot/meshes/arm/arm5.dae
[0.414s] -- Up-to-date symlink: /youbot/install/youbot_description/share/youbot_description/sdf/youbot/meshes/arm/arm5_convex.stl
[0.414s] -- Up-to-date symlink: /youbot/install/youbot_description/share/youbot_description/sdf/youbot/meshes/base/back-left_wheel.dae
[0.414s] -- Up-to-date symlink: /youbot/install/youbot_description/share/youbot_description/sdf/youbot/meshes/base/back-right_wheel.dae
[0.414s] -- Up-to-date symlink: /youbot/install/youbot_description/share/youbot_description/sdf/youbot/meshes/base/base.dae
[0.414s] -- Up-to-date symlink: /youbot/install/youbot_description/share/youbot_description/sdf/youbot/meshes/base/base_convex.stl
[0.414s] -- Up-to-date symlink: /youbot/install/youbot_description/share/youbot_description/sdf/youbot/meshes/base/front-left_wheel.dae
[0.414s] -- Up-to-date symlink: /youbot/install/youbot_description/share/youbot_description/sdf/youbot/meshes/base/front-right_wheel.dae
[0.414s] -- Up-to-date symlink: /youbot/install/youbot_description/share/youbot_description/sdf/youbot/meshes/gripper/finger.stl
[0.414s] -- Up-to-date symlink: /youbot/install/youbot_description/share/youbot_description/sdf/youbot/meshes/gripper/finger_convex.stl
[0.414s] -- Up-to-date symlink: /youbot/install/youbot_description/share/youbot_description/sdf/youbot/meshes/gripper/palm.stl
[0.414s] -- Up-to-date symlink: /youbot/install/youbot_description/share/youbot_description/sdf/youbot/meshes/gripper/palm_convex.stl
[0.414s] -- Up-to-date symlink: /youbot/install/youbot_description/share/youbot_description/sdf/youbot/meshes/plate/plate.dae
[0.415s] -- Up-to-date symlink: /youbot/install/youbot_description/share/youbot_description/sdf/youbot/meshes/plate/plate_convex.stl
[0.415s] -- Up-to-date symlink: /youbot/install/youbot_description/share/youbot_description/sdf/youbot/model.config
[0.415s] -- Up-to-date symlink: /youbot/install/youbot_description/share/youbot_description/sdf/youbot/model.sdf
[0.415s] -- Up-to-date symlink: /youbot/install/youbot_description/share/ament_index/resource_index/package_run_dependencies/youbot_description
[0.415s] -- Up-to-date symlink: /youbot/install/youbot_description/share/ament_index/resource_index/parent_prefix_path/youbot_description
[0.415s] -- Up-to-date symlink: /youbot/install/youbot_description/share/youbot_description/environment/ament_prefix_path.sh
[0.415s] -- Up-to-date symlink: /youbot/install/youbot_description/share/youbot_description/environment/ament_prefix_path.dsv
[0.415s] -- Up-to-date symlink: /youbot/install/youbot_description/share/youbot_description/environment/path.sh
[0.415s] -- Up-to-date symlink: /youbot/install/youbot_description/share/youbot_description/environment/path.dsv
[0.415s] -- Up-to-date symlink: /youbot/install/youbot_description/share/youbot_description/local_setup.bash
[0.415s] -- Up-to-date symlink: /youbot/install/youbot_description/share/youbot_description/local_setup.sh
[0.415s] -- Up-to-date symlink: /youbot/install/youbot_description/share/youbot_description/local_setup.zsh
[0.415s] -- Up-to-date symlink: /youbot/install/youbot_description/share/youbot_description/local_setup.dsv
[0.415s] -- Symlinking: /youbot/install/youbot_description/share/youbot_description/package.dsv
[0.426s] -- Up-to-date symlink: /youbot/install/youbot_description/share/ament_index/resource_index/packages/youbot_description
[0.427s] -- Up-to-date symlink: /youbot/install/youbot_description/share/youbot_description/cmake/youbot_descriptionConfig.cmake
[0.427s] -- Up-to-date symlink: /youbot/install/youbot_description/share/youbot_description/cmake/youbot_descriptionConfig-version.cmake
[0.427s] -- Up-to-date symlink: /youbot/install/youbot_description/share/youbot_description/package.xml
[0.427s] Invoked command in '/youbot/build/youbot_description' returned '0': CMAKE_PREFIX_PATH=/opt/ros/humble /usr/bin/cmake --install /youbot/build/youbot_description
