[0.137s] DEBUG:colcon:Command line arguments: ['/usr/bin/colcon', 'build']
[0.137s] DEBUG:colcon:Parsed command line arguments: Namespace(log_base=None, log_level=None, verb_name='build', build_base='build', install_base='install', merge_install=False, symlink_install=False, test_result_base=None, continue_on_error=False, executor='parallel', parallel_workers=4, event_handlers=None, ignore_user_meta=False, metas=['./colcon.meta'], base_paths=['.'], packages_ignore=None, packages_ignore_regex=None, paths=None, packages_up_to=None, packages_up_to_regex=None, packages_above=None, packages_above_and_dependencies=None, packages_above_depth=None, packages_select_by_dep=None, packages_skip_by_dep=None, packages_skip_up_to=None, packages_select_build_failed=False, packages_skip_build_finished=False, packages_select_test_failures=False, packages_skip_test_passed=False, packages_select=None, packages_skip=None, packages_select_regex=None, packages_skip_regex=None, packages_start=None, packages_end=None, cmake_args=None, cmake_target=None, cmake_target_skip_unavailable=False, cmake_clean_cache=False, cmake_clean_first=False, cmake_force_configure=False, ament_cmake_args=None, catkin_cmake_args=None, catkin_skip_building_tests=False, mixin_files=None, mixin=None, verb_parser=<colcon_mixin.mixin.mixin_argument.MixinArgumentDecorator object at 0x7b9de9d686a0>, verb_extension=<colcon_core.verb.build.BuildVerb object at 0x7b9de9d680a0>, main=<bound method BuildVerb.main of <colcon_core.verb.build.BuildVerb object at 0x7b9de9d680a0>>, mixin_verb=('build',))
[0.317s] Level 1:colcon.colcon_core.package_discovery:discover_packages(colcon_meta) check parameters
[0.317s] INFO:colcon.colcon_metadata.package_discovery.colcon_meta:Using configuration from '/root/.colcon/metadata/default/Gazebo.meta'
[0.318s] INFO:colcon.colcon_metadata.package_discovery.colcon_meta:Using configuration from '/root/.colcon/metadata/default/fastrtps.meta'
[0.318s] Level 1:colcon.colcon_core.package_discovery:discover_packages(recursive) check parameters
[0.318s] Level 1:colcon.colcon_core.package_discovery:discover_packages(ignore) check parameters
[0.318s] Level 1:colcon.colcon_core.package_discovery:discover_packages(path) check parameters
[0.318s] Level 1:colcon.colcon_core.package_discovery:discover_packages(colcon_meta) discover
[0.318s] Level 1:colcon.colcon_core.package_discovery:discover_packages(recursive) discover
[0.318s] INFO:colcon.colcon_core.package_discovery:Crawling recursively for packages in '/youbot'
[0.318s] Level 1:colcon.colcon_core.package_identification:_identify(.) by extensions ['ignore', 'ignore_ament_install']
[0.319s] Level 1:colcon.colcon_core.package_identification:_identify(.) by extension 'ignore'
[0.319s] Level 1:colcon.colcon_core.package_identification:_identify(.) by extension 'ignore_ament_install'
[0.319s] Level 1:colcon.colcon_core.package_identification:_identify(.) by extensions ['colcon_pkg']
[0.319s] Level 1:colcon.colcon_core.package_identification:_identify(.) by extension 'colcon_pkg'
[0.319s] Level 1:colcon.colcon_core.package_identification:_identify(.) by extensions ['colcon_meta']
[0.319s] Level 1:colcon.colcon_core.package_identification:_identify(.) by extension 'colcon_meta'
[0.319s] Level 1:colcon.colcon_core.package_identification:_identify(.) by extensions ['ros']
[0.319s] Level 1:colcon.colcon_core.package_identification:_identify(.) by extension 'ros'
[0.331s] Level 1:colcon.colcon_core.package_identification:_identify(.) by extensions ['cmake', 'python']
[0.332s] Level 1:colcon.colcon_core.package_identification:_identify(.) by extension 'cmake'
[0.332s] Level 1:colcon.colcon_core.package_identification:_identify(.) by extension 'python'
[0.332s] Level 1:colcon.colcon_core.package_identification:_identify(.) by extensions ['python_setup_py']
[0.332s] Level 1:colcon.colcon_core.package_identification:_identify(.) by extension 'python_setup_py'
[0.332s] Level 1:colcon.colcon_core.package_identification:_identify(build) by extensions ['ignore', 'ignore_ament_install']
[0.332s] Level 1:colcon.colcon_core.package_identification:_identify(build) by extension 'ignore'
[0.332s] Level 1:colcon.colcon_core.package_identification:_identify(build) ignored
[0.332s] Level 1:colcon.colcon_core.package_identification:_identify(install) by extensions ['ignore', 'ignore_ament_install']
[0.332s] Level 1:colcon.colcon_core.package_identification:_identify(install) by extension 'ignore'
[0.332s] Level 1:colcon.colcon_core.package_identification:_identify(install) ignored
[0.332s] Level 1:colcon.colcon_core.package_identification:_identify(log) by extensions ['ignore', 'ignore_ament_install']
[0.332s] Level 1:colcon.colcon_core.package_identification:_identify(log) by extension 'ignore'
[0.333s] Level 1:colcon.colcon_core.package_identification:_identify(log) ignored
[0.333s] Level 1:colcon.colcon_core.package_identification:_identify(materials) by extensions ['ignore', 'ignore_ament_install']
[0.333s] Level 1:colcon.colcon_core.package_identification:_identify(materials) by extension 'ignore'
[0.333s] Level 1:colcon.colcon_core.package_identification:_identify(materials) by extension 'ignore_ament_install'
[0.333s] Level 1:colcon.colcon_core.package_identification:_identify(materials) by extensions ['colcon_pkg']
[0.333s] Level 1:colcon.colcon_core.package_identification:_identify(materials) by extension 'colcon_pkg'
[0.333s] Level 1:colcon.colcon_core.package_identification:_identify(materials) by extensions ['colcon_meta']
[0.333s] Level 1:colcon.colcon_core.package_identification:_identify(materials) by extension 'colcon_meta'
[0.333s] Level 1:colcon.colcon_core.package_identification:_identify(materials) by extensions ['ros']
[0.333s] Level 1:colcon.colcon_core.package_identification:_identify(materials) by extension 'ros'
[0.333s] Level 1:colcon.colcon_core.package_identification:_identify(materials) by extensions ['cmake', 'python']
[0.333s] Level 1:colcon.colcon_core.package_identification:_identify(materials) by extension 'cmake'
[0.333s] Level 1:colcon.colcon_core.package_identification:_identify(materials) by extension 'python'
[0.333s] Level 1:colcon.colcon_core.package_identification:_identify(materials) by extensions ['python_setup_py']
[0.333s] Level 1:colcon.colcon_core.package_identification:_identify(materials) by extension 'python_setup_py'
[0.333s] Level 1:colcon.colcon_core.package_identification:_identify(src) by extensions ['ignore', 'ignore_ament_install']
[0.333s] Level 1:colcon.colcon_core.package_identification:_identify(src) by extension 'ignore'
[0.334s] Level 1:colcon.colcon_core.package_identification:_identify(src) by extension 'ignore_ament_install'
[0.334s] Level 1:colcon.colcon_core.package_identification:_identify(src) by extensions ['colcon_pkg']
[0.334s] Level 1:colcon.colcon_core.package_identification:_identify(src) by extension 'colcon_pkg'
[0.334s] Level 1:colcon.colcon_core.package_identification:_identify(src) by extensions ['colcon_meta']
[0.334s] Level 1:colcon.colcon_core.package_identification:_identify(src) by extension 'colcon_meta'
[0.334s] Level 1:colcon.colcon_core.package_identification:_identify(src) by extensions ['ros']
[0.334s] Level 1:colcon.colcon_core.package_identification:_identify(src) by extension 'ros'
[0.334s] Level 1:colcon.colcon_core.package_identification:_identify(src) by extensions ['cmake', 'python']
[0.334s] Level 1:colcon.colcon_core.package_identification:_identify(src) by extension 'cmake'
[0.334s] Level 1:colcon.colcon_core.package_identification:_identify(src) by extension 'python'
[0.334s] Level 1:colcon.colcon_core.package_identification:_identify(src) by extensions ['python_setup_py']
[0.334s] Level 1:colcon.colcon_core.package_identification:_identify(src) by extension 'python_setup_py'
[0.334s] Level 1:colcon.colcon_core.package_identification:_identify(src/send_num) by extensions ['ignore', 'ignore_ament_install']
[0.334s] Level 1:colcon.colcon_core.package_identification:_identify(src/send_num) by extension 'ignore'
[0.334s] Level 1:colcon.colcon_core.package_identification:_identify(src/send_num) by extension 'ignore_ament_install'
[0.334s] Level 1:colcon.colcon_core.package_identification:_identify(src/send_num) by extensions ['colcon_pkg']
[0.334s] Level 1:colcon.colcon_core.package_identification:_identify(src/send_num) by extension 'colcon_pkg'
[0.334s] Level 1:colcon.colcon_core.package_identification:_identify(src/send_num) by extensions ['colcon_meta']
[0.334s] Level 1:colcon.colcon_core.package_identification:_identify(src/send_num) by extension 'colcon_meta'
[0.335s] Level 1:colcon.colcon_core.package_identification:_identify(src/send_num) by extensions ['ros']
[0.335s] Level 1:colcon.colcon_core.package_identification:_identify(src/send_num) by extension 'ros'
[0.337s] DEBUG:colcon.colcon_core.package_identification:Package 'src/send_num' with type 'ros.ament_python' and name 'send_num'
[0.337s] Level 1:colcon.colcon_core.package_identification:_identify(src/youbot_description) by extensions ['ignore', 'ignore_ament_install']
[0.338s] Level 1:colcon.colcon_core.package_identification:_identify(src/youbot_description) by extension 'ignore'
[0.338s] Level 1:colcon.colcon_core.package_identification:_identify(src/youbot_description) by extension 'ignore_ament_install'
[0.338s] Level 1:colcon.colcon_core.package_identification:_identify(src/youbot_description) by extensions ['colcon_pkg']
[0.338s] Level 1:colcon.colcon_core.package_identification:_identify(src/youbot_description) by extension 'colcon_pkg'
[0.338s] Level 1:colcon.colcon_core.package_identification:_identify(src/youbot_description) by extensions ['colcon_meta']
[0.338s] Level 1:colcon.colcon_core.package_identification:_identify(src/youbot_description) by extension 'colcon_meta'
[0.338s] Level 1:colcon.colcon_core.package_identification:_identify(src/youbot_description) by extensions ['ros']
[0.338s] Level 1:colcon.colcon_core.package_identification:_identify(src/youbot_description) by extension 'ros'
[0.339s] DEBUG:colcon.colcon_core.package_identification:Package 'src/youbot_description' with type 'ros.ament_cmake' and name 'youbot_description'
[0.339s] Level 1:colcon.colcon_core.package_identification:_identify(src/youbot_moveit) by extensions ['ignore', 'ignore_ament_install']
[0.339s] Level 1:colcon.colcon_core.package_identification:_identify(src/youbot_moveit) by extension 'ignore'
[0.339s] Level 1:colcon.colcon_core.package_identification:_identify(src/youbot_moveit) by extension 'ignore_ament_install'
[0.339s] Level 1:colcon.colcon_core.package_identification:_identify(src/youbot_moveit) by extensions ['colcon_pkg']
[0.339s] Level 1:colcon.colcon_core.package_identification:_identify(src/youbot_moveit) by extension 'colcon_pkg'
[0.339s] Level 1:colcon.colcon_core.package_identification:_identify(src/youbot_moveit) by extensions ['colcon_meta']
[0.339s] Level 1:colcon.colcon_core.package_identification:_identify(src/youbot_moveit) by extension 'colcon_meta'
[0.339s] Level 1:colcon.colcon_core.package_identification:_identify(src/youbot_moveit) by extensions ['ros']
[0.339s] Level 1:colcon.colcon_core.package_identification:_identify(src/youbot_moveit) by extension 'ros'
[0.340s] DEBUG:colcon.colcon_core.package_identification:Package 'src/youbot_moveit' with type 'ros.ament_cmake' and name 'youbot_moveit'
[0.340s] Level 1:colcon.colcon_core.package_discovery:discover_packages(recursive) using defaults
[0.340s] Level 1:colcon.colcon_core.package_discovery:discover_packages(ignore) discover
[0.340s] Level 1:colcon.colcon_core.package_discovery:discover_packages(ignore) using defaults
[0.340s] Level 1:colcon.colcon_core.package_discovery:discover_packages(path) discover
[0.340s] Level 1:colcon.colcon_core.package_discovery:discover_packages(path) using defaults
[0.374s] Level 5:colcon.colcon_core.verb:set package 'send_num' build argument 'cmake_args' from command line to 'None'
[0.374s] Level 5:colcon.colcon_core.verb:set package 'send_num' build argument 'cmake_target' from command line to 'None'
[0.374s] Level 5:colcon.colcon_core.verb:set package 'send_num' build argument 'cmake_target_skip_unavailable' from command line to 'False'
[0.374s] Level 5:colcon.colcon_core.verb:set package 'send_num' build argument 'cmake_clean_cache' from command line to 'False'
[0.374s] Level 5:colcon.colcon_core.verb:set package 'send_num' build argument 'cmake_clean_first' from command line to 'False'
[0.374s] Level 5:colcon.colcon_core.verb:set package 'send_num' build argument 'cmake_force_configure' from command line to 'False'
[0.374s] Level 5:colcon.colcon_core.verb:set package 'send_num' build argument 'ament_cmake_args' from command line to 'None'
[0.374s] Level 5:colcon.colcon_core.verb:set package 'send_num' build argument 'catkin_cmake_args' from command line to 'None'
[0.374s] Level 5:colcon.colcon_core.verb:set package 'send_num' build argument 'catkin_skip_building_tests' from command line to 'False'
[0.374s] DEBUG:colcon.colcon_core.verb:Building package 'send_num' with the following arguments: {'ament_cmake_args': None, 'build_base': '/youbot/build/send_num', 'catkin_cmake_args': None, 'catkin_skip_building_tests': False, 'cmake_args': None, 'cmake_clean_cache': False, 'cmake_clean_first': False, 'cmake_force_configure': False, 'cmake_target': None, 'cmake_target_skip_unavailable': False, 'install_base': '/youbot/install/send_num', 'merge_install': False, 'path': '/youbot/src/send_num', 'symlink_install': False, 'test_result_base': None}
[0.375s] Level 5:colcon.colcon_core.verb:set package 'youbot_description' build argument 'cmake_args' from command line to 'None'
[0.375s] Level 5:colcon.colcon_core.verb:set package 'youbot_description' build argument 'cmake_target' from command line to 'None'
[0.375s] Level 5:colcon.colcon_core.verb:set package 'youbot_description' build argument 'cmake_target_skip_unavailable' from command line to 'False'
[0.375s] Level 5:colcon.colcon_core.verb:set package 'youbot_description' build argument 'cmake_clean_cache' from command line to 'False'
[0.375s] Level 5:colcon.colcon_core.verb:set package 'youbot_description' build argument 'cmake_clean_first' from command line to 'False'
[0.375s] Level 5:colcon.colcon_core.verb:set package 'youbot_description' build argument 'cmake_force_configure' from command line to 'False'
[0.375s] Level 5:colcon.colcon_core.verb:set package 'youbot_description' build argument 'ament_cmake_args' from command line to 'None'
[0.375s] Level 5:colcon.colcon_core.verb:set package 'youbot_description' build argument 'catkin_cmake_args' from command line to 'None'
[0.375s] Level 5:colcon.colcon_core.verb:set package 'youbot_description' build argument 'catkin_skip_building_tests' from command line to 'False'
[0.375s] DEBUG:colcon.colcon_core.verb:Building package 'youbot_description' with the following arguments: {'ament_cmake_args': None, 'build_base': '/youbot/build/youbot_description', 'catkin_cmake_args': None, 'catkin_skip_building_tests': False, 'cmake_args': None, 'cmake_clean_cache': False, 'cmake_clean_first': False, 'cmake_force_configure': False, 'cmake_target': None, 'cmake_target_skip_unavailable': False, 'install_base': '/youbot/install/youbot_description', 'merge_install': False, 'path': '/youbot/src/youbot_description', 'symlink_install': False, 'test_result_base': None}
[0.376s] Level 5:colcon.colcon_core.verb:set package 'youbot_moveit' build argument 'cmake_args' from command line to 'None'
[0.376s] Level 5:colcon.colcon_core.verb:set package 'youbot_moveit' build argument 'cmake_target' from command line to 'None'
[0.376s] Level 5:colcon.colcon_core.verb:set package 'youbot_moveit' build argument 'cmake_target_skip_unavailable' from command line to 'False'
[0.376s] Level 5:colcon.colcon_core.verb:set package 'youbot_moveit' build argument 'cmake_clean_cache' from command line to 'False'
[0.376s] Level 5:colcon.colcon_core.verb:set package 'youbot_moveit' build argument 'cmake_clean_first' from command line to 'False'
[0.376s] Level 5:colcon.colcon_core.verb:set package 'youbot_moveit' build argument 'cmake_force_configure' from command line to 'False'
[0.376s] Level 5:colcon.colcon_core.verb:set package 'youbot_moveit' build argument 'ament_cmake_args' from command line to 'None'
[0.376s] Level 5:colcon.colcon_core.verb:set package 'youbot_moveit' build argument 'catkin_cmake_args' from command line to 'None'
[0.376s] Level 5:colcon.colcon_core.verb:set package 'youbot_moveit' build argument 'catkin_skip_building_tests' from command line to 'False'
[0.376s] DEBUG:colcon.colcon_core.verb:Building package 'youbot_moveit' with the following arguments: {'ament_cmake_args': None, 'build_base': '/youbot/build/youbot_moveit', 'catkin_cmake_args': None, 'catkin_skip_building_tests': False, 'cmake_args': None, 'cmake_clean_cache': False, 'cmake_clean_first': False, 'cmake_force_configure': False, 'cmake_target': None, 'cmake_target_skip_unavailable': False, 'install_base': '/youbot/install/youbot_moveit', 'merge_install': False, 'path': '/youbot/src/youbot_moveit', 'symlink_install': False, 'test_result_base': None}
[0.376s] INFO:colcon.colcon_core.executor:Executing jobs using 'parallel' executor
[0.377s] DEBUG:colcon.colcon_parallel_executor.executor.parallel:run_until_complete
[0.377s] INFO:colcon.colcon_ros.task.ament_cmake.build:Building ROS package in '/youbot/src/youbot_description' with build type 'ament_cmake'
[0.378s] INFO:colcon.colcon_cmake.task.cmake.build:Building CMake package in '/youbot/src/youbot_description'
[0.380s] INFO:colcon.colcon_core.plugin_system:Skipping extension 'colcon_core.shell.bat': Not used on non-Windows systems
[0.380s] INFO:colcon.colcon_core.shell:Skip shell extension 'powershell' for command environment: Not usable outside of PowerShell
[0.380s] DEBUG:colcon.colcon_core.shell:Skip shell extension 'dsv' for command environment
[0.388s] INFO:colcon.colcon_ros.task.ament_python.build:Building ROS package in '/youbot/src/send_num' with build type 'ament_python'
[0.388s] Level 1:colcon.colcon_core.shell:create_environment_hook('send_num', 'ament_prefix_path')
[0.389s] INFO:colcon.colcon_core.shell:Creating environment hook '/youbot/install/send_num/share/send_num/hook/ament_prefix_path.ps1'
[0.389s] INFO:colcon.colcon_core.shell:Creating environment descriptor '/youbot/install/send_num/share/send_num/hook/ament_prefix_path.dsv'
[0.390s] INFO:colcon.colcon_core.shell:Creating environment hook '/youbot/install/send_num/share/send_num/hook/ament_prefix_path.sh'
[0.391s] INFO:colcon.colcon_core.shell:Skip shell extension 'powershell' for command environment: Not usable outside of PowerShell
[0.391s] DEBUG:colcon.colcon_core.shell:Skip shell extension 'dsv' for command environment
[0.399s] DEBUG:colcon.colcon_core.event_handler.log_command:Invoking command in '/youbot/build/youbot_description': CMAKE_PREFIX_PATH=/opt/ros/humble /usr/bin/cmake --build /youbot/build/youbot_description -- -j4 -l4
[0.686s] INFO:colcon.colcon_core.task.python.build:Building Python package in '/youbot/src/send_num'
[0.686s] INFO:colcon.colcon_core.shell:Skip shell extension 'powershell' for command environment: Not usable outside of PowerShell
[0.687s] DEBUG:colcon.colcon_core.shell:Skip shell extension 'dsv' for command environment
[0.692s] DEBUG:colcon.colcon_core.event_handler.log_command:Invoked command in '/youbot/build/youbot_description' returned '0': CMAKE_PREFIX_PATH=/opt/ros/humble /usr/bin/cmake --build /youbot/build/youbot_description -- -j4 -l4
[0.704s] DEBUG:colcon.colcon_core.event_handler.log_command:Invoking command in '/youbot/build/youbot_description': CMAKE_PREFIX_PATH=/opt/ros/humble /usr/bin/cmake --install /youbot/build/youbot_description
[0.739s] Level 1:colcon.colcon_core.environment:create_environment_scripts_only(youbot_description)
[0.744s] DEBUG:colcon.colcon_core.event_handler.log_command:Invoked command in '/youbot/build/youbot_description' returned '0': CMAKE_PREFIX_PATH=/opt/ros/humble /usr/bin/cmake --install /youbot/build/youbot_description
[0.747s] Level 1:colcon.colcon_core.environment:checking '/youbot/install/youbot_description' for CMake module files
[0.748s] Level 1:colcon.colcon_core.environment:checking '/youbot/install/youbot_description' for CMake config files
[0.751s] Level 1:colcon.colcon_core.shell:create_environment_hook('youbot_description', 'cmake_prefix_path')
[0.755s] INFO:colcon.colcon_core.shell:Creating environment hook '/youbot/install/youbot_description/share/youbot_description/hook/cmake_prefix_path.ps1'
[0.756s] INFO:colcon.colcon_core.shell:Creating environment descriptor '/youbot/install/youbot_description/share/youbot_description/hook/cmake_prefix_path.dsv'
[0.756s] INFO:colcon.colcon_core.shell:Creating environment hook '/youbot/install/youbot_description/share/youbot_description/hook/cmake_prefix_path.sh'
[0.757s] Level 1:colcon.colcon_core.environment:checking '/youbot/install/youbot_description/bin'
[0.757s] Level 1:colcon.colcon_core.environment:checking '/youbot/install/youbot_description/lib/pkgconfig/youbot_description.pc'
[0.757s] Level 1:colcon.colcon_core.environment:checking '/youbot/install/youbot_description/lib/python3.10/site-packages'
[0.757s] Level 1:colcon.colcon_core.environment:checking '/youbot/install/youbot_description/bin'
[0.758s] INFO:colcon.colcon_core.shell:Creating package script '/youbot/install/youbot_description/share/youbot_description/package.ps1'
[0.770s] INFO:colcon.colcon_core.shell:Creating package descriptor '/youbot/install/youbot_description/share/youbot_description/package.dsv'
[0.770s] INFO:colcon.colcon_core.shell:Creating package script '/youbot/install/youbot_description/share/youbot_description/package.sh'
[0.773s] INFO:colcon.colcon_core.shell:Creating package script '/youbot/install/youbot_description/share/youbot_description/package.bash'
[0.781s] INFO:colcon.colcon_core.shell:Creating package script '/youbot/install/youbot_description/share/youbot_description/package.zsh'
[0.782s] Level 1:colcon.colcon_core.environment:create_file_with_runtime_dependencies(/youbot/install/youbot_description/share/colcon-core/packages/youbot_description)
[0.782s] Level 1:colcon.colcon_core.environment:create_environment_scripts_only(youbot_description)
[0.783s] Level 1:colcon.colcon_core.environment:checking '/youbot/install/youbot_description' for CMake module files
[0.793s] Level 1:colcon.colcon_core.environment:checking '/youbot/install/youbot_description' for CMake config files
[0.793s] Level 1:colcon.colcon_core.shell:create_environment_hook('youbot_description', 'cmake_prefix_path')
[0.794s] INFO:colcon.colcon_core.shell:Creating environment hook '/youbot/install/youbot_description/share/youbot_description/hook/cmake_prefix_path.ps1'
[0.794s] INFO:colcon.colcon_core.shell:Creating environment descriptor '/youbot/install/youbot_description/share/youbot_description/hook/cmake_prefix_path.dsv'
[0.794s] INFO:colcon.colcon_core.shell:Creating environment hook '/youbot/install/youbot_description/share/youbot_description/hook/cmake_prefix_path.sh'
[0.800s] Level 1:colcon.colcon_core.environment:checking '/youbot/install/youbot_description/bin'
[0.800s] Level 1:colcon.colcon_core.environment:checking '/youbot/install/youbot_description/lib/pkgconfig/youbot_description.pc'
[0.800s] Level 1:colcon.colcon_core.environment:checking '/youbot/install/youbot_description/lib/python3.10/site-packages'
[0.800s] Level 1:colcon.colcon_core.environment:checking '/youbot/install/youbot_description/bin'
[0.801s] INFO:colcon.colcon_core.shell:Creating package script '/youbot/install/youbot_description/share/youbot_description/package.ps1'
[0.804s] INFO:colcon.colcon_core.shell:Creating package descriptor '/youbot/install/youbot_description/share/youbot_description/package.dsv'
[0.805s] INFO:colcon.colcon_core.shell:Creating package script '/youbot/install/youbot_description/share/youbot_description/package.sh'
[0.805s] INFO:colcon.colcon_core.shell:Creating package script '/youbot/install/youbot_description/share/youbot_description/package.bash'
[0.806s] INFO:colcon.colcon_core.shell:Creating package script '/youbot/install/youbot_description/share/youbot_description/package.zsh'
[0.807s] Level 1:colcon.colcon_core.environment:create_file_with_runtime_dependencies(/youbot/install/youbot_description/share/colcon-core/packages/youbot_description)
[0.809s] INFO:colcon.colcon_ros.task.ament_cmake.build:Building ROS package in '/youbot/src/youbot_moveit' with build type 'ament_cmake'
[0.810s] INFO:colcon.colcon_cmake.task.cmake.build:Building CMake package in '/youbot/src/youbot_moveit'
[0.810s] INFO:colcon.colcon_core.shell:Skip shell extension 'powershell' for command environment: Not usable outside of PowerShell
[0.810s] DEBUG:colcon.colcon_core.shell:Skip shell extension 'dsv' for command environment
[0.828s] DEBUG:colcon.colcon_core.event_handler.log_command:Invoking command in '/youbot/build/youbot_moveit': AMENT_PREFIX_PATH=/youbot/install/youbot_description:${AMENT_PREFIX_PATH} CMAKE_PREFIX_PATH=/youbot/install/youbot_description:/opt/ros/humble /usr/bin/cmake --build /youbot/build/youbot_moveit -- -j4 -l4
[0.973s] DEBUG:colcon.colcon_core.event_handler.log_command:Invoked command in '/youbot/build/youbot_moveit' returned '0': AMENT_PREFIX_PATH=/youbot/install/youbot_description:${AMENT_PREFIX_PATH} CMAKE_PREFIX_PATH=/youbot/install/youbot_description:/opt/ros/humble /usr/bin/cmake --build /youbot/build/youbot_moveit -- -j4 -l4
[0.974s] DEBUG:colcon.colcon_core.event_handler.log_command:Invoking command in '/youbot/build/youbot_moveit': AMENT_PREFIX_PATH=/youbot/install/youbot_description:${AMENT_PREFIX_PATH} CMAKE_PREFIX_PATH=/youbot/install/youbot_description:/opt/ros/humble /usr/bin/cmake --install /youbot/build/youbot_moveit
[0.999s] Level 1:colcon.colcon_core.environment:create_environment_scripts_only(youbot_moveit)
[0.999s] Level 1:colcon.colcon_core.environment:checking '/youbot/install/youbot_moveit' for CMake module files
[1.001s] DEBUG:colcon.colcon_core.event_handler.log_command:Invoked command in '/youbot/build/youbot_moveit' returned '0': AMENT_PREFIX_PATH=/youbot/install/youbot_description:${AMENT_PREFIX_PATH} CMAKE_PREFIX_PATH=/youbot/install/youbot_description:/opt/ros/humble /usr/bin/cmake --install /youbot/build/youbot_moveit
[1.004s] Level 1:colcon.colcon_core.environment:checking '/youbot/install/youbot_moveit' for CMake config files
[1.004s] Level 1:colcon.colcon_core.shell:create_environment_hook('youbot_moveit', 'cmake_prefix_path')
[1.005s] INFO:colcon.colcon_core.shell:Creating environment hook '/youbot/install/youbot_moveit/share/youbot_moveit/hook/cmake_prefix_path.ps1'
[1.006s] INFO:colcon.colcon_core.shell:Creating environment descriptor '/youbot/install/youbot_moveit/share/youbot_moveit/hook/cmake_prefix_path.dsv'
[1.007s] INFO:colcon.colcon_core.shell:Creating environment hook '/youbot/install/youbot_moveit/share/youbot_moveit/hook/cmake_prefix_path.sh'
[1.007s] Level 1:colcon.colcon_core.environment:checking '/youbot/install/youbot_moveit/lib'
[1.007s] Level 1:colcon.colcon_core.environment:checking '/youbot/install/youbot_moveit/bin'
[1.007s] Level 1:colcon.colcon_core.environment:checking '/youbot/install/youbot_moveit/lib/pkgconfig/youbot_moveit.pc'
[1.008s] Level 1:colcon.colcon_core.environment:checking '/youbot/install/youbot_moveit/lib/python3.10/site-packages'
[1.008s] Level 1:colcon.colcon_core.environment:checking '/youbot/install/youbot_moveit/bin'
[1.009s] INFO:colcon.colcon_core.shell:Creating package script '/youbot/install/youbot_moveit/share/youbot_moveit/package.ps1'
[1.009s] INFO:colcon.colcon_core.shell:Creating package descriptor '/youbot/install/youbot_moveit/share/youbot_moveit/package.dsv'
[1.010s] INFO:colcon.colcon_core.shell:Creating package script '/youbot/install/youbot_moveit/share/youbot_moveit/package.sh'
[1.010s] INFO:colcon.colcon_core.shell:Creating package script '/youbot/install/youbot_moveit/share/youbot_moveit/package.bash'
[1.011s] INFO:colcon.colcon_core.shell:Creating package script '/youbot/install/youbot_moveit/share/youbot_moveit/package.zsh'
[1.011s] Level 1:colcon.colcon_core.environment:create_file_with_runtime_dependencies(/youbot/install/youbot_moveit/share/colcon-core/packages/youbot_moveit)
[1.012s] Level 1:colcon.colcon_core.environment:create_environment_scripts_only(youbot_moveit)
[1.012s] Level 1:colcon.colcon_core.environment:checking '/youbot/install/youbot_moveit' for CMake module files
[1.013s] Level 1:colcon.colcon_core.environment:checking '/youbot/install/youbot_moveit' for CMake config files
[1.014s] Level 1:colcon.colcon_core.shell:create_environment_hook('youbot_moveit', 'cmake_prefix_path')
[1.014s] INFO:colcon.colcon_core.shell:Creating environment hook '/youbot/install/youbot_moveit/share/youbot_moveit/hook/cmake_prefix_path.ps1'
[1.015s] INFO:colcon.colcon_core.shell:Creating environment descriptor '/youbot/install/youbot_moveit/share/youbot_moveit/hook/cmake_prefix_path.dsv'
[1.015s] INFO:colcon.colcon_core.shell:Creating environment hook '/youbot/install/youbot_moveit/share/youbot_moveit/hook/cmake_prefix_path.sh'
[1.016s] Level 1:colcon.colcon_core.environment:checking '/youbot/install/youbot_moveit/lib'
[1.016s] Level 1:colcon.colcon_core.environment:checking '/youbot/install/youbot_moveit/bin'
[1.016s] Level 1:colcon.colcon_core.environment:checking '/youbot/install/youbot_moveit/lib/pkgconfig/youbot_moveit.pc'
[1.017s] Level 1:colcon.colcon_core.environment:checking '/youbot/install/youbot_moveit/lib/python3.10/site-packages'
[1.017s] Level 1:colcon.colcon_core.environment:checking '/youbot/install/youbot_moveit/bin'
[1.017s] INFO:colcon.colcon_core.shell:Creating package script '/youbot/install/youbot_moveit/share/youbot_moveit/package.ps1'
[1.018s] INFO:colcon.colcon_core.shell:Creating package descriptor '/youbot/install/youbot_moveit/share/youbot_moveit/package.dsv'
[1.019s] INFO:colcon.colcon_core.shell:Creating package script '/youbot/install/youbot_moveit/share/youbot_moveit/package.sh'
[1.019s] INFO:colcon.colcon_core.shell:Creating package script '/youbot/install/youbot_moveit/share/youbot_moveit/package.bash'
[1.020s] INFO:colcon.colcon_core.shell:Creating package script '/youbot/install/youbot_moveit/share/youbot_moveit/package.zsh'
[1.021s] Level 1:colcon.colcon_core.environment:create_file_with_runtime_dependencies(/youbot/install/youbot_moveit/share/colcon-core/packages/youbot_moveit)
[1.247s] DEBUG:colcon.colcon_core.event_handler.log_command:Invoking command in '/youbot/src/send_num': PYTHONPATH=/youbot/build/send_num/prefix_override:/usr/lib/python3/dist-packages/colcon_core/task/python/colcon_distutils_commands:/youbot/install/send_num/lib/python3.10/site-packages:${PYTHONPATH} /usr/bin/python3 -W ignore:setup.py install is deprecated -W ignore:easy_install command is deprecated setup.py egg_info --egg-base ../../build/send_num build --build-base /youbot/build/send_num/build install --record /youbot/build/send_num/install.log --single-version-externally-managed install_data
[1.564s] Level 1:colcon.colcon_core.environment:checking '/youbot/install/send_num' for CMake module files
[1.564s] DEBUG:colcon.colcon_core.event_handler.log_command:Invoked command in '/youbot/src/send_num' returned '0': PYTHONPATH=/youbot/build/send_num/prefix_override:/usr/lib/python3/dist-packages/colcon_core/task/python/colcon_distutils_commands:/youbot/install/send_num/lib/python3.10/site-packages:${PYTHONPATH} /usr/bin/python3 -W ignore:setup.py install is deprecated -W ignore:easy_install command is deprecated setup.py egg_info --egg-base ../../build/send_num build --build-base /youbot/build/send_num/build install --record /youbot/build/send_num/install.log --single-version-externally-managed install_data
[1.565s] Level 1:colcon.colcon_core.environment:checking '/youbot/install/send_num' for CMake config files
[1.566s] Level 1:colcon.colcon_core.environment:checking '/youbot/install/send_num/lib'
[1.566s] Level 1:colcon.colcon_core.environment:checking '/youbot/install/send_num/bin'
[1.566s] Level 1:colcon.colcon_core.environment:checking '/youbot/install/send_num/lib/pkgconfig/send_num.pc'
[1.566s] Level 1:colcon.colcon_core.environment:checking '/youbot/install/send_num/lib/python3.10/site-packages'
[1.566s] Level 1:colcon.colcon_core.shell:create_environment_hook('send_num', 'pythonpath')
[1.566s] INFO:colcon.colcon_core.shell:Creating environment hook '/youbot/install/send_num/share/send_num/hook/pythonpath.ps1'
[1.567s] INFO:colcon.colcon_core.shell:Creating environment descriptor '/youbot/install/send_num/share/send_num/hook/pythonpath.dsv'
[1.567s] INFO:colcon.colcon_core.shell:Creating environment hook '/youbot/install/send_num/share/send_num/hook/pythonpath.sh'
[1.568s] Level 1:colcon.colcon_core.environment:checking '/youbot/install/send_num/bin'
[1.568s] Level 1:colcon.colcon_core.environment:create_environment_scripts_only(send_num)
[1.569s] INFO:colcon.colcon_core.shell:Creating package script '/youbot/install/send_num/share/send_num/package.ps1'
[1.569s] INFO:colcon.colcon_core.shell:Creating package descriptor '/youbot/install/send_num/share/send_num/package.dsv'
[1.570s] INFO:colcon.colcon_core.shell:Creating package script '/youbot/install/send_num/share/send_num/package.sh'
[1.570s] INFO:colcon.colcon_core.shell:Creating package script '/youbot/install/send_num/share/send_num/package.bash'
[1.571s] INFO:colcon.colcon_core.shell:Creating package script '/youbot/install/send_num/share/send_num/package.zsh'
[1.571s] Level 1:colcon.colcon_core.environment:create_file_with_runtime_dependencies(/youbot/install/send_num/share/colcon-core/packages/send_num)
[1.572s] DEBUG:colcon.colcon_parallel_executor.executor.parallel:closing loop
[1.572s] DEBUG:colcon.colcon_parallel_executor.executor.parallel:loop closed
[1.572s] DEBUG:colcon.colcon_parallel_executor.executor.parallel:run_until_complete finished with '0'
[1.572s] DEBUG:colcon.colcon_core.event_reactor:joining thread
[1.578s] INFO:colcon.colcon_core.plugin_system:Skipping extension 'colcon_notification.desktop_notification.notify_send': Could not find 'notify-send'
[1.578s] INFO:colcon.colcon_core.plugin_system:Skipping extension 'colcon_notification.desktop_notification.terminal_notifier': Not used on non-Darwin systems
[1.578s] INFO:colcon.colcon_core.plugin_system:Skipping extension 'colcon_notification.desktop_notification.win32': Not used on non-Windows systems
[1.578s] INFO:colcon.colcon_notification.desktop_notification:Sending desktop notification using 'notify2'
[1.581s] DEBUG:colcon.colcon_notification.desktop_notification.notify2:Failed to initialize notify2: org.freedesktop.DBus.Error.Spawn.ExecFailed: /usr/bin/dbus-launch terminated abnormally without any error message
[1.581s] DEBUG:colcon.colcon_core.event_reactor:joined thread
[1.582s] INFO:colcon.colcon_core.shell:Creating prefix script '/youbot/install/local_setup.ps1'
[1.584s] INFO:colcon.colcon_core.shell:Creating prefix util module '/youbot/install/_local_setup_util_ps1.py'
[1.585s] INFO:colcon.colcon_core.shell:Creating prefix chain script '/youbot/install/setup.ps1'
[1.587s] INFO:colcon.colcon_core.shell:Creating prefix script '/youbot/install/local_setup.sh'
[1.588s] INFO:colcon.colcon_core.shell:Creating prefix util module '/youbot/install/_local_setup_util_sh.py'
[1.589s] INFO:colcon.colcon_core.shell:Creating prefix chain script '/youbot/install/setup.sh'
[1.590s] INFO:colcon.colcon_core.shell:Creating prefix script '/youbot/install/local_setup.bash'
[1.591s] INFO:colcon.colcon_core.shell:Creating prefix chain script '/youbot/install/setup.bash'
[1.592s] INFO:colcon.colcon_core.shell:Creating prefix script '/youbot/install/local_setup.zsh'
[1.592s] INFO:colcon.colcon_core.shell:Creating prefix chain script '/youbot/install/setup.zsh'
