[0.009s] Invoking command in '/youbot/build/youbot_moveit': AMENT_PREFIX_PATH=/youbot/install/youbot_description:${AMENT_PREFIX_PATH} CMAKE_PREFIX_PATH=/youbot/install/youbot_description:/opt/ros/humble /usr/bin/cmake --build /youbot/build/youbot_moveit -- -j4 -l4
[0.101s] [100%] Built target script
[0.118s] Invoked command in '/youbot/build/youbot_moveit' returned '0': AMENT_PREFIX_PATH=/youbot/install/youbot_description:${AMENT_PREFIX_PATH} CMAKE_PREFIX_PATH=/youbot/install/youbot_description:/opt/ros/humble /usr/bin/cmake --build /youbot/build/youbot_moveit -- -j4 -l4
[0.119s] Invoking command in '/youbot/build/youbot_moveit': AMENT_PREFIX_PATH=/youbot/install/youbot_description:${AMENT_PREFIX_PATH} CMAKE_PREFIX_PATH=/youbot/install/youbot_description:/opt/ros/humble /usr/bin/cmake --install /youbot/build/youbot_moveit
[0.127s] -- Install configuration: ""
[0.127s] -- Up-to-date: /youbot/install/youbot_moveit/share/ament_index/resource_index/package_run_dependencies/youbot_moveit
[0.127s] -- Up-to-date: /youbot/install/youbot_moveit/share/ament_index/resource_index/parent_prefix_path/youbot_moveit
[0.128s] -- Up-to-date: /youbot/install/youbot_moveit/share/youbot_moveit/environment/ament_prefix_path.sh
[0.128s] -- Up-to-date: /youbot/install/youbot_moveit/share/youbot_moveit/environment/ament_prefix_path.dsv
[0.128s] -- Up-to-date: /youbot/install/youbot_moveit/share/youbot_moveit/environment/path.sh
[0.128s] -- Up-to-date: /youbot/install/youbot_moveit/share/youbot_moveit/environment/path.dsv
[0.130s] -- Up-to-date: /youbot/install/youbot_moveit/share/youbot_moveit/local_setup.bash
[0.130s] -- Up-to-date: /youbot/install/youbot_moveit/share/youbot_moveit/local_setup.sh
[0.130s] -- Up-to-date: /youbot/install/youbot_moveit/share/youbot_moveit/local_setup.zsh
[0.130s] -- Up-to-date: /youbot/install/youbot_moveit/share/youbot_moveit/local_setup.dsv
[0.130s] -- Installing: /youbot/install/youbot_moveit/share/youbot_moveit/package.dsv
[0.130s] -- Up-to-date: /youbot/install/youbot_moveit/share/ament_index/resource_index/packages/youbot_moveit
[0.130s] -- Up-to-date: /youbot/install/youbot_moveit/share/youbot_moveit/cmake/youbot_moveitConfig.cmake
[0.130s] -- Up-to-date: /youbot/install/youbot_moveit/share/youbot_moveit/cmake/youbot_moveitConfig-version.cmake
[0.130s] -- Up-to-date: /youbot/install/youbot_moveit/share/youbot_moveit/package.xml
[0.131s] -- Up-to-date: /youbot/install/youbot_moveit/lib/youbot_moveit/script
[0.131s] -- Up-to-date: /youbot/install/youbot_moveit/share/youbot_moveit/launch
[0.131s] -- Up-to-date: /youbot/install/youbot_moveit/share/youbot_moveit/launch/warehouse_db.launch.py
[0.131s] -- Up-to-date: /youbot/install/youbot_moveit/share/youbot_moveit/launch/spawn_controllers.launch.py
[0.131s] -- Up-to-date: /youbot/install/youbot_moveit/share/youbot_moveit/launch/rsp.launch.py
[0.131s] -- Up-to-date: /youbot/install/youbot_moveit/share/youbot_moveit/launch/demo.launch.py
[0.131s] -- Up-to-date: /youbot/install/youbot_moveit/share/youbot_moveit/launch/moveit_rviz.launch.py
[0.131s] -- Up-to-date: /youbot/install/youbot_moveit/share/youbot_moveit/launch/move_group.launch.py
[0.131s] -- Up-to-date: /youbot/install/youbot_moveit/share/youbot_moveit/launch/setup_assistant.launch.py
[0.131s] -- Up-to-date: /youbot/install/youbot_moveit/share/youbot_moveit/launch/static_virtual_joint_tfs.launch.py
[0.131s] -- Up-to-date: /youbot/install/youbot_moveit/share/youbot_moveit/config
[0.131s] -- Up-to-date: /youbot/install/youbot_moveit/share/youbot_moveit/config/moveit.rviz
[0.131s] -- Up-to-date: /youbot/install/youbot_moveit/share/youbot_moveit/config/youbot.ros2_control.xacro
[0.131s] -- Up-to-date: /youbot/install/youbot_moveit/share/youbot_moveit/config/joint_limits.yaml
[0.132s] -- Up-to-date: /youbot/install/youbot_moveit/share/youbot_moveit/config/youbot.urdf.xacro
[0.133s] -- Up-to-date: /youbot/install/youbot_moveit/share/youbot_moveit/config/moveit_controllers.yaml
[0.133s] -- Up-to-date: /youbot/install/youbot_moveit/share/youbot_moveit/config/kinematics.yaml
[0.133s] -- Up-to-date: /youbot/install/youbot_moveit/share/youbot_moveit/config/initial_positions.yaml
[0.133s] -- Up-to-date: /youbot/install/youbot_moveit/share/youbot_moveit/config/ros2_controllers.yaml
[0.133s] -- Up-to-date: /youbot/install/youbot_moveit/share/youbot_moveit/config/youbot.srdf
[0.133s] -- Up-to-date: /youbot/install/youbot_moveit/share/youbot_moveit/config/ompl_planning.yaml
[0.133s] -- Up-to-date: /youbot/install/youbot_moveit/share/youbot_moveit/config/pilz_cartesian_limits.yaml
[0.133s] -- Up-to-date: /youbot/install/youbot_moveit/share/youbot_moveit/.setup_assistant
[0.133s] Invoked command in '/youbot/build/youbot_moveit' returned '0': AMENT_PREFIX_PATH=/youbot/install/youbot_description:${AMENT_PREFIX_PATH} CMAKE_PREFIX_PATH=/youbot/install/youbot_description:/opt/ros/humble /usr/bin/cmake --install /youbot/build/youbot_moveit
