[0.032s] Invoking command in '/youbot/build/trac_ik_lib': CMAKE_PREFIX_PATH=${CMAKE_PREFIX_PATH}:/youbot/install/youbot_description:/youbot/install/send_num:/opt/ros/humble /usr/bin/cmake /youbot/src/trac_ik/trac_ik_lib -DAMENT_CMAKE_SYMLINK_INSTALL=1 -DCMAKE_INSTALL_PREFIX=/youbot/install/trac_ik_lib
[0.387s] -- Found ament_cmake: 1.3.11 (/opt/ros/humble/share/ament_cmake/cmake)
[0.387s] -- Override CMake install command with custom implementation using symlinks instead of copying resources
[0.387s] -- Found eigen3_cmake_module: 0.1.1 (/opt/ros/humble/share/eigen3_cmake_module/cmake)
[0.387s] -- Found kdl_parser: 2.6.4 (/opt/ros/humble/share/kdl_parser/cmake)
[0.387s] -- Ensuring Eigen3 include directory is part of orocos-kdl CMake target
[0.387s] -- Found rclcpp: 16.0.12 (/opt/ros/humble/share/rclcpp/cmake)
[0.494s] -- Found rosidl_generator_c: 3.1.6 (/opt/ros/humble/share/rosidl_generator_c/cmake)
[0.567s] -- Found rosidl_adapter: 3.1.6 (/opt/ros/humble/share/rosidl_adapter/cmake)
[0.632s] -- Found rosidl_generator_cpp: 3.1.6 (/opt/ros/humble/share/rosidl_generator_cpp/cmake)
[0.658s] -- Using all available rosidl_typesupport_c: rosidl_typesupport_fastrtps_c;rosidl_typesupport_introspection_c
[0.702s] -- Using all available rosidl_typesupport_cpp: rosidl_typesupport_fastrtps_cpp;rosidl_typesupport_introspection_cpp
[0.839s] -- Found rmw_implementation_cmake: 6.1.2 (/opt/ros/humble/share/rmw_implementation_cmake/cmake)
[0.848s] -- Found rmw_fastrtps_cpp: 6.2.7 (/opt/ros/humble/share/rmw_fastrtps_cpp/cmake)
[1.046s] -- Found OpenSSL: /usr/lib/x86_64-linux-gnu/libcrypto.so (found version "3.0.2")  
[1.101s] -- Found FastRTPS: /opt/ros/humble/include  
[1.187s] -- Using RMW implementation 'rmw_fastrtps_cpp' as default
[1.226s] -- Looking for pthread.h
[1.380s] -- Looking for pthread.h - found
[1.380s] -- Performing Test CMAKE_HAVE_LIBC_PTHREAD
[1.531s] -- Performing Test CMAKE_HAVE_LIBC_PTHREAD - Success
[1.533s] -- Found Threads: TRUE  
[1.701s] -- Found urdf: 2.6.1 (/opt/ros/humble/share/urdf/cmake)
[1.814s] -- Found ament_lint_auto: 0.12.12 (/opt/ros/humble/share/ament_lint_auto/cmake)
[2.013s] -- Added test 'copyright' to check source files copyright and LICENSE
[2.015s] -- Added test 'cpplint' to check C / C++ code against the Google style
[2.015s] -- Configured cpplint exclude dirs and/or files: 
[2.020s] -- Added test 'lint_cmake' to check CMake code style
[2.024s] -- Added test 'xmllint' to check XML markup files
[2.029s] -- Configuring done
[2.062s] -- Generating done
[2.070s] -- Build files have been written to: /youbot/build/trac_ik_lib
[2.106s] Invoked command in '/youbot/build/trac_ik_lib' returned '0': CMAKE_PREFIX_PATH=${CMAKE_PREFIX_PATH}:/youbot/install/youbot_description:/youbot/install/send_num:/opt/ros/humble /usr/bin/cmake /youbot/src/trac_ik/trac_ik_lib -DAMENT_CMAKE_SYMLINK_INSTALL=1 -DCMAKE_INSTALL_PREFIX=/youbot/install/trac_ik_lib
[2.107s] Invoking command in '/youbot/build/trac_ik_lib': CMAKE_PREFIX_PATH=${CMAKE_PREFIX_PATH}:/youbot/install/youbot_description:/youbot/install/send_num:/opt/ros/humble /usr/bin/cmake --build /youbot/build/trac_ik_lib -- -j4 -l4
[2.186s] [ 25%] [32mBuilding CXX object CMakeFiles/trac_ik_lib.dir/src/trac_ik.cpp.o[0m
[2.190s] [ 50%] [32mBuilding CXX object CMakeFiles/trac_ik_lib.dir/src/kdl_tl.cpp.o[0m
[2.191s] [ 75%] [32mBuilding CXX object CMakeFiles/trac_ik_lib.dir/src/nlopt_ik.cpp.o[0m
[15.498s] [100%] [32m[1mLinking CXX shared library libtrac_ik_lib.so[0m
[15.921s] [100%] Built target trac_ik_lib
[15.949s] Invoked command in '/youbot/build/trac_ik_lib' returned '0': CMAKE_PREFIX_PATH=${CMAKE_PREFIX_PATH}:/youbot/install/youbot_description:/youbot/install/send_num:/opt/ros/humble /usr/bin/cmake --build /youbot/build/trac_ik_lib -- -j4 -l4
[15.949s] Invoking command in '/youbot/build/trac_ik_lib': CMAKE_PREFIX_PATH=${CMAKE_PREFIX_PATH}:/youbot/install/youbot_description:/youbot/install/send_num:/opt/ros/humble /usr/bin/cmake --install /youbot/build/trac_ik_lib
[15.957s] -- Install configuration: ""
[15.959s] -- Execute custom install script
[15.960s] -- Symlinking: /youbot/install/trac_ik_lib/share/trac_ik_lib/environment/library_path.sh
[15.978s] -- Symlinking: /youbot/install/trac_ik_lib/share/trac_ik_lib/environment/library_path.dsv
[15.991s] -- Symlinking: /youbot/install/trac_ik_lib/include/trac_ik/dual_quaternion.h
[16.003s] -- Symlinking: /youbot/install/trac_ik_lib/include/trac_ik/kdl_tl.hpp
[16.015s] -- Symlinking: /youbot/install/trac_ik_lib/include/trac_ik/math3d.h
[16.027s] -- Symlinking: /youbot/install/trac_ik_lib/include/trac_ik/nlopt_ik.hpp
[16.043s] -- Symlinking: /youbot/install/trac_ik_lib/include/trac_ik/trac_ik.hpp
[16.055s] -- Symlinking: /youbot/install/trac_ik_lib/include/trac_ik/visibility_control.hpp
[16.068s] -- Symlinking: /youbot/install/trac_ik_lib/share/ament_index/resource_index/package_run_dependencies/trac_ik_lib
[16.083s] -- Symlinking: /youbot/install/trac_ik_lib/share/ament_index/resource_index/parent_prefix_path/trac_ik_lib
[16.094s] -- Symlinking: /youbot/install/trac_ik_lib/share/trac_ik_lib/environment/ament_prefix_path.sh
[16.117s] -- Symlinking: /youbot/install/trac_ik_lib/share/trac_ik_lib/environment/ament_prefix_path.dsv
[16.136s] -- Symlinking: /youbot/install/trac_ik_lib/share/trac_ik_lib/environment/path.sh
[16.155s] -- Symlinking: /youbot/install/trac_ik_lib/share/trac_ik_lib/environment/path.dsv
[16.174s] -- Symlinking: /youbot/install/trac_ik_lib/share/trac_ik_lib/local_setup.bash
[16.186s] -- Symlinking: /youbot/install/trac_ik_lib/share/trac_ik_lib/local_setup.sh
[16.200s] -- Symlinking: /youbot/install/trac_ik_lib/share/trac_ik_lib/local_setup.zsh
[16.212s] -- Symlinking: /youbot/install/trac_ik_lib/share/trac_ik_lib/local_setup.dsv
[16.223s] -- Symlinking: /youbot/install/trac_ik_lib/share/trac_ik_lib/package.dsv
[16.238s] -- Symlinking: /youbot/install/trac_ik_lib/share/ament_index/resource_index/packages/trac_ik_lib
[16.249s] -- Symlinking: /youbot/install/trac_ik_lib/share/trac_ik_lib/cmake/ament_cmake_export_targets-extras.cmake
[16.265s] -- Symlinking: /youbot/install/trac_ik_lib/share/trac_ik_lib/cmake/ament_cmake_export_dependencies-extras.cmake
[16.275s] -- Symlinking: /youbot/install/trac_ik_lib/share/trac_ik_lib/cmake/trac_ik_libConfig.cmake
[16.291s] -- Symlinking: /youbot/install/trac_ik_lib/share/trac_ik_lib/cmake/trac_ik_libConfig-version.cmake
[16.303s] -- Symlinking: /youbot/install/trac_ik_lib/share/trac_ik_lib/package.xml
[16.313s] -- Installing: /youbot/install/trac_ik_lib/lib/libtrac_ik_lib.so
[16.321s] -- Set runtime path of "/youbot/install/trac_ik_lib/lib/libtrac_ik_lib.so" to ""
[16.321s] -- Installing: /youbot/install/trac_ik_lib/share/trac_ik_lib/cmake/export_trac_ik_libExport.cmake
[16.321s] -- Installing: /youbot/install/trac_ik_lib/share/trac_ik_lib/cmake/export_trac_ik_libExport-noconfig.cmake
[16.326s] Invoked command in '/youbot/build/trac_ik_lib' returned '0': CMAKE_PREFIX_PATH=${CMAKE_PREFIX_PATH}:/youbot/install/youbot_description:/youbot/install/send_num:/opt/ros/humble /usr/bin/cmake --install /youbot/build/trac_ik_lib
