[0.022s] Invoking command in '/youbot/build/youbot_description': CMAKE_PREFIX_PATH=/opt/ros/humble /usr/bin/cmake --build /youbot/build/youbot_description -- -j4 -l4
[0.318s] Invoked command in '/youbot/build/youbot_description' returned '0': CMAKE_PREFIX_PATH=/opt/ros/humble /usr/bin/cmake --build /youbot/build/youbot_description -- -j4 -l4
[0.330s] Invoking command in '/youbot/build/youbot_description': CMAKE_PREFIX_PATH=/opt/ros/humble /usr/bin/cmake --install /youbot/build/youbot_description
[0.341s] -- Install configuration: ""
[0.341s] -- Up-to-date: /youbot/install/youbot_description/share/youbot_description/launch
[0.342s] -- Up-to-date: /youbot/install/youbot_description/share/youbot_description/launch/rviz.launch.py
[0.343s] -- Up-to-date: /youbot/install/youbot_description/share/youbot_description/rviz
[0.343s] -- Up-to-date: /youbot/install/youbot_description/share/youbot_description/rviz/view.rviz
[0.343s] -- Up-to-date: /youbot/install/youbot_description/share/youbot_description/urdf
[0.343s] -- Up-to-date: /youbot/install/youbot_description/share/youbot_description/urdf/youbot.urdf
[0.344s] -- Up-to-date: /youbot/install/youbot_description/share/youbot_description/meshes
[0.344s] -- Up-to-date: /youbot/install/youbot_description/share/youbot_description/meshes/youbot_arm
[0.344s] -- Up-to-date: /youbot/install/youbot_description/share/youbot_description/meshes/youbot_arm/arm_joint_5_convex.stl
[0.344s] -- Up-to-date: /youbot/install/youbot_description/share/youbot_description/meshes/youbot_arm/arm2_convex.stl
[0.344s] -- Up-to-date: /youbot/install/youbot_description/share/youbot_description/meshes/youbot_arm/arm_joint_2_convex.stl
[0.344s] -- Up-to-date: /youbot/install/youbot_description/share/youbot_description/meshes/youbot_arm/arm0_convex.dae
[0.344s] -- Up-to-date: /youbot/install/youbot_description/share/youbot_description/meshes/youbot_arm/arm2.dae
[0.344s] -- Up-to-date: /youbot/install/youbot_description/share/youbot_description/meshes/youbot_arm/arm_joint_3_convex.stl_Zone.Identifier
[0.344s] -- Up-to-date: /youbot/install/youbot_description/share/youbot_description/meshes/youbot_arm/arm_joint_3_convex.stl
[0.344s] -- Up-to-date: /youbot/install/youbot_description/share/youbot_description/meshes/youbot_arm/arm4_convex.dae
[0.344s] -- Up-to-date: /youbot/install/youbot_description/share/youbot_description/meshes/youbot_arm/arm2_convex.stl_Zone.Identifier
[0.344s] -- Up-to-date: /youbot/install/youbot_description/share/youbot_description/meshes/youbot_arm/arm4.dae
[0.344s] -- Up-to-date: /youbot/install/youbot_description/share/youbot_description/meshes/youbot_arm/arm5.dae
[0.344s] -- Up-to-date: /youbot/install/youbot_description/share/youbot_description/meshes/youbot_arm/arm_joint_4_convex.stl_Zone.Identifier
[0.344s] -- Up-to-date: /youbot/install/youbot_description/share/youbot_description/meshes/youbot_arm/arm0_convex.stl
[0.344s] -- Up-to-date: /youbot/install/youbot_description/share/youbot_description/meshes/youbot_arm/arm0.dae
[0.344s] -- Up-to-date: /youbot/install/youbot_description/share/youbot_description/meshes/youbot_arm/arm3_convex.dae
[0.345s] -- Up-to-date: /youbot/install/youbot_description/share/youbot_description/meshes/youbot_arm/arm5_convex.dae
[0.345s] -- Up-to-date: /youbot/install/youbot_description/share/youbot_description/meshes/youbot_arm/arm_joint_5_convex.stl_Zone.Identifier
[0.345s] -- Up-to-date: /youbot/install/youbot_description/share/youbot_description/meshes/youbot_arm/arm1.dae
[0.345s] -- Up-to-date: /youbot/install/youbot_description/share/youbot_description/meshes/youbot_arm/arm_joint_4_convex.stl
[0.345s] -- Up-to-date: /youbot/install/youbot_description/share/youbot_description/meshes/youbot_arm/arm_joint_2_convex.stl_Zone.Identifier
[0.345s] -- Up-to-date: /youbot/install/youbot_description/share/youbot_description/meshes/youbot_arm/arm0_convex.stl_Zone.Identifier
[0.352s] -- Up-to-date: /youbot/install/youbot_description/share/youbot_description/meshes/youbot_arm/arm2_convex.dae
[0.352s] -- Up-to-date: /youbot/install/youbot_description/share/youbot_description/meshes/youbot_arm/arm3.dae
[0.353s] -- Up-to-date: /youbot/install/youbot_description/share/youbot_description/meshes/youbot_arm/arm_joint_1_convex.stl
[0.353s] -- Up-to-date: /youbot/install/youbot_description/share/youbot_description/meshes/youbot_arm/arm1_convex.dae
[0.353s] -- Up-to-date: /youbot/install/youbot_description/share/youbot_description/meshes/youbot_arm/arm_joint_1_convex.stl_Zone.Identifier
[0.353s] -- Up-to-date: /youbot/install/youbot_description/share/youbot_description/meshes/sensors
[0.353s] -- Up-to-date: /youbot/install/youbot_description/share/youbot_description/meshes/sensors/kinect.tga
[0.353s] -- Up-to-date: /youbot/install/youbot_description/share/youbot_description/meshes/sensors/hokuyo_convex.dae
[0.353s] -- Up-to-date: /youbot/install/youbot_description/share/youbot_description/meshes/sensors/asus_xtion_pro_live_base.dae
[0.353s] -- Up-to-date: /youbot/install/youbot_description/share/youbot_description/meshes/sensors/kinect.dae
[0.353s] -- Up-to-date: /youbot/install/youbot_description/share/youbot_description/meshes/sensors/hokuyo.dae
[0.353s] -- Up-to-date: /youbot/install/youbot_description/share/youbot_description/meshes/sensors/asus_xtion_pro_live_camera.dae
[0.353s] -- Up-to-date: /youbot/install/youbot_description/share/youbot_description/meshes/sensors/microsoft_lifecam.dae
[0.353s] -- Up-to-date: /youbot/install/youbot_description/share/youbot_description/meshes/sensors/asus_xtion_pro_live_base.png
[0.353s] -- Up-to-date: /youbot/install/youbot_description/share/youbot_description/meshes/sensors/asus_xtion_pro_live_camera.png
[0.353s] -- Up-to-date: /youbot/install/youbot_description/share/youbot_description/meshes/youbot_plate
[0.353s] -- Up-to-date: /youbot/install/youbot_description/share/youbot_description/meshes/youbot_plate/plate_convex.dae
[0.353s] -- Up-to-date: /youbot/install/youbot_description/share/youbot_description/meshes/youbot_plate/plate.dae
[0.354s] -- Up-to-date: /youbot/install/youbot_description/share/youbot_description/meshes/youbot_plate/plate.stl
[0.354s] -- Up-to-date: /youbot/install/youbot_description/share/youbot_description/meshes/youbot_base
[0.354s] -- Up-to-date: /youbot/install/youbot_description/share/youbot_description/meshes/youbot_base/base_convex.stl
[0.358s] -- Up-to-date: /youbot/install/youbot_description/share/youbot_description/meshes/youbot_base/base_convex.stl_Zone.Identifier
[0.361s] -- Up-to-date: /youbot/install/youbot_description/share/youbot_description/meshes/youbot_base/front-right_wheel.dae_Zone.Identifier
[0.361s] -- Up-to-date: /youbot/install/youbot_description/share/youbot_description/meshes/youbot_base/front-left_wheel.dae
[0.362s] -- Up-to-date: /youbot/install/youbot_description/share/youbot_description/meshes/youbot_base/base.dae
[0.362s] -- Up-to-date: /youbot/install/youbot_description/share/youbot_description/meshes/youbot_base/back-right_wheel.dae_Zone.Identifier
[0.362s] -- Up-to-date: /youbot/install/youbot_description/share/youbot_description/meshes/youbot_base/front-right_wheel.dae
[0.362s] -- Up-to-date: /youbot/install/youbot_description/share/youbot_description/meshes/youbot_base/back-left_wheel.dae_Zone.Identifier
[0.362s] -- Up-to-date: /youbot/install/youbot_description/share/youbot_description/meshes/youbot_base/back-right_wheel.dae
[0.362s] -- Up-to-date: /youbot/install/youbot_description/share/youbot_description/meshes/youbot_base/front-left_wheel.dae_Zone.Identifier
[0.362s] -- Up-to-date: /youbot/install/youbot_description/share/youbot_description/meshes/youbot_base/base_convex.dae
[0.362s] -- Up-to-date: /youbot/install/youbot_description/share/youbot_description/meshes/youbot_base/back-left_wheel.dae
[0.362s] -- Up-to-date: /youbot/install/youbot_description/share/youbot_description/meshes/youbot_base/base_frame.dae_Zone.Identifier
[0.362s] -- Up-to-date: /youbot/install/youbot_description/share/youbot_description/meshes/youbot_base/base_frame.dae
[0.362s] -- Up-to-date: /youbot/install/youbot_description/share/youbot_description/meshes/youbot_gripper
[0.362s] -- Up-to-date: /youbot/install/youbot_description/share/youbot_description/meshes/youbot_gripper/finger.dae
[0.362s] -- Up-to-date: /youbot/install/youbot_description/share/youbot_description/meshes/youbot_gripper/finger_convex.dae
[0.362s] -- Up-to-date: /youbot/install/youbot_description/share/youbot_description/meshes/youbot_gripper/palm_convex.dae
[0.362s] -- Up-to-date: /youbot/install/youbot_description/share/youbot_description/meshes/youbot_gripper/palm.dae
[0.363s] -- Up-to-date: /youbot/install/youbot_description/share/youbot_description/config
[0.363s] -- Up-to-date: /youbot/install/youbot_description/share/youbot_description/config/youbot.yaml
[0.363s] -- Up-to-date: /youbot/install/youbot_description/share/youbot_description/config/rviz.rviz
[0.363s] -- Up-to-date: /youbot/install/youbot_description/share/youbot_description/sdf
[0.363s] -- Up-to-date: /youbot/install/youbot_description/share/youbot_description/sdf/youbot
[0.363s] -- Up-to-date: /youbot/install/youbot_description/share/youbot_description/sdf/youbot/model.config
[0.363s] -- Up-to-date: /youbot/install/youbot_description/share/youbot_description/sdf/youbot/meshes
[0.363s] -- Up-to-date: /youbot/install/youbot_description/share/youbot_description/sdf/youbot/meshes/gripper
[0.363s] -- Up-to-date: /youbot/install/youbot_description/share/youbot_description/sdf/youbot/meshes/gripper/palm.stl
[0.363s] -- Up-to-date: /youbot/install/youbot_description/share/youbot_description/sdf/youbot/meshes/gripper/palm_convex.stl
[0.363s] -- Up-to-date: /youbot/install/youbot_description/share/youbot_description/sdf/youbot/meshes/gripper/finger_convex.stl
[0.363s] -- Up-to-date: /youbot/install/youbot_description/share/youbot_description/sdf/youbot/meshes/gripper/finger.stl
[0.363s] -- Up-to-date: /youbot/install/youbot_description/share/youbot_description/sdf/youbot/meshes/arm
[0.363s] -- Up-to-date: /youbot/install/youbot_description/share/youbot_description/sdf/youbot/meshes/arm/arm2_convex.stl
[0.366s] -- Up-to-date: /youbot/install/youbot_description/share/youbot_description/sdf/youbot/meshes/arm/arm2.dae
[0.366s] -- Up-to-date: /youbot/install/youbot_description/share/youbot_description/sdf/youbot/meshes/arm/arm3_convex.stl
[0.366s] -- Up-to-date: /youbot/install/youbot_description/share/youbot_description/sdf/youbot/meshes/arm/arm4.dae
[0.366s] -- Up-to-date: /youbot/install/youbot_description/share/youbot_description/sdf/youbot/meshes/arm/arm5.dae
[0.366s] -- Up-to-date: /youbot/install/youbot_description/share/youbot_description/sdf/youbot/meshes/arm/arm0_convex.stl
[0.366s] -- Up-to-date: /youbot/install/youbot_description/share/youbot_description/sdf/youbot/meshes/arm/arm1_convex.stl
[0.366s] -- Up-to-date: /youbot/install/youbot_description/share/youbot_description/sdf/youbot/meshes/arm/arm0.dae
[0.366s] -- Up-to-date: /youbot/install/youbot_description/share/youbot_description/sdf/youbot/meshes/arm/arm1.dae
[0.367s] -- Up-to-date: /youbot/install/youbot_description/share/youbot_description/sdf/youbot/meshes/arm/arm4_convex.stl
[0.367s] -- Up-to-date: /youbot/install/youbot_description/share/youbot_description/sdf/youbot/meshes/arm/arm3.dae
[0.367s] -- Up-to-date: /youbot/install/youbot_description/share/youbot_description/sdf/youbot/meshes/arm/arm5_convex.stl
[0.367s] -- Up-to-date: /youbot/install/youbot_description/share/youbot_description/sdf/youbot/meshes/base
[0.367s] -- Up-to-date: /youbot/install/youbot_description/share/youbot_description/sdf/youbot/meshes/base/base_convex.stl
[0.367s] -- Up-to-date: /youbot/install/youbot_description/share/youbot_description/sdf/youbot/meshes/base/front-left_wheel.dae
[0.367s] -- Up-to-date: /youbot/install/youbot_description/share/youbot_description/sdf/youbot/meshes/base/base.dae
[0.367s] -- Up-to-date: /youbot/install/youbot_description/share/youbot_description/sdf/youbot/meshes/base/front-right_wheel.dae
[0.367s] -- Up-to-date: /youbot/install/youbot_description/share/youbot_description/sdf/youbot/meshes/base/back-right_wheel.dae
[0.367s] -- Up-to-date: /youbot/install/youbot_description/share/youbot_description/sdf/youbot/meshes/base/back-left_wheel.dae
[0.367s] -- Up-to-date: /youbot/install/youbot_description/share/youbot_description/sdf/youbot/meshes/plate
[0.367s] -- Up-to-date: /youbot/install/youbot_description/share/youbot_description/sdf/youbot/meshes/plate/plate.dae
[0.367s] -- Up-to-date: /youbot/install/youbot_description/share/youbot_description/sdf/youbot/meshes/plate/plate_convex.stl
[0.367s] -- Up-to-date: /youbot/install/youbot_description/share/youbot_description/sdf/youbot/materials
[0.367s] -- Up-to-date: /youbot/install/youbot_description/share/youbot_description/sdf/youbot/materials/scripts
[0.367s] -- Up-to-date: /youbot/install/youbot_description/share/youbot_description/sdf/youbot/materials/scripts/youbot.material
[0.368s] -- Up-to-date: /youbot/install/youbot_description/share/youbot_description/sdf/youbot/model.sdf
[0.368s] -- Up-to-date: /youbot/install/youbot_description/share/youbot_description/worlds
[0.368s] -- Up-to-date: /youbot/install/youbot_description/share/ament_index/resource_index/package_run_dependencies/youbot_description
[0.368s] -- Up-to-date: /youbot/install/youbot_description/share/ament_index/resource_index/parent_prefix_path/youbot_description
[0.368s] -- Up-to-date: /youbot/install/youbot_description/share/youbot_description/environment/ament_prefix_path.sh
[0.368s] -- Up-to-date: /youbot/install/youbot_description/share/youbot_description/environment/ament_prefix_path.dsv
[0.368s] -- Up-to-date: /youbot/install/youbot_description/share/youbot_description/environment/path.sh
[0.368s] -- Up-to-date: /youbot/install/youbot_description/share/youbot_description/environment/path.dsv
[0.368s] -- Up-to-date: /youbot/install/youbot_description/share/youbot_description/local_setup.bash
[0.368s] -- Up-to-date: /youbot/install/youbot_description/share/youbot_description/local_setup.sh
[0.368s] -- Up-to-date: /youbot/install/youbot_description/share/youbot_description/local_setup.zsh
[0.368s] -- Up-to-date: /youbot/install/youbot_description/share/youbot_description/local_setup.dsv
[0.368s] -- Installing: /youbot/install/youbot_description/share/youbot_description/package.dsv
[0.368s] -- Up-to-date: /youbot/install/youbot_description/share/ament_index/resource_index/packages/youbot_description
[0.368s] -- Up-to-date: /youbot/install/youbot_description/share/youbot_description/cmake/youbot_descriptionConfig.cmake
[0.368s] -- Up-to-date: /youbot/install/youbot_description/share/youbot_description/cmake/youbot_descriptionConfig-version.cmake
[0.369s] -- Up-to-date: /youbot/install/youbot_description/share/youbot_description/package.xml
[0.369s] Invoked command in '/youbot/build/youbot_description' returned '0': CMAKE_PREFIX_PATH=/opt/ros/humble /usr/bin/cmake --install /youbot/build/youbot_description
