[0.000000] (-) TimerEvent: {}
[0.000548] (send_num) JobQueued: {'identifier': 'send_num', 'dependencies': OrderedDict()}
[0.000718] (youbot_description) JobQueued: {'identifier': 'youbot_description', 'dependencies': OrderedDict()}
[0.000881] (youbot_moveit) JobQueued: {'identifier': 'youbot_moveit', 'dependencies': OrderedDict([('youbot_description', '/youbot/install/youbot_description')])}
[0.000936] (youbot_description) JobStarted: {'identifier': 'youbot_description'}
[0.008995] (send_num) JobStarted: {'identifier': 'send_num'}
[0.018464] (youbot_description) JobProgress: {'identifier': 'youbot_description', 'progress': 'cmake'}
[0.018937] (youbot_description) JobProgress: {'identifier': 'youbot_description', 'progress': 'build'}
[0.019752] (youbot_description) Command: {'cmd': ['/usr/bin/cmake', '--build', '/youbot/build/youbot_description', '--', '-j4', '-l4'], 'cwd': '/youbot/build/youbot_description', 'env': OrderedDict([('HOSTNAME', 'danil-H110M-S2PV'), ('SHLVL', '1'), ('LD_LIBRARY_PATH', '/opt/ros/humble/opt/rviz_ogre_vendor/lib:/opt/ros/humble/lib/x86_64-linux-gnu:/opt/ros/humble/lib'), ('HOME', '/root'), ('ROS_PYTHON_VERSION', '3'), ('ROS_DISTRO', 'humble'), ('_', '/usr/bin/colcon'), ('ROS_VERSION', '2'), ('NVIDIA_DRIVER_CAPABILITIES', 'graphics'), ('TERM', 'xterm'), ('ROS_LOCALHOST_ONLY', '0'), ('QT_X11_NO_MITSHM', '1'), ('PATH', '/opt/ros/humble/bin:/usr/local/sbin:/usr/local/bin:/usr/sbin:/usr/bin:/sbin:/bin'), ('DISPLAY', 'unix:1'), ('LANG', 'C.UTF-8'), ('ROS_DOMAIN_ID', '121'), ('AMENT_PREFIX_PATH', '/opt/ros/humble'), ('PWD', '/youbot/build/youbot_description'), ('LC_ALL', 'C.UTF-8'), ('PYTHONPATH', '/opt/ros/humble/lib/python3.10/site-packages:/opt/ros/humble/local/lib/python3.10/dist-packages'), ('NVIDIA_VISIBLE_DEVICES', 'all'), ('COLCON', '1'), ('CMAKE_PREFIX_PATH', '/opt/ros/humble')]), 'shell': False}
[0.099705] (-) TimerEvent: {}
[0.200165] (-) TimerEvent: {}
[0.300463] (-) TimerEvent: {}
[0.310618] (youbot_description) CommandEnded: {'returncode': 0}
[0.311643] (youbot_description) JobProgress: {'identifier': 'youbot_description', 'progress': 'install'}
[0.322302] (youbot_description) Command: {'cmd': ['/usr/bin/cmake', '--install', '/youbot/build/youbot_description'], 'cwd': '/youbot/build/youbot_description', 'env': OrderedDict([('HOSTNAME', 'danil-H110M-S2PV'), ('SHLVL', '1'), ('LD_LIBRARY_PATH', '/opt/ros/humble/opt/rviz_ogre_vendor/lib:/opt/ros/humble/lib/x86_64-linux-gnu:/opt/ros/humble/lib'), ('HOME', '/root'), ('ROS_PYTHON_VERSION', '3'), ('ROS_DISTRO', 'humble'), ('_', '/usr/bin/colcon'), ('ROS_VERSION', '2'), ('NVIDIA_DRIVER_CAPABILITIES', 'graphics'), ('TERM', 'xterm'), ('ROS_LOCALHOST_ONLY', '0'), ('QT_X11_NO_MITSHM', '1'), ('PATH', '/opt/ros/humble/bin:/usr/local/sbin:/usr/local/bin:/usr/sbin:/usr/bin:/sbin:/bin'), ('DISPLAY', 'unix:1'), ('LANG', 'C.UTF-8'), ('ROS_DOMAIN_ID', '121'), ('AMENT_PREFIX_PATH', '/opt/ros/humble'), ('PWD', '/youbot/build/youbot_description'), ('LC_ALL', 'C.UTF-8'), ('PYTHONPATH', '/opt/ros/humble/lib/python3.10/site-packages:/opt/ros/humble/local/lib/python3.10/dist-packages'), ('NVIDIA_VISIBLE_DEVICES', 'all'), ('COLCON', '1'), ('CMAKE_PREFIX_PATH', '/opt/ros/humble')]), 'shell': False}
[0.341205] (youbot_description) StdoutLine: {'line': b'-- Install configuration: ""\n'}
[0.342090] (youbot_description) StdoutLine: {'line': b'-- Execute custom install script\n'}
[0.342930] (youbot_description) StdoutLine: {'line': b'-- Up-to-date symlink: /youbot/install/youbot_description/share/youbot_description/launch/rviz.launch.py\n'}
[0.343857] (youbot_description) StdoutLine: {'line': b'-- Up-to-date symlink: /youbot/install/youbot_description/share/youbot_description/rviz/view.rviz\n'}
[0.344070] (youbot_description) StdoutLine: {'line': b'-- Up-to-date symlink: /youbot/install/youbot_description/share/youbot_description/urdf/youbot.urdf\n'}
[0.344141] (youbot_description) StdoutLine: {'line': b'-- Up-to-date symlink: /youbot/install/youbot_description/share/youbot_description/meshes/sensors/asus_xtion_pro_live_base.dae\n'}
[0.344207] (youbot_description) StdoutLine: {'line': b'-- Up-to-date symlink: /youbot/install/youbot_description/share/youbot_description/meshes/sensors/asus_xtion_pro_live_base.png\n'}
[0.344290] (youbot_description) StdoutLine: {'line': b'-- Up-to-date symlink: /youbot/install/youbot_description/share/youbot_description/meshes/sensors/asus_xtion_pro_live_camera.dae\n'}
[0.345932] (youbot_description) StdoutLine: {'line': b'-- Up-to-date symlink: /youbot/install/youbot_description/share/youbot_description/meshes/sensors/asus_xtion_pro_live_camera.png\n'}
[0.348602] (youbot_description) StdoutLine: {'line': b'-- Up-to-date symlink: /youbot/install/youbot_description/share/youbot_description/meshes/sensors/hokuyo.dae\n'}
[0.349246] (youbot_description) StdoutLine: {'line': b'-- Up-to-date symlink: /youbot/install/youbot_description/share/youbot_description/meshes/sensors/hokuyo_convex.dae\n'}
[0.350070] (youbot_description) StdoutLine: {'line': b'-- Up-to-date symlink: /youbot/install/youbot_description/share/youbot_description/meshes/sensors/kinect.dae\n'}
[0.350207] (youbot_description) StdoutLine: {'line': b'-- Up-to-date symlink: /youbot/install/youbot_description/share/youbot_description/meshes/sensors/kinect.tga\n'}
[0.350325] (youbot_description) StdoutLine: {'line': b'-- Up-to-date symlink: /youbot/install/youbot_description/share/youbot_description/meshes/sensors/microsoft_lifecam.dae\n'}
[0.352051] (youbot_description) StdoutLine: {'line': b'-- Up-to-date symlink: /youbot/install/youbot_description/share/youbot_description/meshes/youbot_arm/arm0.dae\n'}
[0.352262] (youbot_description) StdoutLine: {'line': b'-- Up-to-date symlink: /youbot/install/youbot_description/share/youbot_description/meshes/youbot_arm/arm0_convex.dae\n'}
[0.352352] (youbot_description) StdoutLine: {'line': b'-- Up-to-date symlink: /youbot/install/youbot_description/share/youbot_description/meshes/youbot_arm/arm0_convex.stl\n'}
[0.352437] (youbot_description) StdoutLine: {'line': b'-- Up-to-date symlink: /youbot/install/youbot_description/share/youbot_description/meshes/youbot_arm/arm0_convex.stl_Zone.Identifier\n'}
[0.354015] (youbot_description) StdoutLine: {'line': b'-- Up-to-date symlink: /youbot/install/youbot_description/share/youbot_description/meshes/youbot_arm/arm1.dae\n'}
[0.354251] (youbot_description) StdoutLine: {'line': b'-- Up-to-date symlink: /youbot/install/youbot_description/share/youbot_description/meshes/youbot_arm/arm1_convex.dae\n'}
[0.354323] (youbot_description) StdoutLine: {'line': b'-- Up-to-date symlink: /youbot/install/youbot_description/share/youbot_description/meshes/youbot_arm/arm2.dae\n'}
[0.354386] (youbot_description) StdoutLine: {'line': b'-- Up-to-date symlink: /youbot/install/youbot_description/share/youbot_description/meshes/youbot_arm/arm2_convex.dae\n'}
[0.354447] (youbot_description) StdoutLine: {'line': b'-- Up-to-date symlink: /youbot/install/youbot_description/share/youbot_description/meshes/youbot_arm/arm2_convex.stl\n'}
[0.354507] (youbot_description) StdoutLine: {'line': b'-- Up-to-date symlink: /youbot/install/youbot_description/share/youbot_description/meshes/youbot_arm/arm2_convex.stl_Zone.Identifier\n'}
[0.354578] (youbot_description) StdoutLine: {'line': b'-- Up-to-date symlink: /youbot/install/youbot_description/share/youbot_description/meshes/youbot_arm/arm3.dae\n'}
[0.356893] (youbot_description) StdoutLine: {'line': b'-- Up-to-date symlink: /youbot/install/youbot_description/share/youbot_description/meshes/youbot_arm/arm3_convex.dae\n'}
[0.356973] (youbot_description) StdoutLine: {'line': b'-- Up-to-date symlink: /youbot/install/youbot_description/share/youbot_description/meshes/youbot_arm/arm4.dae\n'}
[0.357045] (youbot_description) StdoutLine: {'line': b'-- Up-to-date symlink: /youbot/install/youbot_description/share/youbot_description/meshes/youbot_arm/arm4_convex.dae\n'}
[0.357110] (youbot_description) StdoutLine: {'line': b'-- Up-to-date symlink: /youbot/install/youbot_description/share/youbot_description/meshes/youbot_arm/arm5.dae\n'}
[0.357173] (youbot_description) StdoutLine: {'line': b'-- Up-to-date symlink: /youbot/install/youbot_description/share/youbot_description/meshes/youbot_arm/arm5_convex.dae\n'}
[0.357247] (youbot_description) StdoutLine: {'line': b'-- Up-to-date symlink: /youbot/install/youbot_description/share/youbot_description/meshes/youbot_arm/arm_joint_1_convex.stl\n'}
[0.357316] (youbot_description) StdoutLine: {'line': b'-- Up-to-date symlink: /youbot/install/youbot_description/share/youbot_description/meshes/youbot_arm/arm_joint_1_convex.stl_Zone.Identifier\n'}
[0.357380] (youbot_description) StdoutLine: {'line': b'-- Up-to-date symlink: /youbot/install/youbot_description/share/youbot_description/meshes/youbot_arm/arm_joint_2_convex.stl\n'}
[0.357441] (youbot_description) StdoutLine: {'line': b'-- Up-to-date symlink: /youbot/install/youbot_description/share/youbot_description/meshes/youbot_arm/arm_joint_2_convex.stl_Zone.Identifier\n'}
[0.357501] (youbot_description) StdoutLine: {'line': b'-- Up-to-date symlink: /youbot/install/youbot_description/share/youbot_description/meshes/youbot_arm/arm_joint_3_convex.stl\n'}
[0.357561] (youbot_description) StdoutLine: {'line': b'-- Up-to-date symlink: /youbot/install/youbot_description/share/youbot_description/meshes/youbot_arm/arm_joint_3_convex.stl_Zone.Identifier\n'}
[0.357629] (youbot_description) StdoutLine: {'line': b'-- Up-to-date symlink: /youbot/install/youbot_description/share/youbot_description/meshes/youbot_arm/arm_joint_4_convex.stl\n'}
[0.357712] (youbot_description) StdoutLine: {'line': b'-- Up-to-date symlink: /youbot/install/youbot_description/share/youbot_description/meshes/youbot_arm/arm_joint_4_convex.stl_Zone.Identifier\n'}
[0.357774] (youbot_description) StdoutLine: {'line': b'-- Up-to-date symlink: /youbot/install/youbot_description/share/youbot_description/meshes/youbot_arm/arm_joint_5_convex.stl\n'}
[0.357833] (youbot_description) StdoutLine: {'line': b'-- Up-to-date symlink: /youbot/install/youbot_description/share/youbot_description/meshes/youbot_arm/arm_joint_5_convex.stl_Zone.Identifier\n'}
[0.357892] (youbot_description) StdoutLine: {'line': b'-- Up-to-date symlink: /youbot/install/youbot_description/share/youbot_description/meshes/youbot_base/back-left_wheel.dae\n'}
[0.357952] (youbot_description) StdoutLine: {'line': b'-- Up-to-date symlink: /youbot/install/youbot_description/share/youbot_description/meshes/youbot_base/back-left_wheel.dae_Zone.Identifier\n'}
[0.358011] (youbot_description) StdoutLine: {'line': b'-- Up-to-date symlink: /youbot/install/youbot_description/share/youbot_description/meshes/youbot_base/back-right_wheel.dae\n'}
[0.358070] (youbot_description) StdoutLine: {'line': b'-- Up-to-date symlink: /youbot/install/youbot_description/share/youbot_description/meshes/youbot_base/back-right_wheel.dae_Zone.Identifier\n'}
[0.358129] (youbot_description) StdoutLine: {'line': b'-- Up-to-date symlink: /youbot/install/youbot_description/share/youbot_description/meshes/youbot_base/base.dae\n'}
[0.358188] (youbot_description) StdoutLine: {'line': b'-- Up-to-date symlink: /youbot/install/youbot_description/share/youbot_description/meshes/youbot_base/base_convex.dae\n'}
[0.358247] (youbot_description) StdoutLine: {'line': b'-- Up-to-date symlink: /youbot/install/youbot_description/share/youbot_description/meshes/youbot_base/base_convex.stl\n'}
[0.358306] (youbot_description) StdoutLine: {'line': b'-- Up-to-date symlink: /youbot/install/youbot_description/share/youbot_description/meshes/youbot_base/base_convex.stl_Zone.Identifier\n'}
[0.358366] (youbot_description) StdoutLine: {'line': b'-- Up-to-date symlink: /youbot/install/youbot_description/share/youbot_description/meshes/youbot_base/base_frame.dae\n'}
[0.358425] (youbot_description) StdoutLine: {'line': b'-- Up-to-date symlink: /youbot/install/youbot_description/share/youbot_description/meshes/youbot_base/base_frame.dae_Zone.Identifier\n'}
[0.358486] (youbot_description) StdoutLine: {'line': b'-- Up-to-date symlink: /youbot/install/youbot_description/share/youbot_description/meshes/youbot_base/front-left_wheel.dae\n'}
[0.358544] (youbot_description) StdoutLine: {'line': b'-- Up-to-date symlink: /youbot/install/youbot_description/share/youbot_description/meshes/youbot_base/front-left_wheel.dae_Zone.Identifier\n'}
[0.370338] (youbot_description) StdoutLine: {'line': b'-- Up-to-date symlink: /youbot/install/youbot_description/share/youbot_description/meshes/youbot_base/front-right_wheel.dae\n'}
[0.372697] (youbot_description) StdoutLine: {'line': b'-- Up-to-date symlink: /youbot/install/youbot_description/share/youbot_description/meshes/youbot_base/front-right_wheel.dae_Zone.Identifier\n'}
[0.372829] (youbot_description) StdoutLine: {'line': b'-- Up-to-date symlink: /youbot/install/youbot_description/share/youbot_description/meshes/youbot_gripper/finger.dae\n'}
[0.372899] (youbot_description) StdoutLine: {'line': b'-- Up-to-date symlink: /youbot/install/youbot_description/share/youbot_description/meshes/youbot_gripper/finger_convex.dae\n'}
[0.372964] (youbot_description) StdoutLine: {'line': b'-- Up-to-date symlink: /youbot/install/youbot_description/share/youbot_description/meshes/youbot_gripper/palm.dae\n'}
[0.373025] (youbot_description) StdoutLine: {'line': b'-- Up-to-date symlink: /youbot/install/youbot_description/share/youbot_description/meshes/youbot_gripper/palm_convex.dae\n'}
[0.373087] (youbot_description) StdoutLine: {'line': b'-- Up-to-date symlink: /youbot/install/youbot_description/share/youbot_description/meshes/youbot_plate/plate.dae\n'}
[0.373147] (youbot_description) StdoutLine: {'line': b'-- Up-to-date symlink: /youbot/install/youbot_description/share/youbot_description/meshes/youbot_plate/plate.stl\n'}
[0.373206] (youbot_description) StdoutLine: {'line': b'-- Up-to-date symlink: /youbot/install/youbot_description/share/youbot_description/meshes/youbot_plate/plate_convex.dae\n'}
[0.373275] (youbot_description) StdoutLine: {'line': b'-- Up-to-date symlink: /youbot/install/youbot_description/share/youbot_description/config/rviz.rviz\n'}
[0.373335] (youbot_description) StdoutLine: {'line': b'-- Up-to-date symlink: /youbot/install/youbot_description/share/youbot_description/config/youbot.yaml\n'}
[0.373395] (youbot_description) StdoutLine: {'line': b'-- Up-to-date symlink: /youbot/install/youbot_description/share/youbot_description/sdf/youbot/materials/scripts/youbot.material\n'}
[0.373455] (youbot_description) StdoutLine: {'line': b'-- Up-to-date symlink: /youbot/install/youbot_description/share/youbot_description/sdf/youbot/meshes/arm/arm0.dae\n'}
[0.373514] (youbot_description) StdoutLine: {'line': b'-- Up-to-date symlink: /youbot/install/youbot_description/share/youbot_description/sdf/youbot/meshes/arm/arm0_convex.stl\n'}
[0.373573] (youbot_description) StdoutLine: {'line': b'-- Up-to-date symlink: /youbot/install/youbot_description/share/youbot_description/sdf/youbot/meshes/arm/arm1.dae\n'}
[0.373643] (youbot_description) StdoutLine: {'line': b'-- Up-to-date symlink: /youbot/install/youbot_description/share/youbot_description/sdf/youbot/meshes/arm/arm1_convex.stl\n'}
[0.373708] (youbot_description) StdoutLine: {'line': b'-- Up-to-date symlink: /youbot/install/youbot_description/share/youbot_description/sdf/youbot/meshes/arm/arm2.dae\n'}
[0.373768] (youbot_description) StdoutLine: {'line': b'-- Up-to-date symlink: /youbot/install/youbot_description/share/youbot_description/sdf/youbot/meshes/arm/arm2_convex.stl\n'}
[0.373839] (youbot_description) StdoutLine: {'line': b'-- Up-to-date symlink: /youbot/install/youbot_description/share/youbot_description/sdf/youbot/meshes/arm/arm3.dae\n'}
[0.373898] (youbot_description) StdoutLine: {'line': b'-- Up-to-date symlink: /youbot/install/youbot_description/share/youbot_description/sdf/youbot/meshes/arm/arm3_convex.stl\n'}
[0.373956] (youbot_description) StdoutLine: {'line': b'-- Up-to-date symlink: /youbot/install/youbot_description/share/youbot_description/sdf/youbot/meshes/arm/arm4.dae\n'}
[0.374014] (youbot_description) StdoutLine: {'line': b'-- Up-to-date symlink: /youbot/install/youbot_description/share/youbot_description/sdf/youbot/meshes/arm/arm4_convex.stl\n'}
[0.374072] (youbot_description) StdoutLine: {'line': b'-- Up-to-date symlink: /youbot/install/youbot_description/share/youbot_description/sdf/youbot/meshes/arm/arm5.dae\n'}
[0.374138] (youbot_description) StdoutLine: {'line': b'-- Up-to-date symlink: /youbot/install/youbot_description/share/youbot_description/sdf/youbot/meshes/arm/arm5_convex.stl\n'}
[0.374198] (youbot_description) StdoutLine: {'line': b'-- Up-to-date symlink: /youbot/install/youbot_description/share/youbot_description/sdf/youbot/meshes/base/back-left_wheel.dae\n'}
[0.374257] (youbot_description) StdoutLine: {'line': b'-- Up-to-date symlink: /youbot/install/youbot_description/share/youbot_description/sdf/youbot/meshes/base/back-right_wheel.dae\n'}
[0.374316] (youbot_description) StdoutLine: {'line': b'-- Up-to-date symlink: /youbot/install/youbot_description/share/youbot_description/sdf/youbot/meshes/base/base.dae\n'}
[0.374374] (youbot_description) StdoutLine: {'line': b'-- Up-to-date symlink: /youbot/install/youbot_description/share/youbot_description/sdf/youbot/meshes/base/base_convex.stl\n'}
[0.374432] (youbot_description) StdoutLine: {'line': b'-- Up-to-date symlink: /youbot/install/youbot_description/share/youbot_description/sdf/youbot/meshes/base/front-left_wheel.dae\n'}
[0.374490] (youbot_description) StdoutLine: {'line': b'-- Up-to-date symlink: /youbot/install/youbot_description/share/youbot_description/sdf/youbot/meshes/base/front-right_wheel.dae\n'}
[0.374549] (youbot_description) StdoutLine: {'line': b'-- Up-to-date symlink: /youbot/install/youbot_description/share/youbot_description/sdf/youbot/meshes/gripper/finger.stl\n'}
[0.374606] (youbot_description) StdoutLine: {'line': b'-- Up-to-date symlink: /youbot/install/youbot_description/share/youbot_description/sdf/youbot/meshes/gripper/finger_convex.stl\n'}
[0.374677] (youbot_description) StdoutLine: {'line': b'-- Up-to-date symlink: /youbot/install/youbot_description/share/youbot_description/sdf/youbot/meshes/gripper/palm.stl\n'}
[0.374737] (youbot_description) StdoutLine: {'line': b'-- Up-to-date symlink: /youbot/install/youbot_description/share/youbot_description/sdf/youbot/meshes/gripper/palm_convex.stl\n'}
[0.374795] (youbot_description) StdoutLine: {'line': b'-- Up-to-date symlink: /youbot/install/youbot_description/share/youbot_description/sdf/youbot/meshes/plate/plate.dae\n'}
[0.374853] (youbot_description) StdoutLine: {'line': b'-- Up-to-date symlink: /youbot/install/youbot_description/share/youbot_description/sdf/youbot/meshes/plate/plate_convex.stl\n'}
[0.374910] (youbot_description) StdoutLine: {'line': b'-- Up-to-date symlink: /youbot/install/youbot_description/share/youbot_description/sdf/youbot/model.config\n'}
[0.374969] (youbot_description) StdoutLine: {'line': b'-- Up-to-date symlink: /youbot/install/youbot_description/share/youbot_description/sdf/youbot/model.sdf\n'}
[0.375027] (youbot_description) StdoutLine: {'line': b'-- Up-to-date symlink: /youbot/install/youbot_description/share/ament_index/resource_index/package_run_dependencies/youbot_description\n'}
[0.375085] (youbot_description) StdoutLine: {'line': b'-- Up-to-date symlink: /youbot/install/youbot_description/share/ament_index/resource_index/parent_prefix_path/youbot_description\n'}
[0.375142] (youbot_description) StdoutLine: {'line': b'-- Up-to-date symlink: /youbot/install/youbot_description/share/youbot_description/environment/ament_prefix_path.sh\n'}
[0.375207] (youbot_description) StdoutLine: {'line': b'-- Up-to-date symlink: /youbot/install/youbot_description/share/youbot_description/environment/ament_prefix_path.dsv\n'}
[0.375268] (youbot_description) StdoutLine: {'line': b'-- Up-to-date symlink: /youbot/install/youbot_description/share/youbot_description/environment/path.sh\n'}
[0.375326] (youbot_description) StdoutLine: {'line': b'-- Up-to-date symlink: /youbot/install/youbot_description/share/youbot_description/environment/path.dsv\n'}
[0.375384] (youbot_description) StdoutLine: {'line': b'-- Up-to-date symlink: /youbot/install/youbot_description/share/youbot_description/local_setup.bash\n'}
[0.375442] (youbot_description) StdoutLine: {'line': b'-- Up-to-date symlink: /youbot/install/youbot_description/share/youbot_description/local_setup.sh\n'}
[0.375506] (youbot_description) StdoutLine: {'line': b'-- Up-to-date symlink: /youbot/install/youbot_description/share/youbot_description/local_setup.zsh\n'}
[0.375564] (youbot_description) StdoutLine: {'line': b'-- Up-to-date symlink: /youbot/install/youbot_description/share/youbot_description/local_setup.dsv\n'}
[0.375649] (youbot_description) StdoutLine: {'line': b'-- Symlinking: /youbot/install/youbot_description/share/youbot_description/package.dsv\n'}
[0.378987] (youbot_description) StdoutLine: {'line': b'-- Up-to-date symlink: /youbot/install/youbot_description/share/ament_index/resource_index/packages/youbot_description\n'}
[0.379070] (youbot_description) StdoutLine: {'line': b'-- Up-to-date symlink: /youbot/install/youbot_description/share/youbot_description/cmake/youbot_descriptionConfig.cmake\n'}
[0.379137] (youbot_description) StdoutLine: {'line': b'-- Up-to-date symlink: /youbot/install/youbot_description/share/youbot_description/cmake/youbot_descriptionConfig-version.cmake\n'}
[0.379201] (youbot_description) StdoutLine: {'line': b'-- Up-to-date symlink: /youbot/install/youbot_description/share/youbot_description/package.xml\n'}
[0.379287] (youbot_description) CommandEnded: {'returncode': 0}
[0.395807] (youbot_description) JobEnded: {'identifier': 'youbot_description', 'rc': 0}
[0.396648] (youbot_moveit) JobStarted: {'identifier': 'youbot_moveit'}
[0.400845] (-) TimerEvent: {}
[0.405963] (youbot_moveit) JobProgress: {'identifier': 'youbot_moveit', 'progress': 'cmake'}
[0.406240] (youbot_moveit) JobProgress: {'identifier': 'youbot_moveit', 'progress': 'build'}
[0.408850] (youbot_moveit) Command: {'cmd': ['/usr/bin/cmake', '--build', '/youbot/build/youbot_moveit', '--', '-j4', '-l4'], 'cwd': '/youbot/build/youbot_moveit', 'env': OrderedDict([('HOSTNAME', 'danil-H110M-S2PV'), ('SHLVL', '1'), ('LD_LIBRARY_PATH', '/opt/ros/humble/opt/rviz_ogre_vendor/lib:/opt/ros/humble/lib/x86_64-linux-gnu:/opt/ros/humble/lib'), ('HOME', '/root'), ('ROS_PYTHON_VERSION', '3'), ('ROS_DISTRO', 'humble'), ('_', '/usr/bin/colcon'), ('ROS_VERSION', '2'), ('NVIDIA_DRIVER_CAPABILITIES', 'graphics'), ('TERM', 'xterm'), ('ROS_LOCALHOST_ONLY', '0'), ('QT_X11_NO_MITSHM', '1'), ('PATH', '/opt/ros/humble/bin:/usr/local/sbin:/usr/local/bin:/usr/sbin:/usr/bin:/sbin:/bin'), ('DISPLAY', 'unix:1'), ('LANG', 'C.UTF-8'), ('ROS_DOMAIN_ID', '121'), ('AMENT_PREFIX_PATH', '/youbot/install/youbot_description:/opt/ros/humble'), ('PWD', '/youbot/build/youbot_moveit'), ('LC_ALL', 'C.UTF-8'), ('PYTHONPATH', '/opt/ros/humble/lib/python3.10/site-packages:/opt/ros/humble/local/lib/python3.10/dist-packages'), ('NVIDIA_VISIBLE_DEVICES', 'all'), ('COLCON', '1'), ('CMAKE_PREFIX_PATH', '/youbot/install/youbot_description:/opt/ros/humble')]), 'shell': False}
[0.495676] (youbot_moveit) StdoutLine: {'line': b'[100%] Built target script\n'}
[0.501715] (-) TimerEvent: {}
[0.512642] (youbot_moveit) CommandEnded: {'returncode': 0}
[0.513764] (youbot_moveit) JobProgress: {'identifier': 'youbot_moveit', 'progress': 'install'}
[0.513886] (youbot_moveit) Command: {'cmd': ['/usr/bin/cmake', '--install', '/youbot/build/youbot_moveit'], 'cwd': '/youbot/build/youbot_moveit', 'env': OrderedDict([('HOSTNAME', 'danil-H110M-S2PV'), ('SHLVL', '1'), ('LD_LIBRARY_PATH', '/opt/ros/humble/opt/rviz_ogre_vendor/lib:/opt/ros/humble/lib/x86_64-linux-gnu:/opt/ros/humble/lib'), ('HOME', '/root'), ('ROS_PYTHON_VERSION', '3'), ('ROS_DISTRO', 'humble'), ('_', '/usr/bin/colcon'), ('ROS_VERSION', '2'), ('NVIDIA_DRIVER_CAPABILITIES', 'graphics'), ('TERM', 'xterm'), ('ROS_LOCALHOST_ONLY', '0'), ('QT_X11_NO_MITSHM', '1'), ('PATH', '/opt/ros/humble/bin:/usr/local/sbin:/usr/local/bin:/usr/sbin:/usr/bin:/sbin:/bin'), ('DISPLAY', 'unix:1'), ('LANG', 'C.UTF-8'), ('ROS_DOMAIN_ID', '121'), ('AMENT_PREFIX_PATH', '/youbot/install/youbot_description:/opt/ros/humble'), ('PWD', '/youbot/build/youbot_moveit'), ('LC_ALL', 'C.UTF-8'), ('PYTHONPATH', '/opt/ros/humble/lib/python3.10/site-packages:/opt/ros/humble/local/lib/python3.10/dist-packages'), ('NVIDIA_VISIBLE_DEVICES', 'all'), ('COLCON', '1'), ('CMAKE_PREFIX_PATH', '/youbot/install/youbot_description:/opt/ros/humble')]), 'shell': False}
[0.523331] (youbot_moveit) StdoutLine: {'line': b'-- Install configuration: ""\n'}
[0.523697] (youbot_moveit) StdoutLine: {'line': b'-- Execute custom install script\n'}
[0.523793] (youbot_moveit) StdoutLine: {'line': b'-- Up-to-date symlink: /youbot/install/youbot_moveit/share/ament_index/resource_index/package_run_dependencies/youbot_moveit\n'}
[0.523868] (youbot_moveit) StdoutLine: {'line': b'-- Up-to-date symlink: /youbot/install/youbot_moveit/share/ament_index/resource_index/parent_prefix_path/youbot_moveit\n'}
[0.523939] (youbot_moveit) StdoutLine: {'line': b'-- Up-to-date symlink: /youbot/install/youbot_moveit/share/youbot_moveit/environment/ament_prefix_path.sh\n'}
[0.524008] (youbot_moveit) StdoutLine: {'line': b'-- Up-to-date symlink: /youbot/install/youbot_moveit/share/youbot_moveit/environment/ament_prefix_path.dsv\n'}
[0.524075] (youbot_moveit) StdoutLine: {'line': b'-- Up-to-date symlink: /youbot/install/youbot_moveit/share/youbot_moveit/environment/path.sh\n'}
[0.524143] (youbot_moveit) StdoutLine: {'line': b'-- Up-to-date symlink: /youbot/install/youbot_moveit/share/youbot_moveit/environment/path.dsv\n'}
[0.524208] (youbot_moveit) StdoutLine: {'line': b'-- Up-to-date symlink: /youbot/install/youbot_moveit/share/youbot_moveit/local_setup.bash\n'}
[0.524274] (youbot_moveit) StdoutLine: {'line': b'-- Up-to-date symlink: /youbot/install/youbot_moveit/share/youbot_moveit/local_setup.sh\n'}
[0.528789] (youbot_moveit) StdoutLine: {'line': b'-- Up-to-date symlink: /youbot/install/youbot_moveit/share/youbot_moveit/local_setup.zsh\n'}
[0.528941] (youbot_moveit) StdoutLine: {'line': b'-- Up-to-date symlink: /youbot/install/youbot_moveit/share/youbot_moveit/local_setup.dsv\n'}
[0.529015] (youbot_moveit) StdoutLine: {'line': b'-- Symlinking: /youbot/install/youbot_moveit/share/youbot_moveit/package.dsv\n'}
[0.544826] (youbot_moveit) StdoutLine: {'line': b'-- Up-to-date symlink: /youbot/install/youbot_moveit/share/ament_index/resource_index/packages/youbot_moveit\n'}
[0.545043] (youbot_moveit) StdoutLine: {'line': b'-- Up-to-date symlink: /youbot/install/youbot_moveit/share/youbot_moveit/cmake/youbot_moveitConfig.cmake\n'}
[0.545130] (youbot_moveit) StdoutLine: {'line': b'-- Up-to-date symlink: /youbot/install/youbot_moveit/share/youbot_moveit/cmake/youbot_moveitConfig-version.cmake\n'}
[0.545224] (youbot_moveit) StdoutLine: {'line': b'-- Up-to-date symlink: /youbot/install/youbot_moveit/share/youbot_moveit/package.xml\n'}
[0.545432] (youbot_moveit) StdoutLine: {'line': b'-- Up-to-date symlink: /youbot/install/youbot_moveit/lib/youbot_moveit/script\n'}
[0.545927] (youbot_moveit) StdoutLine: {'line': b'-- Up-to-date symlink: /youbot/install/youbot_moveit/share/youbot_moveit/launch/demo.launch.py\n'}
[0.546057] (youbot_moveit) StdoutLine: {'line': b'-- Up-to-date symlink: /youbot/install/youbot_moveit/share/youbot_moveit/launch/move_group.launch.py\n'}
[0.546168] (youbot_moveit) StdoutLine: {'line': b'-- Up-to-date symlink: /youbot/install/youbot_moveit/share/youbot_moveit/launch/moveit_rviz.launch.py\n'}
[0.546265] (youbot_moveit) StdoutLine: {'line': b'-- Up-to-date symlink: /youbot/install/youbot_moveit/share/youbot_moveit/launch/rsp.launch.py\n'}
[0.546378] (youbot_moveit) StdoutLine: {'line': b'-- Up-to-date symlink: /youbot/install/youbot_moveit/share/youbot_moveit/launch/setup_assistant.launch.py\n'}
[0.547267] (youbot_moveit) StdoutLine: {'line': b'-- Up-to-date symlink: /youbot/install/youbot_moveit/share/youbot_moveit/launch/spawn_controllers.launch.py\n'}
[0.547383] (youbot_moveit) StdoutLine: {'line': b'-- Up-to-date symlink: /youbot/install/youbot_moveit/share/youbot_moveit/launch/static_virtual_joint_tfs.launch.py\n'}
[0.547453] (youbot_moveit) StdoutLine: {'line': b'-- Up-to-date symlink: /youbot/install/youbot_moveit/share/youbot_moveit/launch/warehouse_db.launch.py\n'}
[0.548692] (youbot_moveit) StdoutLine: {'line': b'-- Up-to-date symlink: /youbot/install/youbot_moveit/share/youbot_moveit/config/initial_positions.yaml\n'}
[0.548850] (youbot_moveit) StdoutLine: {'line': b'-- Up-to-date symlink: /youbot/install/youbot_moveit/share/youbot_moveit/config/joint_limits.yaml\n'}
[0.549057] (youbot_moveit) StdoutLine: {'line': b'-- Up-to-date symlink: /youbot/install/youbot_moveit/share/youbot_moveit/config/kinematics.yaml\n'}
[0.549164] (youbot_moveit) StdoutLine: {'line': b'-- Up-to-date symlink: /youbot/install/youbot_moveit/share/youbot_moveit/config/kinematics_old.yaml\n'}
[0.549227] (youbot_moveit) StdoutLine: {'line': b'-- Up-to-date symlink: /youbot/install/youbot_moveit/share/youbot_moveit/config/kinematics_trac_ik.yaml\n'}
[0.549882] (youbot_moveit) StdoutLine: {'line': b'-- Up-to-date symlink: /youbot/install/youbot_moveit/share/youbot_moveit/config/moveit.rviz\n'}
[0.549965] (youbot_moveit) StdoutLine: {'line': b'-- Up-to-date symlink: /youbot/install/youbot_moveit/share/youbot_moveit/config/moveit_controllers.yaml\n'}
[0.550029] (youbot_moveit) StdoutLine: {'line': b'-- Up-to-date symlink: /youbot/install/youbot_moveit/share/youbot_moveit/config/ompl_planning.yaml\n'}
[0.550090] (youbot_moveit) StdoutLine: {'line': b'-- Up-to-date symlink: /youbot/install/youbot_moveit/share/youbot_moveit/config/pilz_cartesian_limits.yaml\n'}
[0.550150] (youbot_moveit) StdoutLine: {'line': b'-- Up-to-date symlink: /youbot/install/youbot_moveit/share/youbot_moveit/config/ros2_controllers.yaml\n'}
[0.550208] (youbot_moveit) StdoutLine: {'line': b'-- Up-to-date symlink: /youbot/install/youbot_moveit/share/youbot_moveit/config/youbot.ros2_control.xacro\n'}
[0.550268] (youbot_moveit) StdoutLine: {'line': b'-- Up-to-date symlink: /youbot/install/youbot_moveit/share/youbot_moveit/config/youbot.srdf\n'}
[0.550328] (youbot_moveit) StdoutLine: {'line': b'-- Up-to-date symlink: /youbot/install/youbot_moveit/share/youbot_moveit/config/youbot.urdf.xacro\n'}
[0.550386] (youbot_moveit) StdoutLine: {'line': b'-- Up-to-date symlink: /youbot/install/youbot_moveit/share/youbot_moveit/.setup_assistant\n'}
[0.553712] (youbot_moveit) CommandEnded: {'returncode': 0}
[0.565552] (youbot_moveit) JobEnded: {'identifier': 'youbot_moveit', 'rc': 0}
[0.601803] (-) TimerEvent: {}
[0.702066] (-) TimerEvent: {}
[0.754468] (send_num) Command: {'cmd': ['/usr/bin/python3', '-W', 'ignore:setup.py install is deprecated', '-W', 'ignore:easy_install command is deprecated', 'setup.py', 'egg_info', '--egg-base', '../../build/send_num', 'build', '--build-base', '/youbot/build/send_num/build', 'install', '--record', '/youbot/build/send_num/install.log', '--single-version-externally-managed', 'install_data'], 'cwd': '/youbot/src/send_num', 'env': {'HOSTNAME': 'danil-H110M-S2PV', 'SHLVL': '1', 'LD_LIBRARY_PATH': '/opt/ros/humble/opt/rviz_ogre_vendor/lib:/opt/ros/humble/lib/x86_64-linux-gnu:/opt/ros/humble/lib', 'HOME': '/root', 'ROS_PYTHON_VERSION': '3', 'ROS_DISTRO': 'humble', '_': '/usr/bin/colcon', 'ROS_VERSION': '2', 'NVIDIA_DRIVER_CAPABILITIES': 'graphics', 'TERM': 'xterm', 'ROS_LOCALHOST_ONLY': '0', 'QT_X11_NO_MITSHM': '1', 'PATH': '/opt/ros/humble/bin:/usr/local/sbin:/usr/local/bin:/usr/sbin:/usr/bin:/sbin:/bin', 'DISPLAY': 'unix:1', 'LANG': 'C.UTF-8', 'ROS_DOMAIN_ID': '121', 'AMENT_PREFIX_PATH': '/opt/ros/humble', 'PWD': '/youbot/build/send_num', 'LC_ALL': 'C.UTF-8', 'PYTHONPATH': '/youbot/build/send_num/prefix_override:/usr/lib/python3/dist-packages/colcon_core/task/python/colcon_distutils_commands:/youbot/install/send_num/lib/python3.10/site-packages:/opt/ros/humble/lib/python3.10/site-packages:/opt/ros/humble/local/lib/python3.10/dist-packages', 'NVIDIA_VISIBLE_DEVICES': 'all', 'COLCON': '1'}, 'shell': False}
[0.802184] (-) TimerEvent: {}
[0.902492] (-) TimerEvent: {}
[1.002788] (-) TimerEvent: {}
[1.019273] (send_num) StdoutLine: {'line': b'running egg_info\n'}
[1.019446] (send_num) StdoutLine: {'line': b'writing ../../build/send_num/send_num.egg-info/PKG-INFO\n'}
[1.019520] (send_num) StdoutLine: {'line': b'writing dependency_links to ../../build/send_num/send_num.egg-info/dependency_links.txt\n'}
[1.019587] (send_num) StdoutLine: {'line': b'writing entry points to ../../build/send_num/send_num.egg-info/entry_points.txt\n'}
[1.019676] (send_num) StdoutLine: {'line': b'writing requirements to ../../build/send_num/send_num.egg-info/requires.txt\n'}
[1.019740] (send_num) StdoutLine: {'line': b'writing top-level names to ../../build/send_num/send_num.egg-info/top_level.txt\n'}
[1.021958] (send_num) StdoutLine: {'line': b"reading manifest file '../../build/send_num/send_num.egg-info/SOURCES.txt'\n"}
[1.022230] (send_num) StdoutLine: {'line': b"adding license file 'LICENSE'\n"}
[1.022309] (send_num) StdoutLine: {'line': b"writing manifest file '../../build/send_num/send_num.egg-info/SOURCES.txt'\n"}
[1.022374] (send_num) StdoutLine: {'line': b'running build\n'}
[1.022435] (send_num) StdoutLine: {'line': b'running build_py\n'}
[1.023319] (send_num) StdoutLine: {'line': b'running install\n'}
[1.023414] (send_num) StdoutLine: {'line': b'running install_lib\n'}
[1.024977] (send_num) StdoutLine: {'line': b'running install_data\n'}
[1.025119] (send_num) StdoutLine: {'line': b'running install_egg_info\n'}
[1.027345] (send_num) StdoutLine: {'line': b"removing '/youbot/install/send_num/lib/python3.10/site-packages/send_num-0.0.0-py3.10.egg-info' (and everything under it)\n"}
[1.027596] (send_num) StdoutLine: {'line': b'Copying ../../build/send_num/send_num.egg-info to /youbot/install/send_num/lib/python3.10/site-packages/send_num-0.0.0-py3.10.egg-info\n'}
[1.028584] (send_num) StdoutLine: {'line': b'running install_scripts\n'}
[1.052180] (send_num) StdoutLine: {'line': b'Installing bridge script to /youbot/install/send_num/lib/send_num\n'}
[1.053428] (send_num) StdoutLine: {'line': b'Installing camera_server script to /youbot/install/send_num/lib/send_num\n'}
[1.053558] (send_num) StdoutLine: {'line': b'Installing on_youbot script to /youbot/install/send_num/lib/send_num\n'}
[1.053638] (send_num) StdoutLine: {'line': b'Installing send script to /youbot/install/send_num/lib/send_num\n'}
[1.053709] (send_num) StdoutLine: {'line': b'Installing test_bridge script to /youbot/install/send_num/lib/send_num\n'}
[1.053770] (send_num) StdoutLine: {'line': b'Installing test_server_copy script to /youbot/install/send_num/lib/send_num\n'}
[1.053865] (send_num) StdoutLine: {'line': b"writing list of installed files to '/youbot/build/send_num/install.log'\n"}
[1.082359] (send_num) CommandEnded: {'returncode': 0}
[1.090555] (send_num) JobEnded: {'identifier': 'send_num', 'rc': 0}
[1.091497] (-) EventReactorShutdown: {}
