[0.133s] DEBUG:colcon:Command line arguments: ['/usr/bin/colcon', 'build']
[0.133s] DEBUG:colcon:Parsed command line arguments: Namespace(log_base=None, log_level=None, verb_name='build', build_base='build', install_base='install', merge_install=False, symlink_install=False, test_result_base=None, continue_on_error=False, executor='parallel', parallel_workers=4, event_handlers=None, ignore_user_meta=False, metas=['./colcon.meta'], base_paths=['.'], packages_ignore=None, packages_ignore_regex=None, paths=None, packages_up_to=None, packages_up_to_regex=None, packages_above=None, packages_above_and_dependencies=None, packages_above_depth=None, packages_select_by_dep=None, packages_skip_by_dep=None, packages_skip_up_to=None, packages_select_build_failed=False, packages_skip_build_finished=False, packages_select_test_failures=False, packages_skip_test_passed=False, packages_select=None, packages_skip=None, packages_select_regex=None, packages_skip_regex=None, packages_start=None, packages_end=None, cmake_args=None, cmake_target=None, cmake_target_skip_unavailable=False, cmake_clean_cache=False, cmake_clean_first=False, cmake_force_configure=False, ament_cmake_args=None, catkin_cmake_args=None, catkin_skip_building_tests=False, mixin_files=None, mixin=None, verb_parser=<colcon_mixin.mixin.mixin_argument.MixinArgumentDecorator object at 0x7147cab18700>, verb_extension=<colcon_core.verb.build.BuildVerb object at 0x7147cab18160>, main=<bound method BuildVerb.main of <colcon_core.verb.build.BuildVerb object at 0x7147cab18160>>, mixin_verb=('build',))
[0.303s] Level 1:colcon.colcon_core.package_discovery:discover_packages(colcon_meta) check parameters
[0.304s] INFO:colcon.colcon_metadata.package_discovery.colcon_meta:Using configuration from '/root/.colcon/metadata/default/Gazebo.meta'
[0.304s] INFO:colcon.colcon_metadata.package_discovery.colcon_meta:Using configuration from '/root/.colcon/metadata/default/fastrtps.meta'
[0.304s] Level 1:colcon.colcon_core.package_discovery:discover_packages(recursive) check parameters
[0.304s] Level 1:colcon.colcon_core.package_discovery:discover_packages(ignore) check parameters
[0.304s] Level 1:colcon.colcon_core.package_discovery:discover_packages(path) check parameters
[0.304s] Level 1:colcon.colcon_core.package_discovery:discover_packages(colcon_meta) discover
[0.305s] Level 1:colcon.colcon_core.package_discovery:discover_packages(recursive) discover
[0.305s] INFO:colcon.colcon_core.package_discovery:Crawling recursively for packages in '/youbot'
[0.305s] Level 1:colcon.colcon_core.package_identification:_identify(.) by extensions ['ignore', 'ignore_ament_install']
[0.305s] Level 1:colcon.colcon_core.package_identification:_identify(.) by extension 'ignore'
[0.305s] Level 1:colcon.colcon_core.package_identification:_identify(.) by extension 'ignore_ament_install'
[0.305s] Level 1:colcon.colcon_core.package_identification:_identify(.) by extensions ['colcon_pkg']
[0.305s] Level 1:colcon.colcon_core.package_identification:_identify(.) by extension 'colcon_pkg'
[0.305s] Level 1:colcon.colcon_core.package_identification:_identify(.) by extensions ['colcon_meta']
[0.305s] Level 1:colcon.colcon_core.package_identification:_identify(.) by extension 'colcon_meta'
[0.305s] Level 1:colcon.colcon_core.package_identification:_identify(.) by extensions ['ros']
[0.305s] Level 1:colcon.colcon_core.package_identification:_identify(.) by extension 'ros'
[0.317s] Level 1:colcon.colcon_core.package_identification:_identify(.) by extensions ['cmake', 'python']
[0.317s] Level 1:colcon.colcon_core.package_identification:_identify(.) by extension 'cmake'
[0.317s] Level 1:colcon.colcon_core.package_identification:_identify(.) by extension 'python'
[0.317s] Level 1:colcon.colcon_core.package_identification:_identify(.) by extensions ['python_setup_py']
[0.317s] Level 1:colcon.colcon_core.package_identification:_identify(.) by extension 'python_setup_py'
[0.317s] Level 1:colcon.colcon_core.package_identification:_identify(build) by extensions ['ignore', 'ignore_ament_install']
[0.317s] Level 1:colcon.colcon_core.package_identification:_identify(build) by extension 'ignore'
[0.317s] Level 1:colcon.colcon_core.package_identification:_identify(build) ignored
[0.318s] Level 1:colcon.colcon_core.package_identification:_identify(install) by extensions ['ignore', 'ignore_ament_install']
[0.318s] Level 1:colcon.colcon_core.package_identification:_identify(install) by extension 'ignore'
[0.318s] Level 1:colcon.colcon_core.package_identification:_identify(install) ignored
[0.318s] Level 1:colcon.colcon_core.package_identification:_identify(log) by extensions ['ignore', 'ignore_ament_install']
[0.318s] Level 1:colcon.colcon_core.package_identification:_identify(log) by extension 'ignore'
[0.318s] Level 1:colcon.colcon_core.package_identification:_identify(log) ignored
[0.318s] Level 1:colcon.colcon_core.package_identification:_identify(materials) by extensions ['ignore', 'ignore_ament_install']
[0.318s] Level 1:colcon.colcon_core.package_identification:_identify(materials) by extension 'ignore'
[0.318s] Level 1:colcon.colcon_core.package_identification:_identify(materials) by extension 'ignore_ament_install'
[0.318s] Level 1:colcon.colcon_core.package_identification:_identify(materials) by extensions ['colcon_pkg']
[0.318s] Level 1:colcon.colcon_core.package_identification:_identify(materials) by extension 'colcon_pkg'
[0.318s] Level 1:colcon.colcon_core.package_identification:_identify(materials) by extensions ['colcon_meta']
[0.319s] Level 1:colcon.colcon_core.package_identification:_identify(materials) by extension 'colcon_meta'
[0.319s] Level 1:colcon.colcon_core.package_identification:_identify(materials) by extensions ['ros']
[0.319s] Level 1:colcon.colcon_core.package_identification:_identify(materials) by extension 'ros'
[0.319s] Level 1:colcon.colcon_core.package_identification:_identify(materials) by extensions ['cmake', 'python']
[0.319s] Level 1:colcon.colcon_core.package_identification:_identify(materials) by extension 'cmake'
[0.319s] Level 1:colcon.colcon_core.package_identification:_identify(materials) by extension 'python'
[0.319s] Level 1:colcon.colcon_core.package_identification:_identify(materials) by extensions ['python_setup_py']
[0.319s] Level 1:colcon.colcon_core.package_identification:_identify(materials) by extension 'python_setup_py'
[0.319s] Level 1:colcon.colcon_core.package_identification:_identify(src) by extensions ['ignore', 'ignore_ament_install']
[0.319s] Level 1:colcon.colcon_core.package_identification:_identify(src) by extension 'ignore'
[0.319s] Level 1:colcon.colcon_core.package_identification:_identify(src) by extension 'ignore_ament_install'
[0.319s] Level 1:colcon.colcon_core.package_identification:_identify(src) by extensions ['colcon_pkg']
[0.319s] Level 1:colcon.colcon_core.package_identification:_identify(src) by extension 'colcon_pkg'
[0.319s] Level 1:colcon.colcon_core.package_identification:_identify(src) by extensions ['colcon_meta']
[0.319s] Level 1:colcon.colcon_core.package_identification:_identify(src) by extension 'colcon_meta'
[0.319s] Level 1:colcon.colcon_core.package_identification:_identify(src) by extensions ['ros']
[0.319s] Level 1:colcon.colcon_core.package_identification:_identify(src) by extension 'ros'
[0.320s] Level 1:colcon.colcon_core.package_identification:_identify(src) by extensions ['cmake', 'python']
[0.320s] Level 1:colcon.colcon_core.package_identification:_identify(src) by extension 'cmake'
[0.320s] Level 1:colcon.colcon_core.package_identification:_identify(src) by extension 'python'
[0.320s] Level 1:colcon.colcon_core.package_identification:_identify(src) by extensions ['python_setup_py']
[0.320s] Level 1:colcon.colcon_core.package_identification:_identify(src) by extension 'python_setup_py'
[0.320s] Level 1:colcon.colcon_core.package_identification:_identify(src/send_num) by extensions ['ignore', 'ignore_ament_install']
[0.320s] Level 1:colcon.colcon_core.package_identification:_identify(src/send_num) by extension 'ignore'
[0.320s] Level 1:colcon.colcon_core.package_identification:_identify(src/send_num) by extension 'ignore_ament_install'
[0.320s] Level 1:colcon.colcon_core.package_identification:_identify(src/send_num) by extensions ['colcon_pkg']
[0.320s] Level 1:colcon.colcon_core.package_identification:_identify(src/send_num) by extension 'colcon_pkg'
[0.320s] Level 1:colcon.colcon_core.package_identification:_identify(src/send_num) by extensions ['colcon_meta']
[0.320s] Level 1:colcon.colcon_core.package_identification:_identify(src/send_num) by extension 'colcon_meta'
[0.320s] Level 1:colcon.colcon_core.package_identification:_identify(src/send_num) by extensions ['ros']
[0.320s] Level 1:colcon.colcon_core.package_identification:_identify(src/send_num) by extension 'ros'
[0.323s] DEBUG:colcon.colcon_core.package_identification:Package 'src/send_num' with type 'ros.ament_python' and name 'send_num'
[0.323s] Level 1:colcon.colcon_core.package_identification:_identify(src/youbot_description) by extensions ['ignore', 'ignore_ament_install']
[0.323s] Level 1:colcon.colcon_core.package_identification:_identify(src/youbot_description) by extension 'ignore'
[0.323s] Level 1:colcon.colcon_core.package_identification:_identify(src/youbot_description) by extension 'ignore_ament_install'
[0.323s] Level 1:colcon.colcon_core.package_identification:_identify(src/youbot_description) by extensions ['colcon_pkg']
[0.323s] Level 1:colcon.colcon_core.package_identification:_identify(src/youbot_description) by extension 'colcon_pkg'
[0.323s] Level 1:colcon.colcon_core.package_identification:_identify(src/youbot_description) by extensions ['colcon_meta']
[0.323s] Level 1:colcon.colcon_core.package_identification:_identify(src/youbot_description) by extension 'colcon_meta'
[0.323s] Level 1:colcon.colcon_core.package_identification:_identify(src/youbot_description) by extensions ['ros']
[0.323s] Level 1:colcon.colcon_core.package_identification:_identify(src/youbot_description) by extension 'ros'
[0.324s] DEBUG:colcon.colcon_core.package_identification:Package 'src/youbot_description' with type 'ros.ament_cmake' and name 'youbot_description'
[0.324s] Level 1:colcon.colcon_core.package_identification:_identify(src/youbot_moveit) by extensions ['ignore', 'ignore_ament_install']
[0.324s] Level 1:colcon.colcon_core.package_identification:_identify(src/youbot_moveit) by extension 'ignore'
[0.324s] Level 1:colcon.colcon_core.package_identification:_identify(src/youbot_moveit) by extension 'ignore_ament_install'
[0.324s] Level 1:colcon.colcon_core.package_identification:_identify(src/youbot_moveit) by extensions ['colcon_pkg']
[0.324s] Level 1:colcon.colcon_core.package_identification:_identify(src/youbot_moveit) by extension 'colcon_pkg'
[0.324s] Level 1:colcon.colcon_core.package_identification:_identify(src/youbot_moveit) by extensions ['colcon_meta']
[0.324s] Level 1:colcon.colcon_core.package_identification:_identify(src/youbot_moveit) by extension 'colcon_meta'
[0.325s] Level 1:colcon.colcon_core.package_identification:_identify(src/youbot_moveit) by extensions ['ros']
[0.325s] Level 1:colcon.colcon_core.package_identification:_identify(src/youbot_moveit) by extension 'ros'
[0.325s] DEBUG:colcon.colcon_core.package_identification:Package 'src/youbot_moveit' with type 'ros.ament_cmake' and name 'youbot_moveit'
[0.325s] Level 1:colcon.colcon_core.package_discovery:discover_packages(recursive) using defaults
[0.325s] Level 1:colcon.colcon_core.package_discovery:discover_packages(ignore) discover
[0.326s] Level 1:colcon.colcon_core.package_discovery:discover_packages(ignore) using defaults
[0.326s] Level 1:colcon.colcon_core.package_discovery:discover_packages(path) discover
[0.326s] Level 1:colcon.colcon_core.package_discovery:discover_packages(path) using defaults
[0.356s] Level 5:colcon.colcon_core.verb:set package 'send_num' build argument 'cmake_args' from command line to 'None'
[0.356s] Level 5:colcon.colcon_core.verb:set package 'send_num' build argument 'cmake_target' from command line to 'None'
[0.356s] Level 5:colcon.colcon_core.verb:set package 'send_num' build argument 'cmake_target_skip_unavailable' from command line to 'False'
[0.356s] Level 5:colcon.colcon_core.verb:set package 'send_num' build argument 'cmake_clean_cache' from command line to 'False'
[0.356s] Level 5:colcon.colcon_core.verb:set package 'send_num' build argument 'cmake_clean_first' from command line to 'False'
[0.356s] Level 5:colcon.colcon_core.verb:set package 'send_num' build argument 'cmake_force_configure' from command line to 'False'
[0.356s] Level 5:colcon.colcon_core.verb:set package 'send_num' build argument 'ament_cmake_args' from command line to 'None'
[0.356s] Level 5:colcon.colcon_core.verb:set package 'send_num' build argument 'catkin_cmake_args' from command line to 'None'
[0.356s] Level 5:colcon.colcon_core.verb:set package 'send_num' build argument 'catkin_skip_building_tests' from command line to 'False'
[0.356s] DEBUG:colcon.colcon_core.verb:Building package 'send_num' with the following arguments: {'ament_cmake_args': None, 'build_base': '/youbot/build/send_num', 'catkin_cmake_args': None, 'catkin_skip_building_tests': False, 'cmake_args': None, 'cmake_clean_cache': False, 'cmake_clean_first': False, 'cmake_force_configure': False, 'cmake_target': None, 'cmake_target_skip_unavailable': False, 'install_base': '/youbot/install/send_num', 'merge_install': False, 'path': '/youbot/src/send_num', 'symlink_install': False, 'test_result_base': None}
[0.357s] Level 5:colcon.colcon_core.verb:set package 'youbot_description' build argument 'cmake_args' from command line to 'None'
[0.357s] Level 5:colcon.colcon_core.verb:set package 'youbot_description' build argument 'cmake_target' from command line to 'None'
[0.357s] Level 5:colcon.colcon_core.verb:set package 'youbot_description' build argument 'cmake_target_skip_unavailable' from command line to 'False'
[0.357s] Level 5:colcon.colcon_core.verb:set package 'youbot_description' build argument 'cmake_clean_cache' from command line to 'False'
[0.357s] Level 5:colcon.colcon_core.verb:set package 'youbot_description' build argument 'cmake_clean_first' from command line to 'False'
[0.357s] Level 5:colcon.colcon_core.verb:set package 'youbot_description' build argument 'cmake_force_configure' from command line to 'False'
[0.357s] Level 5:colcon.colcon_core.verb:set package 'youbot_description' build argument 'ament_cmake_args' from command line to 'None'
[0.357s] Level 5:colcon.colcon_core.verb:set package 'youbot_description' build argument 'catkin_cmake_args' from command line to 'None'
[0.357s] Level 5:colcon.colcon_core.verb:set package 'youbot_description' build argument 'catkin_skip_building_tests' from command line to 'False'
[0.357s] DEBUG:colcon.colcon_core.verb:Building package 'youbot_description' with the following arguments: {'ament_cmake_args': None, 'build_base': '/youbot/build/youbot_description', 'catkin_cmake_args': None, 'catkin_skip_building_tests': False, 'cmake_args': None, 'cmake_clean_cache': False, 'cmake_clean_first': False, 'cmake_force_configure': False, 'cmake_target': None, 'cmake_target_skip_unavailable': False, 'install_base': '/youbot/install/youbot_description', 'merge_install': False, 'path': '/youbot/src/youbot_description', 'symlink_install': False, 'test_result_base': None}
[0.358s] Level 5:colcon.colcon_core.verb:set package 'youbot_moveit' build argument 'cmake_args' from command line to 'None'
[0.358s] Level 5:colcon.colcon_core.verb:set package 'youbot_moveit' build argument 'cmake_target' from command line to 'None'
[0.358s] Level 5:colcon.colcon_core.verb:set package 'youbot_moveit' build argument 'cmake_target_skip_unavailable' from command line to 'False'
[0.358s] Level 5:colcon.colcon_core.verb:set package 'youbot_moveit' build argument 'cmake_clean_cache' from command line to 'False'
[0.358s] Level 5:colcon.colcon_core.verb:set package 'youbot_moveit' build argument 'cmake_clean_first' from command line to 'False'
[0.358s] Level 5:colcon.colcon_core.verb:set package 'youbot_moveit' build argument 'cmake_force_configure' from command line to 'False'
[0.358s] Level 5:colcon.colcon_core.verb:set package 'youbot_moveit' build argument 'ament_cmake_args' from command line to 'None'
[0.358s] Level 5:colcon.colcon_core.verb:set package 'youbot_moveit' build argument 'catkin_cmake_args' from command line to 'None'
[0.358s] Level 5:colcon.colcon_core.verb:set package 'youbot_moveit' build argument 'catkin_skip_building_tests' from command line to 'False'
[0.358s] DEBUG:colcon.colcon_core.verb:Building package 'youbot_moveit' with the following arguments: {'ament_cmake_args': None, 'build_base': '/youbot/build/youbot_moveit', 'catkin_cmake_args': None, 'catkin_skip_building_tests': False, 'cmake_args': None, 'cmake_clean_cache': False, 'cmake_clean_first': False, 'cmake_force_configure': False, 'cmake_target': None, 'cmake_target_skip_unavailable': False, 'install_base': '/youbot/install/youbot_moveit', 'merge_install': False, 'path': '/youbot/src/youbot_moveit', 'symlink_install': False, 'test_result_base': None}
[0.358s] INFO:colcon.colcon_core.executor:Executing jobs using 'parallel' executor
[0.359s] DEBUG:colcon.colcon_parallel_executor.executor.parallel:run_until_complete
[0.359s] INFO:colcon.colcon_ros.task.ament_cmake.build:Building ROS package in '/youbot/src/youbot_description' with build type 'ament_cmake'
[0.360s] INFO:colcon.colcon_cmake.task.cmake.build:Building CMake package in '/youbot/src/youbot_description'
[0.362s] INFO:colcon.colcon_core.plugin_system:Skipping extension 'colcon_core.shell.bat': Not used on non-Windows systems
[0.363s] INFO:colcon.colcon_core.shell:Skip shell extension 'powershell' for command environment: Not usable outside of PowerShell
[0.363s] DEBUG:colcon.colcon_core.shell:Skip shell extension 'dsv' for command environment
[0.368s] INFO:colcon.colcon_ros.task.ament_python.build:Building ROS package in '/youbot/src/send_num' with build type 'ament_python'
[0.368s] Level 1:colcon.colcon_core.shell:create_environment_hook('send_num', 'ament_prefix_path')
[0.368s] INFO:colcon.colcon_core.shell:Creating environment hook '/youbot/install/send_num/share/send_num/hook/ament_prefix_path.ps1'
[0.369s] INFO:colcon.colcon_core.shell:Creating environment descriptor '/youbot/install/send_num/share/send_num/hook/ament_prefix_path.dsv'
[0.370s] INFO:colcon.colcon_core.shell:Creating environment hook '/youbot/install/send_num/share/send_num/hook/ament_prefix_path.sh'
[0.371s] INFO:colcon.colcon_core.shell:Skip shell extension 'powershell' for command environment: Not usable outside of PowerShell
[0.371s] DEBUG:colcon.colcon_core.shell:Skip shell extension 'dsv' for command environment
[0.379s] DEBUG:colcon.colcon_core.event_handler.log_command:Invoking command in '/youbot/build/youbot_description': CMAKE_PREFIX_PATH=/opt/ros/humble /usr/bin/cmake --build /youbot/build/youbot_description -- -j4 -l4
[0.643s] INFO:colcon.colcon_core.task.python.build:Building Python package in '/youbot/src/send_num'
[0.643s] INFO:colcon.colcon_core.shell:Skip shell extension 'powershell' for command environment: Not usable outside of PowerShell
[0.643s] DEBUG:colcon.colcon_core.shell:Skip shell extension 'dsv' for command environment
[0.648s] DEBUG:colcon.colcon_core.event_handler.log_command:Invoked command in '/youbot/build/youbot_description' returned '0': CMAKE_PREFIX_PATH=/opt/ros/humble /usr/bin/cmake --build /youbot/build/youbot_description -- -j4 -l4
[0.659s] DEBUG:colcon.colcon_core.event_handler.log_command:Invoking command in '/youbot/build/youbot_description': CMAKE_PREFIX_PATH=/opt/ros/humble /usr/bin/cmake --install /youbot/build/youbot_description
[0.674s] Level 1:colcon.colcon_core.environment:create_environment_scripts_only(youbot_description)
[0.680s] Level 1:colcon.colcon_core.environment:checking '/youbot/install/youbot_description' for CMake module files
[0.681s] Level 1:colcon.colcon_core.environment:checking '/youbot/install/youbot_description' for CMake config files
[0.684s] DEBUG:colcon.colcon_core.event_handler.log_command:Invoked command in '/youbot/build/youbot_description' returned '0': CMAKE_PREFIX_PATH=/opt/ros/humble /usr/bin/cmake --install /youbot/build/youbot_description
[0.684s] Level 1:colcon.colcon_core.shell:create_environment_hook('youbot_description', 'cmake_prefix_path')
[0.684s] INFO:colcon.colcon_core.shell:Creating environment hook '/youbot/install/youbot_description/share/youbot_description/hook/cmake_prefix_path.ps1'
[0.685s] INFO:colcon.colcon_core.shell:Creating environment descriptor '/youbot/install/youbot_description/share/youbot_description/hook/cmake_prefix_path.dsv'
[0.685s] INFO:colcon.colcon_core.shell:Creating environment hook '/youbot/install/youbot_description/share/youbot_description/hook/cmake_prefix_path.sh'
[0.686s] Level 1:colcon.colcon_core.environment:checking '/youbot/install/youbot_description/bin'
[0.686s] Level 1:colcon.colcon_core.environment:checking '/youbot/install/youbot_description/lib/pkgconfig/youbot_description.pc'
[0.686s] Level 1:colcon.colcon_core.environment:checking '/youbot/install/youbot_description/lib/python3.10/site-packages'
[0.687s] Level 1:colcon.colcon_core.environment:checking '/youbot/install/youbot_description/bin'
[0.687s] INFO:colcon.colcon_core.shell:Creating package script '/youbot/install/youbot_description/share/youbot_description/package.ps1'
[0.688s] INFO:colcon.colcon_core.shell:Creating package descriptor '/youbot/install/youbot_description/share/youbot_description/package.dsv'
[0.688s] INFO:colcon.colcon_core.shell:Creating package script '/youbot/install/youbot_description/share/youbot_description/package.sh'
[0.689s] INFO:colcon.colcon_core.shell:Creating package script '/youbot/install/youbot_description/share/youbot_description/package.bash'
[0.690s] INFO:colcon.colcon_core.shell:Creating package script '/youbot/install/youbot_description/share/youbot_description/package.zsh'
[0.691s] Level 1:colcon.colcon_core.environment:create_file_with_runtime_dependencies(/youbot/install/youbot_description/share/colcon-core/packages/youbot_description)
[0.692s] Level 1:colcon.colcon_core.environment:create_environment_scripts_only(youbot_description)
[0.692s] Level 1:colcon.colcon_core.environment:checking '/youbot/install/youbot_description' for CMake module files
[0.692s] Level 1:colcon.colcon_core.environment:checking '/youbot/install/youbot_description' for CMake config files
[0.693s] Level 1:colcon.colcon_core.shell:create_environment_hook('youbot_description', 'cmake_prefix_path')
[0.693s] INFO:colcon.colcon_core.shell:Creating environment hook '/youbot/install/youbot_description/share/youbot_description/hook/cmake_prefix_path.ps1'
[0.694s] INFO:colcon.colcon_core.shell:Creating environment descriptor '/youbot/install/youbot_description/share/youbot_description/hook/cmake_prefix_path.dsv'
[0.694s] INFO:colcon.colcon_core.shell:Creating environment hook '/youbot/install/youbot_description/share/youbot_description/hook/cmake_prefix_path.sh'
[0.695s] Level 1:colcon.colcon_core.environment:checking '/youbot/install/youbot_description/bin'
[0.695s] Level 1:colcon.colcon_core.environment:checking '/youbot/install/youbot_description/lib/pkgconfig/youbot_description.pc'
[0.695s] Level 1:colcon.colcon_core.environment:checking '/youbot/install/youbot_description/lib/python3.10/site-packages'
[0.695s] Level 1:colcon.colcon_core.environment:checking '/youbot/install/youbot_description/bin'
[0.695s] INFO:colcon.colcon_core.shell:Creating package script '/youbot/install/youbot_description/share/youbot_description/package.ps1'
[0.696s] INFO:colcon.colcon_core.shell:Creating package descriptor '/youbot/install/youbot_description/share/youbot_description/package.dsv'
[0.696s] INFO:colcon.colcon_core.shell:Creating package script '/youbot/install/youbot_description/share/youbot_description/package.sh'
[0.697s] INFO:colcon.colcon_core.shell:Creating package script '/youbot/install/youbot_description/share/youbot_description/package.bash'
[0.697s] INFO:colcon.colcon_core.shell:Creating package script '/youbot/install/youbot_description/share/youbot_description/package.zsh'
[0.698s] Level 1:colcon.colcon_core.environment:create_file_with_runtime_dependencies(/youbot/install/youbot_description/share/colcon-core/packages/youbot_description)
[0.698s] INFO:colcon.colcon_ros.task.ament_cmake.build:Building ROS package in '/youbot/src/youbot_moveit' with build type 'ament_cmake'
[0.698s] INFO:colcon.colcon_cmake.task.cmake.build:Building CMake package in '/youbot/src/youbot_moveit'
[0.699s] INFO:colcon.colcon_core.shell:Skip shell extension 'powershell' for command environment: Not usable outside of PowerShell
[0.699s] DEBUG:colcon.colcon_core.shell:Skip shell extension 'dsv' for command environment
[0.709s] DEBUG:colcon.colcon_core.event_handler.log_command:Invoking command in '/youbot/build/youbot_moveit': AMENT_PREFIX_PATH=/youbot/install/youbot_description:${AMENT_PREFIX_PATH} CMAKE_PREFIX_PATH=/youbot/install/youbot_description:/opt/ros/humble /usr/bin/cmake --build /youbot/build/youbot_moveit -- -j4 -l4
[0.807s] DEBUG:colcon.colcon_core.event_handler.log_command:Invoked command in '/youbot/build/youbot_moveit' returned '0': AMENT_PREFIX_PATH=/youbot/install/youbot_description:${AMENT_PREFIX_PATH} CMAKE_PREFIX_PATH=/youbot/install/youbot_description:/opt/ros/humble /usr/bin/cmake --build /youbot/build/youbot_moveit -- -j4 -l4
[0.809s] DEBUG:colcon.colcon_core.event_handler.log_command:Invoking command in '/youbot/build/youbot_moveit': AMENT_PREFIX_PATH=/youbot/install/youbot_description:${AMENT_PREFIX_PATH} CMAKE_PREFIX_PATH=/youbot/install/youbot_description:/opt/ros/humble /usr/bin/cmake --install /youbot/build/youbot_moveit
[0.821s] Level 1:colcon.colcon_core.environment:create_environment_scripts_only(youbot_moveit)
[0.821s] Level 1:colcon.colcon_core.environment:checking '/youbot/install/youbot_moveit' for CMake module files
[0.823s] Level 1:colcon.colcon_core.environment:checking '/youbot/install/youbot_moveit' for CMake config files
[0.823s] DEBUG:colcon.colcon_core.event_handler.log_command:Invoked command in '/youbot/build/youbot_moveit' returned '0': AMENT_PREFIX_PATH=/youbot/install/youbot_description:${AMENT_PREFIX_PATH} CMAKE_PREFIX_PATH=/youbot/install/youbot_description:/opt/ros/humble /usr/bin/cmake --install /youbot/build/youbot_moveit
[0.824s] Level 1:colcon.colcon_core.shell:create_environment_hook('youbot_moveit', 'cmake_prefix_path')
[0.824s] INFO:colcon.colcon_core.shell:Creating environment hook '/youbot/install/youbot_moveit/share/youbot_moveit/hook/cmake_prefix_path.ps1'
[0.824s] INFO:colcon.colcon_core.shell:Creating environment descriptor '/youbot/install/youbot_moveit/share/youbot_moveit/hook/cmake_prefix_path.dsv'
[0.825s] INFO:colcon.colcon_core.shell:Creating environment hook '/youbot/install/youbot_moveit/share/youbot_moveit/hook/cmake_prefix_path.sh'
[0.825s] Level 1:colcon.colcon_core.environment:checking '/youbot/install/youbot_moveit/lib'
[0.826s] Level 1:colcon.colcon_core.environment:checking '/youbot/install/youbot_moveit/bin'
[0.826s] Level 1:colcon.colcon_core.environment:checking '/youbot/install/youbot_moveit/lib/pkgconfig/youbot_moveit.pc'
[0.826s] Level 1:colcon.colcon_core.environment:checking '/youbot/install/youbot_moveit/lib/python3.10/site-packages'
[0.826s] Level 1:colcon.colcon_core.environment:checking '/youbot/install/youbot_moveit/bin'
[0.826s] INFO:colcon.colcon_core.shell:Creating package script '/youbot/install/youbot_moveit/share/youbot_moveit/package.ps1'
[0.827s] INFO:colcon.colcon_core.shell:Creating package descriptor '/youbot/install/youbot_moveit/share/youbot_moveit/package.dsv'
[0.828s] INFO:colcon.colcon_core.shell:Creating package script '/youbot/install/youbot_moveit/share/youbot_moveit/package.sh'
[0.828s] INFO:colcon.colcon_core.shell:Creating package script '/youbot/install/youbot_moveit/share/youbot_moveit/package.bash'
[0.829s] INFO:colcon.colcon_core.shell:Creating package script '/youbot/install/youbot_moveit/share/youbot_moveit/package.zsh'
[0.829s] Level 1:colcon.colcon_core.environment:create_file_with_runtime_dependencies(/youbot/install/youbot_moveit/share/colcon-core/packages/youbot_moveit)
[0.830s] Level 1:colcon.colcon_core.environment:create_environment_scripts_only(youbot_moveit)
[0.830s] Level 1:colcon.colcon_core.environment:checking '/youbot/install/youbot_moveit' for CMake module files
[0.831s] Level 1:colcon.colcon_core.environment:checking '/youbot/install/youbot_moveit' for CMake config files
[0.831s] Level 1:colcon.colcon_core.shell:create_environment_hook('youbot_moveit', 'cmake_prefix_path')
[0.831s] INFO:colcon.colcon_core.shell:Creating environment hook '/youbot/install/youbot_moveit/share/youbot_moveit/hook/cmake_prefix_path.ps1'
[0.832s] INFO:colcon.colcon_core.shell:Creating environment descriptor '/youbot/install/youbot_moveit/share/youbot_moveit/hook/cmake_prefix_path.dsv'
[0.832s] INFO:colcon.colcon_core.shell:Creating environment hook '/youbot/install/youbot_moveit/share/youbot_moveit/hook/cmake_prefix_path.sh'
[0.833s] Level 1:colcon.colcon_core.environment:checking '/youbot/install/youbot_moveit/lib'
[0.833s] Level 1:colcon.colcon_core.environment:checking '/youbot/install/youbot_moveit/bin'
[0.833s] Level 1:colcon.colcon_core.environment:checking '/youbot/install/youbot_moveit/lib/pkgconfig/youbot_moveit.pc'
[0.833s] Level 1:colcon.colcon_core.environment:checking '/youbot/install/youbot_moveit/lib/python3.10/site-packages'
[0.834s] Level 1:colcon.colcon_core.environment:checking '/youbot/install/youbot_moveit/bin'
[0.834s] INFO:colcon.colcon_core.shell:Creating package script '/youbot/install/youbot_moveit/share/youbot_moveit/package.ps1'
[0.834s] INFO:colcon.colcon_core.shell:Creating package descriptor '/youbot/install/youbot_moveit/share/youbot_moveit/package.dsv'
[0.835s] INFO:colcon.colcon_core.shell:Creating package script '/youbot/install/youbot_moveit/share/youbot_moveit/package.sh'
[0.835s] INFO:colcon.colcon_core.shell:Creating package script '/youbot/install/youbot_moveit/share/youbot_moveit/package.bash'
[0.836s] INFO:colcon.colcon_core.shell:Creating package script '/youbot/install/youbot_moveit/share/youbot_moveit/package.zsh'
[0.836s] Level 1:colcon.colcon_core.environment:create_file_with_runtime_dependencies(/youbot/install/youbot_moveit/share/colcon-core/packages/youbot_moveit)
[1.056s] DEBUG:colcon.colcon_core.event_handler.log_command:Invoking command in '/youbot/src/send_num': PYTHONPATH=/youbot/build/send_num/prefix_override:/usr/lib/python3/dist-packages/colcon_core/task/python/colcon_distutils_commands:/youbot/install/send_num/lib/python3.10/site-packages:${PYTHONPATH} /usr/bin/python3 -W ignore:setup.py install is deprecated -W ignore:easy_install command is deprecated setup.py egg_info --egg-base ../../build/send_num build --build-base /youbot/build/send_num/build install --record /youbot/build/send_num/install.log --single-version-externally-managed install_data
[1.364s] Level 1:colcon.colcon_core.environment:checking '/youbot/install/send_num' for CMake module files
[1.365s] DEBUG:colcon.colcon_core.event_handler.log_command:Invoked command in '/youbot/src/send_num' returned '0': PYTHONPATH=/youbot/build/send_num/prefix_override:/usr/lib/python3/dist-packages/colcon_core/task/python/colcon_distutils_commands:/youbot/install/send_num/lib/python3.10/site-packages:${PYTHONPATH} /usr/bin/python3 -W ignore:setup.py install is deprecated -W ignore:easy_install command is deprecated setup.py egg_info --egg-base ../../build/send_num build --build-base /youbot/build/send_num/build install --record /youbot/build/send_num/install.log --single-version-externally-managed install_data
[1.365s] Level 1:colcon.colcon_core.environment:checking '/youbot/install/send_num' for CMake config files
[1.366s] Level 1:colcon.colcon_core.environment:checking '/youbot/install/send_num/lib'
[1.366s] Level 1:colcon.colcon_core.environment:checking '/youbot/install/send_num/bin'
[1.366s] Level 1:colcon.colcon_core.environment:checking '/youbot/install/send_num/lib/pkgconfig/send_num.pc'
[1.366s] Level 1:colcon.colcon_core.environment:checking '/youbot/install/send_num/lib/python3.10/site-packages'
[1.366s] Level 1:colcon.colcon_core.shell:create_environment_hook('send_num', 'pythonpath')
[1.366s] INFO:colcon.colcon_core.shell:Creating environment hook '/youbot/install/send_num/share/send_num/hook/pythonpath.ps1'
[1.367s] INFO:colcon.colcon_core.shell:Creating environment descriptor '/youbot/install/send_num/share/send_num/hook/pythonpath.dsv'
[1.367s] INFO:colcon.colcon_core.shell:Creating environment hook '/youbot/install/send_num/share/send_num/hook/pythonpath.sh'
[1.368s] Level 1:colcon.colcon_core.environment:checking '/youbot/install/send_num/bin'
[1.368s] Level 1:colcon.colcon_core.environment:create_environment_scripts_only(send_num)
[1.368s] INFO:colcon.colcon_core.shell:Creating package script '/youbot/install/send_num/share/send_num/package.ps1'
[1.369s] INFO:colcon.colcon_core.shell:Creating package descriptor '/youbot/install/send_num/share/send_num/package.dsv'
[1.369s] INFO:colcon.colcon_core.shell:Creating package script '/youbot/install/send_num/share/send_num/package.sh'
[1.370s] INFO:colcon.colcon_core.shell:Creating package script '/youbot/install/send_num/share/send_num/package.bash'
[1.370s] INFO:colcon.colcon_core.shell:Creating package script '/youbot/install/send_num/share/send_num/package.zsh'
[1.371s] Level 1:colcon.colcon_core.environment:create_file_with_runtime_dependencies(/youbot/install/send_num/share/colcon-core/packages/send_num)
[1.371s] DEBUG:colcon.colcon_parallel_executor.executor.parallel:closing loop
[1.371s] DEBUG:colcon.colcon_parallel_executor.executor.parallel:loop closed
[1.372s] DEBUG:colcon.colcon_parallel_executor.executor.parallel:run_until_complete finished with '0'
[1.372s] DEBUG:colcon.colcon_core.event_reactor:joining thread
[1.377s] INFO:colcon.colcon_core.plugin_system:Skipping extension 'colcon_notification.desktop_notification.notify_send': Could not find 'notify-send'
[1.377s] INFO:colcon.colcon_core.plugin_system:Skipping extension 'colcon_notification.desktop_notification.terminal_notifier': Not used on non-Darwin systems
[1.378s] INFO:colcon.colcon_core.plugin_system:Skipping extension 'colcon_notification.desktop_notification.win32': Not used on non-Windows systems
[1.378s] INFO:colcon.colcon_notification.desktop_notification:Sending desktop notification using 'notify2'
[1.380s] DEBUG:colcon.colcon_notification.desktop_notification.notify2:Failed to initialize notify2: org.freedesktop.DBus.Error.Spawn.ExecFailed: /usr/bin/dbus-launch terminated abnormally without any error message
[1.381s] DEBUG:colcon.colcon_core.event_reactor:joined thread
[1.381s] INFO:colcon.colcon_core.shell:Creating prefix script '/youbot/install/local_setup.ps1'
[1.383s] INFO:colcon.colcon_core.shell:Creating prefix util module '/youbot/install/_local_setup_util_ps1.py'
[1.384s] INFO:colcon.colcon_core.shell:Creating prefix chain script '/youbot/install/setup.ps1'
[1.385s] INFO:colcon.colcon_core.shell:Creating prefix script '/youbot/install/local_setup.sh'
[1.386s] INFO:colcon.colcon_core.shell:Creating prefix util module '/youbot/install/_local_setup_util_sh.py'
[1.387s] INFO:colcon.colcon_core.shell:Creating prefix chain script '/youbot/install/setup.sh'
[1.388s] INFO:colcon.colcon_core.shell:Creating prefix script '/youbot/install/local_setup.bash'
[1.388s] INFO:colcon.colcon_core.shell:Creating prefix chain script '/youbot/install/setup.bash'
[1.389s] INFO:colcon.colcon_core.shell:Creating prefix script '/youbot/install/local_setup.zsh'
[1.390s] INFO:colcon.colcon_core.shell:Creating prefix chain script '/youbot/install/setup.zsh'
