[35m[1mConsolidate compiler generated dependencies of target script[0m
[100%] Built target script
-- Install configuration: ""
-- Up-to-date: /youbot/install/youbot_moveit/share/ament_index/resource_index/package_run_dependencies/youbot_moveit
-- Up-to-date: /youbot/install/youbot_moveit/share/ament_index/resource_index/parent_prefix_path/youbot_moveit
-- Up-to-date: /youbot/install/youbot_moveit/share/youbot_moveit/environment/ament_prefix_path.sh
-- Up-to-date: /youbot/install/youbot_moveit/share/youbot_moveit/environment/ament_prefix_path.dsv
-- Up-to-date: /youbot/install/youbot_moveit/share/youbot_moveit/environment/path.sh
-- Up-to-date: /youbot/install/youbot_moveit/share/youbot_moveit/environment/path.dsv
-- Up-to-date: /youbot/install/youbot_moveit/share/youbot_moveit/local_setup.bash
-- Up-to-date: /youbot/install/youbot_moveit/share/youbot_moveit/local_setup.sh
-- Up-to-date: /youbot/install/youbot_moveit/share/youbot_moveit/local_setup.zsh
-- Up-to-date: /youbot/install/youbot_moveit/share/youbot_moveit/local_setup.dsv
-- Installing: /youbot/install/youbot_moveit/share/youbot_moveit/package.dsv
-- Up-to-date: /youbot/install/youbot_moveit/share/ament_index/resource_index/packages/youbot_moveit
-- Up-to-date: /youbot/install/youbot_moveit/share/youbot_moveit/cmake/youbot_moveitConfig.cmake
-- Up-to-date: /youbot/install/youbot_moveit/share/youbot_moveit/cmake/youbot_moveitConfig-version.cmake
-- Up-to-date: /youbot/install/youbot_moveit/share/youbot_moveit/package.xml
-- Up-to-date: /youbot/install/youbot_moveit/lib/youbot_moveit/script
-- Up-to-date: /youbot/install/youbot_moveit/share/youbot_moveit/launch
-- Up-to-date: /youbot/install/youbot_moveit/share/youbot_moveit/launch/warehouse_db.launch.py
-- Up-to-date: /youbot/install/youbot_moveit/share/youbot_moveit/launch/spawn_controllers.launch.py
-- Up-to-date: /youbot/install/youbot_moveit/share/youbot_moveit/launch/rsp.launch.py
-- Up-to-date: /youbot/install/youbot_moveit/share/youbot_moveit/launch/demo.launch.py
-- Up-to-date: /youbot/install/youbot_moveit/share/youbot_moveit/launch/moveit_rviz.launch.py
-- Up-to-date: /youbot/install/youbot_moveit/share/youbot_moveit/launch/move_group.launch.py
-- Up-to-date: /youbot/install/youbot_moveit/share/youbot_moveit/launch/setup_assistant.launch.py
-- Up-to-date: /youbot/install/youbot_moveit/share/youbot_moveit/launch/static_virtual_joint_tfs.launch.py
-- Up-to-date: /youbot/install/youbot_moveit/share/youbot_moveit/config
-- Up-to-date: /youbot/install/youbot_moveit/share/youbot_moveit/config/moveit.rviz
-- Up-to-date: /youbot/install/youbot_moveit/share/youbot_moveit/config/youbot.ros2_control.xacro
-- Up-to-date: /youbot/install/youbot_moveit/share/youbot_moveit/config/joint_limits.yaml
-- Up-to-date: /youbot/install/youbot_moveit/share/youbot_moveit/config/youbot.urdf.xacro
-- Up-to-date: /youbot/install/youbot_moveit/share/youbot_moveit/config/moveit_controllers.yaml
-- Up-to-date: /youbot/install/youbot_moveit/share/youbot_moveit/config/kinematics.yaml
-- Up-to-date: /youbot/install/youbot_moveit/share/youbot_moveit/config/initial_positions.yaml
-- Up-to-date: /youbot/install/youbot_moveit/share/youbot_moveit/config/ros2_controllers.yaml
-- Up-to-date: /youbot/install/youbot_moveit/share/youbot_moveit/config/youbot.srdf
-- Up-to-date: /youbot/install/youbot_moveit/share/youbot_moveit/config/ompl_planning.yaml
-- Up-to-date: /youbot/install/youbot_moveit/share/youbot_moveit/config/pilz_cartesian_limits.yaml
-- Up-to-date: /youbot/install/youbot_moveit/share/youbot_moveit/.setup_assistant
