[0.000000] (-) TimerEvent: {}
[0.000791] (send_num) JobQueued: {'identifier': 'send_num', 'dependencies': OrderedDict()}
[0.000948] (youbot_description) JobQueued: {'identifier': 'youbot_description', 'dependencies': OrderedDict()}
[0.000971] (youbot_moveit) JobQueued: {'identifier': 'youbot_moveit', 'dependencies': OrderedDict([('youbot_description', '/youbot/install/youbot_description')])}
[0.000993] (youbot_description) JobStarted: {'identifier': 'youbot_description'}
[0.018861] (send_num) JobStarted: {'identifier': 'send_num'}
[0.026861] (youbot_description) JobProgress: {'identifier': 'youbot_description', 'progress': 'cmake'}
[0.027490] (youbot_description) Command: {'cmd': ['/usr/bin/cmake', '/youbot/src/youbot_description', '-DCMAKE_INSTALL_PREFIX=/youbot/install/youbot_description'], 'cwd': '/youbot/build/youbot_description', 'env': OrderedDict([('HOSTNAME', 'danil-H110M-S2PV'), ('SHLVL', '1'), ('LD_LIBRARY_PATH', '/opt/ros/humble/opt/rviz_ogre_vendor/lib:/opt/ros/humble/lib/x86_64-linux-gnu:/opt/ros/humble/lib'), ('HOME', '/root'), ('OLDPWD', '/youbot'), ('ROS_PYTHON_VERSION', '3'), ('ROS_DISTRO', 'humble'), ('_', '/usr/bin/colcon'), ('ROS_VERSION', '2'), ('NVIDIA_DRIVER_CAPABILITIES', 'graphics'), ('TERM', 'xterm'), ('ROS_LOCALHOST_ONLY', '0'), ('QT_X11_NO_MITSHM', '1'), ('PATH', '/opt/ros/humble/bin:/usr/local/sbin:/usr/local/bin:/usr/sbin:/usr/bin:/sbin:/bin'), ('DISPLAY', 'unix:1'), ('LANG', 'C.UTF-8'), ('ROS_DOMAIN_ID', '205'), ('AMENT_PREFIX_PATH', '/opt/ros/humble'), ('PWD', '/youbot/build/youbot_description'), ('LC_ALL', 'C.UTF-8'), ('PYTHONPATH', '/opt/ros/humble/lib/python3.10/site-packages:/opt/ros/humble/local/lib/python3.10/dist-packages'), ('NVIDIA_VISIBLE_DEVICES', 'all'), ('COLCON', '1'), ('CMAKE_PREFIX_PATH', '/opt/ros/humble')]), 'shell': False}
[0.099746] (-) TimerEvent: {}
[0.201332] (-) TimerEvent: {}
[0.302040] (-) TimerEvent: {}
[0.308786] (youbot_description) StdoutLine: {'line': b'-- The C compiler identification is GNU 11.4.0\n'}
[0.402151] (-) TimerEvent: {}
[0.446040] (youbot_description) StdoutLine: {'line': b'-- The CXX compiler identification is GNU 11.4.0\n'}
[0.457698] (youbot_description) StdoutLine: {'line': b'-- Detecting C compiler ABI info\n'}
[0.502241] (-) TimerEvent: {}
[0.550126] (youbot_description) StdoutLine: {'line': b'-- Detecting C compiler ABI info - done\n'}
[0.555600] (youbot_description) StdoutLine: {'line': b'-- Check for working C compiler: /usr/bin/cc - skipped\n'}
[0.556431] (youbot_description) StdoutLine: {'line': b'-- Detecting C compile features\n'}
[0.557339] (youbot_description) StdoutLine: {'line': b'-- Detecting C compile features - done\n'}
[0.561524] (youbot_description) StdoutLine: {'line': b'-- Detecting CXX compiler ABI info\n'}
[0.602329] (-) TimerEvent: {}
[0.656114] (youbot_description) StdoutLine: {'line': b'-- Detecting CXX compiler ABI info - done\n'}
[0.664406] (youbot_description) StdoutLine: {'line': b'-- Check for working CXX compiler: /usr/bin/c++ - skipped\n'}
[0.664751] (youbot_description) StdoutLine: {'line': b'-- Detecting CXX compile features\n'}
[0.665325] (youbot_description) StdoutLine: {'line': b'-- Detecting CXX compile features - done\n'}
[0.672391] (youbot_description) StdoutLine: {'line': b'-- Found ament_cmake: 1.3.11 (/opt/ros/humble/share/ament_cmake/cmake)\n'}
[0.702441] (-) TimerEvent: {}
[0.802740] (-) TimerEvent: {}
[0.858607] (youbot_description) StdoutLine: {'line': b'-- Found Python3: /usr/bin/python3 (found version "3.10.12") found components: Interpreter \n'}
[0.873283] (send_num) Command: {'cmd': ['/usr/bin/python3', '-W', 'ignore:setup.py install is deprecated', '-W', 'ignore:easy_install command is deprecated', 'setup.py', 'egg_info', '--egg-base', '../../build/send_num', 'build', '--build-base', '/youbot/build/send_num/build', 'install', '--record', '/youbot/build/send_num/install.log', '--single-version-externally-managed', 'install_data'], 'cwd': '/youbot/src/send_num', 'env': {'HOSTNAME': 'danil-H110M-S2PV', 'SHLVL': '1', 'LD_LIBRARY_PATH': '/opt/ros/humble/opt/rviz_ogre_vendor/lib:/opt/ros/humble/lib/x86_64-linux-gnu:/opt/ros/humble/lib', 'HOME': '/root', 'OLDPWD': '/youbot', 'ROS_PYTHON_VERSION': '3', 'ROS_DISTRO': 'humble', '_': '/usr/bin/colcon', 'ROS_VERSION': '2', 'NVIDIA_DRIVER_CAPABILITIES': 'graphics', 'TERM': 'xterm', 'ROS_LOCALHOST_ONLY': '0', 'QT_X11_NO_MITSHM': '1', 'PATH': '/opt/ros/humble/bin:/usr/local/sbin:/usr/local/bin:/usr/sbin:/usr/bin:/sbin:/bin', 'DISPLAY': 'unix:1', 'LANG': 'C.UTF-8', 'ROS_DOMAIN_ID': '205', 'AMENT_PREFIX_PATH': '/opt/ros/humble', 'PWD': '/youbot/build/send_num', 'LC_ALL': 'C.UTF-8', 'PYTHONPATH': '/youbot/build/send_num/prefix_override:/usr/lib/python3/dist-packages/colcon_core/task/python/colcon_distutils_commands:/youbot/install/send_num/lib/python3.10/site-packages:/opt/ros/humble/lib/python3.10/site-packages:/opt/ros/humble/local/lib/python3.10/dist-packages', 'NVIDIA_VISIBLE_DEVICES': 'all', 'COLCON': '1'}, 'shell': False}
[0.902831] (-) TimerEvent: {}
[1.003141] (-) TimerEvent: {}
[1.015554] (youbot_description) StdoutLine: {'line': b'-- Found urdf: 2.6.1 (/opt/ros/humble/share/urdf/cmake)\n'}
[1.103213] (-) TimerEvent: {}
[1.145674] (send_num) StdoutLine: {'line': b'running egg_info\n'}
[1.146643] (send_num) StdoutLine: {'line': b'creating ../../build/send_num/send_num.egg-info\n'}
[1.146935] (send_num) StdoutLine: {'line': b'writing ../../build/send_num/send_num.egg-info/PKG-INFO\n'}
[1.147226] (send_num) StdoutLine: {'line': b'writing dependency_links to ../../build/send_num/send_num.egg-info/dependency_links.txt\n'}
[1.147372] (send_num) StdoutLine: {'line': b'writing entry points to ../../build/send_num/send_num.egg-info/entry_points.txt\n'}
[1.147486] (send_num) StdoutLine: {'line': b'writing requirements to ../../build/send_num/send_num.egg-info/requires.txt\n'}
[1.147588] (send_num) StdoutLine: {'line': b'writing top-level names to ../../build/send_num/send_num.egg-info/top_level.txt\n'}
[1.147815] (send_num) StdoutLine: {'line': b"writing manifest file '../../build/send_num/send_num.egg-info/SOURCES.txt'\n"}
[1.149672] (send_num) StdoutLine: {'line': b"reading manifest file '../../build/send_num/send_num.egg-info/SOURCES.txt'\n"}
[1.149825] (send_num) StdoutLine: {'line': b"adding license file 'LICENSE'\n"}
[1.150415] (send_num) StdoutLine: {'line': b"writing manifest file '../../build/send_num/send_num.egg-info/SOURCES.txt'\n"}
[1.150571] (send_num) StdoutLine: {'line': b'running build\n'}
[1.150660] (send_num) StdoutLine: {'line': b'running build_py\n'}
[1.150765] (send_num) StdoutLine: {'line': b'creating /youbot/build/send_num/build\n'}
[1.150864] (send_num) StdoutLine: {'line': b'creating /youbot/build/send_num/build/lib\n'}
[1.150970] (send_num) StdoutLine: {'line': b'creating /youbot/build/send_num/build/lib/send_num\n'}
[1.151069] (send_num) StdoutLine: {'line': b'copying send_num/test_send.py -> /youbot/build/send_num/build/lib/send_num\n'}
[1.151141] (send_num) StdoutLine: {'line': b'copying send_num/test_server_copy.py -> /youbot/build/send_num/build/lib/send_num\n'}
[1.151220] (send_num) StdoutLine: {'line': b'copying send_num/pose_bridge_down.py -> /youbot/build/send_num/build/lib/send_num\n'}
[1.151704] (send_num) StdoutLine: {'line': b'copying send_num/pose_camera_server.py -> /youbot/build/send_num/build/lib/send_num\n'}
[1.151814] (send_num) StdoutLine: {'line': b'copying send_num/server_12.py -> /youbot/build/send_num/build/lib/send_num\n'}
[1.151884] (send_num) StdoutLine: {'line': b'copying send_num/send_on_youbot.py -> /youbot/build/send_num/build/lib/send_num\n'}
[1.151945] (send_num) StdoutLine: {'line': b'copying send_num/server_11.py -> /youbot/build/send_num/build/lib/send_num\n'}
[1.152045] (send_num) StdoutLine: {'line': b'copying send_num/pose_bridge_test.py -> /youbot/build/send_num/build/lib/send_num\n'}
[1.152137] (send_num) StdoutLine: {'line': b'copying send_num/__init__.py -> /youbot/build/send_num/build/lib/send_num\n'}
[1.152201] (send_num) StdoutLine: {'line': b'copying send_num/pose_bridge.py -> /youbot/build/send_num/build/lib/send_num\n'}
[1.152423] (send_num) StdoutLine: {'line': b'running install\n'}
[1.152804] (send_num) StdoutLine: {'line': b'running install_lib\n'}
[1.153629] (send_num) StdoutLine: {'line': b'creating /youbot/install/send_num/lib/python3.10/site-packages/send_num\n'}
[1.153788] (send_num) StdoutLine: {'line': b'copying /youbot/build/send_num/build/lib/send_num/test_send.py -> /youbot/install/send_num/lib/python3.10/site-packages/send_num\n'}
[1.153921] (send_num) StdoutLine: {'line': b'copying /youbot/build/send_num/build/lib/send_num/test_server_copy.py -> /youbot/install/send_num/lib/python3.10/site-packages/send_num\n'}
[1.154047] (send_num) StdoutLine: {'line': b'copying /youbot/build/send_num/build/lib/send_num/pose_bridge_down.py -> /youbot/install/send_num/lib/python3.10/site-packages/send_num\n'}
[1.154176] (send_num) StdoutLine: {'line': b'copying /youbot/build/send_num/build/lib/send_num/pose_camera_server.py -> /youbot/install/send_num/lib/python3.10/site-packages/send_num\n'}
[1.154291] (send_num) StdoutLine: {'line': b'copying /youbot/build/send_num/build/lib/send_num/server_12.py -> /youbot/install/send_num/lib/python3.10/site-packages/send_num\n'}
[1.154392] (send_num) StdoutLine: {'line': b'copying /youbot/build/send_num/build/lib/send_num/send_on_youbot.py -> /youbot/install/send_num/lib/python3.10/site-packages/send_num\n'}
[1.154486] (send_num) StdoutLine: {'line': b'copying /youbot/build/send_num/build/lib/send_num/server_11.py -> /youbot/install/send_num/lib/python3.10/site-packages/send_num\n'}
[1.154646] (send_num) StdoutLine: {'line': b'copying /youbot/build/send_num/build/lib/send_num/pose_bridge_test.py -> /youbot/install/send_num/lib/python3.10/site-packages/send_num\n'}
[1.154776] (send_num) StdoutLine: {'line': b'copying /youbot/build/send_num/build/lib/send_num/__init__.py -> /youbot/install/send_num/lib/python3.10/site-packages/send_num\n'}
[1.154885] (send_num) StdoutLine: {'line': b'copying /youbot/build/send_num/build/lib/send_num/pose_bridge.py -> /youbot/install/send_num/lib/python3.10/site-packages/send_num\n'}
[1.155404] (send_num) StdoutLine: {'line': b'byte-compiling /youbot/install/send_num/lib/python3.10/site-packages/send_num/test_send.py to test_send.cpython-310.pyc\n'}
[1.155900] (send_num) StdoutLine: {'line': b'byte-compiling /youbot/install/send_num/lib/python3.10/site-packages/send_num/test_server_copy.py to test_server_copy.cpython-310.pyc\n'}
[1.156529] (send_num) StdoutLine: {'line': b'byte-compiling /youbot/install/send_num/lib/python3.10/site-packages/send_num/pose_bridge_down.py to pose_bridge_down.cpython-310.pyc\n'}
[1.158462] (send_num) StdoutLine: {'line': b'byte-compiling /youbot/install/send_num/lib/python3.10/site-packages/send_num/pose_camera_server.py to pose_camera_server.cpython-310.pyc\n'}
[1.158926] (send_num) StdoutLine: {'line': b'byte-compiling /youbot/install/send_num/lib/python3.10/site-packages/send_num/server_12.py to server_12.cpython-310.pyc\n'}
[1.159926] (send_num) StdoutLine: {'line': b'byte-compiling /youbot/install/send_num/lib/python3.10/site-packages/send_num/send_on_youbot.py to send_on_youbot.cpython-310.pyc\n'}
[1.160745] (send_num) StdoutLine: {'line': b'byte-compiling /youbot/install/send_num/lib/python3.10/site-packages/send_num/server_11.py to server_11.cpython-310.pyc\n'}
[1.161436] (send_num) StdoutLine: {'line': b'byte-compiling /youbot/install/send_num/lib/python3.10/site-packages/send_num/pose_bridge_test.py to pose_bridge_test.cpython-310.pyc\n'}
[1.162942] (send_num) StdoutLine: {'line': b'byte-compiling /youbot/install/send_num/lib/python3.10/site-packages/send_num/__init__.py to __init__.cpython-310.pyc\n'}
[1.163456] (send_num) StdoutLine: {'line': b'byte-compiling /youbot/install/send_num/lib/python3.10/site-packages/send_num/pose_bridge.py to pose_bridge.cpython-310.pyc\n'}
[1.164827] (send_num) StdoutLine: {'line': b'running install_data\n'}
[1.165021] (send_num) StdoutLine: {'line': b'creating /youbot/install/send_num/share/ament_index\n'}
[1.165119] (send_num) StdoutLine: {'line': b'creating /youbot/install/send_num/share/ament_index/resource_index\n'}
[1.165219] (send_num) StdoutLine: {'line': b'creating /youbot/install/send_num/share/ament_index/resource_index/packages\n'}
[1.165351] (send_num) StdoutLine: {'line': b'copying resource/send_num -> /youbot/install/send_num/share/ament_index/resource_index/packages\n'}
[1.165412] (send_num) StdoutLine: {'line': b'copying package.xml -> /youbot/install/send_num/share/send_num\n'}
[1.165470] (send_num) StdoutLine: {'line': b'running install_egg_info\n'}
[1.167266] (send_num) StdoutLine: {'line': b'Copying ../../build/send_num/send_num.egg-info to /youbot/install/send_num/lib/python3.10/site-packages/send_num-0.0.0-py3.10.egg-info\n'}
[1.168414] (send_num) StdoutLine: {'line': b'running install_scripts\n'}
[1.191493] (send_num) StdoutLine: {'line': b'Installing bridge script to /youbot/install/send_num/lib/send_num\n'}
[1.191671] (send_num) StdoutLine: {'line': b'Installing camera_server script to /youbot/install/send_num/lib/send_num\n'}
[1.192617] (send_num) StdoutLine: {'line': b'Installing on_youbot script to /youbot/install/send_num/lib/send_num\n'}
[1.192739] (send_num) StdoutLine: {'line': b'Installing send script to /youbot/install/send_num/lib/send_num\n'}
[1.192815] (send_num) StdoutLine: {'line': b'Installing test_bridge script to /youbot/install/send_num/lib/send_num\n'}
[1.192878] (send_num) StdoutLine: {'line': b'Installing test_server_copy script to /youbot/install/send_num/lib/send_num\n'}
[1.192979] (send_num) StdoutLine: {'line': b"writing list of installed files to '/youbot/build/send_num/install.log'\n"}
[1.199164] (youbot_description) StdoutLine: {'line': b'-- Configuring done\n'}
[1.200862] (youbot_description) StdoutLine: {'line': b'-- Generating done\n'}
[1.203084] (youbot_description) StdoutLine: {'line': b'-- Build files have been written to: /youbot/build/youbot_description\n'}
[1.203246] (-) TimerEvent: {}
[1.209942] (youbot_description) CommandEnded: {'returncode': 0}
[1.210510] (youbot_description) JobProgress: {'identifier': 'youbot_description', 'progress': 'build'}
[1.211778] (youbot_description) Command: {'cmd': ['/usr/bin/cmake', '--build', '/youbot/build/youbot_description', '--', '-j4', '-l4'], 'cwd': '/youbot/build/youbot_description', 'env': OrderedDict([('HOSTNAME', 'danil-H110M-S2PV'), ('SHLVL', '1'), ('LD_LIBRARY_PATH', '/opt/ros/humble/opt/rviz_ogre_vendor/lib:/opt/ros/humble/lib/x86_64-linux-gnu:/opt/ros/humble/lib'), ('HOME', '/root'), ('OLDPWD', '/youbot'), ('ROS_PYTHON_VERSION', '3'), ('ROS_DISTRO', 'humble'), ('_', '/usr/bin/colcon'), ('ROS_VERSION', '2'), ('NVIDIA_DRIVER_CAPABILITIES', 'graphics'), ('TERM', 'xterm'), ('ROS_LOCALHOST_ONLY', '0'), ('QT_X11_NO_MITSHM', '1'), ('PATH', '/opt/ros/humble/bin:/usr/local/sbin:/usr/local/bin:/usr/sbin:/usr/bin:/sbin:/bin'), ('DISPLAY', 'unix:1'), ('LANG', 'C.UTF-8'), ('ROS_DOMAIN_ID', '205'), ('AMENT_PREFIX_PATH', '/opt/ros/humble'), ('PWD', '/youbot/build/youbot_description'), ('LC_ALL', 'C.UTF-8'), ('PYTHONPATH', '/opt/ros/humble/lib/python3.10/site-packages:/opt/ros/humble/local/lib/python3.10/dist-packages'), ('NVIDIA_VISIBLE_DEVICES', 'all'), ('COLCON', '1'), ('CMAKE_PREFIX_PATH', '/opt/ros/humble')]), 'shell': False}
[1.222258] (send_num) CommandEnded: {'returncode': 0}
[1.241049] (send_num) JobEnded: {'identifier': 'send_num', 'rc': 0}
[1.258188] (youbot_description) CommandEnded: {'returncode': 0}
[1.258766] (youbot_description) JobProgress: {'identifier': 'youbot_description', 'progress': 'install'}
[1.269868] (youbot_description) Command: {'cmd': ['/usr/bin/cmake', '--install', '/youbot/build/youbot_description'], 'cwd': '/youbot/build/youbot_description', 'env': OrderedDict([('HOSTNAME', 'danil-H110M-S2PV'), ('SHLVL', '1'), ('LD_LIBRARY_PATH', '/opt/ros/humble/opt/rviz_ogre_vendor/lib:/opt/ros/humble/lib/x86_64-linux-gnu:/opt/ros/humble/lib'), ('HOME', '/root'), ('OLDPWD', '/youbot'), ('ROS_PYTHON_VERSION', '3'), ('ROS_DISTRO', 'humble'), ('_', '/usr/bin/colcon'), ('ROS_VERSION', '2'), ('NVIDIA_DRIVER_CAPABILITIES', 'graphics'), ('TERM', 'xterm'), ('ROS_LOCALHOST_ONLY', '0'), ('QT_X11_NO_MITSHM', '1'), ('PATH', '/opt/ros/humble/bin:/usr/local/sbin:/usr/local/bin:/usr/sbin:/usr/bin:/sbin:/bin'), ('DISPLAY', 'unix:1'), ('LANG', 'C.UTF-8'), ('ROS_DOMAIN_ID', '205'), ('AMENT_PREFIX_PATH', '/opt/ros/humble'), ('PWD', '/youbot/build/youbot_description'), ('LC_ALL', 'C.UTF-8'), ('PYTHONPATH', '/opt/ros/humble/lib/python3.10/site-packages:/opt/ros/humble/local/lib/python3.10/dist-packages'), ('NVIDIA_VISIBLE_DEVICES', 'all'), ('COLCON', '1'), ('CMAKE_PREFIX_PATH', '/opt/ros/humble')]), 'shell': False}
[1.278669] (youbot_description) StdoutLine: {'line': b'-- Install configuration: ""\n'}
[1.279038] (youbot_description) StdoutLine: {'line': b'-- Installing: /youbot/install/youbot_description/share/youbot_description/launch\n'}
[1.279241] (youbot_description) StdoutLine: {'line': b'-- Installing: /youbot/install/youbot_description/share/youbot_description/launch/rviz.launch.py\n'}
[1.279352] (youbot_description) StdoutLine: {'line': b'-- Installing: /youbot/install/youbot_description/share/youbot_description/rviz\n'}
[1.279440] (youbot_description) StdoutLine: {'line': b'-- Installing: /youbot/install/youbot_description/share/youbot_description/rviz/view.rviz\n'}
[1.279764] (youbot_description) StdoutLine: {'line': b'-- Installing: /youbot/install/youbot_description/share/youbot_description/urdf\n'}
[1.280009] (youbot_description) StdoutLine: {'line': b'-- Installing: /youbot/install/youbot_description/share/youbot_description/urdf/youbot.urdf\n'}
[1.280524] (youbot_description) StdoutLine: {'line': b'-- Installing: /youbot/install/youbot_description/share/youbot_description/meshes\n'}
[1.280630] (youbot_description) StdoutLine: {'line': b'-- Installing: /youbot/install/youbot_description/share/youbot_description/meshes/youbot_arm\n'}
[1.280735] (youbot_description) StdoutLine: {'line': b'-- Installing: /youbot/install/youbot_description/share/youbot_description/meshes/youbot_arm/arm_joint_5_convex.stl\n'}
[1.281570] (youbot_description) StdoutLine: {'line': b'-- Installing: /youbot/install/youbot_description/share/youbot_description/meshes/youbot_arm/arm2_convex.stl\n'}
[1.282554] (youbot_description) StdoutLine: {'line': b'-- Installing: /youbot/install/youbot_description/share/youbot_description/meshes/youbot_arm/arm_joint_2_convex.stl\n'}
[1.283475] (youbot_description) StdoutLine: {'line': b'-- Installing: /youbot/install/youbot_description/share/youbot_description/meshes/youbot_arm/arm0_convex.dae\n'}
[1.284211] (youbot_description) StdoutLine: {'line': b'-- Installing: /youbot/install/youbot_description/share/youbot_description/meshes/youbot_arm/arm2.dae\n'}
[1.286308] (youbot_description) StdoutLine: {'line': b'-- Installing: /youbot/install/youbot_description/share/youbot_description/meshes/youbot_arm/arm_joint_3_convex.stl_Zone.Identifier\n'}
[1.286606] (youbot_description) StdoutLine: {'line': b'-- Installing: /youbot/install/youbot_description/share/youbot_description/meshes/youbot_arm/arm_joint_3_convex.stl\n'}
[1.287477] (youbot_description) StdoutLine: {'line': b'-- Installing: /youbot/install/youbot_description/share/youbot_description/meshes/youbot_arm/arm4_convex.dae\n'}
[1.288763] (youbot_description) StdoutLine: {'line': b'-- Installing: /youbot/install/youbot_description/share/youbot_description/meshes/youbot_arm/arm2_convex.stl_Zone.Identifier\n'}
[1.288979] (youbot_description) StdoutLine: {'line': b'-- Installing: /youbot/install/youbot_description/share/youbot_description/meshes/youbot_arm/arm4.dae\n'}
[1.290709] (youbot_description) StdoutLine: {'line': b'-- Installing: /youbot/install/youbot_description/share/youbot_description/meshes/youbot_arm/arm5.dae\n'}
[1.291701] (youbot_description) StdoutLine: {'line': b'-- Installing: /youbot/install/youbot_description/share/youbot_description/meshes/youbot_arm/arm_joint_4_convex.stl_Zone.Identifier\n'}
[1.291886] (youbot_description) StdoutLine: {'line': b'-- Installing: /youbot/install/youbot_description/share/youbot_description/meshes/youbot_arm/arm0_convex.stl\n'}
[1.292423] (youbot_description) StdoutLine: {'line': b'-- Installing: /youbot/install/youbot_description/share/youbot_description/meshes/youbot_arm/arm0.dae\n'}
[1.294929] (youbot_description) StdoutLine: {'line': b'-- Installing: /youbot/install/youbot_description/share/youbot_description/meshes/youbot_arm/arm3_convex.dae\n'}
[1.295849] (youbot_description) StdoutLine: {'line': b'-- Installing: /youbot/install/youbot_description/share/youbot_description/meshes/youbot_arm/arm5_convex.dae\n'}
[1.296754] (youbot_description) StdoutLine: {'line': b'-- Installing: /youbot/install/youbot_description/share/youbot_description/meshes/youbot_arm/arm_joint_5_convex.stl_Zone.Identifier\n'}
[1.296951] (youbot_description) StdoutLine: {'line': b'-- Installing: /youbot/install/youbot_description/share/youbot_description/meshes/youbot_arm/arm1.dae\n'}
[1.301808] (youbot_description) StdoutLine: {'line': b'-- Installing: /youbot/install/youbot_description/share/youbot_description/meshes/youbot_arm/arm_joint_4_convex.stl\n'}
[1.302886] (youbot_description) StdoutLine: {'line': b'-- Installing: /youbot/install/youbot_description/share/youbot_description/meshes/youbot_arm/arm_joint_2_convex.stl_Zone.Identifier\n'}
[1.303056] (youbot_description) StdoutLine: {'line': b'-- Installing: /youbot/install/youbot_description/share/youbot_description/meshes/youbot_arm/arm0_convex.stl_Zone.Identifier\n'}
[1.303276] (youbot_description) StdoutLine: {'line': b'-- Installing: /youbot/install/youbot_description/share/youbot_description/meshes/youbot_arm/arm2_convex.dae\n'}
[1.303340] (-) TimerEvent: {}
[1.304637] (youbot_description) StdoutLine: {'line': b'-- Installing: /youbot/install/youbot_description/share/youbot_description/meshes/youbot_arm/arm3.dae\n'}
[1.307565] (youbot_description) StdoutLine: {'line': b'-- Installing: /youbot/install/youbot_description/share/youbot_description/meshes/youbot_arm/arm_joint_1_convex.stl\n'}
[1.308279] (youbot_description) StdoutLine: {'line': b'-- Installing: /youbot/install/youbot_description/share/youbot_description/meshes/youbot_arm/arm1_convex.dae\n'}
[1.309397] (youbot_description) StdoutLine: {'line': b'-- Installing: /youbot/install/youbot_description/share/youbot_description/meshes/youbot_arm/arm_joint_1_convex.stl_Zone.Identifier\n'}
[1.309505] (youbot_description) StdoutLine: {'line': b'-- Installing: /youbot/install/youbot_description/share/youbot_description/meshes/sensors\n'}
[1.309647] (youbot_description) StdoutLine: {'line': b'-- Installing: /youbot/install/youbot_description/share/youbot_description/meshes/sensors/kinect.tga\n'}
[1.310332] (youbot_description) StdoutLine: {'line': b'-- Installing: /youbot/install/youbot_description/share/youbot_description/meshes/sensors/hokuyo_convex.dae\n'}
[1.310746] (youbot_description) StdoutLine: {'line': b'-- Installing: /youbot/install/youbot_description/share/youbot_description/meshes/sensors/asus_xtion_pro_live_base.dae\n'}
[1.311647] (youbot_description) StdoutLine: {'line': b'-- Installing: /youbot/install/youbot_description/share/youbot_description/meshes/sensors/kinect.dae\n'}
[1.314537] (youbot_description) StdoutLine: {'line': b'-- Installing: /youbot/install/youbot_description/share/youbot_description/meshes/sensors/hokuyo.dae\n'}
[1.315851] (youbot_description) StdoutLine: {'line': b'-- Installing: /youbot/install/youbot_description/share/youbot_description/meshes/sensors/asus_xtion_pro_live_camera.dae\n'}
[1.317695] (youbot_description) StdoutLine: {'line': b'-- Installing: /youbot/install/youbot_description/share/youbot_description/meshes/sensors/microsoft_lifecam.dae\n'}
[1.319253] (youbot_description) StdoutLine: {'line': b'-- Installing: /youbot/install/youbot_description/share/youbot_description/meshes/sensors/asus_xtion_pro_live_base.png\n'}
[1.319654] (youbot_description) StdoutLine: {'line': b'-- Installing: /youbot/install/youbot_description/share/youbot_description/meshes/sensors/asus_xtion_pro_live_camera.png\n'}
[1.320000] (youbot_description) StdoutLine: {'line': b'-- Installing: /youbot/install/youbot_description/share/youbot_description/meshes/youbot_plate\n'}
[1.320127] (youbot_description) StdoutLine: {'line': b'-- Installing: /youbot/install/youbot_description/share/youbot_description/meshes/youbot_plate/plate_convex.dae\n'}
[1.320509] (youbot_description) StdoutLine: {'line': b'-- Installing: /youbot/install/youbot_description/share/youbot_description/meshes/youbot_plate/plate.dae\n'}
[1.323158] (youbot_description) StdoutLine: {'line': b'-- Installing: /youbot/install/youbot_description/share/youbot_description/meshes/youbot_plate/plate.stl\n'}
[1.326049] (youbot_description) StdoutLine: {'line': b'-- Installing: /youbot/install/youbot_description/share/youbot_description/meshes/youbot_base\n'}
[1.326219] (youbot_description) StdoutLine: {'line': b'-- Installing: /youbot/install/youbot_description/share/youbot_description/meshes/youbot_base/base_convex.stl\n'}
[1.326685] (youbot_description) StdoutLine: {'line': b'-- Installing: /youbot/install/youbot_description/share/youbot_description/meshes/youbot_base/base_convex.stl_Zone.Identifier\n'}
[1.326831] (youbot_description) StdoutLine: {'line': b'-- Installing: /youbot/install/youbot_description/share/youbot_description/meshes/youbot_base/front-right_wheel.dae_Zone.Identifier\n'}
[1.326930] (youbot_description) StdoutLine: {'line': b'-- Installing: /youbot/install/youbot_description/share/youbot_description/meshes/youbot_base/front-left_wheel.dae\n'}
[1.329572] (youbot_description) StdoutLine: {'line': b'-- Installing: /youbot/install/youbot_description/share/youbot_description/meshes/youbot_base/base.dae\n'}
[1.333318] (youbot_description) StdoutLine: {'line': b'-- Installing: /youbot/install/youbot_description/share/youbot_description/meshes/youbot_base/back-right_wheel.dae_Zone.Identifier\n'}
[1.333562] (youbot_description) StdoutLine: {'line': b'-- Installing: /youbot/install/youbot_description/share/youbot_description/meshes/youbot_base/front-right_wheel.dae\n'}
[1.336099] (youbot_description) StdoutLine: {'line': b'-- Installing: /youbot/install/youbot_description/share/youbot_description/meshes/youbot_base/back-left_wheel.dae_Zone.Identifier\n'}
[1.336319] (youbot_description) StdoutLine: {'line': b'-- Installing: /youbot/install/youbot_description/share/youbot_description/meshes/youbot_base/back-right_wheel.dae\n'}
[1.338332] (youbot_description) StdoutLine: {'line': b'-- Installing: /youbot/install/youbot_description/share/youbot_description/meshes/youbot_base/front-left_wheel.dae_Zone.Identifier\n'}
[1.338501] (youbot_description) StdoutLine: {'line': b'-- Installing: /youbot/install/youbot_description/share/youbot_description/meshes/youbot_base/base_convex.dae\n'}
[1.339055] (youbot_description) StdoutLine: {'line': b'-- Installing: /youbot/install/youbot_description/share/youbot_description/meshes/youbot_base/back-left_wheel.dae\n'}
[1.341568] (youbot_description) StdoutLine: {'line': b'-- Installing: /youbot/install/youbot_description/share/youbot_description/meshes/youbot_base/base_frame.dae_Zone.Identifier\n'}
[1.341754] (youbot_description) StdoutLine: {'line': b'-- Installing: /youbot/install/youbot_description/share/youbot_description/meshes/youbot_base/base_frame.dae\n'}
[1.344000] (youbot_description) StdoutLine: {'line': b'-- Installing: /youbot/install/youbot_description/share/youbot_description/meshes/youbot_gripper\n'}
[1.344118] (youbot_description) StdoutLine: {'line': b'-- Installing: /youbot/install/youbot_description/share/youbot_description/meshes/youbot_gripper/finger.dae\n'}
[1.345031] (youbot_description) StdoutLine: {'line': b'-- Installing: /youbot/install/youbot_description/share/youbot_description/meshes/youbot_gripper/finger_convex.dae\n'}
[1.345356] (youbot_description) StdoutLine: {'line': b'-- Installing: /youbot/install/youbot_description/share/youbot_description/meshes/youbot_gripper/palm_convex.dae\n'}
[1.346445] (youbot_description) StdoutLine: {'line': b'-- Installing: /youbot/install/youbot_description/share/youbot_description/meshes/youbot_gripper/palm.dae\n'}
[1.348111] (youbot_description) StdoutLine: {'line': b'-- Installing: /youbot/install/youbot_description/share/youbot_description/config\n'}
[1.348271] (youbot_description) StdoutLine: {'line': b'-- Installing: /youbot/install/youbot_description/share/youbot_description/config/youbot.yaml\n'}
[1.348744] (youbot_description) StdoutLine: {'line': b'-- Installing: /youbot/install/youbot_description/share/youbot_description/config/rviz.rviz\n'}
[1.349107] (youbot_description) StdoutLine: {'line': b'-- Installing: /youbot/install/youbot_description/share/youbot_description/sdf\n'}
[1.349348] (youbot_description) StdoutLine: {'line': b'-- Installing: /youbot/install/youbot_description/share/youbot_description/sdf/youbot\n'}
[1.349425] (youbot_description) StdoutLine: {'line': b'-- Installing: /youbot/install/youbot_description/share/youbot_description/sdf/youbot/model.config\n'}
[1.349708] (youbot_description) StdoutLine: {'line': b'-- Installing: /youbot/install/youbot_description/share/youbot_description/sdf/youbot/meshes\n'}
[1.349837] (youbot_description) StdoutLine: {'line': b'-- Installing: /youbot/install/youbot_description/share/youbot_description/sdf/youbot/meshes/gripper\n'}
[1.349939] (youbot_description) StdoutLine: {'line': b'-- Installing: /youbot/install/youbot_description/share/youbot_description/sdf/youbot/meshes/gripper/palm.stl\n'}
[1.351294] (youbot_description) StdoutLine: {'line': b'-- Installing: /youbot/install/youbot_description/share/youbot_description/sdf/youbot/meshes/gripper/palm_convex.stl\n'}
[1.352237] (youbot_description) StdoutLine: {'line': b'-- Installing: /youbot/install/youbot_description/share/youbot_description/sdf/youbot/meshes/gripper/finger_convex.stl\n'}
[1.352687] (youbot_description) StdoutLine: {'line': b'-- Installing: /youbot/install/youbot_description/share/youbot_description/sdf/youbot/meshes/gripper/finger.stl\n'}
[1.353405] (youbot_description) StdoutLine: {'line': b'-- Installing: /youbot/install/youbot_description/share/youbot_description/sdf/youbot/meshes/arm\n'}
[1.353529] (youbot_description) StdoutLine: {'line': b'-- Installing: /youbot/install/youbot_description/share/youbot_description/sdf/youbot/meshes/arm/arm2_convex.stl\n'}
[1.354683] (youbot_description) StdoutLine: {'line': b'-- Installing: /youbot/install/youbot_description/share/youbot_description/sdf/youbot/meshes/arm/arm2.dae\n'}
[1.356882] (youbot_description) StdoutLine: {'line': b'-- Installing: /youbot/install/youbot_description/share/youbot_description/sdf/youbot/meshes/arm/arm3_convex.stl\n'}
[1.357800] (youbot_description) StdoutLine: {'line': b'-- Installing: /youbot/install/youbot_description/share/youbot_description/sdf/youbot/meshes/arm/arm4.dae\n'}
[1.359583] (youbot_description) StdoutLine: {'line': b'-- Installing: /youbot/install/youbot_description/share/youbot_description/sdf/youbot/meshes/arm/arm5.dae\n'}
[1.360635] (youbot_description) StdoutLine: {'line': b'-- Installing: /youbot/install/youbot_description/share/youbot_description/sdf/youbot/meshes/arm/arm0_convex.stl\n'}
[1.361326] (youbot_description) StdoutLine: {'line': b'-- Installing: /youbot/install/youbot_description/share/youbot_description/sdf/youbot/meshes/arm/arm1_convex.stl\n'}
[1.361637] (youbot_description) StdoutLine: {'line': b'-- Installing: /youbot/install/youbot_description/share/youbot_description/sdf/youbot/meshes/arm/arm0.dae\n'}
[1.363726] (youbot_description) StdoutLine: {'line': b'-- Installing: /youbot/install/youbot_description/share/youbot_description/sdf/youbot/meshes/arm/arm1.dae\n'}
[1.368443] (youbot_description) StdoutLine: {'line': b'-- Installing: /youbot/install/youbot_description/share/youbot_description/sdf/youbot/meshes/arm/arm4_convex.stl\n'}
[1.369455] (youbot_description) StdoutLine: {'line': b'-- Installing: /youbot/install/youbot_description/share/youbot_description/sdf/youbot/meshes/arm/arm3.dae\n'}
[1.372278] (youbot_description) StdoutLine: {'line': b'-- Installing: /youbot/install/youbot_description/share/youbot_description/sdf/youbot/meshes/arm/arm5_convex.stl\n'}
[1.372994] (youbot_description) StdoutLine: {'line': b'-- Installing: /youbot/install/youbot_description/share/youbot_description/sdf/youbot/meshes/base\n'}
[1.373189] (youbot_description) StdoutLine: {'line': b'-- Installing: /youbot/install/youbot_description/share/youbot_description/sdf/youbot/meshes/base/base_convex.stl\n'}
[1.373332] (youbot_description) StdoutLine: {'line': b'-- Installing: /youbot/install/youbot_description/share/youbot_description/sdf/youbot/meshes/base/front-left_wheel.dae\n'}
[1.375867] (youbot_description) StdoutLine: {'line': b'-- Installing: /youbot/install/youbot_description/share/youbot_description/sdf/youbot/meshes/base/base.dae\n'}
[1.379598] (youbot_description) StdoutLine: {'line': b'-- Installing: /youbot/install/youbot_description/share/youbot_description/sdf/youbot/meshes/base/front-right_wheel.dae\n'}
[1.382500] (youbot_description) StdoutLine: {'line': b'-- Installing: /youbot/install/youbot_description/share/youbot_description/sdf/youbot/meshes/base/back-right_wheel.dae\n'}
[1.384887] (youbot_description) StdoutLine: {'line': b'-- Installing: /youbot/install/youbot_description/share/youbot_description/sdf/youbot/meshes/base/back-left_wheel.dae\n'}
[1.387195] (youbot_description) StdoutLine: {'line': b'-- Installing: /youbot/install/youbot_description/share/youbot_description/sdf/youbot/meshes/plate\n'}
[1.387408] (youbot_description) StdoutLine: {'line': b'-- Installing: /youbot/install/youbot_description/share/youbot_description/sdf/youbot/meshes/plate/plate.dae\n'}
[1.388267] (youbot_description) StdoutLine: {'line': b'-- Installing: /youbot/install/youbot_description/share/youbot_description/sdf/youbot/meshes/plate/plate_convex.stl\n'}
[1.388656] (youbot_description) StdoutLine: {'line': b'-- Installing: /youbot/install/youbot_description/share/youbot_description/sdf/youbot/materials\n'}
[1.388808] (youbot_description) StdoutLine: {'line': b'-- Installing: /youbot/install/youbot_description/share/youbot_description/sdf/youbot/materials/scripts\n'}
[1.388881] (youbot_description) StdoutLine: {'line': b'-- Installing: /youbot/install/youbot_description/share/youbot_description/sdf/youbot/materials/scripts/youbot.material\n'}
[1.389075] (youbot_description) StdoutLine: {'line': b'-- Installing: /youbot/install/youbot_description/share/youbot_description/sdf/youbot/model.sdf\n'}
[1.389877] (youbot_description) StdoutLine: {'line': b'-- Installing: /youbot/install/youbot_description/share/youbot_description/worlds\n'}
[1.390041] (youbot_description) StdoutLine: {'line': b'-- Installing: /youbot/install/youbot_description/share/ament_index/resource_index/package_run_dependencies/youbot_description\n'}
[1.390281] (youbot_description) StdoutLine: {'line': b'-- Installing: /youbot/install/youbot_description/share/ament_index/resource_index/parent_prefix_path/youbot_description\n'}
[1.390479] (youbot_description) StdoutLine: {'line': b'-- Installing: /youbot/install/youbot_description/share/youbot_description/environment/ament_prefix_path.sh\n'}
[1.390628] (youbot_description) StdoutLine: {'line': b'-- Installing: /youbot/install/youbot_description/share/youbot_description/environment/ament_prefix_path.dsv\n'}
[1.390771] (youbot_description) StdoutLine: {'line': b'-- Installing: /youbot/install/youbot_description/share/youbot_description/environment/path.sh\n'}
[1.390857] (youbot_description) StdoutLine: {'line': b'-- Installing: /youbot/install/youbot_description/share/youbot_description/environment/path.dsv\n'}
[1.391002] (youbot_description) StdoutLine: {'line': b'-- Installing: /youbot/install/youbot_description/share/youbot_description/local_setup.bash\n'}
[1.391185] (youbot_description) StdoutLine: {'line': b'-- Installing: /youbot/install/youbot_description/share/youbot_description/local_setup.sh\n'}
[1.391333] (youbot_description) StdoutLine: {'line': b'-- Installing: /youbot/install/youbot_description/share/youbot_description/local_setup.zsh\n'}
[1.391521] (youbot_description) StdoutLine: {'line': b'-- Installing: /youbot/install/youbot_description/share/youbot_description/local_setup.dsv\n'}
[1.391669] (youbot_description) StdoutLine: {'line': b'-- Installing: /youbot/install/youbot_description/share/youbot_description/package.dsv\n'}
[1.391846] (youbot_description) StdoutLine: {'line': b'-- Installing: /youbot/install/youbot_description/share/ament_index/resource_index/packages/youbot_description\n'}
[1.392004] (youbot_description) StdoutLine: {'line': b'-- Installing: /youbot/install/youbot_description/share/youbot_description/cmake/youbot_descriptionConfig.cmake\n'}
[1.392138] (youbot_description) StdoutLine: {'line': b'-- Installing: /youbot/install/youbot_description/share/youbot_description/cmake/youbot_descriptionConfig-version.cmake\n'}
[1.392297] (youbot_description) StdoutLine: {'line': b'-- Installing: /youbot/install/youbot_description/share/youbot_description/package.xml\n'}
[1.394845] (youbot_description) CommandEnded: {'returncode': 0}
[1.403527] (-) TimerEvent: {}
[1.408562] (youbot_description) JobEnded: {'identifier': 'youbot_description', 'rc': 0}
[1.409202] (youbot_moveit) JobStarted: {'identifier': 'youbot_moveit'}
[1.416917] (youbot_moveit) JobProgress: {'identifier': 'youbot_moveit', 'progress': 'cmake'}
[1.419169] (youbot_moveit) Command: {'cmd': ['/usr/bin/cmake', '/youbot/src/youbot_moveit', '-DCMAKE_INSTALL_PREFIX=/youbot/install/youbot_moveit'], 'cwd': '/youbot/build/youbot_moveit', 'env': OrderedDict([('HOSTNAME', 'danil-H110M-S2PV'), ('SHLVL', '1'), ('LD_LIBRARY_PATH', '/opt/ros/humble/opt/rviz_ogre_vendor/lib:/opt/ros/humble/lib/x86_64-linux-gnu:/opt/ros/humble/lib'), ('HOME', '/root'), ('OLDPWD', '/youbot'), ('ROS_PYTHON_VERSION', '3'), ('ROS_DISTRO', 'humble'), ('_', '/usr/bin/colcon'), ('ROS_VERSION', '2'), ('NVIDIA_DRIVER_CAPABILITIES', 'graphics'), ('TERM', 'xterm'), ('ROS_LOCALHOST_ONLY', '0'), ('QT_X11_NO_MITSHM', '1'), ('PATH', '/opt/ros/humble/bin:/usr/local/sbin:/usr/local/bin:/usr/sbin:/usr/bin:/sbin:/bin'), ('DISPLAY', 'unix:1'), ('LANG', 'C.UTF-8'), ('ROS_DOMAIN_ID', '205'), ('AMENT_PREFIX_PATH', '/youbot/install/youbot_description:/opt/ros/humble'), ('PWD', '/youbot/build/youbot_moveit'), ('LC_ALL', 'C.UTF-8'), ('PYTHONPATH', '/opt/ros/humble/lib/python3.10/site-packages:/opt/ros/humble/local/lib/python3.10/dist-packages'), ('NVIDIA_VISIBLE_DEVICES', 'all'), ('COLCON', '1'), ('CMAKE_PREFIX_PATH', '/youbot/install/youbot_description:/opt/ros/humble')]), 'shell': False}
[1.481327] (youbot_moveit) StdoutLine: {'line': b'-- The C compiler identification is GNU 11.4.0\n'}
[1.503656] (-) TimerEvent: {}
[1.546580] (youbot_moveit) StdoutLine: {'line': b'-- The CXX compiler identification is GNU 11.4.0\n'}
[1.554744] (youbot_moveit) StdoutLine: {'line': b'-- Detecting C compiler ABI info\n'}
[1.603785] (-) TimerEvent: {}
[1.630867] (youbot_moveit) StdoutLine: {'line': b'-- Detecting C compiler ABI info - done\n'}
[1.638963] (youbot_moveit) StdoutLine: {'line': b'-- Check for working C compiler: /usr/bin/cc - skipped\n'}
[1.639253] (youbot_moveit) StdoutLine: {'line': b'-- Detecting C compile features\n'}
[1.639654] (youbot_moveit) StdoutLine: {'line': b'-- Detecting C compile features - done\n'}
[1.642873] (youbot_moveit) StdoutLine: {'line': b'-- Detecting CXX compiler ABI info\n'}
[1.703912] (-) TimerEvent: {}
[1.733505] (youbot_moveit) StdoutLine: {'line': b'-- Detecting CXX compiler ABI info - done\n'}
[1.742463] (youbot_moveit) StdoutLine: {'line': b'-- Check for working CXX compiler: /usr/bin/c++ - skipped\n'}
[1.742800] (youbot_moveit) StdoutLine: {'line': b'-- Detecting CXX compile features\n'}
[1.743290] (youbot_moveit) StdoutLine: {'line': b'-- Detecting CXX compile features - done\n'}
[1.747606] (youbot_moveit) StdoutLine: {'line': b'-- Found ament_cmake: 1.3.11 (/opt/ros/humble/share/ament_cmake/cmake)\n'}
[1.803998] (-) TimerEvent: {}
[1.904297] (-) TimerEvent: {}
[1.923420] (youbot_moveit) StdoutLine: {'line': b'-- Found Python3: /usr/bin/python3 (found version "3.10.12") found components: Interpreter \n'}
[2.004406] (-) TimerEvent: {}
[2.054725] (youbot_moveit) StdoutLine: {'line': b'-- Found rclcpp: 16.0.12 (/opt/ros/humble/share/rclcpp/cmake)\n'}
[2.104531] (-) TimerEvent: {}
[2.143707] (youbot_moveit) StdoutLine: {'line': b'-- Found rosidl_generator_c: 3.1.6 (/opt/ros/humble/share/rosidl_generator_c/cmake)\n'}
[2.156225] (youbot_moveit) StdoutLine: {'line': b'-- Found rosidl_adapter: 3.1.6 (/opt/ros/humble/share/rosidl_adapter/cmake)\n'}
[2.175094] (youbot_moveit) StdoutLine: {'line': b'-- Found rosidl_generator_cpp: 3.1.6 (/opt/ros/humble/share/rosidl_generator_cpp/cmake)\n'}
[2.199645] (youbot_moveit) StdoutLine: {'line': b'-- Using all available rosidl_typesupport_c: rosidl_typesupport_fastrtps_c;rosidl_typesupport_introspection_c\n'}
[2.204627] (-) TimerEvent: {}
[2.228434] (youbot_moveit) StdoutLine: {'line': b'-- Using all available rosidl_typesupport_cpp: rosidl_typesupport_fastrtps_cpp;rosidl_typesupport_introspection_cpp\n'}
[2.304747] (-) TimerEvent: {}
[2.318723] (youbot_moveit) StdoutLine: {'line': b'-- Found rmw_implementation_cmake: 6.1.2 (/opt/ros/humble/share/rmw_implementation_cmake/cmake)\n'}
[2.325098] (youbot_moveit) StdoutLine: {'line': b'-- Found rmw_fastrtps_cpp: 6.2.7 (/opt/ros/humble/share/rmw_fastrtps_cpp/cmake)\n'}
[2.404876] (-) TimerEvent: {}
[2.470340] (youbot_moveit) StdoutLine: {'line': b'-- Found OpenSSL: /usr/lib/x86_64-linux-gnu/libcrypto.so (found version "3.0.2")  \n'}
[2.504996] (-) TimerEvent: {}
[2.508403] (youbot_moveit) StdoutLine: {'line': b'-- Found FastRTPS: /opt/ros/humble/include  \n'}
[2.567381] (youbot_moveit) StdoutLine: {'line': b"-- Using RMW implementation 'rmw_fastrtps_cpp' as default\n"}
[2.588136] (youbot_moveit) StdoutLine: {'line': b'-- Looking for pthread.h\n'}
[2.605163] (-) TimerEvent: {}
[2.683334] (youbot_moveit) StdoutLine: {'line': b'-- Looking for pthread.h - found\n'}
[2.683492] (youbot_moveit) StdoutLine: {'line': b'-- Performing Test CMAKE_HAVE_LIBC_PTHREAD\n'}
[2.705258] (-) TimerEvent: {}
[2.769947] (youbot_moveit) StdoutLine: {'line': b'-- Performing Test CMAKE_HAVE_LIBC_PTHREAD - Success\n'}
[2.770136] (youbot_moveit) StdoutLine: {'line': b'-- Found Threads: TRUE  \n'}
[2.805353] (-) TimerEvent: {}
[2.905600] (-) TimerEvent: {}
[2.979365] (youbot_moveit) StdoutLine: {'line': b'-- Found moveit_ros_planning_interface: 2.5.9 (/opt/ros/humble/share/moveit_ros_planning_interface/cmake)\n'}
[3.005722] (-) TimerEvent: {}
[3.033172] (youbot_moveit) StdoutLine: {'line': b'-- Found Boost: /usr/lib/x86_64-linux-gnu/cmake/Boost-1.74.0/BoostConfig.cmake (found version "1.74.0") found components: date_time filesystem program_options system thread \n'}
[3.108127] (-) TimerEvent: {}
[3.208426] (-) TimerEvent: {}
[3.308743] (-) TimerEvent: {}
[3.328036] (youbot_moveit) StdoutLine: {'line': b'-- Found Boost: /usr/lib/x86_64-linux-gnu/cmake/Boost-1.74.0/BoostConfig.cmake (found version "1.74.0") found components: chrono date_time filesystem iostreams program_options regex serialization system thread \n'}
[3.403046] (youbot_moveit) StdoutLine: {'line': b'-- Found parameter_traits: 0.4.0 (/opt/ros/humble/share/parameter_traits/cmake)\n'}
[3.408861] (-) TimerEvent: {}
[3.425894] (youbot_moveit) StdoutLine: {'line': b'-- Found Eigen3: TRUE (found version "3.4.0") \n'}
[3.431618] (youbot_moveit) StdoutLine: {'line': b'-- Found rclcpp_lifecycle: 16.0.12 (/opt/ros/humble/share/rclcpp_lifecycle/cmake)\n'}
[3.478524] (youbot_moveit) StdoutLine: {'line': b'-- Found Boost: /usr/lib/x86_64-linux-gnu/cmake/Boost-1.74.0/BoostConfig.cmake (found version "1.74.0") found components: filesystem \n'}
[3.509159] (-) TimerEvent: {}
[3.603299] (youbot_moveit) StdoutLine: {'line': b'-- library: /usr/lib/x86_64-linux-gnu/libcurl.so\n'}
[3.609228] (-) TimerEvent: {}
[3.657980] (youbot_moveit) StdoutLine: {'line': b'-- Ensuring Eigen3 include directory is part of orocos-kdl CMake target\n'}
[3.709348] (-) TimerEvent: {}
[3.809635] (-) TimerEvent: {}
[3.908135] (youbot_moveit) StdoutLine: {'line': b'-- Found Boost: /usr/lib/x86_64-linux-gnu/cmake/Boost-1.74.0/BoostConfig.cmake (found version "1.74.0") found components: system filesystem date_time program_options thread chrono \n'}
[3.909710] (-) TimerEvent: {}
[3.955465] (youbot_moveit) StdoutLine: {'line': b'-- Found Boost: /usr/lib/x86_64-linux-gnu/cmake/Boost-1.74.0/BoostConfig.cmake (found version "1.74.0") found components: thread system filesystem regex date_time program_options \n'}
[3.990654] (youbot_moveit) StdoutLine: {'line': b'-- Found Boost: /usr/lib/x86_64-linux-gnu/cmake/Boost-1.74.0/BoostConfig.cmake (found version "1.74.0") found components: system filesystem date_time program_options thread \n'}
[4.009808] (-) TimerEvent: {}
[4.039496] (youbot_moveit) StdoutLine: {'line': b'-- Found nav_msgs: 4.8.0 (/opt/ros/humble/share/nav_msgs/cmake)\n'}
[4.072684] (youbot_moveit) StdoutLine: {'line': b'-- Found graph_msgs: 0.2.0 (/opt/ros/humble/share/graph_msgs/cmake)\n'}
[4.109926] (-) TimerEvent: {}
[4.172455] (youbot_moveit) StdoutLine: {'line': b'-- Configuring done\n'}
[4.210048] (-) TimerEvent: {}
[4.235227] (youbot_moveit) StdoutLine: {'line': b'-- Generating done\n'}
[4.244611] (youbot_moveit) StdoutLine: {'line': b'-- Build files have been written to: /youbot/build/youbot_moveit\n'}
[4.260268] (youbot_moveit) CommandEnded: {'returncode': 0}
[4.260919] (youbot_moveit) JobProgress: {'identifier': 'youbot_moveit', 'progress': 'build'}
[4.261468] (youbot_moveit) Command: {'cmd': ['/usr/bin/cmake', '--build', '/youbot/build/youbot_moveit', '--', '-j4', '-l4'], 'cwd': '/youbot/build/youbot_moveit', 'env': OrderedDict([('HOSTNAME', 'danil-H110M-S2PV'), ('SHLVL', '1'), ('LD_LIBRARY_PATH', '/opt/ros/humble/opt/rviz_ogre_vendor/lib:/opt/ros/humble/lib/x86_64-linux-gnu:/opt/ros/humble/lib'), ('HOME', '/root'), ('OLDPWD', '/youbot'), ('ROS_PYTHON_VERSION', '3'), ('ROS_DISTRO', 'humble'), ('_', '/usr/bin/colcon'), ('ROS_VERSION', '2'), ('NVIDIA_DRIVER_CAPABILITIES', 'graphics'), ('TERM', 'xterm'), ('ROS_LOCALHOST_ONLY', '0'), ('QT_X11_NO_MITSHM', '1'), ('PATH', '/opt/ros/humble/bin:/usr/local/sbin:/usr/local/bin:/usr/sbin:/usr/bin:/sbin:/bin'), ('DISPLAY', 'unix:1'), ('LANG', 'C.UTF-8'), ('ROS_DOMAIN_ID', '205'), ('AMENT_PREFIX_PATH', '/youbot/install/youbot_description:/opt/ros/humble'), ('PWD', '/youbot/build/youbot_moveit'), ('LC_ALL', 'C.UTF-8'), ('PYTHONPATH', '/opt/ros/humble/lib/python3.10/site-packages:/opt/ros/humble/local/lib/python3.10/dist-packages'), ('NVIDIA_VISIBLE_DEVICES', 'all'), ('COLCON', '1'), ('CMAKE_PREFIX_PATH', '/youbot/install/youbot_description:/opt/ros/humble')]), 'shell': False}
[4.310323] (-) TimerEvent: {}
[4.327694] (youbot_moveit) StdoutLine: {'line': b'[ 50%] \x1b[32mBuilding CXX object CMakeFiles/script.dir/scripts/script.cpp.o\x1b[0m\n'}
[4.410458] (-) TimerEvent: {}
[4.510760] (-) TimerEvent: {}
[4.611060] (-) TimerEvent: {}
[4.711380] (-) TimerEvent: {}
[4.811620] (-) TimerEvent: {}
[4.911905] (-) TimerEvent: {}
[5.012153] (-) TimerEvent: {}
[5.112513] (-) TimerEvent: {}
[5.212825] (-) TimerEvent: {}
[5.313124] (-) TimerEvent: {}
[5.413425] (-) TimerEvent: {}
[5.513731] (-) TimerEvent: {}
[5.614013] (-) TimerEvent: {}
[5.714257] (-) TimerEvent: {}
[5.814515] (-) TimerEvent: {}
[5.914796] (-) TimerEvent: {}
[6.015140] (-) TimerEvent: {}
[6.115392] (-) TimerEvent: {}
[6.215663] (-) TimerEvent: {}
[6.315976] (-) TimerEvent: {}
[6.416275] (-) TimerEvent: {}
[6.516579] (-) TimerEvent: {}
[6.616866] (-) TimerEvent: {}
[6.717147] (-) TimerEvent: {}
[6.817446] (-) TimerEvent: {}
[6.917751] (-) TimerEvent: {}
[7.018070] (-) TimerEvent: {}
[7.118795] (-) TimerEvent: {}
[7.219438] (-) TimerEvent: {}
[7.319705] (-) TimerEvent: {}
[7.420208] (-) TimerEvent: {}
[7.520773] (-) TimerEvent: {}
[7.621109] (-) TimerEvent: {}
[7.721446] (-) TimerEvent: {}
[7.821733] (-) TimerEvent: {}
[7.922031] (-) TimerEvent: {}
[8.022434] (-) TimerEvent: {}
[8.122779] (-) TimerEvent: {}
[8.223088] (-) TimerEvent: {}
[8.323391] (-) TimerEvent: {}
[8.423703] (-) TimerEvent: {}
[8.524070] (-) TimerEvent: {}
[8.624337] (-) TimerEvent: {}
[8.724605] (-) TimerEvent: {}
[8.824872] (-) TimerEvent: {}
[8.925118] (-) TimerEvent: {}
[9.025756] (-) TimerEvent: {}
[9.126095] (-) TimerEvent: {}
[9.226399] (-) TimerEvent: {}
[9.326706] (-) TimerEvent: {}
[9.427005] (-) TimerEvent: {}
[9.527324] (-) TimerEvent: {}
[9.627590] (-) TimerEvent: {}
[9.728037] (-) TimerEvent: {}
[9.828322] (-) TimerEvent: {}
[9.928701] (-) TimerEvent: {}
[10.029139] (-) TimerEvent: {}
[10.129425] (-) TimerEvent: {}
[10.229684] (-) TimerEvent: {}
[10.329982] (-) TimerEvent: {}
[10.430276] (-) TimerEvent: {}
[10.530591] (-) TimerEvent: {}
[10.630895] (-) TimerEvent: {}
[10.731146] (-) TimerEvent: {}
[10.831444] (-) TimerEvent: {}
[10.931732] (-) TimerEvent: {}
[11.032015] (-) TimerEvent: {}
[11.132320] (-) TimerEvent: {}
[11.232603] (-) TimerEvent: {}
[11.332899] (-) TimerEvent: {}
[11.433410] (-) TimerEvent: {}
[11.533720] (-) TimerEvent: {}
[11.633992] (-) TimerEvent: {}
[11.734308] (-) TimerEvent: {}
[11.834601] (-) TimerEvent: {}
[11.934902] (-) TimerEvent: {}
[12.035156] (-) TimerEvent: {}
[12.135451] (-) TimerEvent: {}
[12.235753] (-) TimerEvent: {}
[12.336068] (-) TimerEvent: {}
[12.436422] (-) TimerEvent: {}
[12.536717] (-) TimerEvent: {}
[12.637013] (-) TimerEvent: {}
[12.737302] (-) TimerEvent: {}
[12.837589] (-) TimerEvent: {}
[12.937884] (-) TimerEvent: {}
[13.038128] (-) TimerEvent: {}
[13.138414] (-) TimerEvent: {}
[13.239128] (-) TimerEvent: {}
[13.339396] (-) TimerEvent: {}
[13.439902] (-) TimerEvent: {}
[13.540195] (-) TimerEvent: {}
[13.640499] (-) TimerEvent: {}
[13.741453] (-) TimerEvent: {}
[13.841750] (-) TimerEvent: {}
[13.942021] (-) TimerEvent: {}
[14.042365] (-) TimerEvent: {}
[14.142793] (-) TimerEvent: {}
[14.243316] (-) TimerEvent: {}
[14.343592] (-) TimerEvent: {}
[14.443874] (-) TimerEvent: {}
[14.544385] (-) TimerEvent: {}
[14.644690] (-) TimerEvent: {}
[14.744966] (-) TimerEvent: {}
[14.845265] (-) TimerEvent: {}
[14.945547] (-) TimerEvent: {}
[15.045942] (-) TimerEvent: {}
[15.146242] (-) TimerEvent: {}
[15.246525] (-) TimerEvent: {}
[15.346823] (-) TimerEvent: {}
[15.447156] (-) TimerEvent: {}
[15.547464] (-) TimerEvent: {}
[15.647786] (-) TimerEvent: {}
[15.748075] (-) TimerEvent: {}
[15.848350] (-) TimerEvent: {}
[15.948684] (-) TimerEvent: {}
[16.048953] (-) TimerEvent: {}
[16.149241] (-) TimerEvent: {}
[16.249530] (-) TimerEvent: {}
[16.349827] (-) TimerEvent: {}
[16.450161] (-) TimerEvent: {}
[16.551303] (-) TimerEvent: {}
[16.651622] (-) TimerEvent: {}
[16.751923] (-) TimerEvent: {}
[16.852209] (-) TimerEvent: {}
[16.952474] (-) TimerEvent: {}
[17.052780] (-) TimerEvent: {}
[17.153038] (-) TimerEvent: {}
[17.253317] (-) TimerEvent: {}
[17.353589] (-) TimerEvent: {}
[17.453879] (-) TimerEvent: {}
[17.554144] (-) TimerEvent: {}
[17.654389] (-) TimerEvent: {}
[17.754719] (-) TimerEvent: {}
[17.854962] (-) TimerEvent: {}
[17.955257] (-) TimerEvent: {}
[18.055615] (-) TimerEvent: {}
[18.155932] (-) TimerEvent: {}
[18.256236] (-) TimerEvent: {}
[18.356544] (-) TimerEvent: {}
[18.456841] (-) TimerEvent: {}
[18.557287] (-) TimerEvent: {}
[18.657544] (-) TimerEvent: {}
[18.757830] (-) TimerEvent: {}
[18.858139] (-) TimerEvent: {}
[18.958418] (-) TimerEvent: {}
[19.058716] (-) TimerEvent: {}
[19.159221] (-) TimerEvent: {}
[19.259592] (-) TimerEvent: {}
[19.359860] (-) TimerEvent: {}
[19.421468] (youbot_moveit) StdoutLine: {'line': b'[100%] \x1b[32m\x1b[1mLinking CXX executable script\x1b[0m\n'}
[19.459967] (-) TimerEvent: {}
[19.560245] (-) TimerEvent: {}
[19.660513] (-) TimerEvent: {}
[19.760873] (-) TimerEvent: {}
[19.861133] (-) TimerEvent: {}
[19.963552] (-) TimerEvent: {}
[20.063905] (-) TimerEvent: {}
[20.164164] (-) TimerEvent: {}
[20.264793] (-) TimerEvent: {}
[20.365130] (-) TimerEvent: {}
[20.465419] (-) TimerEvent: {}
[20.565741] (-) TimerEvent: {}
[20.653674] (youbot_moveit) StdoutLine: {'line': b'[100%] Built target script\n'}
[20.665859] (-) TimerEvent: {}
[20.668368] (youbot_moveit) CommandEnded: {'returncode': 0}
[20.669233] (youbot_moveit) JobProgress: {'identifier': 'youbot_moveit', 'progress': 'install'}
[20.669724] (youbot_moveit) Command: {'cmd': ['/usr/bin/cmake', '--install', '/youbot/build/youbot_moveit'], 'cwd': '/youbot/build/youbot_moveit', 'env': OrderedDict([('HOSTNAME', 'danil-H110M-S2PV'), ('SHLVL', '1'), ('LD_LIBRARY_PATH', '/opt/ros/humble/opt/rviz_ogre_vendor/lib:/opt/ros/humble/lib/x86_64-linux-gnu:/opt/ros/humble/lib'), ('HOME', '/root'), ('OLDPWD', '/youbot'), ('ROS_PYTHON_VERSION', '3'), ('ROS_DISTRO', 'humble'), ('_', '/usr/bin/colcon'), ('ROS_VERSION', '2'), ('NVIDIA_DRIVER_CAPABILITIES', 'graphics'), ('TERM', 'xterm'), ('ROS_LOCALHOST_ONLY', '0'), ('QT_X11_NO_MITSHM', '1'), ('PATH', '/opt/ros/humble/bin:/usr/local/sbin:/usr/local/bin:/usr/sbin:/usr/bin:/sbin:/bin'), ('DISPLAY', 'unix:1'), ('LANG', 'C.UTF-8'), ('ROS_DOMAIN_ID', '205'), ('AMENT_PREFIX_PATH', '/youbot/install/youbot_description:/opt/ros/humble'), ('PWD', '/youbot/build/youbot_moveit'), ('LC_ALL', 'C.UTF-8'), ('PYTHONPATH', '/opt/ros/humble/lib/python3.10/site-packages:/opt/ros/humble/local/lib/python3.10/dist-packages'), ('NVIDIA_VISIBLE_DEVICES', 'all'), ('COLCON', '1'), ('CMAKE_PREFIX_PATH', '/youbot/install/youbot_description:/opt/ros/humble')]), 'shell': False}
[20.678868] (youbot_moveit) StdoutLine: {'line': b'-- Install configuration: ""\n'}
[20.679213] (youbot_moveit) StdoutLine: {'line': b'-- Installing: /youbot/install/youbot_moveit/share/ament_index/resource_index/package_run_dependencies/youbot_moveit\n'}
[20.680167] (youbot_moveit) StdoutLine: {'line': b'-- Installing: /youbot/install/youbot_moveit/share/ament_index/resource_index/parent_prefix_path/youbot_moveit\n'}
[20.680290] (youbot_moveit) StdoutLine: {'line': b'-- Installing: /youbot/install/youbot_moveit/share/youbot_moveit/environment/ament_prefix_path.sh\n'}
[20.680362] (youbot_moveit) StdoutLine: {'line': b'-- Installing: /youbot/install/youbot_moveit/share/youbot_moveit/environment/ament_prefix_path.dsv\n'}
[20.680427] (youbot_moveit) StdoutLine: {'line': b'-- Installing: /youbot/install/youbot_moveit/share/youbot_moveit/environment/path.sh\n'}
[20.680507] (youbot_moveit) StdoutLine: {'line': b'-- Installing: /youbot/install/youbot_moveit/share/youbot_moveit/environment/path.dsv\n'}
[20.680624] (youbot_moveit) StdoutLine: {'line': b'-- Installing: /youbot/install/youbot_moveit/share/youbot_moveit/local_setup.bash\n'}
[20.680702] (youbot_moveit) StdoutLine: {'line': b'-- Installing: /youbot/install/youbot_moveit/share/youbot_moveit/local_setup.sh\n'}
[20.680763] (youbot_moveit) StdoutLine: {'line': b'-- Installing: /youbot/install/youbot_moveit/share/youbot_moveit/local_setup.zsh\n'}
[20.680870] (youbot_moveit) StdoutLine: {'line': b'-- Installing: /youbot/install/youbot_moveit/share/youbot_moveit/local_setup.dsv\n'}
[20.680937] (youbot_moveit) StdoutLine: {'line': b'-- Installing: /youbot/install/youbot_moveit/share/youbot_moveit/package.dsv\n'}
[20.681082] (youbot_moveit) StdoutLine: {'line': b'-- Installing: /youbot/install/youbot_moveit/share/ament_index/resource_index/packages/youbot_moveit\n'}
[20.681388] (youbot_moveit) StdoutLine: {'line': b'-- Installing: /youbot/install/youbot_moveit/share/youbot_moveit/cmake/youbot_moveitConfig.cmake\n'}
[20.681592] (youbot_moveit) StdoutLine: {'line': b'-- Installing: /youbot/install/youbot_moveit/share/youbot_moveit/cmake/youbot_moveitConfig-version.cmake\n'}
[20.681765] (youbot_moveit) StdoutLine: {'line': b'-- Installing: /youbot/install/youbot_moveit/share/youbot_moveit/package.xml\n'}
[20.681967] (youbot_moveit) StdoutLine: {'line': b'-- Installing: /youbot/install/youbot_moveit/lib/youbot_moveit/script\n'}
[20.686367] (youbot_moveit) StdoutLine: {'line': b'-- Set runtime path of "/youbot/install/youbot_moveit/lib/youbot_moveit/script" to ""\n'}
[20.686642] (youbot_moveit) StdoutLine: {'line': b'-- Installing: /youbot/install/youbot_moveit/share/youbot_moveit/launch\n'}
[20.686749] (youbot_moveit) StdoutLine: {'line': b'-- Installing: /youbot/install/youbot_moveit/share/youbot_moveit/launch/warehouse_db.launch.py\n'}
[20.686848] (youbot_moveit) StdoutLine: {'line': b'-- Installing: /youbot/install/youbot_moveit/share/youbot_moveit/launch/spawn_controllers.launch.py\n'}
[20.686943] (youbot_moveit) StdoutLine: {'line': b'-- Installing: /youbot/install/youbot_moveit/share/youbot_moveit/launch/rsp.launch.py\n'}
[20.687024] (youbot_moveit) StdoutLine: {'line': b'-- Installing: /youbot/install/youbot_moveit/share/youbot_moveit/launch/demo.launch.py\n'}
[20.687095] (youbot_moveit) StdoutLine: {'line': b'-- Installing: /youbot/install/youbot_moveit/share/youbot_moveit/launch/moveit_rviz.launch.py\n'}
[20.687272] (youbot_moveit) StdoutLine: {'line': b'-- Installing: /youbot/install/youbot_moveit/share/youbot_moveit/launch/move_group.launch.py\n'}
[20.687478] (youbot_moveit) StdoutLine: {'line': b'-- Installing: /youbot/install/youbot_moveit/share/youbot_moveit/launch/setup_assistant.launch.py\n'}
[20.687570] (youbot_moveit) StdoutLine: {'line': b'-- Installing: /youbot/install/youbot_moveit/share/youbot_moveit/launch/static_virtual_joint_tfs.launch.py\n'}
[20.687665] (youbot_moveit) StdoutLine: {'line': b'-- Installing: /youbot/install/youbot_moveit/share/youbot_moveit/config\n'}
[20.687757] (youbot_moveit) StdoutLine: {'line': b'-- Installing: /youbot/install/youbot_moveit/share/youbot_moveit/config/moveit.rviz\n'}
[20.688535] (youbot_moveit) StdoutLine: {'line': b'-- Installing: /youbot/install/youbot_moveit/share/youbot_moveit/config/youbot.ros2_control.xacro\n'}
[20.688912] (youbot_moveit) StdoutLine: {'line': b'-- Installing: /youbot/install/youbot_moveit/share/youbot_moveit/config/joint_limits.yaml\n'}
[20.689260] (youbot_moveit) StdoutLine: {'line': b'-- Installing: /youbot/install/youbot_moveit/share/youbot_moveit/config/youbot.urdf.xacro\n'}
[20.689545] (youbot_moveit) StdoutLine: {'line': b'-- Installing: /youbot/install/youbot_moveit/share/youbot_moveit/config/moveit_controllers.yaml\n'}
[20.689871] (youbot_moveit) StdoutLine: {'line': b'-- Installing: /youbot/install/youbot_moveit/share/youbot_moveit/config/kinematics.yaml\n'}
[20.690438] (youbot_moveit) StdoutLine: {'line': b'-- Installing: /youbot/install/youbot_moveit/share/youbot_moveit/config/initial_positions.yaml\n'}
[20.690791] (youbot_moveit) StdoutLine: {'line': b'-- Installing: /youbot/install/youbot_moveit/share/youbot_moveit/config/ros2_controllers.yaml\n'}
[20.691031] (youbot_moveit) StdoutLine: {'line': b'-- Installing: /youbot/install/youbot_moveit/share/youbot_moveit/config/youbot.srdf\n'}
[20.691232] (youbot_moveit) StdoutLine: {'line': b'-- Installing: /youbot/install/youbot_moveit/share/youbot_moveit/config/ompl_planning.yaml\n'}
[20.691951] (youbot_moveit) StdoutLine: {'line': b'-- Installing: /youbot/install/youbot_moveit/share/youbot_moveit/config/pilz_cartesian_limits.yaml\n'}
[20.692055] (youbot_moveit) StdoutLine: {'line': b'-- Installing: /youbot/install/youbot_moveit/share/youbot_moveit/.setup_assistant\n'}
[20.695086] (youbot_moveit) CommandEnded: {'returncode': 0}
[20.708950] (youbot_moveit) JobEnded: {'identifier': 'youbot_moveit', 'rc': 0}
[20.710132] (-) EventReactorShutdown: {}
