/youbot/install/send_num/lib/python3.10/site-packages/send_num/test_send.py
/youbot/install/send_num/lib/python3.10/site-packages/send_num/test_server_copy.py
/youbot/install/send_num/lib/python3.10/site-packages/send_num/pose_bridge_down.py
/youbot/install/send_num/lib/python3.10/site-packages/send_num/pose_camera_server.py
/youbot/install/send_num/lib/python3.10/site-packages/send_num/server_12.py
/youbot/install/send_num/lib/python3.10/site-packages/send_num/send_on_youbot.py
/youbot/install/send_num/lib/python3.10/site-packages/send_num/server_11.py
/youbot/install/send_num/lib/python3.10/site-packages/send_num/pose_bridge_test.py
/youbot/install/send_num/lib/python3.10/site-packages/send_num/__init__.py
/youbot/install/send_num/lib/python3.10/site-packages/send_num/pose_bridge.py
/youbot/install/send_num/lib/python3.10/site-packages/send_num/__pycache__/test_send.cpython-310.pyc
/youbot/install/send_num/lib/python3.10/site-packages/send_num/__pycache__/test_server_copy.cpython-310.pyc
/youbot/install/send_num/lib/python3.10/site-packages/send_num/__pycache__/pose_bridge_down.cpython-310.pyc
/youbot/install/send_num/lib/python3.10/site-packages/send_num/__pycache__/pose_camera_server.cpython-310.pyc
/youbot/install/send_num/lib/python3.10/site-packages/send_num/__pycache__/server_12.cpython-310.pyc
/youbot/install/send_num/lib/python3.10/site-packages/send_num/__pycache__/send_on_youbot.cpython-310.pyc
/youbot/install/send_num/lib/python3.10/site-packages/send_num/__pycache__/server_11.cpython-310.pyc
/youbot/install/send_num/lib/python3.10/site-packages/send_num/__pycache__/pose_bridge_test.cpython-310.pyc
/youbot/install/send_num/lib/python3.10/site-packages/send_num/__pycache__/__init__.cpython-310.pyc
/youbot/install/send_num/lib/python3.10/site-packages/send_num/__pycache__/pose_bridge.cpython-310.pyc
/youbot/install/send_num/share/ament_index/resource_index/packages/send_num
/youbot/install/send_num/share/send_num/package.xml
/youbot/install/send_num/lib/python3.10/site-packages/send_num-0.0.0-py3.10.egg-info/top_level.txt
/youbot/install/send_num/lib/python3.10/site-packages/send_num-0.0.0-py3.10.egg-info/requires.txt
/youbot/install/send_num/lib/python3.10/site-packages/send_num-0.0.0-py3.10.egg-info/zip-safe
/youbot/install/send_num/lib/python3.10/site-packages/send_num-0.0.0-py3.10.egg-info/dependency_links.txt
/youbot/install/send_num/lib/python3.10/site-packages/send_num-0.0.0-py3.10.egg-info/entry_points.txt
/youbot/install/send_num/lib/python3.10/site-packages/send_num-0.0.0-py3.10.egg-info/PKG-INFO
/youbot/install/send_num/lib/python3.10/site-packages/send_num-0.0.0-py3.10.egg-info/SOURCES.txt
/youbot/install/send_num/lib/send_num/bridge
/youbot/install/send_num/lib/send_num/camera_server
/youbot/install/send_num/lib/send_num/on_youbot
/youbot/install/send_num/lib/send_num/send
/youbot/install/send_num/lib/send_num/test_bridge
/youbot/install/send_num/lib/send_num/test_server_copy
