-- The C compiler identification is GNU 11.4.0
-- The CXX compiler identification is GNU 11.4.0
-- Detecting C compiler ABI info
-- Detecting C compiler ABI info - done
-- Check for working C compiler: /usr/bin/cc - skipped
-- Detecting C compile features
-- Detecting C compile features - done
-- Detecting CXX compiler ABI info
-- Detecting CXX compiler ABI info - done
-- Check for working CXX compiler: /usr/bin/c++ - skipped
-- Detecting CXX compile features
-- Detecting CXX compile features - done
-- Found ament_cmake: 1.3.11 (/opt/ros/humble/share/ament_cmake/cmake)
-- Found Python3: /usr/bin/python3 (found version "3.10.12") found components: Interpreter 
-- Found eigen3_cmake_module: 0.1.1 (/opt/ros/humble/share/eigen3_cmake_module/cmake)
-- Found Eigen3: TRUE (found version "3.4.0") 
-- Found kdl_parser: 2.6.4 (/opt/ros/humble/share/kdl_parser/cmake)
-- Ensuring Eigen3 include directory is part of orocos-kdl CMake target
[31mCMake Error at CMakeLists.txt:22 (find_package):
  By not providing "FindNLopt.cmake" in CMAKE_MODULE_PATH this project has
  asked CMake to find a package configuration file provided by "NLopt", but
  CMake did not find one.

  Could not find a package configuration file provided by "NLopt" with any of
  the following names:

    NLoptConfig.cmake
    nlopt-config.cmake

  Add the installation prefix of "NLopt" to CMAKE_PREFIX_PATH or set
  "NLopt_DIR" to a directory containing one of the above files.  If "NLopt"
  provides a separate development package or SDK, be sure it has been
  installed.

[0m
-- Configuring incomplete, errors occurred!
See also "/youbot/build/trac_ik_lib/CMakeFiles/CMakeOutput.log".
