[0.032s] Invoking command in '/youbot/build/trac_ik_lib': CMAKE_PREFIX_PATH=/opt/ros/humble /usr/bin/cmake /youbot/src/trac_ik/trac_ik_lib -DCMAKE_INSTALL_PREFIX=/youbot/install/trac_ik_lib
[0.320s] -- The C compiler identification is GNU 11.4.0
[0.465s] -- The CXX compiler identification is GNU 11.4.0
[0.480s] -- Detecting C compiler ABI info
[0.574s] -- Detecting C compiler ABI info - done
[0.583s] -- Check for working C compiler: /usr/bin/cc - skipped
[0.583s] -- Detecting C compile features
[0.585s] -- Detecting C compile features - done
[0.593s] -- Detecting CXX compiler ABI info
[0.696s] -- Detecting CXX compiler ABI info - done
[0.705s] -- Check for working CXX compiler: /usr/bin/c++ - skipped
[0.705s] -- Detecting CXX compile features
[0.705s] -- Detecting CXX compile features - done
[0.711s] -- Found ament_cmake: 1.3.11 (/opt/ros/humble/share/ament_cmake/cmake)
[0.903s] -- Found Python3: /usr/bin/python3 (found version "3.10.12") found components: Interpreter 
[1.088s] -- Found eigen3_cmake_module: 0.1.1 (/opt/ros/humble/share/eigen3_cmake_module/cmake)
[1.106s] -- Found Eigen3: TRUE (found version "3.4.0") 
[1.110s] -- Found kdl_parser: 2.6.4 (/opt/ros/humble/share/kdl_parser/cmake)
[1.133s] -- Ensuring Eigen3 include directory is part of orocos-kdl CMake target
[1.168s] [31mCMake Error at CMakeLists.txt:22 (find_package):
[1.168s]   By not providing "FindNLopt.cmake" in CMAKE_MODULE_PATH this project has
[1.169s]   asked CMake to find a package configuration file provided by "NLopt", but
[1.169s]   CMake did not find one.
[1.169s] 
[1.169s]   Could not find a package configuration file provided by "NLopt" with any of
[1.169s]   the following names:
[1.169s] 
[1.169s]     NLoptConfig.cmake
[1.169s]     nlopt-config.cmake
[1.169s] 
[1.169s]   Add the installation prefix of "NLopt" to CMAKE_PREFIX_PATH or set
[1.169s]   "NLopt_DIR" to a directory containing one of the above files.  If "NLopt"
[1.169s]   provides a separate development package or SDK, be sure it has been
[1.169s]   installed.
[1.169s] 
[1.169s] [0m
[1.169s] -- Configuring incomplete, errors occurred!
[1.170s] See also "/youbot/build/trac_ik_lib/CMakeFiles/CMakeOutput.log".
[1.178s] Invoked command in '/youbot/build/trac_ik_lib' returned '1': CMAKE_PREFIX_PATH=/opt/ros/humble /usr/bin/cmake /youbot/src/trac_ik/trac_ik_lib -DCMAKE_INSTALL_PREFIX=/youbot/install/trac_ik_lib
