[0.000000] (-) TimerEvent: {}
[0.000263] (send_num) JobQueued: {'identifier': 'send_num', 'dependencies': OrderedDict()}
[0.000304] (youbot_description) JobQueued: {'identifier': 'youbot_description', 'dependencies': OrderedDict()}
[0.000329] (youbot_moveit) JobQueued: {'identifier': 'youbot_moveit', 'dependencies': OrderedDict([('youbot_description', '/youbot/install/youbot_description')])}
[0.000659] (youbot_description) JobStarted: {'identifier': 'youbot_description'}
[0.009725] (send_num) JobStarted: {'identifier': 'send_num'}
[0.018014] (youbot_description) JobProgress: {'identifier': 'youbot_description', 'progress': 'cmake'}
[0.018633] (youbot_description) JobProgress: {'identifier': 'youbot_description', 'progress': 'build'}
[0.019601] (youbot_description) Command: {'cmd': ['/usr/bin/cmake', '--build', '/youbot/build/youbot_description', '--', '-j4', '-l4'], 'cwd': '/youbot/build/youbot_description', 'env': OrderedDict([('HOSTNAME', 'danil-H110M-S2PV'), ('SHLVL', '1'), ('LD_LIBRARY_PATH', '/opt/ros/humble/opt/rviz_ogre_vendor/lib:/opt/ros/humble/lib/x86_64-linux-gnu:/opt/ros/humble/lib'), ('HOME', '/root'), ('ROS_PYTHON_VERSION', '3'), ('ROS_DISTRO', 'humble'), ('_', '/usr/bin/colcon'), ('ROS_VERSION', '2'), ('NVIDIA_DRIVER_CAPABILITIES', 'graphics'), ('TERM', 'xterm'), ('ROS_LOCALHOST_ONLY', '0'), ('QT_X11_NO_MITSHM', '1'), ('PATH', '/opt/ros/humble/bin:/usr/local/sbin:/usr/local/bin:/usr/sbin:/usr/bin:/sbin:/bin'), ('DISPLAY', 'unix:1'), ('LANG', 'C.UTF-8'), ('ROS_DOMAIN_ID', '205'), ('AMENT_PREFIX_PATH', '/opt/ros/humble'), ('PWD', '/youbot/build/youbot_description'), ('LC_ALL', 'C.UTF-8'), ('PYTHONPATH', '/opt/ros/humble/lib/python3.10/site-packages:/opt/ros/humble/local/lib/python3.10/dist-packages'), ('NVIDIA_VISIBLE_DEVICES', 'all'), ('COLCON', '1'), ('CMAKE_PREFIX_PATH', '/opt/ros/humble')]), 'shell': False}
[0.102525] (-) TimerEvent: {}
[0.202787] (-) TimerEvent: {}
[0.303084] (-) TimerEvent: {}
[0.312738] (youbot_description) CommandEnded: {'returncode': 0}
[0.313743] (youbot_description) JobProgress: {'identifier': 'youbot_description', 'progress': 'install'}
[0.324366] (youbot_description) Command: {'cmd': ['/usr/bin/cmake', '--install', '/youbot/build/youbot_description'], 'cwd': '/youbot/build/youbot_description', 'env': OrderedDict([('HOSTNAME', 'danil-H110M-S2PV'), ('SHLVL', '1'), ('LD_LIBRARY_PATH', '/opt/ros/humble/opt/rviz_ogre_vendor/lib:/opt/ros/humble/lib/x86_64-linux-gnu:/opt/ros/humble/lib'), ('HOME', '/root'), ('ROS_PYTHON_VERSION', '3'), ('ROS_DISTRO', 'humble'), ('_', '/usr/bin/colcon'), ('ROS_VERSION', '2'), ('NVIDIA_DRIVER_CAPABILITIES', 'graphics'), ('TERM', 'xterm'), ('ROS_LOCALHOST_ONLY', '0'), ('QT_X11_NO_MITSHM', '1'), ('PATH', '/opt/ros/humble/bin:/usr/local/sbin:/usr/local/bin:/usr/sbin:/usr/bin:/sbin:/bin'), ('DISPLAY', 'unix:1'), ('LANG', 'C.UTF-8'), ('ROS_DOMAIN_ID', '205'), ('AMENT_PREFIX_PATH', '/opt/ros/humble'), ('PWD', '/youbot/build/youbot_description'), ('LC_ALL', 'C.UTF-8'), ('PYTHONPATH', '/opt/ros/humble/lib/python3.10/site-packages:/opt/ros/humble/local/lib/python3.10/dist-packages'), ('NVIDIA_VISIBLE_DEVICES', 'all'), ('COLCON', '1'), ('CMAKE_PREFIX_PATH', '/opt/ros/humble')]), 'shell': False}
[0.333899] (youbot_description) StdoutLine: {'line': b'-- Install configuration: ""\n'}
[0.334830] (youbot_description) StdoutLine: {'line': b'-- Up-to-date: /youbot/install/youbot_description/share/youbot_description/launch\n'}
[0.335300] (youbot_description) StdoutLine: {'line': b'-- Up-to-date: /youbot/install/youbot_description/share/youbot_description/launch/rviz.launch.py\n'}
[0.335399] (youbot_description) StdoutLine: {'line': b'-- Up-to-date: /youbot/install/youbot_description/share/youbot_description/rviz\n'}
[0.335489] (youbot_description) StdoutLine: {'line': b'-- Up-to-date: /youbot/install/youbot_description/share/youbot_description/rviz/view.rviz\n'}
[0.335561] (youbot_description) StdoutLine: {'line': b'-- Up-to-date: /youbot/install/youbot_description/share/youbot_description/urdf\n'}
[0.335623] (youbot_description) StdoutLine: {'line': b'-- Up-to-date: /youbot/install/youbot_description/share/youbot_description/urdf/youbot.urdf\n'}
[0.335698] (youbot_description) StdoutLine: {'line': b'-- Up-to-date: /youbot/install/youbot_description/share/youbot_description/meshes\n'}
[0.335759] (youbot_description) StdoutLine: {'line': b'-- Up-to-date: /youbot/install/youbot_description/share/youbot_description/meshes/youbot_arm\n'}
[0.335819] (youbot_description) StdoutLine: {'line': b'-- Up-to-date: /youbot/install/youbot_description/share/youbot_description/meshes/youbot_arm/arm_joint_5_convex.stl\n'}
[0.335879] (youbot_description) StdoutLine: {'line': b'-- Up-to-date: /youbot/install/youbot_description/share/youbot_description/meshes/youbot_arm/arm2_convex.stl\n'}
[0.336659] (youbot_description) StdoutLine: {'line': b'-- Up-to-date: /youbot/install/youbot_description/share/youbot_description/meshes/youbot_arm/arm_joint_2_convex.stl\n'}
[0.336737] (youbot_description) StdoutLine: {'line': b'-- Up-to-date: /youbot/install/youbot_description/share/youbot_description/meshes/youbot_arm/arm0_convex.dae\n'}
[0.336805] (youbot_description) StdoutLine: {'line': b'-- Up-to-date: /youbot/install/youbot_description/share/youbot_description/meshes/youbot_arm/arm2.dae\n'}
[0.336868] (youbot_description) StdoutLine: {'line': b'-- Up-to-date: /youbot/install/youbot_description/share/youbot_description/meshes/youbot_arm/arm_joint_3_convex.stl_Zone.Identifier\n'}
[0.336930] (youbot_description) StdoutLine: {'line': b'-- Up-to-date: /youbot/install/youbot_description/share/youbot_description/meshes/youbot_arm/arm_joint_3_convex.stl\n'}
[0.336990] (youbot_description) StdoutLine: {'line': b'-- Up-to-date: /youbot/install/youbot_description/share/youbot_description/meshes/youbot_arm/arm4_convex.dae\n'}
[0.337049] (youbot_description) StdoutLine: {'line': b'-- Up-to-date: /youbot/install/youbot_description/share/youbot_description/meshes/youbot_arm/arm2_convex.stl_Zone.Identifier\n'}
[0.337108] (youbot_description) StdoutLine: {'line': b'-- Up-to-date: /youbot/install/youbot_description/share/youbot_description/meshes/youbot_arm/arm4.dae\n'}
[0.337167] (youbot_description) StdoutLine: {'line': b'-- Up-to-date: /youbot/install/youbot_description/share/youbot_description/meshes/youbot_arm/arm5.dae\n'}
[0.337225] (youbot_description) StdoutLine: {'line': b'-- Up-to-date: /youbot/install/youbot_description/share/youbot_description/meshes/youbot_arm/arm_joint_4_convex.stl_Zone.Identifier\n'}
[0.337285] (youbot_description) StdoutLine: {'line': b'-- Up-to-date: /youbot/install/youbot_description/share/youbot_description/meshes/youbot_arm/arm0_convex.stl\n'}
[0.337344] (youbot_description) StdoutLine: {'line': b'-- Up-to-date: /youbot/install/youbot_description/share/youbot_description/meshes/youbot_arm/arm0.dae\n'}
[0.337404] (youbot_description) StdoutLine: {'line': b'-- Up-to-date: /youbot/install/youbot_description/share/youbot_description/meshes/youbot_arm/arm3_convex.dae\n'}
[0.337463] (youbot_description) StdoutLine: {'line': b'-- Up-to-date: /youbot/install/youbot_description/share/youbot_description/meshes/youbot_arm/arm5_convex.dae\n'}
[0.337537] (youbot_description) StdoutLine: {'line': b'-- Up-to-date: /youbot/install/youbot_description/share/youbot_description/meshes/youbot_arm/arm_joint_5_convex.stl_Zone.Identifier\n'}
[0.337599] (youbot_description) StdoutLine: {'line': b'-- Up-to-date: /youbot/install/youbot_description/share/youbot_description/meshes/youbot_arm/arm1.dae\n'}
[0.337662] (youbot_description) StdoutLine: {'line': b'-- Up-to-date: /youbot/install/youbot_description/share/youbot_description/meshes/youbot_arm/arm_joint_4_convex.stl\n'}
[0.337722] (youbot_description) StdoutLine: {'line': b'-- Up-to-date: /youbot/install/youbot_description/share/youbot_description/meshes/youbot_arm/arm_joint_2_convex.stl_Zone.Identifier\n'}
[0.337781] (youbot_description) StdoutLine: {'line': b'-- Up-to-date: /youbot/install/youbot_description/share/youbot_description/meshes/youbot_arm/arm0_convex.stl_Zone.Identifier\n'}
[0.337840] (youbot_description) StdoutLine: {'line': b'-- Up-to-date: /youbot/install/youbot_description/share/youbot_description/meshes/youbot_arm/arm2_convex.dae\n'}
[0.337910] (youbot_description) StdoutLine: {'line': b'-- Up-to-date: /youbot/install/youbot_description/share/youbot_description/meshes/youbot_arm/arm3.dae\n'}
[0.337976] (youbot_description) StdoutLine: {'line': b'-- Up-to-date: /youbot/install/youbot_description/share/youbot_description/meshes/youbot_arm/arm_joint_1_convex.stl\n'}
[0.338036] (youbot_description) StdoutLine: {'line': b'-- Up-to-date: /youbot/install/youbot_description/share/youbot_description/meshes/youbot_arm/arm1_convex.dae\n'}
[0.338094] (youbot_description) StdoutLine: {'line': b'-- Up-to-date: /youbot/install/youbot_description/share/youbot_description/meshes/youbot_arm/arm_joint_1_convex.stl_Zone.Identifier\n'}
[0.338154] (youbot_description) StdoutLine: {'line': b'-- Up-to-date: /youbot/install/youbot_description/share/youbot_description/meshes/sensors\n'}
[0.338213] (youbot_description) StdoutLine: {'line': b'-- Up-to-date: /youbot/install/youbot_description/share/youbot_description/meshes/sensors/kinect.tga\n'}
[0.338273] (youbot_description) StdoutLine: {'line': b'-- Up-to-date: /youbot/install/youbot_description/share/youbot_description/meshes/sensors/hokuyo_convex.dae\n'}
[0.338332] (youbot_description) StdoutLine: {'line': b'-- Up-to-date: /youbot/install/youbot_description/share/youbot_description/meshes/sensors/asus_xtion_pro_live_base.dae\n'}
[0.338402] (youbot_description) StdoutLine: {'line': b'-- Up-to-date: /youbot/install/youbot_description/share/youbot_description/meshes/sensors/kinect.dae\n'}
[0.338462] (youbot_description) StdoutLine: {'line': b'-- Up-to-date: /youbot/install/youbot_description/share/youbot_description/meshes/sensors/hokuyo.dae\n'}
[0.338535] (youbot_description) StdoutLine: {'line': b'-- Up-to-date: /youbot/install/youbot_description/share/youbot_description/meshes/sensors/asus_xtion_pro_live_camera.dae\n'}
[0.338596] (youbot_description) StdoutLine: {'line': b'-- Up-to-date: /youbot/install/youbot_description/share/youbot_description/meshes/sensors/microsoft_lifecam.dae\n'}
[0.338656] (youbot_description) StdoutLine: {'line': b'-- Up-to-date: /youbot/install/youbot_description/share/youbot_description/meshes/sensors/asus_xtion_pro_live_base.png\n'}
[0.338714] (youbot_description) StdoutLine: {'line': b'-- Up-to-date: /youbot/install/youbot_description/share/youbot_description/meshes/sensors/asus_xtion_pro_live_camera.png\n'}
[0.338772] (youbot_description) StdoutLine: {'line': b'-- Up-to-date: /youbot/install/youbot_description/share/youbot_description/meshes/youbot_plate\n'}
[0.338831] (youbot_description) StdoutLine: {'line': b'-- Up-to-date: /youbot/install/youbot_description/share/youbot_description/meshes/youbot_plate/plate_convex.dae\n'}
[0.338890] (youbot_description) StdoutLine: {'line': b'-- Up-to-date: /youbot/install/youbot_description/share/youbot_description/meshes/youbot_plate/plate.dae\n'}
[0.338948] (youbot_description) StdoutLine: {'line': b'-- Up-to-date: /youbot/install/youbot_description/share/youbot_description/meshes/youbot_plate/plate.stl\n'}
[0.339008] (youbot_description) StdoutLine: {'line': b'-- Up-to-date: /youbot/install/youbot_description/share/youbot_description/meshes/youbot_base\n'}
[0.339065] (youbot_description) StdoutLine: {'line': b'-- Up-to-date: /youbot/install/youbot_description/share/youbot_description/meshes/youbot_base/base_convex.stl\n'}
[0.339123] (youbot_description) StdoutLine: {'line': b'-- Up-to-date: /youbot/install/youbot_description/share/youbot_description/meshes/youbot_base/base_convex.stl_Zone.Identifier\n'}
[0.339181] (youbot_description) StdoutLine: {'line': b'-- Up-to-date: /youbot/install/youbot_description/share/youbot_description/meshes/youbot_base/front-right_wheel.dae_Zone.Identifier\n'}
[0.339240] (youbot_description) StdoutLine: {'line': b'-- Up-to-date: /youbot/install/youbot_description/share/youbot_description/meshes/youbot_base/front-left_wheel.dae\n'}
[0.339299] (youbot_description) StdoutLine: {'line': b'-- Up-to-date: /youbot/install/youbot_description/share/youbot_description/meshes/youbot_base/base.dae\n'}
[0.339364] (youbot_description) StdoutLine: {'line': b'-- Up-to-date: /youbot/install/youbot_description/share/youbot_description/meshes/youbot_base/back-right_wheel.dae_Zone.Identifier\n'}
[0.339422] (youbot_description) StdoutLine: {'line': b'-- Up-to-date: /youbot/install/youbot_description/share/youbot_description/meshes/youbot_base/front-right_wheel.dae\n'}
[0.339520] (youbot_description) StdoutLine: {'line': b'-- Up-to-date: /youbot/install/youbot_description/share/youbot_description/meshes/youbot_base/back-left_wheel.dae_Zone.Identifier\n'}
[0.339734] (youbot_description) StdoutLine: {'line': b'-- Up-to-date: /youbot/install/youbot_description/share/youbot_description/meshes/youbot_base/back-right_wheel.dae\n'}
[0.339801] (youbot_description) StdoutLine: {'line': b'-- Up-to-date: /youbot/install/youbot_description/share/youbot_description/meshes/youbot_base/front-left_wheel.dae_Zone.Identifier\n'}
[0.339863] (youbot_description) StdoutLine: {'line': b'-- Up-to-date: /youbot/install/youbot_description/share/youbot_description/meshes/youbot_base/base_convex.dae\n'}
[0.339924] (youbot_description) StdoutLine: {'line': b'-- Up-to-date: /youbot/install/youbot_description/share/youbot_description/meshes/youbot_base/back-left_wheel.dae\n'}
[0.339984] (youbot_description) StdoutLine: {'line': b'-- Up-to-date: /youbot/install/youbot_description/share/youbot_description/meshes/youbot_base/base_frame.dae_Zone.Identifier\n'}
[0.340149] (youbot_description) StdoutLine: {'line': b'-- Up-to-date: /youbot/install/youbot_description/share/youbot_description/meshes/youbot_base/base_frame.dae\n'}
[0.340212] (youbot_description) StdoutLine: {'line': b'-- Up-to-date: /youbot/install/youbot_description/share/youbot_description/meshes/youbot_gripper\n'}
[0.340272] (youbot_description) StdoutLine: {'line': b'-- Up-to-date: /youbot/install/youbot_description/share/youbot_description/meshes/youbot_gripper/finger.dae\n'}
[0.340338] (youbot_description) StdoutLine: {'line': b'-- Up-to-date: /youbot/install/youbot_description/share/youbot_description/meshes/youbot_gripper/finger_convex.dae\n'}
[0.340398] (youbot_description) StdoutLine: {'line': b'-- Up-to-date: /youbot/install/youbot_description/share/youbot_description/meshes/youbot_gripper/palm_convex.dae\n'}
[0.340457] (youbot_description) StdoutLine: {'line': b'-- Up-to-date: /youbot/install/youbot_description/share/youbot_description/meshes/youbot_gripper/palm.dae\n'}
[0.340532] (youbot_description) StdoutLine: {'line': b'-- Up-to-date: /youbot/install/youbot_description/share/youbot_description/config\n'}
[0.340592] (youbot_description) StdoutLine: {'line': b'-- Up-to-date: /youbot/install/youbot_description/share/youbot_description/config/youbot.yaml\n'}
[0.340651] (youbot_description) StdoutLine: {'line': b'-- Up-to-date: /youbot/install/youbot_description/share/youbot_description/config/rviz.rviz\n'}
[0.340709] (youbot_description) StdoutLine: {'line': b'-- Up-to-date: /youbot/install/youbot_description/share/youbot_description/sdf\n'}
[0.340768] (youbot_description) StdoutLine: {'line': b'-- Up-to-date: /youbot/install/youbot_description/share/youbot_description/sdf/youbot\n'}
[0.340826] (youbot_description) StdoutLine: {'line': b'-- Up-to-date: /youbot/install/youbot_description/share/youbot_description/sdf/youbot/model.config\n'}
[0.340884] (youbot_description) StdoutLine: {'line': b'-- Up-to-date: /youbot/install/youbot_description/share/youbot_description/sdf/youbot/meshes\n'}
[0.340942] (youbot_description) StdoutLine: {'line': b'-- Up-to-date: /youbot/install/youbot_description/share/youbot_description/sdf/youbot/meshes/gripper\n'}
[0.341017] (youbot_description) StdoutLine: {'line': b'-- Up-to-date: /youbot/install/youbot_description/share/youbot_description/sdf/youbot/meshes/gripper/palm.stl\n'}
[0.341077] (youbot_description) StdoutLine: {'line': b'-- Up-to-date: /youbot/install/youbot_description/share/youbot_description/sdf/youbot/meshes/gripper/palm_convex.stl\n'}
[0.341135] (youbot_description) StdoutLine: {'line': b'-- Up-to-date: /youbot/install/youbot_description/share/youbot_description/sdf/youbot/meshes/gripper/finger_convex.stl\n'}
[0.341201] (youbot_description) StdoutLine: {'line': b'-- Up-to-date: /youbot/install/youbot_description/share/youbot_description/sdf/youbot/meshes/gripper/finger.stl\n'}
[0.341261] (youbot_description) StdoutLine: {'line': b'-- Up-to-date: /youbot/install/youbot_description/share/youbot_description/sdf/youbot/meshes/arm\n'}
[0.341319] (youbot_description) StdoutLine: {'line': b'-- Up-to-date: /youbot/install/youbot_description/share/youbot_description/sdf/youbot/meshes/arm/arm2_convex.stl\n'}
[0.341377] (youbot_description) StdoutLine: {'line': b'-- Up-to-date: /youbot/install/youbot_description/share/youbot_description/sdf/youbot/meshes/arm/arm2.dae\n'}
[0.341437] (youbot_description) StdoutLine: {'line': b'-- Up-to-date: /youbot/install/youbot_description/share/youbot_description/sdf/youbot/meshes/arm/arm3_convex.stl\n'}
[0.341504] (youbot_description) StdoutLine: {'line': b'-- Up-to-date: /youbot/install/youbot_description/share/youbot_description/sdf/youbot/meshes/arm/arm4.dae\n'}
[0.341567] (youbot_description) StdoutLine: {'line': b'-- Up-to-date: /youbot/install/youbot_description/share/youbot_description/sdf/youbot/meshes/arm/arm5.dae\n'}
[0.341626] (youbot_description) StdoutLine: {'line': b'-- Up-to-date: /youbot/install/youbot_description/share/youbot_description/sdf/youbot/meshes/arm/arm0_convex.stl\n'}
[0.341684] (youbot_description) StdoutLine: {'line': b'-- Up-to-date: /youbot/install/youbot_description/share/youbot_description/sdf/youbot/meshes/arm/arm1_convex.stl\n'}
[0.341743] (youbot_description) StdoutLine: {'line': b'-- Up-to-date: /youbot/install/youbot_description/share/youbot_description/sdf/youbot/meshes/arm/arm0.dae\n'}
[0.341801] (youbot_description) StdoutLine: {'line': b'-- Up-to-date: /youbot/install/youbot_description/share/youbot_description/sdf/youbot/meshes/arm/arm1.dae\n'}
[0.341859] (youbot_description) StdoutLine: {'line': b'-- Up-to-date: /youbot/install/youbot_description/share/youbot_description/sdf/youbot/meshes/arm/arm4_convex.stl\n'}
[0.341918] (youbot_description) StdoutLine: {'line': b'-- Up-to-date: /youbot/install/youbot_description/share/youbot_description/sdf/youbot/meshes/arm/arm3.dae\n'}
[0.341979] (youbot_description) StdoutLine: {'line': b'-- Up-to-date: /youbot/install/youbot_description/share/youbot_description/sdf/youbot/meshes/arm/arm5_convex.stl\n'}
[0.342038] (youbot_description) StdoutLine: {'line': b'-- Up-to-date: /youbot/install/youbot_description/share/youbot_description/sdf/youbot/meshes/base\n'}
[0.342098] (youbot_description) StdoutLine: {'line': b'-- Up-to-date: /youbot/install/youbot_description/share/youbot_description/sdf/youbot/meshes/base/base_convex.stl\n'}
[0.342158] (youbot_description) StdoutLine: {'line': b'-- Up-to-date: /youbot/install/youbot_description/share/youbot_description/sdf/youbot/meshes/base/front-left_wheel.dae\n'}
[0.342217] (youbot_description) StdoutLine: {'line': b'-- Up-to-date: /youbot/install/youbot_description/share/youbot_description/sdf/youbot/meshes/base/base.dae\n'}
[0.342276] (youbot_description) StdoutLine: {'line': b'-- Up-to-date: /youbot/install/youbot_description/share/youbot_description/sdf/youbot/meshes/base/front-right_wheel.dae\n'}
[0.342335] (youbot_description) StdoutLine: {'line': b'-- Up-to-date: /youbot/install/youbot_description/share/youbot_description/sdf/youbot/meshes/base/back-right_wheel.dae\n'}
[0.342394] (youbot_description) StdoutLine: {'line': b'-- Up-to-date: /youbot/install/youbot_description/share/youbot_description/sdf/youbot/meshes/base/back-left_wheel.dae\n'}
[0.342459] (youbot_description) StdoutLine: {'line': b'-- Up-to-date: /youbot/install/youbot_description/share/youbot_description/sdf/youbot/meshes/plate\n'}
[0.342754] (youbot_description) StdoutLine: {'line': b'-- Up-to-date: /youbot/install/youbot_description/share/youbot_description/sdf/youbot/meshes/plate/plate.dae\n'}
[0.342822] (youbot_description) StdoutLine: {'line': b'-- Up-to-date: /youbot/install/youbot_description/share/youbot_description/sdf/youbot/meshes/plate/plate_convex.stl\n'}
[0.342892] (youbot_description) StdoutLine: {'line': b'-- Up-to-date: /youbot/install/youbot_description/share/youbot_description/sdf/youbot/materials\n'}
[0.342951] (youbot_description) StdoutLine: {'line': b'-- Up-to-date: /youbot/install/youbot_description/share/youbot_description/sdf/youbot/materials/scripts\n'}
[0.343010] (youbot_description) StdoutLine: {'line': b'-- Up-to-date: /youbot/install/youbot_description/share/youbot_description/sdf/youbot/materials/scripts/youbot.material\n'}
[0.343070] (youbot_description) StdoutLine: {'line': b'-- Up-to-date: /youbot/install/youbot_description/share/youbot_description/sdf/youbot/model.sdf\n'}
[0.343129] (youbot_description) StdoutLine: {'line': b'-- Up-to-date: /youbot/install/youbot_description/share/youbot_description/worlds\n'}
[0.343187] (youbot_description) StdoutLine: {'line': b'-- Up-to-date: /youbot/install/youbot_description/share/ament_index/resource_index/package_run_dependencies/youbot_description\n'}
[0.343247] (youbot_description) StdoutLine: {'line': b'-- Up-to-date: /youbot/install/youbot_description/share/ament_index/resource_index/parent_prefix_path/youbot_description\n'}
[0.343305] (youbot_description) StdoutLine: {'line': b'-- Up-to-date: /youbot/install/youbot_description/share/youbot_description/environment/ament_prefix_path.sh\n'}
[0.343363] (youbot_description) StdoutLine: {'line': b'-- Up-to-date: /youbot/install/youbot_description/share/youbot_description/environment/ament_prefix_path.dsv\n'}
[0.343423] (youbot_description) StdoutLine: {'line': b'-- Up-to-date: /youbot/install/youbot_description/share/youbot_description/environment/path.sh\n'}
[0.343488] (youbot_description) StdoutLine: {'line': b'-- Up-to-date: /youbot/install/youbot_description/share/youbot_description/environment/path.dsv\n'}
[0.343569] (youbot_description) StdoutLine: {'line': b'-- Up-to-date: /youbot/install/youbot_description/share/youbot_description/local_setup.bash\n'}
[0.343630] (youbot_description) StdoutLine: {'line': b'-- Up-to-date: /youbot/install/youbot_description/share/youbot_description/local_setup.sh\n'}
[0.343690] (youbot_description) StdoutLine: {'line': b'-- Up-to-date: /youbot/install/youbot_description/share/youbot_description/local_setup.zsh\n'}
[0.343749] (youbot_description) StdoutLine: {'line': b'-- Up-to-date: /youbot/install/youbot_description/share/youbot_description/local_setup.dsv\n'}
[0.343808] (youbot_description) StdoutLine: {'line': b'-- Installing: /youbot/install/youbot_description/share/youbot_description/package.dsv\n'}
[0.343867] (youbot_description) StdoutLine: {'line': b'-- Up-to-date: /youbot/install/youbot_description/share/ament_index/resource_index/packages/youbot_description\n'}
[0.343925] (youbot_description) StdoutLine: {'line': b'-- Up-to-date: /youbot/install/youbot_description/share/youbot_description/cmake/youbot_descriptionConfig.cmake\n'}
[0.343983] (youbot_description) StdoutLine: {'line': b'-- Up-to-date: /youbot/install/youbot_description/share/youbot_description/cmake/youbot_descriptionConfig-version.cmake\n'}
[0.344042] (youbot_description) StdoutLine: {'line': b'-- Up-to-date: /youbot/install/youbot_description/share/youbot_description/package.xml\n'}
[0.350428] (youbot_description) CommandEnded: {'returncode': 0}
[0.373300] (youbot_description) JobEnded: {'identifier': 'youbot_description', 'rc': 0}
[0.374404] (youbot_moveit) JobStarted: {'identifier': 'youbot_moveit'}
[0.384199] (youbot_moveit) JobProgress: {'identifier': 'youbot_moveit', 'progress': 'cmake'}
[0.387943] (youbot_moveit) JobProgress: {'identifier': 'youbot_moveit', 'progress': 'build'}
[0.388113] (youbot_moveit) Command: {'cmd': ['/usr/bin/cmake', '--build', '/youbot/build/youbot_moveit', '--', '-j4', '-l4'], 'cwd': '/youbot/build/youbot_moveit', 'env': OrderedDict([('HOSTNAME', 'danil-H110M-S2PV'), ('SHLVL', '1'), ('LD_LIBRARY_PATH', '/opt/ros/humble/opt/rviz_ogre_vendor/lib:/opt/ros/humble/lib/x86_64-linux-gnu:/opt/ros/humble/lib'), ('HOME', '/root'), ('ROS_PYTHON_VERSION', '3'), ('ROS_DISTRO', 'humble'), ('_', '/usr/bin/colcon'), ('ROS_VERSION', '2'), ('NVIDIA_DRIVER_CAPABILITIES', 'graphics'), ('TERM', 'xterm'), ('ROS_LOCALHOST_ONLY', '0'), ('QT_X11_NO_MITSHM', '1'), ('PATH', '/opt/ros/humble/bin:/usr/local/sbin:/usr/local/bin:/usr/sbin:/usr/bin:/sbin:/bin'), ('DISPLAY', 'unix:1'), ('LANG', 'C.UTF-8'), ('ROS_DOMAIN_ID', '205'), ('AMENT_PREFIX_PATH', '/youbot/install/youbot_description:/opt/ros/humble'), ('PWD', '/youbot/build/youbot_moveit'), ('LC_ALL', 'C.UTF-8'), ('PYTHONPATH', '/opt/ros/humble/lib/python3.10/site-packages:/opt/ros/humble/local/lib/python3.10/dist-packages'), ('NVIDIA_VISIBLE_DEVICES', 'all'), ('COLCON', '1'), ('CMAKE_PREFIX_PATH', '/youbot/install/youbot_description:/opt/ros/humble')]), 'shell': False}
[0.405718] (-) TimerEvent: {}
[0.469576] (youbot_moveit) StdoutLine: {'line': b'[100%] Built target script\n'}
[0.481792] (youbot_moveit) CommandEnded: {'returncode': 0}
[0.482899] (youbot_moveit) JobProgress: {'identifier': 'youbot_moveit', 'progress': 'install'}
[0.482932] (youbot_moveit) Command: {'cmd': ['/usr/bin/cmake', '--install', '/youbot/build/youbot_moveit'], 'cwd': '/youbot/build/youbot_moveit', 'env': OrderedDict([('HOSTNAME', 'danil-H110M-S2PV'), ('SHLVL', '1'), ('LD_LIBRARY_PATH', '/opt/ros/humble/opt/rviz_ogre_vendor/lib:/opt/ros/humble/lib/x86_64-linux-gnu:/opt/ros/humble/lib'), ('HOME', '/root'), ('ROS_PYTHON_VERSION', '3'), ('ROS_DISTRO', 'humble'), ('_', '/usr/bin/colcon'), ('ROS_VERSION', '2'), ('NVIDIA_DRIVER_CAPABILITIES', 'graphics'), ('TERM', 'xterm'), ('ROS_LOCALHOST_ONLY', '0'), ('QT_X11_NO_MITSHM', '1'), ('PATH', '/opt/ros/humble/bin:/usr/local/sbin:/usr/local/bin:/usr/sbin:/usr/bin:/sbin:/bin'), ('DISPLAY', 'unix:1'), ('LANG', 'C.UTF-8'), ('ROS_DOMAIN_ID', '205'), ('AMENT_PREFIX_PATH', '/youbot/install/youbot_description:/opt/ros/humble'), ('PWD', '/youbot/build/youbot_moveit'), ('LC_ALL', 'C.UTF-8'), ('PYTHONPATH', '/opt/ros/humble/lib/python3.10/site-packages:/opt/ros/humble/local/lib/python3.10/dist-packages'), ('NVIDIA_VISIBLE_DEVICES', 'all'), ('COLCON', '1'), ('CMAKE_PREFIX_PATH', '/youbot/install/youbot_description:/opt/ros/humble')]), 'shell': False}
[0.493092] (youbot_moveit) StdoutLine: {'line': b'-- Install configuration: ""\n'}
[0.493801] (youbot_moveit) StdoutLine: {'line': b'-- Up-to-date: /youbot/install/youbot_moveit/share/ament_index/resource_index/package_run_dependencies/youbot_moveit\n'}
[0.494035] (youbot_moveit) StdoutLine: {'line': b'-- Up-to-date: /youbot/install/youbot_moveit/share/ament_index/resource_index/parent_prefix_path/youbot_moveit\n'}
[0.494104] (youbot_moveit) StdoutLine: {'line': b'-- Up-to-date: /youbot/install/youbot_moveit/share/youbot_moveit/environment/ament_prefix_path.sh\n'}
[0.494166] (youbot_moveit) StdoutLine: {'line': b'-- Up-to-date: /youbot/install/youbot_moveit/share/youbot_moveit/environment/ament_prefix_path.dsv\n'}
[0.494225] (youbot_moveit) StdoutLine: {'line': b'-- Up-to-date: /youbot/install/youbot_moveit/share/youbot_moveit/environment/path.sh\n'}
[0.494283] (youbot_moveit) StdoutLine: {'line': b'-- Up-to-date: /youbot/install/youbot_moveit/share/youbot_moveit/environment/path.dsv\n'}
[0.494341] (youbot_moveit) StdoutLine: {'line': b'-- Up-to-date: /youbot/install/youbot_moveit/share/youbot_moveit/local_setup.bash\n'}
[0.494401] (youbot_moveit) StdoutLine: {'line': b'-- Up-to-date: /youbot/install/youbot_moveit/share/youbot_moveit/local_setup.sh\n'}
[0.494458] (youbot_moveit) StdoutLine: {'line': b'-- Up-to-date: /youbot/install/youbot_moveit/share/youbot_moveit/local_setup.zsh\n'}
[0.494533] (youbot_moveit) StdoutLine: {'line': b'-- Up-to-date: /youbot/install/youbot_moveit/share/youbot_moveit/local_setup.dsv\n'}
[0.495614] (youbot_moveit) StdoutLine: {'line': b'-- Installing: /youbot/install/youbot_moveit/share/youbot_moveit/package.dsv\n'}
[0.495747] (youbot_moveit) StdoutLine: {'line': b'-- Up-to-date: /youbot/install/youbot_moveit/share/ament_index/resource_index/packages/youbot_moveit\n'}
[0.495818] (youbot_moveit) StdoutLine: {'line': b'-- Up-to-date: /youbot/install/youbot_moveit/share/youbot_moveit/cmake/youbot_moveitConfig.cmake\n'}
[0.495892] (youbot_moveit) StdoutLine: {'line': b'-- Up-to-date: /youbot/install/youbot_moveit/share/youbot_moveit/cmake/youbot_moveitConfig-version.cmake\n'}
[0.495953] (youbot_moveit) StdoutLine: {'line': b'-- Up-to-date: /youbot/install/youbot_moveit/share/youbot_moveit/package.xml\n'}
[0.496011] (youbot_moveit) StdoutLine: {'line': b'-- Up-to-date: /youbot/install/youbot_moveit/lib/youbot_moveit/script\n'}
[0.497070] (youbot_moveit) StdoutLine: {'line': b'-- Up-to-date: /youbot/install/youbot_moveit/share/youbot_moveit/launch\n'}
[0.497195] (youbot_moveit) StdoutLine: {'line': b'-- Up-to-date: /youbot/install/youbot_moveit/share/youbot_moveit/launch/warehouse_db.launch.py\n'}
[0.497267] (youbot_moveit) StdoutLine: {'line': b'-- Up-to-date: /youbot/install/youbot_moveit/share/youbot_moveit/launch/spawn_controllers.launch.py\n'}
[0.497329] (youbot_moveit) StdoutLine: {'line': b'-- Up-to-date: /youbot/install/youbot_moveit/share/youbot_moveit/launch/rsp.launch.py\n'}
[0.497389] (youbot_moveit) StdoutLine: {'line': b'-- Up-to-date: /youbot/install/youbot_moveit/share/youbot_moveit/launch/demo.launch.py\n'}
[0.497448] (youbot_moveit) StdoutLine: {'line': b'-- Up-to-date: /youbot/install/youbot_moveit/share/youbot_moveit/launch/moveit_rviz.launch.py\n'}
[0.497518] (youbot_moveit) StdoutLine: {'line': b'-- Up-to-date: /youbot/install/youbot_moveit/share/youbot_moveit/launch/move_group.launch.py\n'}
[0.497579] (youbot_moveit) StdoutLine: {'line': b'-- Up-to-date: /youbot/install/youbot_moveit/share/youbot_moveit/launch/setup_assistant.launch.py\n'}
[0.497637] (youbot_moveit) StdoutLine: {'line': b'-- Up-to-date: /youbot/install/youbot_moveit/share/youbot_moveit/launch/static_virtual_joint_tfs.launch.py\n'}
[0.497695] (youbot_moveit) StdoutLine: {'line': b'-- Up-to-date: /youbot/install/youbot_moveit/share/youbot_moveit/config\n'}
[0.497752] (youbot_moveit) StdoutLine: {'line': b'-- Up-to-date: /youbot/install/youbot_moveit/share/youbot_moveit/config/moveit.rviz\n'}
[0.497810] (youbot_moveit) StdoutLine: {'line': b'-- Up-to-date: /youbot/install/youbot_moveit/share/youbot_moveit/config/youbot.ros2_control.xacro\n'}
[0.497867] (youbot_moveit) StdoutLine: {'line': b'-- Up-to-date: /youbot/install/youbot_moveit/share/youbot_moveit/config/joint_limits.yaml\n'}
[0.499519] (youbot_moveit) StdoutLine: {'line': b'-- Up-to-date: /youbot/install/youbot_moveit/share/youbot_moveit/config/youbot.urdf.xacro\n'}
[0.499653] (youbot_moveit) StdoutLine: {'line': b'-- Up-to-date: /youbot/install/youbot_moveit/share/youbot_moveit/config/moveit_controllers.yaml\n'}
[0.499722] (youbot_moveit) StdoutLine: {'line': b'-- Up-to-date: /youbot/install/youbot_moveit/share/youbot_moveit/config/kinematics.yaml\n'}
[0.499786] (youbot_moveit) StdoutLine: {'line': b'-- Up-to-date: /youbot/install/youbot_moveit/share/youbot_moveit/config/initial_positions.yaml\n'}
[0.499859] (youbot_moveit) StdoutLine: {'line': b'-- Up-to-date: /youbot/install/youbot_moveit/share/youbot_moveit/config/ros2_controllers.yaml\n'}
[0.499920] (youbot_moveit) StdoutLine: {'line': b'-- Up-to-date: /youbot/install/youbot_moveit/share/youbot_moveit/config/youbot.srdf\n'}
[0.499980] (youbot_moveit) StdoutLine: {'line': b'-- Up-to-date: /youbot/install/youbot_moveit/share/youbot_moveit/config/ompl_planning.yaml\n'}
[0.500038] (youbot_moveit) StdoutLine: {'line': b'-- Up-to-date: /youbot/install/youbot_moveit/share/youbot_moveit/config/pilz_cartesian_limits.yaml\n'}
[0.500097] (youbot_moveit) StdoutLine: {'line': b'-- Up-to-date: /youbot/install/youbot_moveit/share/youbot_moveit/.setup_assistant\n'}
[0.501901] (youbot_moveit) CommandEnded: {'returncode': 0}
[0.505792] (-) TimerEvent: {}
[0.516472] (youbot_moveit) JobEnded: {'identifier': 'youbot_moveit', 'rc': 0}
[0.606147] (-) TimerEvent: {}
[0.709538] (-) TimerEvent: {}
[0.730538] (send_num) Command: {'cmd': ['/usr/bin/python3', '-W', 'ignore:setup.py install is deprecated', '-W', 'ignore:easy_install command is deprecated', 'setup.py', 'egg_info', '--egg-base', '../../build/send_num', 'build', '--build-base', '/youbot/build/send_num/build', 'install', '--record', '/youbot/build/send_num/install.log', '--single-version-externally-managed', 'install_data'], 'cwd': '/youbot/src/send_num', 'env': {'HOSTNAME': 'danil-H110M-S2PV', 'SHLVL': '1', 'LD_LIBRARY_PATH': '/opt/ros/humble/opt/rviz_ogre_vendor/lib:/opt/ros/humble/lib/x86_64-linux-gnu:/opt/ros/humble/lib', 'HOME': '/root', 'ROS_PYTHON_VERSION': '3', 'ROS_DISTRO': 'humble', '_': '/usr/bin/colcon', 'ROS_VERSION': '2', 'NVIDIA_DRIVER_CAPABILITIES': 'graphics', 'TERM': 'xterm', 'ROS_LOCALHOST_ONLY': '0', 'QT_X11_NO_MITSHM': '1', 'PATH': '/opt/ros/humble/bin:/usr/local/sbin:/usr/local/bin:/usr/sbin:/usr/bin:/sbin:/bin', 'DISPLAY': 'unix:1', 'LANG': 'C.UTF-8', 'ROS_DOMAIN_ID': '205', 'AMENT_PREFIX_PATH': '/opt/ros/humble', 'PWD': '/youbot/build/send_num', 'LC_ALL': 'C.UTF-8', 'PYTHONPATH': '/youbot/build/send_num/prefix_override:/usr/lib/python3/dist-packages/colcon_core/task/python/colcon_distutils_commands:/youbot/install/send_num/lib/python3.10/site-packages:/opt/ros/humble/lib/python3.10/site-packages:/opt/ros/humble/local/lib/python3.10/dist-packages', 'NVIDIA_VISIBLE_DEVICES': 'all', 'COLCON': '1'}, 'shell': False}
[0.812525] (-) TimerEvent: {}
[0.912918] (-) TimerEvent: {}
[0.996007] (send_num) StdoutLine: {'line': b'running egg_info\n'}
[0.997089] (send_num) StdoutLine: {'line': b'writing ../../build/send_num/send_num.egg-info/PKG-INFO\n'}
[0.997320] (send_num) StdoutLine: {'line': b'writing dependency_links to ../../build/send_num/send_num.egg-info/dependency_links.txt\n'}
[0.997467] (send_num) StdoutLine: {'line': b'writing entry points to ../../build/send_num/send_num.egg-info/entry_points.txt\n'}
[0.997611] (send_num) StdoutLine: {'line': b'writing requirements to ../../build/send_num/send_num.egg-info/requires.txt\n'}
[0.997718] (send_num) StdoutLine: {'line': b'writing top-level names to ../../build/send_num/send_num.egg-info/top_level.txt\n'}
[1.004039] (send_num) StdoutLine: {'line': b"reading manifest file '../../build/send_num/send_num.egg-info/SOURCES.txt'\n"}
[1.004193] (send_num) StdoutLine: {'line': b"adding license file 'LICENSE'\n"}
[1.004268] (send_num) StdoutLine: {'line': b"writing manifest file '../../build/send_num/send_num.egg-info/SOURCES.txt'\n"}
[1.004333] (send_num) StdoutLine: {'line': b'running build\n'}
[1.004394] (send_num) StdoutLine: {'line': b'running build_py\n'}
[1.004455] (send_num) StdoutLine: {'line': b'copying send_num/pose_camera_server.py -> /youbot/build/send_num/build/lib/send_num\n'}
[1.004585] (send_num) StdoutLine: {'line': b'running install\n'}
[1.005568] (send_num) StdoutLine: {'line': b'running install_lib\n'}
[1.005645] (send_num) StdoutLine: {'line': b'copying /youbot/build/send_num/build/lib/send_num/pose_camera_server.py -> /youbot/install/send_num/lib/python3.10/site-packages/send_num\n'}
[1.005709] (send_num) StdoutLine: {'line': b'byte-compiling /youbot/install/send_num/lib/python3.10/site-packages/send_num/pose_camera_server.py to pose_camera_server.cpython-310.pyc\n'}
[1.005770] (send_num) StdoutLine: {'line': b'running install_data\n'}
[1.005905] (send_num) StdoutLine: {'line': b'running install_egg_info\n'}
[1.006693] (send_num) StdoutLine: {'line': b"removing '/youbot/install/send_num/lib/python3.10/site-packages/send_num-0.0.0-py3.10.egg-info' (and everything under it)\n"}
[1.006989] (send_num) StdoutLine: {'line': b'Copying ../../build/send_num/send_num.egg-info to /youbot/install/send_num/lib/python3.10/site-packages/send_num-0.0.0-py3.10.egg-info\n'}
[1.007958] (send_num) StdoutLine: {'line': b'running install_scripts\n'}
[1.013010] (-) TimerEvent: {}
[1.032213] (send_num) StdoutLine: {'line': b'Installing bridge script to /youbot/install/send_num/lib/send_num\n'}
[1.032420] (send_num) StdoutLine: {'line': b'Installing camera_server script to /youbot/install/send_num/lib/send_num\n'}
[1.032586] (send_num) StdoutLine: {'line': b'Installing on_youbot script to /youbot/install/send_num/lib/send_num\n'}
[1.032726] (send_num) StdoutLine: {'line': b'Installing send script to /youbot/install/send_num/lib/send_num\n'}
[1.032882] (send_num) StdoutLine: {'line': b'Installing test_bridge script to /youbot/install/send_num/lib/send_num\n'}
[1.032950] (send_num) StdoutLine: {'line': b'Installing test_server_copy script to /youbot/install/send_num/lib/send_num\n'}
[1.033360] (send_num) StdoutLine: {'line': b"writing list of installed files to '/youbot/build/send_num/install.log'\n"}
[1.063705] (send_num) CommandEnded: {'returncode': 0}
[1.070894] (send_num) JobEnded: {'identifier': 'send_num', 'rc': 0}
[1.071780] (-) EventReactorShutdown: {}
