-- The C compiler identification is GNU 11.4.0
-- The CXX compiler identification is GNU 11.4.0
-- Detecting C compiler ABI info
-- Detecting C compiler ABI info - done
-- Check for working C compiler: /usr/bin/cc - skipped
-- Detecting C compile features
-- Detecting C compile features - done
-- Detecting CXX compiler ABI info
-- Detecting CXX compiler ABI info - done
-- Check for working CXX compiler: /usr/bin/c++ - skipped
-- Detecting CXX compile features
-- Detecting CXX compile features - done
-- Found ament_cmake: 1.3.11 (/opt/ros/humble/share/ament_cmake/cmake)
-- Found Python3: /usr/bin/python3 (found version "3.10.12") found components: Interpreter 
-- Found rclcpp: 16.0.12 (/opt/ros/humble/share/rclcpp/cmake)
-- Found rosidl_generator_c: 3.1.6 (/opt/ros/humble/share/rosidl_generator_c/cmake)
-- Found rosidl_adapter: 3.1.6 (/opt/ros/humble/share/rosidl_adapter/cmake)
-- Found rosidl_generator_cpp: 3.1.6 (/opt/ros/humble/share/rosidl_generator_cpp/cmake)
-- Using all available rosidl_typesupport_c: rosidl_typesupport_fastrtps_c;rosidl_typesupport_introspection_c
-- Using all available rosidl_typesupport_cpp: rosidl_typesupport_fastrtps_cpp;rosidl_typesupport_introspection_cpp
-- Found rmw_implementation_cmake: 6.1.2 (/opt/ros/humble/share/rmw_implementation_cmake/cmake)
-- Found rmw_fastrtps_cpp: 6.2.7 (/opt/ros/humble/share/rmw_fastrtps_cpp/cmake)
-- Found OpenSSL: /usr/lib/x86_64-linux-gnu/libcrypto.so (found version "3.0.2")  
-- Found FastRTPS: /opt/ros/humble/include  
-- Using RMW implementation 'rmw_fastrtps_cpp' as default
-- Looking for pthread.h
-- Looking for pthread.h - found
-- Performing Test CMAKE_HAVE_LIBC_PTHREAD
-- Performing Test CMAKE_HAVE_LIBC_PTHREAD - Success
-- Found Threads: TRUE  
-- Found moveit_ros_planning_interface: 2.5.9 (/opt/ros/humble/share/moveit_ros_planning_interface/cmake)
-- Found Boost: /usr/lib/x86_64-linux-gnu/cmake/Boost-1.74.0/BoostConfig.cmake (found version "1.74.0") found components: date_time filesystem program_options system thread 
-- Found Boost: /usr/lib/x86_64-linux-gnu/cmake/Boost-1.74.0/BoostConfig.cmake (found version "1.74.0") found components: chrono date_time filesystem iostreams program_options regex serialization system thread 
-- Found parameter_traits: 0.4.0 (/opt/ros/humble/share/parameter_traits/cmake)
-- Found Eigen3: TRUE (found version "3.4.0") 
-- Found rclcpp_lifecycle: 16.0.12 (/opt/ros/humble/share/rclcpp_lifecycle/cmake)
-- Found Boost: /usr/lib/x86_64-linux-gnu/cmake/Boost-1.74.0/BoostConfig.cmake (found version "1.74.0") found components: filesystem 
-- library: /usr/lib/x86_64-linux-gnu/libcurl.so
-- Ensuring Eigen3 include directory is part of orocos-kdl CMake target
-- Found Boost: /usr/lib/x86_64-linux-gnu/cmake/Boost-1.74.0/BoostConfig.cmake (found version "1.74.0") found components: system filesystem date_time program_options thread chrono 
-- Found Boost: /usr/lib/x86_64-linux-gnu/cmake/Boost-1.74.0/BoostConfig.cmake (found version "1.74.0") found components: thread system filesystem regex date_time program_options 
-- Found Boost: /usr/lib/x86_64-linux-gnu/cmake/Boost-1.74.0/BoostConfig.cmake (found version "1.74.0") found components: system filesystem date_time program_options thread 
-- Found nav_msgs: 4.8.0 (/opt/ros/humble/share/nav_msgs/cmake)
-- Found graph_msgs: 0.2.0 (/opt/ros/humble/share/graph_msgs/cmake)
-- Configuring done
-- Generating done
-- Build files have been written to: /youbot/build/youbot_moveit
[ 50%] [32mBuilding CXX object CMakeFiles/script.dir/scripts/script.cpp.o[0m
[100%] [32m[1mLinking CXX executable script[0m
[100%] Built target script
-- Install configuration: ""
-- Installing: /youbot/install/youbot_moveit/share/ament_index/resource_index/package_run_dependencies/youbot_moveit
-- Installing: /youbot/install/youbot_moveit/share/ament_index/resource_index/parent_prefix_path/youbot_moveit
-- Installing: /youbot/install/youbot_moveit/share/youbot_moveit/environment/ament_prefix_path.sh
-- Installing: /youbot/install/youbot_moveit/share/youbot_moveit/environment/ament_prefix_path.dsv
-- Installing: /youbot/install/youbot_moveit/share/youbot_moveit/environment/path.sh
-- Installing: /youbot/install/youbot_moveit/share/youbot_moveit/environment/path.dsv
-- Installing: /youbot/install/youbot_moveit/share/youbot_moveit/local_setup.bash
-- Installing: /youbot/install/youbot_moveit/share/youbot_moveit/local_setup.sh
-- Installing: /youbot/install/youbot_moveit/share/youbot_moveit/local_setup.zsh
-- Installing: /youbot/install/youbot_moveit/share/youbot_moveit/local_setup.dsv
-- Installing: /youbot/install/youbot_moveit/share/youbot_moveit/package.dsv
-- Installing: /youbot/install/youbot_moveit/share/ament_index/resource_index/packages/youbot_moveit
-- Installing: /youbot/install/youbot_moveit/share/youbot_moveit/cmake/youbot_moveitConfig.cmake
-- Installing: /youbot/install/youbot_moveit/share/youbot_moveit/cmake/youbot_moveitConfig-version.cmake
-- Installing: /youbot/install/youbot_moveit/share/youbot_moveit/package.xml
-- Installing: /youbot/install/youbot_moveit/lib/youbot_moveit/script
-- Set runtime path of "/youbot/install/youbot_moveit/lib/youbot_moveit/script" to ""
-- Installing: /youbot/install/youbot_moveit/share/youbot_moveit/launch
-- Installing: /youbot/install/youbot_moveit/share/youbot_moveit/launch/warehouse_db.launch.py
-- Installing: /youbot/install/youbot_moveit/share/youbot_moveit/launch/spawn_controllers.launch.py
-- Installing: /youbot/install/youbot_moveit/share/youbot_moveit/launch/rsp.launch.py
-- Installing: /youbot/install/youbot_moveit/share/youbot_moveit/launch/demo.launch.py
-- Installing: /youbot/install/youbot_moveit/share/youbot_moveit/launch/moveit_rviz.launch.py
-- Installing: /youbot/install/youbot_moveit/share/youbot_moveit/launch/move_group.launch.py
-- Installing: /youbot/install/youbot_moveit/share/youbot_moveit/launch/setup_assistant.launch.py
-- Installing: /youbot/install/youbot_moveit/share/youbot_moveit/launch/static_virtual_joint_tfs.launch.py
-- Installing: /youbot/install/youbot_moveit/share/youbot_moveit/config
-- Installing: /youbot/install/youbot_moveit/share/youbot_moveit/config/moveit.rviz
-- Installing: /youbot/install/youbot_moveit/share/youbot_moveit/config/youbot.ros2_control.xacro
-- Installing: /youbot/install/youbot_moveit/share/youbot_moveit/config/joint_limits.yaml
-- Installing: /youbot/install/youbot_moveit/share/youbot_moveit/config/youbot.urdf.xacro
-- Installing: /youbot/install/youbot_moveit/share/youbot_moveit/config/moveit_controllers.yaml
-- Installing: /youbot/install/youbot_moveit/share/youbot_moveit/config/kinematics.yaml
-- Installing: /youbot/install/youbot_moveit/share/youbot_moveit/config/initial_positions.yaml
-- Installing: /youbot/install/youbot_moveit/share/youbot_moveit/config/ros2_controllers.yaml
-- Installing: /youbot/install/youbot_moveit/share/youbot_moveit/config/youbot.srdf
-- Installing: /youbot/install/youbot_moveit/share/youbot_moveit/config/ompl_planning.yaml
-- Installing: /youbot/install/youbot_moveit/share/youbot_moveit/config/pilz_cartesian_limits.yaml
-- Installing: /youbot/install/youbot_moveit/share/youbot_moveit/.setup_assistant
