[0.000000] (-) TimerEvent: {}
[0.000684] (send_num) JobQueued: {'identifier': 'send_num', 'dependencies': OrderedDict()}
[0.000839] (youbot_description) JobQueued: {'identifier': 'youbot_description', 'dependencies': OrderedDict()}
[0.000946] (youbot_moveit) JobQueued: {'identifier': 'youbot_moveit', 'dependencies': OrderedDict([('youbot_description', '/youbot/install/youbot_description')])}
[0.001073] (youbot_description) JobStarted: {'identifier': 'youbot_description'}
[0.012016] (send_num) JobStarted: {'identifier': 'send_num'}
[0.022392] (youbot_description) JobProgress: {'identifier': 'youbot_description', 'progress': 'cmake'}
[0.023135] (youbot_description) JobProgress: {'identifier': 'youbot_description', 'progress': 'build'}
[0.023866] (youbot_description) Command: {'cmd': ['/usr/bin/cmake', '--build', '/youbot/build/youbot_description', '--', '-j4', '-l4'], 'cwd': '/youbot/build/youbot_description', 'env': OrderedDict([('HOSTNAME', 'danil-H110M-S2PV'), ('SHLVL', '1'), ('LD_LIBRARY_PATH', '/opt/ros/humble/opt/rviz_ogre_vendor/lib:/opt/ros/humble/lib/x86_64-linux-gnu:/opt/ros/humble/lib'), ('HOME', '/root'), ('ROS_PYTHON_VERSION', '3'), ('ROS_DISTRO', 'humble'), ('_', '/usr/bin/colcon'), ('ROS_VERSION', '2'), ('NVIDIA_DRIVER_CAPABILITIES', 'graphics'), ('TERM', 'xterm'), ('ROS_LOCALHOST_ONLY', '0'), ('QT_X11_NO_MITSHM', '1'), ('PATH', '/opt/ros/humble/bin:/usr/local/sbin:/usr/local/bin:/usr/sbin:/usr/bin:/sbin:/bin'), ('DISPLAY', 'unix:1'), ('LANG', 'C.UTF-8'), ('ROS_DOMAIN_ID', '205'), ('AMENT_PREFIX_PATH', '/opt/ros/humble'), ('PWD', '/youbot/build/youbot_description'), ('LC_ALL', 'C.UTF-8'), ('PYTHONPATH', '/opt/ros/humble/lib/python3.10/site-packages:/opt/ros/humble/local/lib/python3.10/dist-packages'), ('NVIDIA_VISIBLE_DEVICES', 'all'), ('COLCON', '1'), ('CMAKE_PREFIX_PATH', '/opt/ros/humble')]), 'shell': False}
[0.099546] (-) TimerEvent: {}
[0.199835] (-) TimerEvent: {}
[0.300313] (-) TimerEvent: {}
[0.323636] (youbot_description) CommandEnded: {'returncode': 0}
[0.324499] (youbot_description) JobProgress: {'identifier': 'youbot_description', 'progress': 'install'}
[0.335090] (youbot_description) Command: {'cmd': ['/usr/bin/cmake', '--install', '/youbot/build/youbot_description'], 'cwd': '/youbot/build/youbot_description', 'env': OrderedDict([('HOSTNAME', 'danil-H110M-S2PV'), ('SHLVL', '1'), ('LD_LIBRARY_PATH', '/opt/ros/humble/opt/rviz_ogre_vendor/lib:/opt/ros/humble/lib/x86_64-linux-gnu:/opt/ros/humble/lib'), ('HOME', '/root'), ('ROS_PYTHON_VERSION', '3'), ('ROS_DISTRO', 'humble'), ('_', '/usr/bin/colcon'), ('ROS_VERSION', '2'), ('NVIDIA_DRIVER_CAPABILITIES', 'graphics'), ('TERM', 'xterm'), ('ROS_LOCALHOST_ONLY', '0'), ('QT_X11_NO_MITSHM', '1'), ('PATH', '/opt/ros/humble/bin:/usr/local/sbin:/usr/local/bin:/usr/sbin:/usr/bin:/sbin:/bin'), ('DISPLAY', 'unix:1'), ('LANG', 'C.UTF-8'), ('ROS_DOMAIN_ID', '205'), ('AMENT_PREFIX_PATH', '/opt/ros/humble'), ('PWD', '/youbot/build/youbot_description'), ('LC_ALL', 'C.UTF-8'), ('PYTHONPATH', '/opt/ros/humble/lib/python3.10/site-packages:/opt/ros/humble/local/lib/python3.10/dist-packages'), ('NVIDIA_VISIBLE_DEVICES', 'all'), ('COLCON', '1'), ('CMAKE_PREFIX_PATH', '/opt/ros/humble')]), 'shell': False}
[0.346327] (youbot_description) StdoutLine: {'line': b'-- Install configuration: ""\n'}
[0.346525] (youbot_description) StdoutLine: {'line': b'-- Up-to-date: /youbot/install/youbot_description/share/youbot_description/launch\n'}
[0.346601] (youbot_description) StdoutLine: {'line': b'-- Up-to-date: /youbot/install/youbot_description/share/youbot_description/launch/rviz.launch.py\n'}
[0.346667] (youbot_description) StdoutLine: {'line': b'-- Up-to-date: /youbot/install/youbot_description/share/youbot_description/rviz\n'}
[0.346730] (youbot_description) StdoutLine: {'line': b'-- Up-to-date: /youbot/install/youbot_description/share/youbot_description/rviz/view.rviz\n'}
[0.346793] (youbot_description) StdoutLine: {'line': b'-- Up-to-date: /youbot/install/youbot_description/share/youbot_description/urdf\n'}
[0.346854] (youbot_description) StdoutLine: {'line': b'-- Up-to-date: /youbot/install/youbot_description/share/youbot_description/urdf/youbot.urdf\n'}
[0.346922] (youbot_description) StdoutLine: {'line': b'-- Up-to-date: /youbot/install/youbot_description/share/youbot_description/meshes\n'}
[0.346982] (youbot_description) StdoutLine: {'line': b'-- Up-to-date: /youbot/install/youbot_description/share/youbot_description/meshes/youbot_arm\n'}
[0.347042] (youbot_description) StdoutLine: {'line': b'-- Up-to-date: /youbot/install/youbot_description/share/youbot_description/meshes/youbot_arm/arm_joint_5_convex.stl\n'}
[0.347102] (youbot_description) StdoutLine: {'line': b'-- Up-to-date: /youbot/install/youbot_description/share/youbot_description/meshes/youbot_arm/arm2_convex.stl\n'}
[0.347179] (youbot_description) StdoutLine: {'line': b'-- Up-to-date: /youbot/install/youbot_description/share/youbot_description/meshes/youbot_arm/arm_joint_2_convex.stl\n'}
[0.347243] (youbot_description) StdoutLine: {'line': b'-- Up-to-date: /youbot/install/youbot_description/share/youbot_description/meshes/youbot_arm/arm0_convex.dae\n'}
[0.347303] (youbot_description) StdoutLine: {'line': b'-- Up-to-date: /youbot/install/youbot_description/share/youbot_description/meshes/youbot_arm/arm2.dae\n'}
[0.347362] (youbot_description) StdoutLine: {'line': b'-- Up-to-date: /youbot/install/youbot_description/share/youbot_description/meshes/youbot_arm/arm_joint_3_convex.stl_Zone.Identifier\n'}
[0.347423] (youbot_description) StdoutLine: {'line': b'-- Up-to-date: /youbot/install/youbot_description/share/youbot_description/meshes/youbot_arm/arm_joint_3_convex.stl\n'}
[0.347482] (youbot_description) StdoutLine: {'line': b'-- Up-to-date: /youbot/install/youbot_description/share/youbot_description/meshes/youbot_arm/arm4_convex.dae\n'}
[0.347542] (youbot_description) StdoutLine: {'line': b'-- Up-to-date: /youbot/install/youbot_description/share/youbot_description/meshes/youbot_arm/arm2_convex.stl_Zone.Identifier\n'}
[0.347601] (youbot_description) StdoutLine: {'line': b'-- Up-to-date: /youbot/install/youbot_description/share/youbot_description/meshes/youbot_arm/arm4.dae\n'}
[0.347662] (youbot_description) StdoutLine: {'line': b'-- Up-to-date: /youbot/install/youbot_description/share/youbot_description/meshes/youbot_arm/arm5.dae\n'}
[0.347723] (youbot_description) StdoutLine: {'line': b'-- Up-to-date: /youbot/install/youbot_description/share/youbot_description/meshes/youbot_arm/arm_joint_4_convex.stl_Zone.Identifier\n'}
[0.347784] (youbot_description) StdoutLine: {'line': b'-- Up-to-date: /youbot/install/youbot_description/share/youbot_description/meshes/youbot_arm/arm0_convex.stl\n'}
[0.347845] (youbot_description) StdoutLine: {'line': b'-- Up-to-date: /youbot/install/youbot_description/share/youbot_description/meshes/youbot_arm/arm0.dae\n'}
[0.347906] (youbot_description) StdoutLine: {'line': b'-- Up-to-date: /youbot/install/youbot_description/share/youbot_description/meshes/youbot_arm/arm3_convex.dae\n'}
[0.347965] (youbot_description) StdoutLine: {'line': b'-- Up-to-date: /youbot/install/youbot_description/share/youbot_description/meshes/youbot_arm/arm5_convex.dae\n'}
[0.348026] (youbot_description) StdoutLine: {'line': b'-- Up-to-date: /youbot/install/youbot_description/share/youbot_description/meshes/youbot_arm/arm_joint_5_convex.stl_Zone.Identifier\n'}
[0.348086] (youbot_description) StdoutLine: {'line': b'-- Up-to-date: /youbot/install/youbot_description/share/youbot_description/meshes/youbot_arm/arm1.dae\n'}
[0.348163] (youbot_description) StdoutLine: {'line': b'-- Up-to-date: /youbot/install/youbot_description/share/youbot_description/meshes/youbot_arm/arm_joint_4_convex.stl\n'}
[0.348227] (youbot_description) StdoutLine: {'line': b'-- Up-to-date: /youbot/install/youbot_description/share/youbot_description/meshes/youbot_arm/arm_joint_2_convex.stl_Zone.Identifier\n'}
[0.348288] (youbot_description) StdoutLine: {'line': b'-- Up-to-date: /youbot/install/youbot_description/share/youbot_description/meshes/youbot_arm/arm0_convex.stl_Zone.Identifier\n'}
[0.348347] (youbot_description) StdoutLine: {'line': b'-- Up-to-date: /youbot/install/youbot_description/share/youbot_description/meshes/youbot_arm/arm2_convex.dae\n'}
[0.348413] (youbot_description) StdoutLine: {'line': b'-- Up-to-date: /youbot/install/youbot_description/share/youbot_description/meshes/youbot_arm/arm3.dae\n'}
[0.348478] (youbot_description) StdoutLine: {'line': b'-- Up-to-date: /youbot/install/youbot_description/share/youbot_description/meshes/youbot_arm/arm_joint_1_convex.stl\n'}
[0.348538] (youbot_description) StdoutLine: {'line': b'-- Up-to-date: /youbot/install/youbot_description/share/youbot_description/meshes/youbot_arm/arm1_convex.dae\n'}
[0.348596] (youbot_description) StdoutLine: {'line': b'-- Up-to-date: /youbot/install/youbot_description/share/youbot_description/meshes/youbot_arm/arm_joint_1_convex.stl_Zone.Identifier\n'}
[0.348655] (youbot_description) StdoutLine: {'line': b'-- Up-to-date: /youbot/install/youbot_description/share/youbot_description/meshes/sensors\n'}
[0.348714] (youbot_description) StdoutLine: {'line': b'-- Up-to-date: /youbot/install/youbot_description/share/youbot_description/meshes/sensors/kinect.tga\n'}
[0.348773] (youbot_description) StdoutLine: {'line': b'-- Up-to-date: /youbot/install/youbot_description/share/youbot_description/meshes/sensors/hokuyo_convex.dae\n'}
[0.353254] (youbot_description) StdoutLine: {'line': b'-- Up-to-date: /youbot/install/youbot_description/share/youbot_description/meshes/sensors/asus_xtion_pro_live_base.dae\n'}
[0.353461] (youbot_description) StdoutLine: {'line': b'-- Up-to-date: /youbot/install/youbot_description/share/youbot_description/meshes/sensors/kinect.dae\n'}
[0.353637] (youbot_description) StdoutLine: {'line': b'-- Up-to-date: /youbot/install/youbot_description/share/youbot_description/meshes/sensors/hokuyo.dae\n'}
[0.353802] (youbot_description) StdoutLine: {'line': b'-- Up-to-date: /youbot/install/youbot_description/share/youbot_description/meshes/sensors/asus_xtion_pro_live_camera.dae\n'}
[0.353944] (youbot_description) StdoutLine: {'line': b'-- Up-to-date: /youbot/install/youbot_description/share/youbot_description/meshes/sensors/microsoft_lifecam.dae\n'}
[0.354098] (youbot_description) StdoutLine: {'line': b'-- Up-to-date: /youbot/install/youbot_description/share/youbot_description/meshes/sensors/asus_xtion_pro_live_base.png\n'}
[0.357297] (youbot_description) StdoutLine: {'line': b'-- Up-to-date: /youbot/install/youbot_description/share/youbot_description/meshes/sensors/asus_xtion_pro_live_camera.png\n'}
[0.357602] (youbot_description) StdoutLine: {'line': b'-- Up-to-date: /youbot/install/youbot_description/share/youbot_description/meshes/youbot_plate\n'}
[0.357689] (youbot_description) StdoutLine: {'line': b'-- Up-to-date: /youbot/install/youbot_description/share/youbot_description/meshes/youbot_plate/plate_convex.dae\n'}
[0.357757] (youbot_description) StdoutLine: {'line': b'-- Up-to-date: /youbot/install/youbot_description/share/youbot_description/meshes/youbot_plate/plate.dae\n'}
[0.357820] (youbot_description) StdoutLine: {'line': b'-- Up-to-date: /youbot/install/youbot_description/share/youbot_description/meshes/youbot_plate/plate.stl\n'}
[0.357881] (youbot_description) StdoutLine: {'line': b'-- Up-to-date: /youbot/install/youbot_description/share/youbot_description/meshes/youbot_base\n'}
[0.357942] (youbot_description) StdoutLine: {'line': b'-- Up-to-date: /youbot/install/youbot_description/share/youbot_description/meshes/youbot_base/base_convex.stl\n'}
[0.358002] (youbot_description) StdoutLine: {'line': b'-- Up-to-date: /youbot/install/youbot_description/share/youbot_description/meshes/youbot_base/base_convex.stl_Zone.Identifier\n'}
[0.358062] (youbot_description) StdoutLine: {'line': b'-- Up-to-date: /youbot/install/youbot_description/share/youbot_description/meshes/youbot_base/front-right_wheel.dae_Zone.Identifier\n'}
[0.358129] (youbot_description) StdoutLine: {'line': b'-- Up-to-date: /youbot/install/youbot_description/share/youbot_description/meshes/youbot_base/front-left_wheel.dae\n'}
[0.358197] (youbot_description) StdoutLine: {'line': b'-- Up-to-date: /youbot/install/youbot_description/share/youbot_description/meshes/youbot_base/base.dae\n'}
[0.358271] (youbot_description) StdoutLine: {'line': b'-- Up-to-date: /youbot/install/youbot_description/share/youbot_description/meshes/youbot_base/back-right_wheel.dae_Zone.Identifier\n'}
[0.358332] (youbot_description) StdoutLine: {'line': b'-- Up-to-date: /youbot/install/youbot_description/share/youbot_description/meshes/youbot_base/front-right_wheel.dae\n'}
[0.358392] (youbot_description) StdoutLine: {'line': b'-- Up-to-date: /youbot/install/youbot_description/share/youbot_description/meshes/youbot_base/back-left_wheel.dae_Zone.Identifier\n'}
[0.358451] (youbot_description) StdoutLine: {'line': b'-- Up-to-date: /youbot/install/youbot_description/share/youbot_description/meshes/youbot_base/back-right_wheel.dae\n'}
[0.358511] (youbot_description) StdoutLine: {'line': b'-- Up-to-date: /youbot/install/youbot_description/share/youbot_description/meshes/youbot_base/front-left_wheel.dae_Zone.Identifier\n'}
[0.358570] (youbot_description) StdoutLine: {'line': b'-- Up-to-date: /youbot/install/youbot_description/share/youbot_description/meshes/youbot_base/base_convex.dae\n'}
[0.358631] (youbot_description) StdoutLine: {'line': b'-- Up-to-date: /youbot/install/youbot_description/share/youbot_description/meshes/youbot_base/back-left_wheel.dae\n'}
[0.358692] (youbot_description) StdoutLine: {'line': b'-- Up-to-date: /youbot/install/youbot_description/share/youbot_description/meshes/youbot_base/base_frame.dae_Zone.Identifier\n'}
[0.358752] (youbot_description) StdoutLine: {'line': b'-- Up-to-date: /youbot/install/youbot_description/share/youbot_description/meshes/youbot_base/base_frame.dae\n'}
[0.358811] (youbot_description) StdoutLine: {'line': b'-- Up-to-date: /youbot/install/youbot_description/share/youbot_description/meshes/youbot_gripper\n'}
[0.358871] (youbot_description) StdoutLine: {'line': b'-- Up-to-date: /youbot/install/youbot_description/share/youbot_description/meshes/youbot_gripper/finger.dae\n'}
[0.358937] (youbot_description) StdoutLine: {'line': b'-- Up-to-date: /youbot/install/youbot_description/share/youbot_description/meshes/youbot_gripper/finger_convex.dae\n'}
[0.358998] (youbot_description) StdoutLine: {'line': b'-- Up-to-date: /youbot/install/youbot_description/share/youbot_description/meshes/youbot_gripper/palm_convex.dae\n'}
[0.359058] (youbot_description) StdoutLine: {'line': b'-- Up-to-date: /youbot/install/youbot_description/share/youbot_description/meshes/youbot_gripper/palm.dae\n'}
[0.359125] (youbot_description) StdoutLine: {'line': b'-- Up-to-date: /youbot/install/youbot_description/share/youbot_description/config\n'}
[0.359193] (youbot_description) StdoutLine: {'line': b'-- Up-to-date: /youbot/install/youbot_description/share/youbot_description/config/youbot.yaml\n'}
[0.359253] (youbot_description) StdoutLine: {'line': b'-- Up-to-date: /youbot/install/youbot_description/share/youbot_description/config/rviz.rviz\n'}
[0.359313] (youbot_description) StdoutLine: {'line': b'-- Up-to-date: /youbot/install/youbot_description/share/youbot_description/sdf\n'}
[0.359373] (youbot_description) StdoutLine: {'line': b'-- Up-to-date: /youbot/install/youbot_description/share/youbot_description/sdf/youbot\n'}
[0.359432] (youbot_description) StdoutLine: {'line': b'-- Up-to-date: /youbot/install/youbot_description/share/youbot_description/sdf/youbot/model.config\n'}
[0.359491] (youbot_description) StdoutLine: {'line': b'-- Up-to-date: /youbot/install/youbot_description/share/youbot_description/sdf/youbot/meshes\n'}
[0.359550] (youbot_description) StdoutLine: {'line': b'-- Up-to-date: /youbot/install/youbot_description/share/youbot_description/sdf/youbot/meshes/gripper\n'}
[0.359621] (youbot_description) StdoutLine: {'line': b'-- Up-to-date: /youbot/install/youbot_description/share/youbot_description/sdf/youbot/meshes/gripper/palm.stl\n'}
[0.359680] (youbot_description) StdoutLine: {'line': b'-- Up-to-date: /youbot/install/youbot_description/share/youbot_description/sdf/youbot/meshes/gripper/palm_convex.stl\n'}
[0.359740] (youbot_description) StdoutLine: {'line': b'-- Up-to-date: /youbot/install/youbot_description/share/youbot_description/sdf/youbot/meshes/gripper/finger_convex.stl\n'}
[0.359806] (youbot_description) StdoutLine: {'line': b'-- Up-to-date: /youbot/install/youbot_description/share/youbot_description/sdf/youbot/meshes/gripper/finger.stl\n'}
[0.359865] (youbot_description) StdoutLine: {'line': b'-- Up-to-date: /youbot/install/youbot_description/share/youbot_description/sdf/youbot/meshes/arm\n'}
[0.359924] (youbot_description) StdoutLine: {'line': b'-- Up-to-date: /youbot/install/youbot_description/share/youbot_description/sdf/youbot/meshes/arm/arm2_convex.stl\n'}
[0.359981] (youbot_description) StdoutLine: {'line': b'-- Up-to-date: /youbot/install/youbot_description/share/youbot_description/sdf/youbot/meshes/arm/arm2.dae\n'}
[0.360040] (youbot_description) StdoutLine: {'line': b'-- Up-to-date: /youbot/install/youbot_description/share/youbot_description/sdf/youbot/meshes/arm/arm3_convex.stl\n'}
[0.360098] (youbot_description) StdoutLine: {'line': b'-- Up-to-date: /youbot/install/youbot_description/share/youbot_description/sdf/youbot/meshes/arm/arm4.dae\n'}
[0.360176] (youbot_description) StdoutLine: {'line': b'-- Up-to-date: /youbot/install/youbot_description/share/youbot_description/sdf/youbot/meshes/arm/arm5.dae\n'}
[0.363579] (youbot_description) StdoutLine: {'line': b'-- Up-to-date: /youbot/install/youbot_description/share/youbot_description/sdf/youbot/meshes/arm/arm0_convex.stl\n'}
[0.363674] (youbot_description) StdoutLine: {'line': b'-- Up-to-date: /youbot/install/youbot_description/share/youbot_description/sdf/youbot/meshes/arm/arm1_convex.stl\n'}
[0.363742] (youbot_description) StdoutLine: {'line': b'-- Up-to-date: /youbot/install/youbot_description/share/youbot_description/sdf/youbot/meshes/arm/arm0.dae\n'}
[0.363806] (youbot_description) StdoutLine: {'line': b'-- Up-to-date: /youbot/install/youbot_description/share/youbot_description/sdf/youbot/meshes/arm/arm1.dae\n'}
[0.363867] (youbot_description) StdoutLine: {'line': b'-- Up-to-date: /youbot/install/youbot_description/share/youbot_description/sdf/youbot/meshes/arm/arm4_convex.stl\n'}
[0.363927] (youbot_description) StdoutLine: {'line': b'-- Up-to-date: /youbot/install/youbot_description/share/youbot_description/sdf/youbot/meshes/arm/arm3.dae\n'}
[0.363988] (youbot_description) StdoutLine: {'line': b'-- Up-to-date: /youbot/install/youbot_description/share/youbot_description/sdf/youbot/meshes/arm/arm5_convex.stl\n'}
[0.364048] (youbot_description) StdoutLine: {'line': b'-- Up-to-date: /youbot/install/youbot_description/share/youbot_description/sdf/youbot/meshes/base\n'}
[0.364107] (youbot_description) StdoutLine: {'line': b'-- Up-to-date: /youbot/install/youbot_description/share/youbot_description/sdf/youbot/meshes/base/base_convex.stl\n'}
[0.364177] (youbot_description) StdoutLine: {'line': b'-- Up-to-date: /youbot/install/youbot_description/share/youbot_description/sdf/youbot/meshes/base/front-left_wheel.dae\n'}
[0.364239] (youbot_description) StdoutLine: {'line': b'-- Up-to-date: /youbot/install/youbot_description/share/youbot_description/sdf/youbot/meshes/base/base.dae\n'}
[0.364298] (youbot_description) StdoutLine: {'line': b'-- Up-to-date: /youbot/install/youbot_description/share/youbot_description/sdf/youbot/meshes/base/front-right_wheel.dae\n'}
[0.364358] (youbot_description) StdoutLine: {'line': b'-- Up-to-date: /youbot/install/youbot_description/share/youbot_description/sdf/youbot/meshes/base/back-right_wheel.dae\n'}
[0.364419] (youbot_description) StdoutLine: {'line': b'-- Up-to-date: /youbot/install/youbot_description/share/youbot_description/sdf/youbot/meshes/base/back-left_wheel.dae\n'}
[0.364491] (youbot_description) StdoutLine: {'line': b'-- Up-to-date: /youbot/install/youbot_description/share/youbot_description/sdf/youbot/meshes/plate\n'}
[0.364551] (youbot_description) StdoutLine: {'line': b'-- Up-to-date: /youbot/install/youbot_description/share/youbot_description/sdf/youbot/meshes/plate/plate.dae\n'}
[0.364611] (youbot_description) StdoutLine: {'line': b'-- Up-to-date: /youbot/install/youbot_description/share/youbot_description/sdf/youbot/meshes/plate/plate_convex.stl\n'}
[0.364675] (youbot_description) StdoutLine: {'line': b'-- Up-to-date: /youbot/install/youbot_description/share/youbot_description/sdf/youbot/materials\n'}
[0.364733] (youbot_description) StdoutLine: {'line': b'-- Up-to-date: /youbot/install/youbot_description/share/youbot_description/sdf/youbot/materials/scripts\n'}
[0.364791] (youbot_description) StdoutLine: {'line': b'-- Up-to-date: /youbot/install/youbot_description/share/youbot_description/sdf/youbot/materials/scripts/youbot.material\n'}
[0.364849] (youbot_description) StdoutLine: {'line': b'-- Up-to-date: /youbot/install/youbot_description/share/youbot_description/sdf/youbot/model.sdf\n'}
[0.364907] (youbot_description) StdoutLine: {'line': b'-- Up-to-date: /youbot/install/youbot_description/share/youbot_description/worlds\n'}
[0.364967] (youbot_description) StdoutLine: {'line': b'-- Up-to-date: /youbot/install/youbot_description/share/ament_index/resource_index/package_run_dependencies/youbot_description\n'}
[0.365026] (youbot_description) StdoutLine: {'line': b'-- Up-to-date: /youbot/install/youbot_description/share/ament_index/resource_index/parent_prefix_path/youbot_description\n'}
[0.365085] (youbot_description) StdoutLine: {'line': b'-- Up-to-date: /youbot/install/youbot_description/share/youbot_description/environment/ament_prefix_path.sh\n'}
[0.365156] (youbot_description) StdoutLine: {'line': b'-- Up-to-date: /youbot/install/youbot_description/share/youbot_description/environment/ament_prefix_path.dsv\n'}
[0.365220] (youbot_description) StdoutLine: {'line': b'-- Up-to-date: /youbot/install/youbot_description/share/youbot_description/environment/path.sh\n'}
[0.365281] (youbot_description) StdoutLine: {'line': b'-- Up-to-date: /youbot/install/youbot_description/share/youbot_description/environment/path.dsv\n'}
[0.365352] (youbot_description) StdoutLine: {'line': b'-- Up-to-date: /youbot/install/youbot_description/share/youbot_description/local_setup.bash\n'}
[0.365413] (youbot_description) StdoutLine: {'line': b'-- Up-to-date: /youbot/install/youbot_description/share/youbot_description/local_setup.sh\n'}
[0.365485] (youbot_description) StdoutLine: {'line': b'-- Up-to-date: /youbot/install/youbot_description/share/youbot_description/local_setup.zsh\n'}
[0.365545] (youbot_description) StdoutLine: {'line': b'-- Up-to-date: /youbot/install/youbot_description/share/youbot_description/local_setup.dsv\n'}
[0.365603] (youbot_description) StdoutLine: {'line': b'-- Installing: /youbot/install/youbot_description/share/youbot_description/package.dsv\n'}
[0.365662] (youbot_description) StdoutLine: {'line': b'-- Up-to-date: /youbot/install/youbot_description/share/ament_index/resource_index/packages/youbot_description\n'}
[0.365721] (youbot_description) StdoutLine: {'line': b'-- Up-to-date: /youbot/install/youbot_description/share/youbot_description/cmake/youbot_descriptionConfig.cmake\n'}
[0.365779] (youbot_description) StdoutLine: {'line': b'-- Up-to-date: /youbot/install/youbot_description/share/youbot_description/cmake/youbot_descriptionConfig-version.cmake\n'}
[0.365837] (youbot_description) StdoutLine: {'line': b'-- Up-to-date: /youbot/install/youbot_description/share/youbot_description/package.xml\n'}
[0.365896] (youbot_description) CommandEnded: {'returncode': 0}
[0.385142] (youbot_description) JobEnded: {'identifier': 'youbot_description', 'rc': 0}
[0.385546] (youbot_moveit) JobStarted: {'identifier': 'youbot_moveit'}
[0.388759] (youbot_moveit) JobProgress: {'identifier': 'youbot_moveit', 'progress': 'cmake'}
[0.389620] (youbot_moveit) JobProgress: {'identifier': 'youbot_moveit', 'progress': 'build'}
[0.389990] (youbot_moveit) Command: {'cmd': ['/usr/bin/cmake', '--build', '/youbot/build/youbot_moveit', '--', '-j4', '-l4'], 'cwd': '/youbot/build/youbot_moveit', 'env': OrderedDict([('HOSTNAME', 'danil-H110M-S2PV'), ('SHLVL', '1'), ('LD_LIBRARY_PATH', '/opt/ros/humble/opt/rviz_ogre_vendor/lib:/opt/ros/humble/lib/x86_64-linux-gnu:/opt/ros/humble/lib'), ('HOME', '/root'), ('ROS_PYTHON_VERSION', '3'), ('ROS_DISTRO', 'humble'), ('_', '/usr/bin/colcon'), ('ROS_VERSION', '2'), ('NVIDIA_DRIVER_CAPABILITIES', 'graphics'), ('TERM', 'xterm'), ('ROS_LOCALHOST_ONLY', '0'), ('QT_X11_NO_MITSHM', '1'), ('PATH', '/opt/ros/humble/bin:/usr/local/sbin:/usr/local/bin:/usr/sbin:/usr/bin:/sbin:/bin'), ('DISPLAY', 'unix:1'), ('LANG', 'C.UTF-8'), ('ROS_DOMAIN_ID', '205'), ('AMENT_PREFIX_PATH', '/youbot/install/youbot_description:/opt/ros/humble'), ('PWD', '/youbot/build/youbot_moveit'), ('LC_ALL', 'C.UTF-8'), ('PYTHONPATH', '/opt/ros/humble/lib/python3.10/site-packages:/opt/ros/humble/local/lib/python3.10/dist-packages'), ('NVIDIA_VISIBLE_DEVICES', 'all'), ('COLCON', '1'), ('CMAKE_PREFIX_PATH', '/youbot/install/youbot_description:/opt/ros/humble')]), 'shell': False}
[0.400396] (-) TimerEvent: {}
[0.492865] (youbot_moveit) StdoutLine: {'line': b'[100%] Built target script\n'}
[0.500508] (-) TimerEvent: {}
[0.506385] (youbot_moveit) CommandEnded: {'returncode': 0}
[0.506798] (youbot_moveit) JobProgress: {'identifier': 'youbot_moveit', 'progress': 'install'}
[0.506829] (youbot_moveit) Command: {'cmd': ['/usr/bin/cmake', '--install', '/youbot/build/youbot_moveit'], 'cwd': '/youbot/build/youbot_moveit', 'env': OrderedDict([('HOSTNAME', 'danil-H110M-S2PV'), ('SHLVL', '1'), ('LD_LIBRARY_PATH', '/opt/ros/humble/opt/rviz_ogre_vendor/lib:/opt/ros/humble/lib/x86_64-linux-gnu:/opt/ros/humble/lib'), ('HOME', '/root'), ('ROS_PYTHON_VERSION', '3'), ('ROS_DISTRO', 'humble'), ('_', '/usr/bin/colcon'), ('ROS_VERSION', '2'), ('NVIDIA_DRIVER_CAPABILITIES', 'graphics'), ('TERM', 'xterm'), ('ROS_LOCALHOST_ONLY', '0'), ('QT_X11_NO_MITSHM', '1'), ('PATH', '/opt/ros/humble/bin:/usr/local/sbin:/usr/local/bin:/usr/sbin:/usr/bin:/sbin:/bin'), ('DISPLAY', 'unix:1'), ('LANG', 'C.UTF-8'), ('ROS_DOMAIN_ID', '205'), ('AMENT_PREFIX_PATH', '/youbot/install/youbot_description:/opt/ros/humble'), ('PWD', '/youbot/build/youbot_moveit'), ('LC_ALL', 'C.UTF-8'), ('PYTHONPATH', '/opt/ros/humble/lib/python3.10/site-packages:/opt/ros/humble/local/lib/python3.10/dist-packages'), ('NVIDIA_VISIBLE_DEVICES', 'all'), ('COLCON', '1'), ('CMAKE_PREFIX_PATH', '/youbot/install/youbot_description:/opt/ros/humble')]), 'shell': False}
[0.515161] (youbot_moveit) StdoutLine: {'line': b'-- Install configuration: ""\n'}
[0.515813] (youbot_moveit) StdoutLine: {'line': b'-- Up-to-date: /youbot/install/youbot_moveit/share/ament_index/resource_index/package_run_dependencies/youbot_moveit\n'}
[0.516292] (youbot_moveit) StdoutLine: {'line': b'-- Up-to-date: /youbot/install/youbot_moveit/share/ament_index/resource_index/parent_prefix_path/youbot_moveit\n'}
[0.516454] (youbot_moveit) StdoutLine: {'line': b'-- Up-to-date: /youbot/install/youbot_moveit/share/youbot_moveit/environment/ament_prefix_path.sh\n'}
[0.516522] (youbot_moveit) StdoutLine: {'line': b'-- Up-to-date: /youbot/install/youbot_moveit/share/youbot_moveit/environment/ament_prefix_path.dsv\n'}
[0.516586] (youbot_moveit) StdoutLine: {'line': b'-- Up-to-date: /youbot/install/youbot_moveit/share/youbot_moveit/environment/path.sh\n'}
[0.517535] (youbot_moveit) StdoutLine: {'line': b'-- Up-to-date: /youbot/install/youbot_moveit/share/youbot_moveit/environment/path.dsv\n'}
[0.517631] (youbot_moveit) StdoutLine: {'line': b'-- Up-to-date: /youbot/install/youbot_moveit/share/youbot_moveit/local_setup.bash\n'}
[0.517697] (youbot_moveit) StdoutLine: {'line': b'-- Up-to-date: /youbot/install/youbot_moveit/share/youbot_moveit/local_setup.sh\n'}
[0.517760] (youbot_moveit) StdoutLine: {'line': b'-- Up-to-date: /youbot/install/youbot_moveit/share/youbot_moveit/local_setup.zsh\n'}
[0.517820] (youbot_moveit) StdoutLine: {'line': b'-- Up-to-date: /youbot/install/youbot_moveit/share/youbot_moveit/local_setup.dsv\n'}
[0.517880] (youbot_moveit) StdoutLine: {'line': b'-- Installing: /youbot/install/youbot_moveit/share/youbot_moveit/package.dsv\n'}
[0.517939] (youbot_moveit) StdoutLine: {'line': b'-- Up-to-date: /youbot/install/youbot_moveit/share/ament_index/resource_index/packages/youbot_moveit\n'}
[0.517999] (youbot_moveit) StdoutLine: {'line': b'-- Up-to-date: /youbot/install/youbot_moveit/share/youbot_moveit/cmake/youbot_moveitConfig.cmake\n'}
[0.518069] (youbot_moveit) StdoutLine: {'line': b'-- Up-to-date: /youbot/install/youbot_moveit/share/youbot_moveit/cmake/youbot_moveitConfig-version.cmake\n'}
[0.518141] (youbot_moveit) StdoutLine: {'line': b'-- Up-to-date: /youbot/install/youbot_moveit/share/youbot_moveit/package.xml\n'}
[0.518207] (youbot_moveit) StdoutLine: {'line': b'-- Up-to-date: /youbot/install/youbot_moveit/lib/youbot_moveit/script\n'}
[0.518267] (youbot_moveit) StdoutLine: {'line': b'-- Up-to-date: /youbot/install/youbot_moveit/share/youbot_moveit/launch\n'}
[0.518326] (youbot_moveit) StdoutLine: {'line': b'-- Up-to-date: /youbot/install/youbot_moveit/share/youbot_moveit/launch/warehouse_db.launch.py\n'}
[0.518385] (youbot_moveit) StdoutLine: {'line': b'-- Up-to-date: /youbot/install/youbot_moveit/share/youbot_moveit/launch/spawn_controllers.launch.py\n'}
[0.518443] (youbot_moveit) StdoutLine: {'line': b'-- Up-to-date: /youbot/install/youbot_moveit/share/youbot_moveit/launch/rsp.launch.py\n'}
[0.518502] (youbot_moveit) StdoutLine: {'line': b'-- Up-to-date: /youbot/install/youbot_moveit/share/youbot_moveit/launch/demo.launch.py\n'}
[0.523291] (youbot_moveit) StdoutLine: {'line': b'-- Up-to-date: /youbot/install/youbot_moveit/share/youbot_moveit/launch/moveit_rviz.launch.py\n'}
[0.524081] (youbot_moveit) StdoutLine: {'line': b'-- Up-to-date: /youbot/install/youbot_moveit/share/youbot_moveit/launch/move_group.launch.py\n'}
[0.524232] (youbot_moveit) StdoutLine: {'line': b'-- Up-to-date: /youbot/install/youbot_moveit/share/youbot_moveit/launch/setup_assistant.launch.py\n'}
[0.524308] (youbot_moveit) StdoutLine: {'line': b'-- Up-to-date: /youbot/install/youbot_moveit/share/youbot_moveit/launch/static_virtual_joint_tfs.launch.py\n'}
[0.524371] (youbot_moveit) StdoutLine: {'line': b'-- Up-to-date: /youbot/install/youbot_moveit/share/youbot_moveit/config\n'}
[0.524433] (youbot_moveit) StdoutLine: {'line': b'-- Up-to-date: /youbot/install/youbot_moveit/share/youbot_moveit/config/moveit.rviz\n'}
[0.524493] (youbot_moveit) StdoutLine: {'line': b'-- Up-to-date: /youbot/install/youbot_moveit/share/youbot_moveit/config/youbot.ros2_control.xacro\n'}
[0.524551] (youbot_moveit) StdoutLine: {'line': b'-- Up-to-date: /youbot/install/youbot_moveit/share/youbot_moveit/config/joint_limits.yaml\n'}
[0.524610] (youbot_moveit) StdoutLine: {'line': b'-- Up-to-date: /youbot/install/youbot_moveit/share/youbot_moveit/config/youbot.urdf.xacro\n'}
[0.524669] (youbot_moveit) StdoutLine: {'line': b'-- Up-to-date: /youbot/install/youbot_moveit/share/youbot_moveit/config/moveit_controllers.yaml\n'}
[0.524728] (youbot_moveit) StdoutLine: {'line': b'-- Up-to-date: /youbot/install/youbot_moveit/share/youbot_moveit/config/kinematics.yaml\n'}
[0.524786] (youbot_moveit) StdoutLine: {'line': b'-- Up-to-date: /youbot/install/youbot_moveit/share/youbot_moveit/config/initial_positions.yaml\n'}
[0.524871] (youbot_moveit) StdoutLine: {'line': b'-- Up-to-date: /youbot/install/youbot_moveit/share/youbot_moveit/config/ros2_controllers.yaml\n'}
[0.524931] (youbot_moveit) StdoutLine: {'line': b'-- Up-to-date: /youbot/install/youbot_moveit/share/youbot_moveit/config/youbot.srdf\n'}
[0.524989] (youbot_moveit) StdoutLine: {'line': b'-- Up-to-date: /youbot/install/youbot_moveit/share/youbot_moveit/config/ompl_planning.yaml\n'}
[0.525047] (youbot_moveit) StdoutLine: {'line': b'-- Up-to-date: /youbot/install/youbot_moveit/share/youbot_moveit/config/pilz_cartesian_limits.yaml\n'}
[0.525105] (youbot_moveit) StdoutLine: {'line': b'-- Up-to-date: /youbot/install/youbot_moveit/share/youbot_moveit/.setup_assistant\n'}
[0.526070] (youbot_moveit) CommandEnded: {'returncode': 0}
[0.551626] (youbot_moveit) JobEnded: {'identifier': 'youbot_moveit', 'rc': 0}
[0.600654] (-) TimerEvent: {}
[0.700933] (-) TimerEvent: {}
[0.768238] (send_num) Command: {'cmd': ['/usr/bin/python3', '-W', 'ignore:setup.py install is deprecated', '-W', 'ignore:easy_install command is deprecated', 'setup.py', 'egg_info', '--egg-base', '../../build/send_num', 'build', '--build-base', '/youbot/build/send_num/build', 'install', '--record', '/youbot/build/send_num/install.log', '--single-version-externally-managed', 'install_data'], 'cwd': '/youbot/src/send_num', 'env': {'HOSTNAME': 'danil-H110M-S2PV', 'SHLVL': '1', 'LD_LIBRARY_PATH': '/opt/ros/humble/opt/rviz_ogre_vendor/lib:/opt/ros/humble/lib/x86_64-linux-gnu:/opt/ros/humble/lib', 'HOME': '/root', 'ROS_PYTHON_VERSION': '3', 'ROS_DISTRO': 'humble', '_': '/usr/bin/colcon', 'ROS_VERSION': '2', 'NVIDIA_DRIVER_CAPABILITIES': 'graphics', 'TERM': 'xterm', 'ROS_LOCALHOST_ONLY': '0', 'QT_X11_NO_MITSHM': '1', 'PATH': '/opt/ros/humble/bin:/usr/local/sbin:/usr/local/bin:/usr/sbin:/usr/bin:/sbin:/bin', 'DISPLAY': 'unix:1', 'LANG': 'C.UTF-8', 'ROS_DOMAIN_ID': '205', 'AMENT_PREFIX_PATH': '/opt/ros/humble', 'PWD': '/youbot/build/send_num', 'LC_ALL': 'C.UTF-8', 'PYTHONPATH': '/youbot/build/send_num/prefix_override:/usr/lib/python3/dist-packages/colcon_core/task/python/colcon_distutils_commands:/youbot/install/send_num/lib/python3.10/site-packages:/opt/ros/humble/lib/python3.10/site-packages:/opt/ros/humble/local/lib/python3.10/dist-packages', 'NVIDIA_VISIBLE_DEVICES': 'all', 'COLCON': '1'}, 'shell': False}
[0.801966] (-) TimerEvent: {}
[0.902234] (-) TimerEvent: {}
[1.002523] (-) TimerEvent: {}
[1.030521] (send_num) StdoutLine: {'line': b'running egg_info\n'}
[1.031453] (send_num) StdoutLine: {'line': b'writing ../../build/send_num/send_num.egg-info/PKG-INFO\n'}
[1.031620] (send_num) StdoutLine: {'line': b'writing dependency_links to ../../build/send_num/send_num.egg-info/dependency_links.txt\n'}
[1.032035] (send_num) StdoutLine: {'line': b'writing entry points to ../../build/send_num/send_num.egg-info/entry_points.txt\n'}
[1.032139] (send_num) StdoutLine: {'line': b'writing requirements to ../../build/send_num/send_num.egg-info/requires.txt\n'}
[1.032216] (send_num) StdoutLine: {'line': b'writing top-level names to ../../build/send_num/send_num.egg-info/top_level.txt\n'}
[1.033993] (send_num) StdoutLine: {'line': b"reading manifest file '../../build/send_num/send_num.egg-info/SOURCES.txt'\n"}
[1.034294] (send_num) StdoutLine: {'line': b"adding license file 'LICENSE'\n"}
[1.035011] (send_num) StdoutLine: {'line': b"writing manifest file '../../build/send_num/send_num.egg-info/SOURCES.txt'\n"}
[1.035185] (send_num) StdoutLine: {'line': b'running build\n'}
[1.035270] (send_num) StdoutLine: {'line': b'running build_py\n'}
[1.035796] (send_num) StdoutLine: {'line': b'copying send_num/pose_bridge_test.py -> /youbot/build/send_num/build/lib/send_num\n'}
[1.036318] (send_num) StdoutLine: {'line': b'running install\n'}
[1.036707] (send_num) StdoutLine: {'line': b'running install_lib\n'}
[1.037754] (send_num) StdoutLine: {'line': b'copying /youbot/build/send_num/build/lib/send_num/pose_bridge_test.py -> /youbot/install/send_num/lib/python3.10/site-packages/send_num\n'}
[1.038531] (send_num) StdoutLine: {'line': b'byte-compiling /youbot/install/send_num/lib/python3.10/site-packages/send_num/pose_bridge_test.py to pose_bridge_test.cpython-310.pyc\n'}
[1.040263] (send_num) StdoutLine: {'line': b'running install_data\n'}
[1.040415] (send_num) StdoutLine: {'line': b'running install_egg_info\n'}
[1.042079] (send_num) StdoutLine: {'line': b"removing '/youbot/install/send_num/lib/python3.10/site-packages/send_num-0.0.0-py3.10.egg-info' (and everything under it)\n"}
[1.042477] (send_num) StdoutLine: {'line': b'Copying ../../build/send_num/send_num.egg-info to /youbot/install/send_num/lib/python3.10/site-packages/send_num-0.0.0-py3.10.egg-info\n'}
[1.043426] (send_num) StdoutLine: {'line': b'running install_scripts\n'}
[1.069029] (send_num) StdoutLine: {'line': b'Installing bridge script to /youbot/install/send_num/lib/send_num\n'}
[1.069225] (send_num) StdoutLine: {'line': b'Installing camera_server script to /youbot/install/send_num/lib/send_num\n'}
[1.069310] (send_num) StdoutLine: {'line': b'Installing on_youbot script to /youbot/install/send_num/lib/send_num\n'}
[1.073612] (send_num) StdoutLine: {'line': b'Installing send script to /youbot/install/send_num/lib/send_num\n'}
[1.073732] (send_num) StdoutLine: {'line': b'Installing test_bridge script to /youbot/install/send_num/lib/send_num\n'}
[1.073807] (send_num) StdoutLine: {'line': b'Installing test_server_copy script to /youbot/install/send_num/lib/send_num\n'}
[1.073879] (send_num) StdoutLine: {'line': b"writing list of installed files to '/youbot/build/send_num/install.log'\n"}
[1.098235] (send_num) CommandEnded: {'returncode': 0}
[1.102640] (-) TimerEvent: {}
[1.105729] (send_num) JobEnded: {'identifier': 'send_num', 'rc': 0}
[1.106526] (-) EventReactorShutdown: {}
