-- Found ament_cmake: 1.3.11 (/opt/ros/humble/share/ament_cmake/cmake)
-- Override CMake install command with custom implementation using symlinks instead of copying resources
-- Found rclcpp: 16.0.12 (/opt/ros/humble/share/rclcpp/cmake)
-- Found rosidl_generator_c: 3.1.6 (/opt/ros/humble/share/rosidl_generator_c/cmake)
-- Found rosidl_adapter: 3.1.6 (/opt/ros/humble/share/rosidl_adapter/cmake)
-- Found rosidl_generator_cpp: 3.1.6 (/opt/ros/humble/share/rosidl_generator_cpp/cmake)
-- Using all available rosidl_typesupport_c: rosidl_typesupport_fastrtps_c;rosidl_typesupport_introspection_c
-- Using all available rosidl_typesupport_cpp: rosidl_typesupport_fastrtps_cpp;rosidl_typesupport_introspection_cpp
-- Found rmw_implementation_cmake: 6.1.2 (/opt/ros/humble/share/rmw_implementation_cmake/cmake)
-- Found rmw_fastrtps_cpp: 6.2.7 (/opt/ros/humble/share/rmw_fastrtps_cpp/cmake)
-- Using RMW implementation 'rmw_fastrtps_cpp' as default
-- Found moveit_ros_planning_interface: 2.5.9 (/opt/ros/humble/share/moveit_ros_planning_interface/cmake)
-- Found Boost: /usr/lib/x86_64-linux-gnu/cmake/Boost-1.74.0/BoostConfig.cmake (found version "1.74.0") found components: date_time filesystem program_options system thread 
-- Found Boost: /usr/lib/x86_64-linux-gnu/cmake/Boost-1.74.0/BoostConfig.cmake (found version "1.74.0") found components: chrono date_time filesystem iostreams program_options regex serialization system thread 
-- Found parameter_traits: 0.4.0 (/opt/ros/humble/share/parameter_traits/cmake)
-- Found rclcpp_lifecycle: 16.0.12 (/opt/ros/humble/share/rclcpp_lifecycle/cmake)
-- Found Boost: /usr/lib/x86_64-linux-gnu/cmake/Boost-1.74.0/BoostConfig.cmake (found version "1.74.0") found components: filesystem 
-- library: /usr/lib/x86_64-linux-gnu/libcurl.so
-- Ensuring Eigen3 include directory is part of orocos-kdl CMake target
-- Found Boost: /usr/lib/x86_64-linux-gnu/cmake/Boost-1.74.0/BoostConfig.cmake (found version "1.74.0") found components: system filesystem date_time program_options thread chrono 
-- Found Boost: /usr/lib/x86_64-linux-gnu/cmake/Boost-1.74.0/BoostConfig.cmake (found version "1.74.0") found components: thread system filesystem regex date_time program_options 
-- Found Boost: /usr/lib/x86_64-linux-gnu/cmake/Boost-1.74.0/BoostConfig.cmake (found version "1.74.0") found components: system filesystem date_time program_options thread 
-- Found nav_msgs: 4.8.0 (/opt/ros/humble/share/nav_msgs/cmake)
-- Found graph_msgs: 0.2.0 (/opt/ros/humble/share/graph_msgs/cmake)
-- Configuring done
-- Generating done
-- Build files have been written to: /youbot/build/youbot_moveit
[35m[1mConsolidate compiler generated dependencies of target script[0m
[ 50%] [32m[1mLinking CXX executable script[0m
[100%] Built target script
-- Install configuration: ""
-- Execute custom install script
-- Symlinking: /youbot/install/youbot_moveit/share/ament_index/resource_index/package_run_dependencies/youbot_moveit
-- Symlinking: /youbot/install/youbot_moveit/share/ament_index/resource_index/parent_prefix_path/youbot_moveit
-- Symlinking: /youbot/install/youbot_moveit/share/youbot_moveit/environment/ament_prefix_path.sh
-- Symlinking: /youbot/install/youbot_moveit/share/youbot_moveit/environment/ament_prefix_path.dsv
-- Symlinking: /youbot/install/youbot_moveit/share/youbot_moveit/environment/path.sh
-- Symlinking: /youbot/install/youbot_moveit/share/youbot_moveit/environment/path.dsv
-- Symlinking: /youbot/install/youbot_moveit/share/youbot_moveit/local_setup.bash
-- Symlinking: /youbot/install/youbot_moveit/share/youbot_moveit/local_setup.sh
-- Symlinking: /youbot/install/youbot_moveit/share/youbot_moveit/local_setup.zsh
-- Symlinking: /youbot/install/youbot_moveit/share/youbot_moveit/local_setup.dsv
-- Symlinking: /youbot/install/youbot_moveit/share/youbot_moveit/package.dsv
-- Symlinking: /youbot/install/youbot_moveit/share/ament_index/resource_index/packages/youbot_moveit
-- Symlinking: /youbot/install/youbot_moveit/share/youbot_moveit/cmake/youbot_moveitConfig.cmake
-- Symlinking: /youbot/install/youbot_moveit/share/youbot_moveit/cmake/youbot_moveitConfig-version.cmake
-- Symlinking: /youbot/install/youbot_moveit/share/youbot_moveit/package.xml
-- Symlinking: /youbot/install/youbot_moveit/lib/youbot_moveit/script
-- Symlinking: /youbot/install/youbot_moveit/share/youbot_moveit/launch/demo.launch.py
-- Symlinking: /youbot/install/youbot_moveit/share/youbot_moveit/launch/move_group.launch.py
-- Symlinking: /youbot/install/youbot_moveit/share/youbot_moveit/launch/moveit_rviz.launch.py
-- Symlinking: /youbot/install/youbot_moveit/share/youbot_moveit/launch/rsp.launch.py
-- Symlinking: /youbot/install/youbot_moveit/share/youbot_moveit/launch/setup_assistant.launch.py
-- Symlinking: /youbot/install/youbot_moveit/share/youbot_moveit/launch/spawn_controllers.launch.py
-- Symlinking: /youbot/install/youbot_moveit/share/youbot_moveit/launch/static_virtual_joint_tfs.launch.py
-- Symlinking: /youbot/install/youbot_moveit/share/youbot_moveit/launch/warehouse_db.launch.py
-- Symlinking: /youbot/install/youbot_moveit/share/youbot_moveit/config/initial_positions.yaml
-- Symlinking: /youbot/install/youbot_moveit/share/youbot_moveit/config/joint_limits.yaml
-- Symlinking: /youbot/install/youbot_moveit/share/youbot_moveit/config/kinematics.yaml
-- Symlinking: /youbot/install/youbot_moveit/share/youbot_moveit/config/moveit.rviz
-- Symlinking: /youbot/install/youbot_moveit/share/youbot_moveit/config/moveit_controllers.yaml
-- Symlinking: /youbot/install/youbot_moveit/share/youbot_moveit/config/ompl_planning.yaml
-- Symlinking: /youbot/install/youbot_moveit/share/youbot_moveit/config/pilz_cartesian_limits.yaml
-- Symlinking: /youbot/install/youbot_moveit/share/youbot_moveit/config/ros2_controllers.yaml
-- Symlinking: /youbot/install/youbot_moveit/share/youbot_moveit/config/youbot.ros2_control.xacro
-- Symlinking: /youbot/install/youbot_moveit/share/youbot_moveit/config/youbot.srdf
-- Symlinking: /youbot/install/youbot_moveit/share/youbot_moveit/config/youbot.urdf.xacro
-- Symlinking: /youbot/install/youbot_moveit/share/youbot_moveit/.setup_assistant
