[0.021s] Invoking command in '/youbot/build/youbot_moveit': CMAKE_PREFIX_PATH=/youbot/install/youbot_description:/youbot/install/youbot_moveit:/youbot/install/send_num:/opt/ros/humble /usr/bin/cmake /youbot/src/youbot_moveit -DAMENT_CMAKE_SYMLINK_INSTALL=1 -DCMAKE_INSTALL_PREFIX=/youbot/install/youbot_moveit
[0.062s] -- Found ament_cmake: 1.3.11 (/opt/ros/humble/share/ament_cmake/cmake)
[0.297s] -- Override CMake install command with custom implementation using symlinks instead of copying resources
[0.328s] -- Found rclcpp: 16.0.12 (/opt/ros/humble/share/rclcpp/cmake)
[0.363s] -- Found rosidl_generator_c: 3.1.6 (/opt/ros/humble/share/rosidl_generator_c/cmake)
[0.371s] -- Found rosidl_adapter: 3.1.6 (/opt/ros/humble/share/rosidl_adapter/cmake)
[0.379s] -- Found rosidl_generator_cpp: 3.1.6 (/opt/ros/humble/share/rosidl_generator_cpp/cmake)
[0.388s] -- Using all available rosidl_typesupport_c: rosidl_typesupport_fastrtps_c;rosidl_typesupport_introspection_c
[0.404s] -- Using all available rosidl_typesupport_cpp: rosidl_typesupport_fastrtps_cpp;rosidl_typesupport_introspection_cpp
[0.448s] -- Found rmw_implementation_cmake: 6.1.2 (/opt/ros/humble/share/rmw_implementation_cmake/cmake)
[0.448s] -- Found rmw_fastrtps_cpp: 6.2.7 (/opt/ros/humble/share/rmw_fastrtps_cpp/cmake)
[0.632s] -- Using RMW implementation 'rmw_fastrtps_cpp' as default
[0.694s] -- Found moveit_ros_planning_interface: 2.5.9 (/opt/ros/humble/share/moveit_ros_planning_interface/cmake)
[0.720s] -- Found Boost: /usr/lib/x86_64-linux-gnu/cmake/Boost-1.74.0/BoostConfig.cmake (found version "1.74.0") found components: date_time filesystem program_options system thread 
[1.098s] -- Found Boost: /usr/lib/x86_64-linux-gnu/cmake/Boost-1.74.0/BoostConfig.cmake (found version "1.74.0") found components: chrono date_time filesystem iostreams program_options regex serialization system thread 
[1.158s] -- Found parameter_traits: 0.4.0 (/opt/ros/humble/share/parameter_traits/cmake)
[1.280s] -- Found rclcpp_lifecycle: 16.0.12 (/opt/ros/humble/share/rclcpp_lifecycle/cmake)
[1.407s] -- Found Boost: /usr/lib/x86_64-linux-gnu/cmake/Boost-1.74.0/BoostConfig.cmake (found version "1.74.0") found components: filesystem 
[1.509s] -- library: /usr/lib/x86_64-linux-gnu/libcurl.so
[1.568s] -- Ensuring Eigen3 include directory is part of orocos-kdl CMake target
[1.927s] -- Found Boost: /usr/lib/x86_64-linux-gnu/cmake/Boost-1.74.0/BoostConfig.cmake (found version "1.74.0") found components: system filesystem date_time program_options thread chrono 
[1.990s] -- Found Boost: /usr/lib/x86_64-linux-gnu/cmake/Boost-1.74.0/BoostConfig.cmake (found version "1.74.0") found components: thread system filesystem regex date_time program_options 
[2.044s] -- Found Boost: /usr/lib/x86_64-linux-gnu/cmake/Boost-1.74.0/BoostConfig.cmake (found version "1.74.0") found components: system filesystem date_time program_options thread 
[2.122s] -- Found nav_msgs: 4.8.0 (/opt/ros/humble/share/nav_msgs/cmake)
[2.168s] -- Found graph_msgs: 0.2.0 (/opt/ros/humble/share/graph_msgs/cmake)
[2.435s] -- Configuring done
[2.587s] -- Generating done
[2.609s] -- Build files have been written to: /youbot/build/youbot_moveit
[2.627s] Invoked command in '/youbot/build/youbot_moveit' returned '0': CMAKE_PREFIX_PATH=/youbot/install/youbot_description:/youbot/install/youbot_moveit:/youbot/install/send_num:/opt/ros/humble /usr/bin/cmake /youbot/src/youbot_moveit -DAMENT_CMAKE_SYMLINK_INSTALL=1 -DCMAKE_INSTALL_PREFIX=/youbot/install/youbot_moveit
[2.628s] Invoking command in '/youbot/build/youbot_moveit': CMAKE_PREFIX_PATH=/youbot/install/youbot_description:/youbot/install/youbot_moveit:/youbot/install/send_num:/opt/ros/humble /usr/bin/cmake --build /youbot/build/youbot_moveit -- -j4 -l4
[2.764s] [35m[1mConsolidate compiler generated dependencies of target script[0m
[2.802s] [ 50%] [32m[1mLinking CXX executable script[0m
[4.188s] [100%] Built target script
[4.205s] Invoked command in '/youbot/build/youbot_moveit' returned '0': CMAKE_PREFIX_PATH=/youbot/install/youbot_description:/youbot/install/youbot_moveit:/youbot/install/send_num:/opt/ros/humble /usr/bin/cmake --build /youbot/build/youbot_moveit -- -j4 -l4
[4.210s] Invoking command in '/youbot/build/youbot_moveit': CMAKE_PREFIX_PATH=/youbot/install/youbot_description:/youbot/install/youbot_moveit:/youbot/install/send_num:/opt/ros/humble /usr/bin/cmake --install /youbot/build/youbot_moveit
[4.223s] -- Install configuration: ""
[4.229s] -- Execute custom install script
[4.229s] -- Symlinking: /youbot/install/youbot_moveit/share/ament_index/resource_index/package_run_dependencies/youbot_moveit
[4.245s] -- Symlinking: /youbot/install/youbot_moveit/share/ament_index/resource_index/parent_prefix_path/youbot_moveit
[4.257s] -- Symlinking: /youbot/install/youbot_moveit/share/youbot_moveit/environment/ament_prefix_path.sh
[4.273s] -- Symlinking: /youbot/install/youbot_moveit/share/youbot_moveit/environment/ament_prefix_path.dsv
[4.284s] -- Symlinking: /youbot/install/youbot_moveit/share/youbot_moveit/environment/path.sh
[4.297s] -- Symlinking: /youbot/install/youbot_moveit/share/youbot_moveit/environment/path.dsv
[4.309s] -- Symlinking: /youbot/install/youbot_moveit/share/youbot_moveit/local_setup.bash
[4.321s] -- Symlinking: /youbot/install/youbot_moveit/share/youbot_moveit/local_setup.sh
[4.334s] -- Symlinking: /youbot/install/youbot_moveit/share/youbot_moveit/local_setup.zsh
[4.362s] -- Symlinking: /youbot/install/youbot_moveit/share/youbot_moveit/local_setup.dsv
[4.370s] -- Symlinking: /youbot/install/youbot_moveit/share/youbot_moveit/package.dsv
[4.382s] -- Symlinking: /youbot/install/youbot_moveit/share/ament_index/resource_index/packages/youbot_moveit
[4.393s] -- Symlinking: /youbot/install/youbot_moveit/share/youbot_moveit/cmake/youbot_moveitConfig.cmake
[4.404s] -- Symlinking: /youbot/install/youbot_moveit/share/youbot_moveit/cmake/youbot_moveitConfig-version.cmake
[4.416s] -- Symlinking: /youbot/install/youbot_moveit/share/youbot_moveit/package.xml
[4.428s] -- Symlinking: /youbot/install/youbot_moveit/lib/youbot_moveit/script
[4.440s] -- Symlinking: /youbot/install/youbot_moveit/share/youbot_moveit/launch/demo.launch.py
[4.454s] -- Symlinking: /youbot/install/youbot_moveit/share/youbot_moveit/launch/move_group.launch.py
[4.463s] -- Symlinking: /youbot/install/youbot_moveit/share/youbot_moveit/launch/moveit_rviz.launch.py
[4.475s] -- Symlinking: /youbot/install/youbot_moveit/share/youbot_moveit/launch/rsp.launch.py
[4.488s] -- Symlinking: /youbot/install/youbot_moveit/share/youbot_moveit/launch/setup_assistant.launch.py
[4.503s] -- Symlinking: /youbot/install/youbot_moveit/share/youbot_moveit/launch/spawn_controllers.launch.py
[4.514s] -- Symlinking: /youbot/install/youbot_moveit/share/youbot_moveit/launch/static_virtual_joint_tfs.launch.py
[4.525s] -- Symlinking: /youbot/install/youbot_moveit/share/youbot_moveit/launch/warehouse_db.launch.py
[4.538s] -- Symlinking: /youbot/install/youbot_moveit/share/youbot_moveit/config/initial_positions.yaml
[4.551s] -- Symlinking: /youbot/install/youbot_moveit/share/youbot_moveit/config/joint_limits.yaml
[4.561s] -- Symlinking: /youbot/install/youbot_moveit/share/youbot_moveit/config/kinematics.yaml
[4.578s] -- Symlinking: /youbot/install/youbot_moveit/share/youbot_moveit/config/moveit.rviz
[4.587s] -- Symlinking: /youbot/install/youbot_moveit/share/youbot_moveit/config/moveit_controllers.yaml
[4.609s] -- Symlinking: /youbot/install/youbot_moveit/share/youbot_moveit/config/ompl_planning.yaml
[4.621s] -- Symlinking: /youbot/install/youbot_moveit/share/youbot_moveit/config/pilz_cartesian_limits.yaml
[4.632s] -- Symlinking: /youbot/install/youbot_moveit/share/youbot_moveit/config/ros2_controllers.yaml
[4.644s] -- Symlinking: /youbot/install/youbot_moveit/share/youbot_moveit/config/youbot.ros2_control.xacro
[4.655s] -- Symlinking: /youbot/install/youbot_moveit/share/youbot_moveit/config/youbot.srdf
[4.668s] -- Symlinking: /youbot/install/youbot_moveit/share/youbot_moveit/config/youbot.urdf.xacro
[4.680s] -- Symlinking: /youbot/install/youbot_moveit/share/youbot_moveit/.setup_assistant
[4.696s] Invoked command in '/youbot/build/youbot_moveit' returned '0': CMAKE_PREFIX_PATH=/youbot/install/youbot_description:/youbot/install/youbot_moveit:/youbot/install/send_num:/opt/ros/humble /usr/bin/cmake --install /youbot/build/youbot_moveit
