[0.136s] DEBUG:colcon:Command line arguments: ['/usr/bin/colcon', 'build', '--symlink-install']
[0.136s] DEBUG:colcon:Parsed command line arguments: Namespace(log_base=None, log_level=None, verb_name='build', build_base='build', install_base='install', merge_install=False, symlink_install=True, test_result_base=None, continue_on_error=False, executor='parallel', parallel_workers=4, event_handlers=None, ignore_user_meta=False, metas=['./colcon.meta'], base_paths=['.'], packages_ignore=None, packages_ignore_regex=None, paths=None, packages_up_to=None, packages_up_to_regex=None, packages_above=None, packages_above_and_dependencies=None, packages_above_depth=None, packages_select_by_dep=None, packages_skip_by_dep=None, packages_skip_up_to=None, packages_select_build_failed=False, packages_skip_build_finished=False, packages_select_test_failures=False, packages_skip_test_passed=False, packages_select=None, packages_skip=None, packages_select_regex=None, packages_skip_regex=None, packages_start=None, packages_end=None, cmake_args=None, cmake_target=None, cmake_target_skip_unavailable=False, cmake_clean_cache=False, cmake_clean_first=False, cmake_force_configure=False, ament_cmake_args=None, catkin_cmake_args=None, catkin_skip_building_tests=False, mixin_files=None, mixin=None, verb_parser=<colcon_mixin.mixin.mixin_argument.MixinArgumentDecorator object at 0x77b688520ac0>, verb_extension=<colcon_core.verb.build.BuildVerb object at 0x77b688520520>, main=<bound method BuildVerb.main of <colcon_core.verb.build.BuildVerb object at 0x77b688520520>>, mixin_verb=('build',))
[0.313s] Level 1:colcon.colcon_core.package_discovery:discover_packages(colcon_meta) check parameters
[0.313s] INFO:colcon.colcon_metadata.package_discovery.colcon_meta:Using configuration from '/root/.colcon/metadata/default/Gazebo.meta'
[0.314s] INFO:colcon.colcon_metadata.package_discovery.colcon_meta:Using configuration from '/root/.colcon/metadata/default/fastrtps.meta'
[0.314s] Level 1:colcon.colcon_core.package_discovery:discover_packages(recursive) check parameters
[0.314s] Level 1:colcon.colcon_core.package_discovery:discover_packages(ignore) check parameters
[0.314s] Level 1:colcon.colcon_core.package_discovery:discover_packages(path) check parameters
[0.314s] Level 1:colcon.colcon_core.package_discovery:discover_packages(colcon_meta) discover
[0.314s] Level 1:colcon.colcon_core.package_discovery:discover_packages(recursive) discover
[0.314s] INFO:colcon.colcon_core.package_discovery:Crawling recursively for packages in '/youbot'
[0.314s] Level 1:colcon.colcon_core.package_identification:_identify(.) by extensions ['ignore', 'ignore_ament_install']
[0.314s] Level 1:colcon.colcon_core.package_identification:_identify(.) by extension 'ignore'
[0.315s] Level 1:colcon.colcon_core.package_identification:_identify(.) by extension 'ignore_ament_install'
[0.315s] Level 1:colcon.colcon_core.package_identification:_identify(.) by extensions ['colcon_pkg']
[0.315s] Level 1:colcon.colcon_core.package_identification:_identify(.) by extension 'colcon_pkg'
[0.315s] Level 1:colcon.colcon_core.package_identification:_identify(.) by extensions ['colcon_meta']
[0.315s] Level 1:colcon.colcon_core.package_identification:_identify(.) by extension 'colcon_meta'
[0.315s] Level 1:colcon.colcon_core.package_identification:_identify(.) by extensions ['ros']
[0.315s] Level 1:colcon.colcon_core.package_identification:_identify(.) by extension 'ros'
[0.327s] Level 1:colcon.colcon_core.package_identification:_identify(.) by extensions ['cmake', 'python']
[0.327s] Level 1:colcon.colcon_core.package_identification:_identify(.) by extension 'cmake'
[0.327s] Level 1:colcon.colcon_core.package_identification:_identify(.) by extension 'python'
[0.327s] Level 1:colcon.colcon_core.package_identification:_identify(.) by extensions ['python_setup_py']
[0.327s] Level 1:colcon.colcon_core.package_identification:_identify(.) by extension 'python_setup_py'
[0.327s] Level 1:colcon.colcon_core.package_identification:_identify(build) by extensions ['ignore', 'ignore_ament_install']
[0.327s] Level 1:colcon.colcon_core.package_identification:_identify(build) by extension 'ignore'
[0.327s] Level 1:colcon.colcon_core.package_identification:_identify(build) ignored
[0.327s] Level 1:colcon.colcon_core.package_identification:_identify(install) by extensions ['ignore', 'ignore_ament_install']
[0.328s] Level 1:colcon.colcon_core.package_identification:_identify(install) by extension 'ignore'
[0.328s] Level 1:colcon.colcon_core.package_identification:_identify(install) ignored
[0.328s] Level 1:colcon.colcon_core.package_identification:_identify(log) by extensions ['ignore', 'ignore_ament_install']
[0.328s] Level 1:colcon.colcon_core.package_identification:_identify(log) by extension 'ignore'
[0.328s] Level 1:colcon.colcon_core.package_identification:_identify(log) ignored
[0.328s] Level 1:colcon.colcon_core.package_identification:_identify(materials) by extensions ['ignore', 'ignore_ament_install']
[0.328s] Level 1:colcon.colcon_core.package_identification:_identify(materials) by extension 'ignore'
[0.328s] Level 1:colcon.colcon_core.package_identification:_identify(materials) by extension 'ignore_ament_install'
[0.328s] Level 1:colcon.colcon_core.package_identification:_identify(materials) by extensions ['colcon_pkg']
[0.328s] Level 1:colcon.colcon_core.package_identification:_identify(materials) by extension 'colcon_pkg'
[0.328s] Level 1:colcon.colcon_core.package_identification:_identify(materials) by extensions ['colcon_meta']
[0.328s] Level 1:colcon.colcon_core.package_identification:_identify(materials) by extension 'colcon_meta'
[0.328s] Level 1:colcon.colcon_core.package_identification:_identify(materials) by extensions ['ros']
[0.328s] Level 1:colcon.colcon_core.package_identification:_identify(materials) by extension 'ros'
[0.329s] Level 1:colcon.colcon_core.package_identification:_identify(materials) by extensions ['cmake', 'python']
[0.329s] Level 1:colcon.colcon_core.package_identification:_identify(materials) by extension 'cmake'
[0.329s] Level 1:colcon.colcon_core.package_identification:_identify(materials) by extension 'python'
[0.329s] Level 1:colcon.colcon_core.package_identification:_identify(materials) by extensions ['python_setup_py']
[0.329s] Level 1:colcon.colcon_core.package_identification:_identify(materials) by extension 'python_setup_py'
[0.329s] Level 1:colcon.colcon_core.package_identification:_identify(src) by extensions ['ignore', 'ignore_ament_install']
[0.329s] Level 1:colcon.colcon_core.package_identification:_identify(src) by extension 'ignore'
[0.329s] Level 1:colcon.colcon_core.package_identification:_identify(src) by extension 'ignore_ament_install'
[0.329s] Level 1:colcon.colcon_core.package_identification:_identify(src) by extensions ['colcon_pkg']
[0.329s] Level 1:colcon.colcon_core.package_identification:_identify(src) by extension 'colcon_pkg'
[0.329s] Level 1:colcon.colcon_core.package_identification:_identify(src) by extensions ['colcon_meta']
[0.329s] Level 1:colcon.colcon_core.package_identification:_identify(src) by extension 'colcon_meta'
[0.329s] Level 1:colcon.colcon_core.package_identification:_identify(src) by extensions ['ros']
[0.329s] Level 1:colcon.colcon_core.package_identification:_identify(src) by extension 'ros'
[0.329s] Level 1:colcon.colcon_core.package_identification:_identify(src) by extensions ['cmake', 'python']
[0.329s] Level 1:colcon.colcon_core.package_identification:_identify(src) by extension 'cmake'
[0.329s] Level 1:colcon.colcon_core.package_identification:_identify(src) by extension 'python'
[0.329s] Level 1:colcon.colcon_core.package_identification:_identify(src) by extensions ['python_setup_py']
[0.329s] Level 1:colcon.colcon_core.package_identification:_identify(src) by extension 'python_setup_py'
[0.330s] Level 1:colcon.colcon_core.package_identification:_identify(src/send_num) by extensions ['ignore', 'ignore_ament_install']
[0.330s] Level 1:colcon.colcon_core.package_identification:_identify(src/send_num) by extension 'ignore'
[0.330s] Level 1:colcon.colcon_core.package_identification:_identify(src/send_num) by extension 'ignore_ament_install'
[0.330s] Level 1:colcon.colcon_core.package_identification:_identify(src/send_num) by extensions ['colcon_pkg']
[0.330s] Level 1:colcon.colcon_core.package_identification:_identify(src/send_num) by extension 'colcon_pkg'
[0.330s] Level 1:colcon.colcon_core.package_identification:_identify(src/send_num) by extensions ['colcon_meta']
[0.330s] Level 1:colcon.colcon_core.package_identification:_identify(src/send_num) by extension 'colcon_meta'
[0.330s] Level 1:colcon.colcon_core.package_identification:_identify(src/send_num) by extensions ['ros']
[0.330s] Level 1:colcon.colcon_core.package_identification:_identify(src/send_num) by extension 'ros'
[0.333s] DEBUG:colcon.colcon_core.package_identification:Package 'src/send_num' with type 'ros.ament_python' and name 'send_num'
[0.333s] Level 1:colcon.colcon_core.package_identification:_identify(src/trac_ik) by extensions ['ignore', 'ignore_ament_install']
[0.333s] Level 1:colcon.colcon_core.package_identification:_identify(src/trac_ik) by extension 'ignore'
[0.333s] Level 1:colcon.colcon_core.package_identification:_identify(src/trac_ik) by extension 'ignore_ament_install'
[0.333s] Level 1:colcon.colcon_core.package_identification:_identify(src/trac_ik) by extensions ['colcon_pkg']
[0.333s] Level 1:colcon.colcon_core.package_identification:_identify(src/trac_ik) by extension 'colcon_pkg'
[0.333s] Level 1:colcon.colcon_core.package_identification:_identify(src/trac_ik) by extensions ['colcon_meta']
[0.333s] Level 1:colcon.colcon_core.package_identification:_identify(src/trac_ik) by extension 'colcon_meta'
[0.333s] Level 1:colcon.colcon_core.package_identification:_identify(src/trac_ik) by extensions ['ros']
[0.333s] Level 1:colcon.colcon_core.package_identification:_identify(src/trac_ik) by extension 'ros'
[0.333s] Level 1:colcon.colcon_core.package_identification:_identify(src/trac_ik) by extensions ['cmake', 'python']
[0.334s] Level 1:colcon.colcon_core.package_identification:_identify(src/trac_ik) by extension 'cmake'
[0.334s] Level 1:colcon.colcon_core.package_identification:_identify(src/trac_ik) by extension 'python'
[0.334s] Level 1:colcon.colcon_core.package_identification:_identify(src/trac_ik) by extensions ['python_setup_py']
[0.334s] Level 1:colcon.colcon_core.package_identification:_identify(src/trac_ik) by extension 'python_setup_py'
[0.334s] Level 1:colcon.colcon_core.package_identification:_identify(src/trac_ik/nlopt) by extensions ['ignore', 'ignore_ament_install']
[0.334s] Level 1:colcon.colcon_core.package_identification:_identify(src/trac_ik/nlopt) by extension 'ignore'
[0.334s] Level 1:colcon.colcon_core.package_identification:_identify(src/trac_ik/nlopt) by extension 'ignore_ament_install'
[0.334s] Level 1:colcon.colcon_core.package_identification:_identify(src/trac_ik/nlopt) by extensions ['colcon_pkg']
[0.334s] Level 1:colcon.colcon_core.package_identification:_identify(src/trac_ik/nlopt) by extension 'colcon_pkg'
[0.334s] Level 1:colcon.colcon_core.package_identification:_identify(src/trac_ik/nlopt) by extensions ['colcon_meta']
[0.334s] Level 1:colcon.colcon_core.package_identification:_identify(src/trac_ik/nlopt) by extension 'colcon_meta'
[0.334s] Level 1:colcon.colcon_core.package_identification:_identify(src/trac_ik/nlopt) by extensions ['ros']
[0.334s] Level 1:colcon.colcon_core.package_identification:_identify(src/trac_ik/nlopt) by extension 'ros'
[0.334s] Level 1:colcon.colcon_core.package_identification:_identify(src/trac_ik/nlopt) by extensions ['cmake', 'python']
[0.334s] Level 1:colcon.colcon_core.package_identification:_identify(src/trac_ik/nlopt) by extension 'cmake'
[0.334s] Level 1:colcon.colcon_core.package_identification:_identify(src/trac_ik/nlopt) by extension 'python'
[0.334s] Level 1:colcon.colcon_core.package_identification:_identify(src/trac_ik/nlopt) by extensions ['python_setup_py']
[0.334s] Level 1:colcon.colcon_core.package_identification:_identify(src/trac_ik/nlopt) by extension 'python_setup_py'
[0.335s] Level 1:colcon.colcon_core.package_identification:_identify(src/trac_ik/trac_ik) by extensions ['ignore', 'ignore_ament_install']
[0.335s] Level 1:colcon.colcon_core.package_identification:_identify(src/trac_ik/trac_ik) by extension 'ignore'
[0.335s] Level 1:colcon.colcon_core.package_identification:_identify(src/trac_ik/trac_ik) by extension 'ignore_ament_install'
[0.335s] Level 1:colcon.colcon_core.package_identification:_identify(src/trac_ik/trac_ik) by extensions ['colcon_pkg']
[0.335s] Level 1:colcon.colcon_core.package_identification:_identify(src/trac_ik/trac_ik) by extension 'colcon_pkg'
[0.335s] Level 1:colcon.colcon_core.package_identification:_identify(src/trac_ik/trac_ik) by extensions ['colcon_meta']
[0.335s] Level 1:colcon.colcon_core.package_identification:_identify(src/trac_ik/trac_ik) by extension 'colcon_meta'
[0.335s] Level 1:colcon.colcon_core.package_identification:_identify(src/trac_ik/trac_ik) by extensions ['ros']
[0.335s] Level 1:colcon.colcon_core.package_identification:_identify(src/trac_ik/trac_ik) by extension 'ros'
[0.336s] DEBUG:colcon.colcon_core.package_identification:Package 'src/trac_ik/trac_ik' with type 'ros.ament_cmake' and name 'trac_ik'
[0.336s] Level 1:colcon.colcon_core.package_identification:_identify(src/trac_ik/trac_ik_examples) by extensions ['ignore', 'ignore_ament_install']
[0.336s] Level 1:colcon.colcon_core.package_identification:_identify(src/trac_ik/trac_ik_examples) by extension 'ignore'
[0.336s] Level 1:colcon.colcon_core.package_identification:_identify(src/trac_ik/trac_ik_examples) by extension 'ignore_ament_install'
[0.336s] Level 1:colcon.colcon_core.package_identification:_identify(src/trac_ik/trac_ik_examples) by extensions ['colcon_pkg']
[0.336s] Level 1:colcon.colcon_core.package_identification:_identify(src/trac_ik/trac_ik_examples) by extension 'colcon_pkg'
[0.336s] Level 1:colcon.colcon_core.package_identification:_identify(src/trac_ik/trac_ik_examples) by extensions ['colcon_meta']
[0.336s] Level 1:colcon.colcon_core.package_identification:_identify(src/trac_ik/trac_ik_examples) by extension 'colcon_meta'
[0.336s] Level 1:colcon.colcon_core.package_identification:_identify(src/trac_ik/trac_ik_examples) by extensions ['ros']
[0.336s] Level 1:colcon.colcon_core.package_identification:_identify(src/trac_ik/trac_ik_examples) by extension 'ros'
[0.337s] DEBUG:colcon.colcon_core.package_identification:Package 'src/trac_ik/trac_ik_examples' with type 'ros.ament_cmake' and name 'trac_ik_examples'
[0.337s] Level 1:colcon.colcon_core.package_identification:_identify(src/trac_ik/trac_ik_kinematics) by extensions ['ignore', 'ignore_ament_install']
[0.337s] Level 1:colcon.colcon_core.package_identification:_identify(src/trac_ik/trac_ik_kinematics) by extension 'ignore'
[0.337s] Level 1:colcon.colcon_core.package_identification:_identify(src/trac_ik/trac_ik_kinematics) by extension 'ignore_ament_install'
[0.337s] Level 1:colcon.colcon_core.package_identification:_identify(src/trac_ik/trac_ik_kinematics) by extensions ['colcon_pkg']
[0.337s] Level 1:colcon.colcon_core.package_identification:_identify(src/trac_ik/trac_ik_kinematics) by extension 'colcon_pkg'
[0.337s] Level 1:colcon.colcon_core.package_identification:_identify(src/trac_ik/trac_ik_kinematics) by extensions ['colcon_meta']
[0.337s] Level 1:colcon.colcon_core.package_identification:_identify(src/trac_ik/trac_ik_kinematics) by extension 'colcon_meta'
[0.337s] Level 1:colcon.colcon_core.package_identification:_identify(src/trac_ik/trac_ik_kinematics) by extensions ['ros']
[0.337s] Level 1:colcon.colcon_core.package_identification:_identify(src/trac_ik/trac_ik_kinematics) by extension 'ros'
[0.339s] DEBUG:colcon.colcon_core.package_identification:Package 'src/trac_ik/trac_ik_kinematics' with type 'ros.ament_cmake' and name 'trac_ik_kinematics'
[0.339s] Level 1:colcon.colcon_core.package_identification:_identify(src/trac_ik/trac_ik_lib) by extensions ['ignore', 'ignore_ament_install']
[0.339s] Level 1:colcon.colcon_core.package_identification:_identify(src/trac_ik/trac_ik_lib) by extension 'ignore'
[0.339s] Level 1:colcon.colcon_core.package_identification:_identify(src/trac_ik/trac_ik_lib) by extension 'ignore_ament_install'
[0.339s] Level 1:colcon.colcon_core.package_identification:_identify(src/trac_ik/trac_ik_lib) by extensions ['colcon_pkg']
[0.339s] Level 1:colcon.colcon_core.package_identification:_identify(src/trac_ik/trac_ik_lib) by extension 'colcon_pkg'
[0.339s] Level 1:colcon.colcon_core.package_identification:_identify(src/trac_ik/trac_ik_lib) by extensions ['colcon_meta']
[0.339s] Level 1:colcon.colcon_core.package_identification:_identify(src/trac_ik/trac_ik_lib) by extension 'colcon_meta'
[0.339s] Level 1:colcon.colcon_core.package_identification:_identify(src/trac_ik/trac_ik_lib) by extensions ['ros']
[0.339s] Level 1:colcon.colcon_core.package_identification:_identify(src/trac_ik/trac_ik_lib) by extension 'ros'
[0.340s] DEBUG:colcon.colcon_core.package_identification:Package 'src/trac_ik/trac_ik_lib' with type 'ros.ament_cmake' and name 'trac_ik_lib'
[0.340s] Level 1:colcon.colcon_core.package_identification:_identify(src/trac_ik/trac_ik_python) by extensions ['ignore', 'ignore_ament_install']
[0.340s] Level 1:colcon.colcon_core.package_identification:_identify(src/trac_ik/trac_ik_python) by extension 'ignore'
[0.340s] Level 1:colcon.colcon_core.package_identification:_identify(src/trac_ik/trac_ik_python) ignored
[0.340s] Level 1:colcon.colcon_core.package_identification:_identify(src/youbot_description) by extensions ['ignore', 'ignore_ament_install']
[0.341s] Level 1:colcon.colcon_core.package_identification:_identify(src/youbot_description) by extension 'ignore'
[0.341s] Level 1:colcon.colcon_core.package_identification:_identify(src/youbot_description) by extension 'ignore_ament_install'
[0.341s] Level 1:colcon.colcon_core.package_identification:_identify(src/youbot_description) by extensions ['colcon_pkg']
[0.341s] Level 1:colcon.colcon_core.package_identification:_identify(src/youbot_description) by extension 'colcon_pkg'
[0.341s] Level 1:colcon.colcon_core.package_identification:_identify(src/youbot_description) by extensions ['colcon_meta']
[0.341s] Level 1:colcon.colcon_core.package_identification:_identify(src/youbot_description) by extension 'colcon_meta'
[0.341s] Level 1:colcon.colcon_core.package_identification:_identify(src/youbot_description) by extensions ['ros']
[0.341s] Level 1:colcon.colcon_core.package_identification:_identify(src/youbot_description) by extension 'ros'
[0.341s] DEBUG:colcon.colcon_core.package_identification:Package 'src/youbot_description' with type 'ros.ament_cmake' and name 'youbot_description'
[0.342s] Level 1:colcon.colcon_core.package_identification:_identify(src/youbot_moveit) by extensions ['ignore', 'ignore_ament_install']
[0.342s] Level 1:colcon.colcon_core.package_identification:_identify(src/youbot_moveit) by extension 'ignore'
[0.342s] Level 1:colcon.colcon_core.package_identification:_identify(src/youbot_moveit) by extension 'ignore_ament_install'
[0.342s] Level 1:colcon.colcon_core.package_identification:_identify(src/youbot_moveit) by extensions ['colcon_pkg']
[0.342s] Level 1:colcon.colcon_core.package_identification:_identify(src/youbot_moveit) by extension 'colcon_pkg'
[0.342s] Level 1:colcon.colcon_core.package_identification:_identify(src/youbot_moveit) by extensions ['colcon_meta']
[0.342s] Level 1:colcon.colcon_core.package_identification:_identify(src/youbot_moveit) by extension 'colcon_meta'
[0.342s] Level 1:colcon.colcon_core.package_identification:_identify(src/youbot_moveit) by extensions ['ros']
[0.342s] Level 1:colcon.colcon_core.package_identification:_identify(src/youbot_moveit) by extension 'ros'
[0.343s] DEBUG:colcon.colcon_core.package_identification:Package 'src/youbot_moveit' with type 'ros.ament_cmake' and name 'youbot_moveit'
[0.343s] Level 1:colcon.colcon_core.package_discovery:discover_packages(recursive) using defaults
[0.343s] Level 1:colcon.colcon_core.package_discovery:discover_packages(ignore) discover
[0.343s] Level 1:colcon.colcon_core.package_discovery:discover_packages(ignore) using defaults
[0.343s] Level 1:colcon.colcon_core.package_discovery:discover_packages(path) discover
[0.343s] Level 1:colcon.colcon_core.package_discovery:discover_packages(path) using defaults
[0.378s] Level 5:colcon.colcon_core.verb:set package 'send_num' build argument 'cmake_args' from command line to 'None'
[0.379s] Level 5:colcon.colcon_core.verb:set package 'send_num' build argument 'cmake_target' from command line to 'None'
[0.379s] Level 5:colcon.colcon_core.verb:set package 'send_num' build argument 'cmake_target_skip_unavailable' from command line to 'False'
[0.379s] Level 5:colcon.colcon_core.verb:set package 'send_num' build argument 'cmake_clean_cache' from command line to 'False'
[0.379s] Level 5:colcon.colcon_core.verb:set package 'send_num' build argument 'cmake_clean_first' from command line to 'False'
[0.379s] Level 5:colcon.colcon_core.verb:set package 'send_num' build argument 'cmake_force_configure' from command line to 'False'
[0.379s] Level 5:colcon.colcon_core.verb:set package 'send_num' build argument 'ament_cmake_args' from command line to 'None'
[0.379s] Level 5:colcon.colcon_core.verb:set package 'send_num' build argument 'catkin_cmake_args' from command line to 'None'
[0.379s] Level 5:colcon.colcon_core.verb:set package 'send_num' build argument 'catkin_skip_building_tests' from command line to 'False'
[0.379s] DEBUG:colcon.colcon_core.verb:Building package 'send_num' with the following arguments: {'ament_cmake_args': None, 'build_base': '/youbot/build/send_num', 'catkin_cmake_args': None, 'catkin_skip_building_tests': False, 'cmake_args': None, 'cmake_clean_cache': False, 'cmake_clean_first': False, 'cmake_force_configure': False, 'cmake_target': None, 'cmake_target_skip_unavailable': False, 'install_base': '/youbot/install/send_num', 'merge_install': False, 'path': '/youbot/src/send_num', 'symlink_install': True, 'test_result_base': None}
[0.379s] Level 5:colcon.colcon_core.verb:set package 'trac_ik_lib' build argument 'cmake_args' from command line to 'None'
[0.379s] Level 5:colcon.colcon_core.verb:set package 'trac_ik_lib' build argument 'cmake_target' from command line to 'None'
[0.379s] Level 5:colcon.colcon_core.verb:set package 'trac_ik_lib' build argument 'cmake_target_skip_unavailable' from command line to 'False'
[0.379s] Level 5:colcon.colcon_core.verb:set package 'trac_ik_lib' build argument 'cmake_clean_cache' from command line to 'False'
[0.379s] Level 5:colcon.colcon_core.verb:set package 'trac_ik_lib' build argument 'cmake_clean_first' from command line to 'False'
[0.379s] Level 5:colcon.colcon_core.verb:set package 'trac_ik_lib' build argument 'cmake_force_configure' from command line to 'False'
[0.379s] Level 5:colcon.colcon_core.verb:set package 'trac_ik_lib' build argument 'ament_cmake_args' from command line to 'None'
[0.379s] Level 5:colcon.colcon_core.verb:set package 'trac_ik_lib' build argument 'catkin_cmake_args' from command line to 'None'
[0.379s] Level 5:colcon.colcon_core.verb:set package 'trac_ik_lib' build argument 'catkin_skip_building_tests' from command line to 'False'
[0.379s] DEBUG:colcon.colcon_core.verb:Building package 'trac_ik_lib' with the following arguments: {'ament_cmake_args': None, 'build_base': '/youbot/build/trac_ik_lib', 'catkin_cmake_args': None, 'catkin_skip_building_tests': False, 'cmake_args': None, 'cmake_clean_cache': False, 'cmake_clean_first': False, 'cmake_force_configure': False, 'cmake_target': None, 'cmake_target_skip_unavailable': False, 'install_base': '/youbot/install/trac_ik_lib', 'merge_install': False, 'path': '/youbot/src/trac_ik/trac_ik_lib', 'symlink_install': True, 'test_result_base': None}
[0.380s] Level 5:colcon.colcon_core.verb:set package 'youbot_description' build argument 'cmake_args' from command line to 'None'
[0.380s] Level 5:colcon.colcon_core.verb:set package 'youbot_description' build argument 'cmake_target' from command line to 'None'
[0.380s] Level 5:colcon.colcon_core.verb:set package 'youbot_description' build argument 'cmake_target_skip_unavailable' from command line to 'False'
[0.380s] Level 5:colcon.colcon_core.verb:set package 'youbot_description' build argument 'cmake_clean_cache' from command line to 'False'
[0.380s] Level 5:colcon.colcon_core.verb:set package 'youbot_description' build argument 'cmake_clean_first' from command line to 'False'
[0.380s] Level 5:colcon.colcon_core.verb:set package 'youbot_description' build argument 'cmake_force_configure' from command line to 'False'
[0.380s] Level 5:colcon.colcon_core.verb:set package 'youbot_description' build argument 'ament_cmake_args' from command line to 'None'
[0.380s] Level 5:colcon.colcon_core.verb:set package 'youbot_description' build argument 'catkin_cmake_args' from command line to 'None'
[0.380s] Level 5:colcon.colcon_core.verb:set package 'youbot_description' build argument 'catkin_skip_building_tests' from command line to 'False'
[0.380s] DEBUG:colcon.colcon_core.verb:Building package 'youbot_description' with the following arguments: {'ament_cmake_args': None, 'build_base': '/youbot/build/youbot_description', 'catkin_cmake_args': None, 'catkin_skip_building_tests': False, 'cmake_args': None, 'cmake_clean_cache': False, 'cmake_clean_first': False, 'cmake_force_configure': False, 'cmake_target': None, 'cmake_target_skip_unavailable': False, 'install_base': '/youbot/install/youbot_description', 'merge_install': False, 'path': '/youbot/src/youbot_description', 'symlink_install': True, 'test_result_base': None}
[0.381s] Level 5:colcon.colcon_core.verb:set package 'trac_ik_examples' build argument 'cmake_args' from command line to 'None'
[0.381s] Level 5:colcon.colcon_core.verb:set package 'trac_ik_examples' build argument 'cmake_target' from command line to 'None'
[0.381s] Level 5:colcon.colcon_core.verb:set package 'trac_ik_examples' build argument 'cmake_target_skip_unavailable' from command line to 'False'
[0.381s] Level 5:colcon.colcon_core.verb:set package 'trac_ik_examples' build argument 'cmake_clean_cache' from command line to 'False'
[0.381s] Level 5:colcon.colcon_core.verb:set package 'trac_ik_examples' build argument 'cmake_clean_first' from command line to 'False'
[0.381s] Level 5:colcon.colcon_core.verb:set package 'trac_ik_examples' build argument 'cmake_force_configure' from command line to 'False'
[0.381s] Level 5:colcon.colcon_core.verb:set package 'trac_ik_examples' build argument 'ament_cmake_args' from command line to 'None'
[0.381s] Level 5:colcon.colcon_core.verb:set package 'trac_ik_examples' build argument 'catkin_cmake_args' from command line to 'None'
[0.381s] Level 5:colcon.colcon_core.verb:set package 'trac_ik_examples' build argument 'catkin_skip_building_tests' from command line to 'False'
[0.381s] DEBUG:colcon.colcon_core.verb:Building package 'trac_ik_examples' with the following arguments: {'ament_cmake_args': None, 'build_base': '/youbot/build/trac_ik_examples', 'catkin_cmake_args': None, 'catkin_skip_building_tests': False, 'cmake_args': None, 'cmake_clean_cache': False, 'cmake_clean_first': False, 'cmake_force_configure': False, 'cmake_target': None, 'cmake_target_skip_unavailable': False, 'install_base': '/youbot/install/trac_ik_examples', 'merge_install': False, 'path': '/youbot/src/trac_ik/trac_ik_examples', 'symlink_install': True, 'test_result_base': None}
[0.381s] Level 5:colcon.colcon_core.verb:set package 'trac_ik_kinematics' build argument 'cmake_args' from command line to 'None'
[0.381s] Level 5:colcon.colcon_core.verb:set package 'trac_ik_kinematics' build argument 'cmake_target' from command line to 'None'
[0.381s] Level 5:colcon.colcon_core.verb:set package 'trac_ik_kinematics' build argument 'cmake_target_skip_unavailable' from command line to 'False'
[0.381s] Level 5:colcon.colcon_core.verb:set package 'trac_ik_kinematics' build argument 'cmake_clean_cache' from command line to 'False'
[0.381s] Level 5:colcon.colcon_core.verb:set package 'trac_ik_kinematics' build argument 'cmake_clean_first' from command line to 'False'
[0.381s] Level 5:colcon.colcon_core.verb:set package 'trac_ik_kinematics' build argument 'cmake_force_configure' from command line to 'False'
[0.381s] Level 5:colcon.colcon_core.verb:set package 'trac_ik_kinematics' build argument 'ament_cmake_args' from command line to 'None'
[0.381s] Level 5:colcon.colcon_core.verb:set package 'trac_ik_kinematics' build argument 'catkin_cmake_args' from command line to 'None'
[0.381s] Level 5:colcon.colcon_core.verb:set package 'trac_ik_kinematics' build argument 'catkin_skip_building_tests' from command line to 'False'
[0.381s] DEBUG:colcon.colcon_core.verb:Building package 'trac_ik_kinematics' with the following arguments: {'ament_cmake_args': None, 'build_base': '/youbot/build/trac_ik_kinematics', 'catkin_cmake_args': None, 'catkin_skip_building_tests': False, 'cmake_args': None, 'cmake_clean_cache': False, 'cmake_clean_first': False, 'cmake_force_configure': False, 'cmake_target': None, 'cmake_target_skip_unavailable': False, 'install_base': '/youbot/install/trac_ik_kinematics', 'merge_install': False, 'path': '/youbot/src/trac_ik/trac_ik_kinematics', 'symlink_install': True, 'test_result_base': None}
[0.382s] Level 5:colcon.colcon_core.verb:set package 'youbot_moveit' build argument 'cmake_args' from command line to 'None'
[0.382s] Level 5:colcon.colcon_core.verb:set package 'youbot_moveit' build argument 'cmake_target' from command line to 'None'
[0.382s] Level 5:colcon.colcon_core.verb:set package 'youbot_moveit' build argument 'cmake_target_skip_unavailable' from command line to 'False'
[0.382s] Level 5:colcon.colcon_core.verb:set package 'youbot_moveit' build argument 'cmake_clean_cache' from command line to 'False'
[0.382s] Level 5:colcon.colcon_core.verb:set package 'youbot_moveit' build argument 'cmake_clean_first' from command line to 'False'
[0.382s] Level 5:colcon.colcon_core.verb:set package 'youbot_moveit' build argument 'cmake_force_configure' from command line to 'False'
[0.382s] Level 5:colcon.colcon_core.verb:set package 'youbot_moveit' build argument 'ament_cmake_args' from command line to 'None'
[0.382s] Level 5:colcon.colcon_core.verb:set package 'youbot_moveit' build argument 'catkin_cmake_args' from command line to 'None'
[0.382s] Level 5:colcon.colcon_core.verb:set package 'youbot_moveit' build argument 'catkin_skip_building_tests' from command line to 'False'
[0.382s] DEBUG:colcon.colcon_core.verb:Building package 'youbot_moveit' with the following arguments: {'ament_cmake_args': None, 'build_base': '/youbot/build/youbot_moveit', 'catkin_cmake_args': None, 'catkin_skip_building_tests': False, 'cmake_args': None, 'cmake_clean_cache': False, 'cmake_clean_first': False, 'cmake_force_configure': False, 'cmake_target': None, 'cmake_target_skip_unavailable': False, 'install_base': '/youbot/install/youbot_moveit', 'merge_install': False, 'path': '/youbot/src/youbot_moveit', 'symlink_install': True, 'test_result_base': None}
[0.382s] Level 5:colcon.colcon_core.verb:set package 'trac_ik' build argument 'cmake_args' from command line to 'None'
[0.383s] Level 5:colcon.colcon_core.verb:set package 'trac_ik' build argument 'cmake_target' from command line to 'None'
[0.383s] Level 5:colcon.colcon_core.verb:set package 'trac_ik' build argument 'cmake_target_skip_unavailable' from command line to 'False'
[0.383s] Level 5:colcon.colcon_core.verb:set package 'trac_ik' build argument 'cmake_clean_cache' from command line to 'False'
[0.383s] Level 5:colcon.colcon_core.verb:set package 'trac_ik' build argument 'cmake_clean_first' from command line to 'False'
[0.383s] Level 5:colcon.colcon_core.verb:set package 'trac_ik' build argument 'cmake_force_configure' from command line to 'False'
[0.383s] Level 5:colcon.colcon_core.verb:set package 'trac_ik' build argument 'ament_cmake_args' from command line to 'None'
[0.383s] Level 5:colcon.colcon_core.verb:set package 'trac_ik' build argument 'catkin_cmake_args' from command line to 'None'
[0.383s] Level 5:colcon.colcon_core.verb:set package 'trac_ik' build argument 'catkin_skip_building_tests' from command line to 'False'
[0.383s] DEBUG:colcon.colcon_core.verb:Building package 'trac_ik' with the following arguments: {'ament_cmake_args': None, 'build_base': '/youbot/build/trac_ik', 'catkin_cmake_args': None, 'catkin_skip_building_tests': False, 'cmake_args': None, 'cmake_clean_cache': False, 'cmake_clean_first': False, 'cmake_force_configure': False, 'cmake_target': None, 'cmake_target_skip_unavailable': False, 'install_base': '/youbot/install/trac_ik', 'merge_install': False, 'path': '/youbot/src/trac_ik/trac_ik', 'symlink_install': True, 'test_result_base': None}
[0.383s] INFO:colcon.colcon_core.executor:Executing jobs using 'parallel' executor
[0.389s] DEBUG:colcon.colcon_parallel_executor.executor.parallel:run_until_complete
[0.389s] INFO:colcon.colcon_ros.task.ament_cmake.build:Building ROS package in '/youbot/src/trac_ik/trac_ik_lib' with build type 'ament_cmake'
[0.389s] INFO:colcon.colcon_cmake.task.cmake.build:Building CMake package in '/youbot/src/trac_ik/trac_ik_lib'
[0.392s] INFO:colcon.colcon_core.plugin_system:Skipping extension 'colcon_core.shell.bat': Not used on non-Windows systems
[0.392s] INFO:colcon.colcon_core.shell:Skip shell extension 'powershell' for command environment: Not usable outside of PowerShell
[0.392s] DEBUG:colcon.colcon_core.shell:Skip shell extension 'dsv' for command environment
[0.401s] INFO:colcon.colcon_ros.task.ament_cmake.build:Building ROS package in '/youbot/src/youbot_description' with build type 'ament_cmake'
[0.401s] INFO:colcon.colcon_cmake.task.cmake.build:Building CMake package in '/youbot/src/youbot_description'
[0.401s] INFO:colcon.colcon_core.shell:Skip shell extension 'powershell' for command environment: Not usable outside of PowerShell
[0.401s] DEBUG:colcon.colcon_core.shell:Skip shell extension 'dsv' for command environment
[0.407s] INFO:colcon.colcon_ros.task.ament_python.build:Building ROS package in '/youbot/src/send_num' with build type 'ament_python'
[0.407s] Level 1:colcon.colcon_core.shell:create_environment_hook('send_num', 'ament_prefix_path')
[0.407s] INFO:colcon.colcon_core.shell:Creating environment hook '/youbot/install/send_num/share/send_num/hook/ament_prefix_path.ps1'
[0.408s] INFO:colcon.colcon_core.shell:Creating environment descriptor '/youbot/install/send_num/share/send_num/hook/ament_prefix_path.dsv'
[0.409s] INFO:colcon.colcon_core.shell:Creating environment hook '/youbot/install/send_num/share/send_num/hook/ament_prefix_path.sh'
[0.409s] INFO:colcon.colcon_core.shell:Skip shell extension 'powershell' for command environment: Not usable outside of PowerShell
[0.410s] DEBUG:colcon.colcon_core.shell:Skip shell extension 'dsv' for command environment
[0.421s] DEBUG:colcon.colcon_core.event_handler.log_command:Invoking command in '/youbot/build/trac_ik_lib': CMAKE_PREFIX_PATH=${CMAKE_PREFIX_PATH}:/youbot/install/youbot_description:/youbot/install/send_num:/opt/ros/humble /usr/bin/cmake /youbot/src/trac_ik/trac_ik_lib -DAMENT_CMAKE_SYMLINK_INSTALL=1 -DCMAKE_INSTALL_PREFIX=/youbot/install/trac_ik_lib
[0.425s] DEBUG:colcon.colcon_core.event_handler.log_command:Invoking command in '/youbot/build/youbot_description': CMAKE_PREFIX_PATH=${CMAKE_PREFIX_PATH}:/youbot/install/youbot_description:/youbot/install/send_num:/opt/ros/humble /usr/bin/cmake /youbot/src/youbot_description -DAMENT_CMAKE_SYMLINK_INSTALL=1 -DCMAKE_INSTALL_PREFIX=/youbot/install/youbot_description
[0.768s] INFO:colcon.colcon_core.task.python.build:Building Python package in '/youbot/src/send_num'
[0.768s] INFO:colcon.colcon_core.shell:Skip shell extension 'powershell' for command environment: Not usable outside of PowerShell
[0.768s] DEBUG:colcon.colcon_core.shell:Skip shell extension 'dsv' for command environment
[0.992s] DEBUG:colcon.colcon_core.event_handler.log_command:Invoked command in '/youbot/build/youbot_description' returned '0': CMAKE_PREFIX_PATH=${CMAKE_PREFIX_PATH}:/youbot/install/youbot_description:/youbot/install/send_num:/opt/ros/humble /usr/bin/cmake /youbot/src/youbot_description -DAMENT_CMAKE_SYMLINK_INSTALL=1 -DCMAKE_INSTALL_PREFIX=/youbot/install/youbot_description
[0.996s] DEBUG:colcon.colcon_core.event_handler.log_command:Invoking command in '/youbot/build/youbot_description': CMAKE_PREFIX_PATH=${CMAKE_PREFIX_PATH}:/youbot/install/youbot_description:/youbot/install/send_num:/opt/ros/humble /usr/bin/cmake --build /youbot/build/youbot_description -- -j4 -l4
[1.051s] DEBUG:colcon.colcon_core.event_handler.log_command:Invoked command in '/youbot/build/youbot_description' returned '0': CMAKE_PREFIX_PATH=${CMAKE_PREFIX_PATH}:/youbot/install/youbot_description:/youbot/install/send_num:/opt/ros/humble /usr/bin/cmake --build /youbot/build/youbot_description -- -j4 -l4
[1.065s] DEBUG:colcon.colcon_core.event_handler.log_command:Invoking command in '/youbot/build/youbot_description': CMAKE_PREFIX_PATH=${CMAKE_PREFIX_PATH}:/youbot/install/youbot_description:/youbot/install/send_num:/opt/ros/humble /usr/bin/cmake --install /youbot/build/youbot_description
[1.208s] DEBUG:colcon.colcon_core.task.python.build:While undoing a previous installation files outside the Python library path are being ignored: /youbot/install/send_num/share/ament_index/resource_index/packages/send_num
[1.208s] DEBUG:colcon.colcon_core.task.python.build:While undoing a previous installation files outside the Python library path are being ignored: /youbot/install/send_num/share/send_num/package.xml
[1.209s] DEBUG:colcon.colcon_core.task.python.build:While undoing a previous installation files outside the Python library path are being ignored: /youbot/install/send_num/lib/send_num/bridge
[1.209s] DEBUG:colcon.colcon_core.task.python.build:While undoing a previous installation files outside the Python library path are being ignored: /youbot/install/send_num/lib/send_num/camera_server
[1.209s] DEBUG:colcon.colcon_core.task.python.build:While undoing a previous installation files outside the Python library path are being ignored: /youbot/install/send_num/lib/send_num/on_youbot
[1.209s] DEBUG:colcon.colcon_core.task.python.build:While undoing a previous installation files outside the Python library path are being ignored: /youbot/install/send_num/lib/send_num/send
[1.210s] DEBUG:colcon.colcon_core.task.python.build:While undoing a previous installation files outside the Python library path are being ignored: /youbot/install/send_num/lib/send_num/test_bridge
[1.210s] DEBUG:colcon.colcon_core.task.python.build:While undoing a previous installation files outside the Python library path are being ignored: /youbot/install/send_num/lib/send_num/test_server_copy
[1.221s] DEBUG:colcon.colcon_core.event_handler.log_command:Invoking command in '/youbot/build/send_num': PYTHONPATH=/youbot/build/send_num/prefix_override:/usr/lib/python3/dist-packages/colcon_core/task/python/colcon_distutils_commands:/youbot/install/send_num/lib/python3.10/site-packages:${PYTHONPATH} /usr/bin/python3 -W ignore:setup.py install is deprecated -W ignore:easy_install command is deprecated setup.py develop --editable --build-directory /youbot/build/send_num/build --no-deps symlink_data --force
[1.822s] Level 1:colcon.colcon_core.shell:create_environment_hook('send_num', 'pythonpath_develop')
[1.822s] INFO:colcon.colcon_core.shell:Creating environment hook '/youbot/build/send_num/share/send_num/hook/pythonpath_develop.ps1'
[1.824s] DEBUG:colcon.colcon_core.event_handler.log_command:Invoked command in '/youbot/build/send_num' returned '0': PYTHONPATH=/youbot/build/send_num/prefix_override:/usr/lib/python3/dist-packages/colcon_core/task/python/colcon_distutils_commands:/youbot/install/send_num/lib/python3.10/site-packages:${PYTHONPATH} /usr/bin/python3 -W ignore:setup.py install is deprecated -W ignore:easy_install command is deprecated setup.py develop --editable --build-directory /youbot/build/send_num/build --no-deps symlink_data --force
[1.825s] INFO:colcon.colcon_core.shell:Creating environment descriptor '/youbot/build/send_num/share/send_num/hook/pythonpath_develop.dsv'
[1.827s] INFO:colcon.colcon_core.shell:Creating environment hook '/youbot/build/send_num/share/send_num/hook/pythonpath_develop.sh'
[1.830s] Level 1:colcon.colcon_core.environment:checking '/youbot/install/send_num' for CMake module files
[1.831s] Level 1:colcon.colcon_core.environment:checking '/youbot/install/send_num' for CMake config files
[1.831s] Level 1:colcon.colcon_core.environment:checking '/youbot/install/send_num/lib'
[1.832s] Level 1:colcon.colcon_core.environment:checking '/youbot/install/send_num/bin'
[1.832s] Level 1:colcon.colcon_core.environment:checking '/youbot/install/send_num/lib/pkgconfig/send_num.pc'
[1.832s] Level 1:colcon.colcon_core.environment:checking '/youbot/install/send_num/lib/python3.10/site-packages'
[1.832s] Level 1:colcon.colcon_core.shell:create_environment_hook('send_num', 'pythonpath')
[1.833s] INFO:colcon.colcon_core.shell:Creating environment hook '/youbot/install/send_num/share/send_num/hook/pythonpath.ps1'
[1.833s] INFO:colcon.colcon_core.shell:Creating environment descriptor '/youbot/install/send_num/share/send_num/hook/pythonpath.dsv'
[1.834s] INFO:colcon.colcon_core.shell:Creating environment hook '/youbot/install/send_num/share/send_num/hook/pythonpath.sh'
[1.835s] Level 1:colcon.colcon_core.environment:checking '/youbot/install/send_num/bin'
[1.835s] Level 1:colcon.colcon_core.environment:create_environment_scripts_only(send_num)
[1.836s] INFO:colcon.colcon_core.shell:Creating package script '/youbot/install/send_num/share/send_num/package.ps1'
[1.837s] INFO:colcon.colcon_core.shell:Creating package descriptor '/youbot/install/send_num/share/send_num/package.dsv'
[1.841s] INFO:colcon.colcon_core.shell:Creating package script '/youbot/install/send_num/share/send_num/package.sh'
[1.842s] INFO:colcon.colcon_core.shell:Creating package script '/youbot/install/send_num/share/send_num/package.bash'
[1.844s] INFO:colcon.colcon_core.shell:Creating package script '/youbot/install/send_num/share/send_num/package.zsh'
[1.844s] Level 1:colcon.colcon_core.environment:create_file_with_runtime_dependencies(/youbot/install/send_num/share/colcon-core/packages/send_num)
[2.496s] DEBUG:colcon.colcon_core.event_handler.log_command:Invoked command in '/youbot/build/trac_ik_lib' returned '0': CMAKE_PREFIX_PATH=${CMAKE_PREFIX_PATH}:/youbot/install/youbot_description:/youbot/install/send_num:/opt/ros/humble /usr/bin/cmake /youbot/src/trac_ik/trac_ik_lib -DAMENT_CMAKE_SYMLINK_INSTALL=1 -DCMAKE_INSTALL_PREFIX=/youbot/install/trac_ik_lib
[2.497s] DEBUG:colcon.colcon_core.event_handler.log_command:Invoking command in '/youbot/build/trac_ik_lib': CMAKE_PREFIX_PATH=${CMAKE_PREFIX_PATH}:/youbot/install/youbot_description:/youbot/install/send_num:/opt/ros/humble /usr/bin/cmake --build /youbot/build/trac_ik_lib -- -j4 -l4
[2.534s] Level 1:colcon.colcon_core.environment:create_environment_scripts_only(youbot_description)
[2.535s] Level 1:colcon.colcon_core.environment:checking '/youbot/install/youbot_description' for CMake module files
[2.535s] DEBUG:colcon.colcon_core.event_handler.log_command:Invoked command in '/youbot/build/youbot_description' returned '0': CMAKE_PREFIX_PATH=${CMAKE_PREFIX_PATH}:/youbot/install/youbot_description:/youbot/install/send_num:/opt/ros/humble /usr/bin/cmake --install /youbot/build/youbot_description
[2.536s] Level 1:colcon.colcon_core.environment:checking '/youbot/install/youbot_description' for CMake config files
[2.537s] Level 1:colcon.colcon_core.shell:create_environment_hook('youbot_description', 'cmake_prefix_path')
[2.538s] INFO:colcon.colcon_core.shell:Creating environment hook '/youbot/install/youbot_description/share/youbot_description/hook/cmake_prefix_path.ps1'
[2.539s] INFO:colcon.colcon_core.shell:Creating environment descriptor '/youbot/install/youbot_description/share/youbot_description/hook/cmake_prefix_path.dsv'
[2.539s] INFO:colcon.colcon_core.shell:Creating environment hook '/youbot/install/youbot_description/share/youbot_description/hook/cmake_prefix_path.sh'
[2.541s] Level 1:colcon.colcon_core.environment:checking '/youbot/install/youbot_description/bin'
[2.541s] Level 1:colcon.colcon_core.environment:checking '/youbot/install/youbot_description/lib/pkgconfig/youbot_description.pc'
[2.541s] Level 1:colcon.colcon_core.environment:checking '/youbot/install/youbot_description/lib/python3.10/site-packages'
[2.542s] Level 1:colcon.colcon_core.environment:checking '/youbot/install/youbot_description/bin'
[2.542s] INFO:colcon.colcon_core.shell:Creating package script '/youbot/install/youbot_description/share/youbot_description/package.ps1'
[2.543s] INFO:colcon.colcon_core.shell:Creating package descriptor '/youbot/install/youbot_description/share/youbot_description/package.dsv'
[2.545s] INFO:colcon.colcon_core.shell:Creating package script '/youbot/install/youbot_description/share/youbot_description/package.sh'
[2.546s] INFO:colcon.colcon_core.shell:Creating package script '/youbot/install/youbot_description/share/youbot_description/package.bash'
[2.546s] INFO:colcon.colcon_core.shell:Creating package script '/youbot/install/youbot_description/share/youbot_description/package.zsh'
[2.548s] Level 1:colcon.colcon_core.environment:create_file_with_runtime_dependencies(/youbot/install/youbot_description/share/colcon-core/packages/youbot_description)
[2.549s] Level 1:colcon.colcon_core.environment:create_environment_scripts_only(youbot_description)
[2.549s] Level 1:colcon.colcon_core.environment:checking '/youbot/install/youbot_description' for CMake module files
[2.550s] Level 1:colcon.colcon_core.environment:checking '/youbot/install/youbot_description' for CMake config files
[2.551s] Level 1:colcon.colcon_core.shell:create_environment_hook('youbot_description', 'cmake_prefix_path')
[2.552s] INFO:colcon.colcon_core.shell:Creating environment hook '/youbot/install/youbot_description/share/youbot_description/hook/cmake_prefix_path.ps1'
[2.553s] INFO:colcon.colcon_core.shell:Creating environment descriptor '/youbot/install/youbot_description/share/youbot_description/hook/cmake_prefix_path.dsv'
[2.554s] INFO:colcon.colcon_core.shell:Creating environment hook '/youbot/install/youbot_description/share/youbot_description/hook/cmake_prefix_path.sh'
[2.555s] Level 1:colcon.colcon_core.environment:checking '/youbot/install/youbot_description/bin'
[2.555s] Level 1:colcon.colcon_core.environment:checking '/youbot/install/youbot_description/lib/pkgconfig/youbot_description.pc'
[2.555s] Level 1:colcon.colcon_core.environment:checking '/youbot/install/youbot_description/lib/python3.10/site-packages'
[2.556s] Level 1:colcon.colcon_core.environment:checking '/youbot/install/youbot_description/bin'
[2.556s] INFO:colcon.colcon_core.shell:Creating package script '/youbot/install/youbot_description/share/youbot_description/package.ps1'
[2.557s] INFO:colcon.colcon_core.shell:Creating package descriptor '/youbot/install/youbot_description/share/youbot_description/package.dsv'
[2.558s] INFO:colcon.colcon_core.shell:Creating package script '/youbot/install/youbot_description/share/youbot_description/package.sh'
[2.559s] INFO:colcon.colcon_core.shell:Creating package script '/youbot/install/youbot_description/share/youbot_description/package.bash'
[2.560s] INFO:colcon.colcon_core.shell:Creating package script '/youbot/install/youbot_description/share/youbot_description/package.zsh'
[2.563s] Level 1:colcon.colcon_core.environment:create_file_with_runtime_dependencies(/youbot/install/youbot_description/share/colcon-core/packages/youbot_description)
[2.563s] INFO:colcon.colcon_ros.task.ament_cmake.build:Building ROS package in '/youbot/src/youbot_moveit' with build type 'ament_cmake'
[2.563s] INFO:colcon.colcon_cmake.task.cmake.build:Building CMake package in '/youbot/src/youbot_moveit'
[2.565s] INFO:colcon.colcon_core.shell:Skip shell extension 'powershell' for command environment: Not usable outside of PowerShell
[2.565s] DEBUG:colcon.colcon_core.shell:Skip shell extension 'dsv' for command environment
[2.587s] DEBUG:colcon.colcon_core.event_handler.log_command:Invoking command in '/youbot/build/youbot_moveit': CMAKE_PREFIX_PATH=/youbot/install/youbot_description:/youbot/install/youbot_moveit:/youbot/install/send_num:/opt/ros/humble /usr/bin/cmake /youbot/src/youbot_moveit -DAMENT_CMAKE_SYMLINK_INSTALL=1 -DCMAKE_INSTALL_PREFIX=/youbot/install/youbot_moveit
[5.192s] DEBUG:colcon.colcon_core.event_handler.log_command:Invoked command in '/youbot/build/youbot_moveit' returned '0': CMAKE_PREFIX_PATH=/youbot/install/youbot_description:/youbot/install/youbot_moveit:/youbot/install/send_num:/opt/ros/humble /usr/bin/cmake /youbot/src/youbot_moveit -DAMENT_CMAKE_SYMLINK_INSTALL=1 -DCMAKE_INSTALL_PREFIX=/youbot/install/youbot_moveit
[5.193s] DEBUG:colcon.colcon_core.event_handler.log_command:Invoking command in '/youbot/build/youbot_moveit': CMAKE_PREFIX_PATH=/youbot/install/youbot_description:/youbot/install/youbot_moveit:/youbot/install/send_num:/opt/ros/humble /usr/bin/cmake --build /youbot/build/youbot_moveit -- -j4 -l4
[6.770s] DEBUG:colcon.colcon_core.event_handler.log_command:Invoked command in '/youbot/build/youbot_moveit' returned '0': CMAKE_PREFIX_PATH=/youbot/install/youbot_description:/youbot/install/youbot_moveit:/youbot/install/send_num:/opt/ros/humble /usr/bin/cmake --build /youbot/build/youbot_moveit -- -j4 -l4
[6.776s] DEBUG:colcon.colcon_core.event_handler.log_command:Invoking command in '/youbot/build/youbot_moveit': CMAKE_PREFIX_PATH=/youbot/install/youbot_description:/youbot/install/youbot_moveit:/youbot/install/send_num:/opt/ros/humble /usr/bin/cmake --install /youbot/build/youbot_moveit
[7.261s] Level 1:colcon.colcon_core.environment:create_environment_scripts_only(youbot_moveit)
[7.261s] Level 1:colcon.colcon_core.environment:checking '/youbot/install/youbot_moveit' for CMake module files
[7.262s] DEBUG:colcon.colcon_core.event_handler.log_command:Invoked command in '/youbot/build/youbot_moveit' returned '0': CMAKE_PREFIX_PATH=/youbot/install/youbot_description:/youbot/install/youbot_moveit:/youbot/install/send_num:/opt/ros/humble /usr/bin/cmake --install /youbot/build/youbot_moveit
[7.262s] Level 1:colcon.colcon_core.environment:checking '/youbot/install/youbot_moveit' for CMake config files
[7.263s] Level 1:colcon.colcon_core.shell:create_environment_hook('youbot_moveit', 'cmake_prefix_path')
[7.263s] INFO:colcon.colcon_core.shell:Creating environment hook '/youbot/install/youbot_moveit/share/youbot_moveit/hook/cmake_prefix_path.ps1'
[7.264s] INFO:colcon.colcon_core.shell:Creating environment descriptor '/youbot/install/youbot_moveit/share/youbot_moveit/hook/cmake_prefix_path.dsv'
[7.265s] INFO:colcon.colcon_core.shell:Creating environment hook '/youbot/install/youbot_moveit/share/youbot_moveit/hook/cmake_prefix_path.sh'
[7.266s] Level 1:colcon.colcon_core.environment:checking '/youbot/install/youbot_moveit/lib'
[7.266s] Level 1:colcon.colcon_core.environment:checking '/youbot/install/youbot_moveit/bin'
[7.267s] Level 1:colcon.colcon_core.environment:checking '/youbot/install/youbot_moveit/lib/pkgconfig/youbot_moveit.pc'
[7.267s] Level 1:colcon.colcon_core.environment:checking '/youbot/install/youbot_moveit/lib/python3.10/site-packages'
[7.267s] Level 1:colcon.colcon_core.environment:checking '/youbot/install/youbot_moveit/bin'
[7.268s] INFO:colcon.colcon_core.shell:Creating package script '/youbot/install/youbot_moveit/share/youbot_moveit/package.ps1'
[7.268s] INFO:colcon.colcon_core.shell:Creating package descriptor '/youbot/install/youbot_moveit/share/youbot_moveit/package.dsv'
[7.270s] INFO:colcon.colcon_core.shell:Creating package script '/youbot/install/youbot_moveit/share/youbot_moveit/package.sh'
[7.270s] INFO:colcon.colcon_core.shell:Creating package script '/youbot/install/youbot_moveit/share/youbot_moveit/package.bash'
[7.272s] INFO:colcon.colcon_core.shell:Creating package script '/youbot/install/youbot_moveit/share/youbot_moveit/package.zsh'
[7.272s] Level 1:colcon.colcon_core.environment:create_file_with_runtime_dependencies(/youbot/install/youbot_moveit/share/colcon-core/packages/youbot_moveit)
[7.274s] Level 1:colcon.colcon_core.environment:create_environment_scripts_only(youbot_moveit)
[7.274s] Level 1:colcon.colcon_core.environment:checking '/youbot/install/youbot_moveit' for CMake module files
[7.275s] Level 1:colcon.colcon_core.environment:checking '/youbot/install/youbot_moveit' for CMake config files
[7.275s] Level 1:colcon.colcon_core.shell:create_environment_hook('youbot_moveit', 'cmake_prefix_path')
[7.275s] INFO:colcon.colcon_core.shell:Creating environment hook '/youbot/install/youbot_moveit/share/youbot_moveit/hook/cmake_prefix_path.ps1'
[7.276s] INFO:colcon.colcon_core.shell:Creating environment descriptor '/youbot/install/youbot_moveit/share/youbot_moveit/hook/cmake_prefix_path.dsv'
[7.277s] INFO:colcon.colcon_core.shell:Creating environment hook '/youbot/install/youbot_moveit/share/youbot_moveit/hook/cmake_prefix_path.sh'
[7.278s] Level 1:colcon.colcon_core.environment:checking '/youbot/install/youbot_moveit/lib'
[7.278s] Level 1:colcon.colcon_core.environment:checking '/youbot/install/youbot_moveit/bin'
[7.279s] Level 1:colcon.colcon_core.environment:checking '/youbot/install/youbot_moveit/lib/pkgconfig/youbot_moveit.pc'
[7.279s] Level 1:colcon.colcon_core.environment:checking '/youbot/install/youbot_moveit/lib/python3.10/site-packages'
[7.279s] Level 1:colcon.colcon_core.environment:checking '/youbot/install/youbot_moveit/bin'
[7.280s] INFO:colcon.colcon_core.shell:Creating package script '/youbot/install/youbot_moveit/share/youbot_moveit/package.ps1'
[7.281s] INFO:colcon.colcon_core.shell:Creating package descriptor '/youbot/install/youbot_moveit/share/youbot_moveit/package.dsv'
[7.282s] INFO:colcon.colcon_core.shell:Creating package script '/youbot/install/youbot_moveit/share/youbot_moveit/package.sh'
[7.283s] INFO:colcon.colcon_core.shell:Creating package script '/youbot/install/youbot_moveit/share/youbot_moveit/package.bash'
[7.284s] INFO:colcon.colcon_core.shell:Creating package script '/youbot/install/youbot_moveit/share/youbot_moveit/package.zsh'
[7.284s] Level 1:colcon.colcon_core.environment:create_file_with_runtime_dependencies(/youbot/install/youbot_moveit/share/colcon-core/packages/youbot_moveit)
[16.338s] DEBUG:colcon.colcon_core.event_handler.log_command:Invoked command in '/youbot/build/trac_ik_lib' returned '0': CMAKE_PREFIX_PATH=${CMAKE_PREFIX_PATH}:/youbot/install/youbot_description:/youbot/install/send_num:/opt/ros/humble /usr/bin/cmake --build /youbot/build/trac_ik_lib -- -j4 -l4
[16.338s] DEBUG:colcon.colcon_core.event_handler.log_command:Invoking command in '/youbot/build/trac_ik_lib': CMAKE_PREFIX_PATH=${CMAKE_PREFIX_PATH}:/youbot/install/youbot_description:/youbot/install/send_num:/opt/ros/humble /usr/bin/cmake --install /youbot/build/trac_ik_lib
[16.712s] Level 1:colcon.colcon_core.environment:create_environment_scripts_only(trac_ik_lib)
[16.712s] Level 1:colcon.colcon_core.environment:checking '/youbot/install/trac_ik_lib' for CMake module files
[16.713s] Level 1:colcon.colcon_core.environment:checking '/youbot/install/trac_ik_lib' for CMake config files
[16.713s] Level 1:colcon.colcon_core.shell:create_environment_hook('trac_ik_lib', 'cmake_prefix_path')
[16.714s] INFO:colcon.colcon_core.shell:Creating environment hook '/youbot/install/trac_ik_lib/share/trac_ik_lib/hook/cmake_prefix_path.ps1'
[16.714s] INFO:colcon.colcon_core.shell:Creating environment descriptor '/youbot/install/trac_ik_lib/share/trac_ik_lib/hook/cmake_prefix_path.dsv'
[16.714s] INFO:colcon.colcon_core.shell:Creating environment hook '/youbot/install/trac_ik_lib/share/trac_ik_lib/hook/cmake_prefix_path.sh'
[16.715s] Level 1:colcon.colcon_core.environment:checking '/youbot/install/trac_ik_lib/lib'
[16.715s] Level 1:colcon.colcon_core.shell:create_environment_hook('trac_ik_lib', 'ld_library_path_lib')
[16.715s] DEBUG:colcon.colcon_core.event_handler.log_command:Invoked command in '/youbot/build/trac_ik_lib' returned '0': CMAKE_PREFIX_PATH=${CMAKE_PREFIX_PATH}:/youbot/install/youbot_description:/youbot/install/send_num:/opt/ros/humble /usr/bin/cmake --install /youbot/build/trac_ik_lib
[16.716s] INFO:colcon.colcon_core.shell:Creating environment hook '/youbot/install/trac_ik_lib/share/trac_ik_lib/hook/ld_library_path_lib.ps1'
[16.717s] INFO:colcon.colcon_core.shell:Creating environment descriptor '/youbot/install/trac_ik_lib/share/trac_ik_lib/hook/ld_library_path_lib.dsv'
[16.717s] INFO:colcon.colcon_core.shell:Creating environment hook '/youbot/install/trac_ik_lib/share/trac_ik_lib/hook/ld_library_path_lib.sh'
[16.718s] Level 1:colcon.colcon_core.environment:checking '/youbot/install/trac_ik_lib/bin'
[16.719s] Level 1:colcon.colcon_core.environment:checking '/youbot/install/trac_ik_lib/lib/pkgconfig/trac_ik_lib.pc'
[16.719s] Level 1:colcon.colcon_core.environment:checking '/youbot/install/trac_ik_lib/lib/python3.10/site-packages'
[16.719s] Level 1:colcon.colcon_core.environment:checking '/youbot/install/trac_ik_lib/bin'
[16.720s] INFO:colcon.colcon_core.shell:Creating package script '/youbot/install/trac_ik_lib/share/trac_ik_lib/package.ps1'
[16.720s] INFO:colcon.colcon_core.shell:Creating package descriptor '/youbot/install/trac_ik_lib/share/trac_ik_lib/package.dsv'
[16.721s] INFO:colcon.colcon_core.shell:Creating package script '/youbot/install/trac_ik_lib/share/trac_ik_lib/package.sh'
[16.723s] INFO:colcon.colcon_core.shell:Creating package script '/youbot/install/trac_ik_lib/share/trac_ik_lib/package.bash'
[16.725s] INFO:colcon.colcon_core.shell:Creating package script '/youbot/install/trac_ik_lib/share/trac_ik_lib/package.zsh'
[16.726s] Level 1:colcon.colcon_core.environment:create_file_with_runtime_dependencies(/youbot/install/trac_ik_lib/share/colcon-core/packages/trac_ik_lib)
[16.728s] Level 1:colcon.colcon_core.environment:create_environment_scripts_only(trac_ik_lib)
[16.729s] Level 1:colcon.colcon_core.environment:checking '/youbot/install/trac_ik_lib' for CMake module files
[16.730s] Level 1:colcon.colcon_core.environment:checking '/youbot/install/trac_ik_lib' for CMake config files
[16.731s] Level 1:colcon.colcon_core.shell:create_environment_hook('trac_ik_lib', 'cmake_prefix_path')
[16.731s] INFO:colcon.colcon_core.shell:Creating environment hook '/youbot/install/trac_ik_lib/share/trac_ik_lib/hook/cmake_prefix_path.ps1'
[16.732s] INFO:colcon.colcon_core.shell:Creating environment descriptor '/youbot/install/trac_ik_lib/share/trac_ik_lib/hook/cmake_prefix_path.dsv'
[16.733s] INFO:colcon.colcon_core.shell:Creating environment hook '/youbot/install/trac_ik_lib/share/trac_ik_lib/hook/cmake_prefix_path.sh'
[16.733s] Level 1:colcon.colcon_core.environment:checking '/youbot/install/trac_ik_lib/lib'
[16.733s] Level 1:colcon.colcon_core.shell:create_environment_hook('trac_ik_lib', 'ld_library_path_lib')
[16.735s] INFO:colcon.colcon_core.shell:Creating environment hook '/youbot/install/trac_ik_lib/share/trac_ik_lib/hook/ld_library_path_lib.ps1'
[16.735s] INFO:colcon.colcon_core.shell:Creating environment descriptor '/youbot/install/trac_ik_lib/share/trac_ik_lib/hook/ld_library_path_lib.dsv'
[16.736s] INFO:colcon.colcon_core.shell:Creating environment hook '/youbot/install/trac_ik_lib/share/trac_ik_lib/hook/ld_library_path_lib.sh'
[16.737s] Level 1:colcon.colcon_core.environment:checking '/youbot/install/trac_ik_lib/bin'
[16.737s] Level 1:colcon.colcon_core.environment:checking '/youbot/install/trac_ik_lib/lib/pkgconfig/trac_ik_lib.pc'
[16.737s] Level 1:colcon.colcon_core.environment:checking '/youbot/install/trac_ik_lib/lib/python3.10/site-packages'
[16.738s] Level 1:colcon.colcon_core.environment:checking '/youbot/install/trac_ik_lib/bin'
[16.738s] INFO:colcon.colcon_core.shell:Creating package script '/youbot/install/trac_ik_lib/share/trac_ik_lib/package.ps1'
[16.739s] INFO:colcon.colcon_core.shell:Creating package descriptor '/youbot/install/trac_ik_lib/share/trac_ik_lib/package.dsv'
[16.740s] INFO:colcon.colcon_core.shell:Creating package script '/youbot/install/trac_ik_lib/share/trac_ik_lib/package.sh'
[16.740s] INFO:colcon.colcon_core.shell:Creating package script '/youbot/install/trac_ik_lib/share/trac_ik_lib/package.bash'
[16.741s] INFO:colcon.colcon_core.shell:Creating package script '/youbot/install/trac_ik_lib/share/trac_ik_lib/package.zsh'
[16.742s] Level 1:colcon.colcon_core.environment:create_file_with_runtime_dependencies(/youbot/install/trac_ik_lib/share/colcon-core/packages/trac_ik_lib)
[16.743s] INFO:colcon.colcon_ros.task.ament_cmake.build:Building ROS package in '/youbot/src/trac_ik/trac_ik_examples' with build type 'ament_cmake'
[16.743s] INFO:colcon.colcon_cmake.task.cmake.build:Building CMake package in '/youbot/src/trac_ik/trac_ik_examples'
[16.743s] INFO:colcon.colcon_core.shell:Skip shell extension 'powershell' for command environment: Not usable outside of PowerShell
[16.743s] DEBUG:colcon.colcon_core.shell:Skip shell extension 'dsv' for command environment
[16.748s] INFO:colcon.colcon_ros.task.ament_cmake.build:Building ROS package in '/youbot/src/trac_ik/trac_ik_kinematics' with build type 'ament_cmake'
[16.748s] INFO:colcon.colcon_cmake.task.cmake.build:Building CMake package in '/youbot/src/trac_ik/trac_ik_kinematics'
[16.749s] INFO:colcon.colcon_core.shell:Skip shell extension 'powershell' for command environment: Not usable outside of PowerShell
[16.749s] DEBUG:colcon.colcon_core.shell:Skip shell extension 'dsv' for command environment
[16.760s] DEBUG:colcon.colcon_core.event_handler.log_command:Invoking command in '/youbot/build/trac_ik_examples': AMENT_PREFIX_PATH=/youbot/install/trac_ik_lib:${AMENT_PREFIX_PATH} CMAKE_PREFIX_PATH=/youbot/install/trac_ik_lib:/youbot/install/youbot_moveit:/youbot/install/youbot_description:/youbot/install/send_num:/opt/ros/humble LD_LIBRARY_PATH=/youbot/install/trac_ik_lib/lib:${LD_LIBRARY_PATH} /usr/bin/cmake /youbot/src/trac_ik/trac_ik_examples -DAMENT_CMAKE_SYMLINK_INSTALL=1 -DCMAKE_INSTALL_PREFIX=/youbot/install/trac_ik_examples
[16.769s] DEBUG:colcon.colcon_core.event_handler.log_command:Invoking command in '/youbot/build/trac_ik_kinematics': AMENT_PREFIX_PATH=/youbot/install/trac_ik_lib:${AMENT_PREFIX_PATH} CMAKE_PREFIX_PATH=/youbot/install/trac_ik_lib:/youbot/install/youbot_moveit:/youbot/install/youbot_description:/youbot/install/send_num:/opt/ros/humble LD_LIBRARY_PATH=/youbot/install/trac_ik_lib/lib:${LD_LIBRARY_PATH} /usr/bin/cmake /youbot/src/trac_ik/trac_ik_kinematics -DAMENT_CMAKE_SYMLINK_INSTALL=1 -DCMAKE_INSTALL_PREFIX=/youbot/install/trac_ik_kinematics
[18.976s] DEBUG:colcon.colcon_core.event_handler.log_command:Invoked command in '/youbot/build/trac_ik_examples' returned '0': AMENT_PREFIX_PATH=/youbot/install/trac_ik_lib:${AMENT_PREFIX_PATH} CMAKE_PREFIX_PATH=/youbot/install/trac_ik_lib:/youbot/install/youbot_moveit:/youbot/install/youbot_description:/youbot/install/send_num:/opt/ros/humble LD_LIBRARY_PATH=/youbot/install/trac_ik_lib/lib:${LD_LIBRARY_PATH} /usr/bin/cmake /youbot/src/trac_ik/trac_ik_examples -DAMENT_CMAKE_SYMLINK_INSTALL=1 -DCMAKE_INSTALL_PREFIX=/youbot/install/trac_ik_examples
[18.978s] DEBUG:colcon.colcon_core.event_handler.log_command:Invoking command in '/youbot/build/trac_ik_examples': AMENT_PREFIX_PATH=/youbot/install/trac_ik_lib:${AMENT_PREFIX_PATH} CMAKE_PREFIX_PATH=/youbot/install/trac_ik_lib:/youbot/install/youbot_moveit:/youbot/install/youbot_description:/youbot/install/send_num:/opt/ros/humble LD_LIBRARY_PATH=/youbot/install/trac_ik_lib/lib:${LD_LIBRARY_PATH} /usr/bin/cmake --build /youbot/build/trac_ik_examples -- -j4 -l4
[20.087s] DEBUG:colcon.colcon_core.event_handler.log_command:Invoked command in '/youbot/build/trac_ik_kinematics' returned '0': AMENT_PREFIX_PATH=/youbot/install/trac_ik_lib:${AMENT_PREFIX_PATH} CMAKE_PREFIX_PATH=/youbot/install/trac_ik_lib:/youbot/install/youbot_moveit:/youbot/install/youbot_description:/youbot/install/send_num:/opt/ros/humble LD_LIBRARY_PATH=/youbot/install/trac_ik_lib/lib:${LD_LIBRARY_PATH} /usr/bin/cmake /youbot/src/trac_ik/trac_ik_kinematics -DAMENT_CMAKE_SYMLINK_INSTALL=1 -DCMAKE_INSTALL_PREFIX=/youbot/install/trac_ik_kinematics
[20.088s] DEBUG:colcon.colcon_core.event_handler.log_command:Invoking command in '/youbot/build/trac_ik_kinematics': AMENT_PREFIX_PATH=/youbot/install/trac_ik_lib:${AMENT_PREFIX_PATH} CMAKE_PREFIX_PATH=/youbot/install/trac_ik_lib:/youbot/install/youbot_moveit:/youbot/install/youbot_description:/youbot/install/send_num:/opt/ros/humble LD_LIBRARY_PATH=/youbot/install/trac_ik_lib/lib:${LD_LIBRARY_PATH} /usr/bin/cmake --build /youbot/build/trac_ik_kinematics -- -j4 -l4
[25.192s] DEBUG:colcon.colcon_core.event_handler.log_command:Invoked command in '/youbot/build/trac_ik_examples' returned '0': AMENT_PREFIX_PATH=/youbot/install/trac_ik_lib:${AMENT_PREFIX_PATH} CMAKE_PREFIX_PATH=/youbot/install/trac_ik_lib:/youbot/install/youbot_moveit:/youbot/install/youbot_description:/youbot/install/send_num:/opt/ros/humble LD_LIBRARY_PATH=/youbot/install/trac_ik_lib/lib:${LD_LIBRARY_PATH} /usr/bin/cmake --build /youbot/build/trac_ik_examples -- -j4 -l4
[25.196s] DEBUG:colcon.colcon_core.event_handler.log_command:Invoking command in '/youbot/build/trac_ik_examples': AMENT_PREFIX_PATH=/youbot/install/trac_ik_lib:${AMENT_PREFIX_PATH} CMAKE_PREFIX_PATH=/youbot/install/trac_ik_lib:/youbot/install/youbot_moveit:/youbot/install/youbot_description:/youbot/install/send_num:/opt/ros/humble LD_LIBRARY_PATH=/youbot/install/trac_ik_lib/lib:${LD_LIBRARY_PATH} /usr/bin/cmake --install /youbot/build/trac_ik_examples
[25.460s] Level 1:colcon.colcon_core.environment:create_environment_scripts_only(trac_ik_examples)
[25.461s] DEBUG:colcon.colcon_core.event_handler.log_command:Invoked command in '/youbot/build/trac_ik_examples' returned '0': AMENT_PREFIX_PATH=/youbot/install/trac_ik_lib:${AMENT_PREFIX_PATH} CMAKE_PREFIX_PATH=/youbot/install/trac_ik_lib:/youbot/install/youbot_moveit:/youbot/install/youbot_description:/youbot/install/send_num:/opt/ros/humble LD_LIBRARY_PATH=/youbot/install/trac_ik_lib/lib:${LD_LIBRARY_PATH} /usr/bin/cmake --install /youbot/build/trac_ik_examples
[25.461s] Level 1:colcon.colcon_core.environment:checking '/youbot/install/trac_ik_examples' for CMake module files
[25.462s] Level 1:colcon.colcon_core.environment:checking '/youbot/install/trac_ik_examples' for CMake config files
[25.463s] Level 1:colcon.colcon_core.shell:create_environment_hook('trac_ik_examples', 'cmake_prefix_path')
[25.463s] INFO:colcon.colcon_core.shell:Creating environment hook '/youbot/install/trac_ik_examples/share/trac_ik_examples/hook/cmake_prefix_path.ps1'
[25.464s] INFO:colcon.colcon_core.shell:Creating environment descriptor '/youbot/install/trac_ik_examples/share/trac_ik_examples/hook/cmake_prefix_path.dsv'
[25.464s] INFO:colcon.colcon_core.shell:Creating environment hook '/youbot/install/trac_ik_examples/share/trac_ik_examples/hook/cmake_prefix_path.sh'
[25.465s] Level 1:colcon.colcon_core.environment:checking '/youbot/install/trac_ik_examples/lib'
[25.465s] Level 1:colcon.colcon_core.environment:checking '/youbot/install/trac_ik_examples/bin'
[25.465s] Level 1:colcon.colcon_core.environment:checking '/youbot/install/trac_ik_examples/lib/pkgconfig/trac_ik_examples.pc'
[25.465s] Level 1:colcon.colcon_core.environment:checking '/youbot/install/trac_ik_examples/lib/python3.10/site-packages'
[25.466s] Level 1:colcon.colcon_core.environment:checking '/youbot/install/trac_ik_examples/bin'
[25.466s] INFO:colcon.colcon_core.shell:Creating package script '/youbot/install/trac_ik_examples/share/trac_ik_examples/package.ps1'
[25.467s] INFO:colcon.colcon_core.shell:Creating package descriptor '/youbot/install/trac_ik_examples/share/trac_ik_examples/package.dsv'
[25.467s] INFO:colcon.colcon_core.shell:Creating package script '/youbot/install/trac_ik_examples/share/trac_ik_examples/package.sh'
[25.468s] INFO:colcon.colcon_core.shell:Creating package script '/youbot/install/trac_ik_examples/share/trac_ik_examples/package.bash'
[25.469s] INFO:colcon.colcon_core.shell:Creating package script '/youbot/install/trac_ik_examples/share/trac_ik_examples/package.zsh'
[25.469s] Level 1:colcon.colcon_core.environment:create_file_with_runtime_dependencies(/youbot/install/trac_ik_examples/share/colcon-core/packages/trac_ik_examples)
[25.470s] Level 1:colcon.colcon_core.environment:create_environment_scripts_only(trac_ik_examples)
[25.471s] Level 1:colcon.colcon_core.environment:checking '/youbot/install/trac_ik_examples' for CMake module files
[25.471s] Level 1:colcon.colcon_core.environment:checking '/youbot/install/trac_ik_examples' for CMake config files
[25.472s] Level 1:colcon.colcon_core.shell:create_environment_hook('trac_ik_examples', 'cmake_prefix_path')
[25.472s] INFO:colcon.colcon_core.shell:Creating environment hook '/youbot/install/trac_ik_examples/share/trac_ik_examples/hook/cmake_prefix_path.ps1'
[25.473s] INFO:colcon.colcon_core.shell:Creating environment descriptor '/youbot/install/trac_ik_examples/share/trac_ik_examples/hook/cmake_prefix_path.dsv'
[25.474s] INFO:colcon.colcon_core.shell:Creating environment hook '/youbot/install/trac_ik_examples/share/trac_ik_examples/hook/cmake_prefix_path.sh'
[25.474s] Level 1:colcon.colcon_core.environment:checking '/youbot/install/trac_ik_examples/lib'
[25.475s] Level 1:colcon.colcon_core.environment:checking '/youbot/install/trac_ik_examples/bin'
[25.475s] Level 1:colcon.colcon_core.environment:checking '/youbot/install/trac_ik_examples/lib/pkgconfig/trac_ik_examples.pc'
[25.475s] Level 1:colcon.colcon_core.environment:checking '/youbot/install/trac_ik_examples/lib/python3.10/site-packages'
[25.475s] Level 1:colcon.colcon_core.environment:checking '/youbot/install/trac_ik_examples/bin'
[25.476s] INFO:colcon.colcon_core.shell:Creating package script '/youbot/install/trac_ik_examples/share/trac_ik_examples/package.ps1'
[25.477s] INFO:colcon.colcon_core.shell:Creating package descriptor '/youbot/install/trac_ik_examples/share/trac_ik_examples/package.dsv'
[25.477s] INFO:colcon.colcon_core.shell:Creating package script '/youbot/install/trac_ik_examples/share/trac_ik_examples/package.sh'
[25.478s] INFO:colcon.colcon_core.shell:Creating package script '/youbot/install/trac_ik_examples/share/trac_ik_examples/package.bash'
[25.479s] INFO:colcon.colcon_core.shell:Creating package script '/youbot/install/trac_ik_examples/share/trac_ik_examples/package.zsh'
[25.479s] Level 1:colcon.colcon_core.environment:create_file_with_runtime_dependencies(/youbot/install/trac_ik_examples/share/colcon-core/packages/trac_ik_examples)
[29.748s] DEBUG:colcon.colcon_core.event_handler.log_command:Invoked command in '/youbot/build/trac_ik_kinematics' returned '0': AMENT_PREFIX_PATH=/youbot/install/trac_ik_lib:${AMENT_PREFIX_PATH} CMAKE_PREFIX_PATH=/youbot/install/trac_ik_lib:/youbot/install/youbot_moveit:/youbot/install/youbot_description:/youbot/install/send_num:/opt/ros/humble LD_LIBRARY_PATH=/youbot/install/trac_ik_lib/lib:${LD_LIBRARY_PATH} /usr/bin/cmake --build /youbot/build/trac_ik_kinematics -- -j4 -l4
[29.748s] DEBUG:colcon.colcon_core.event_handler.log_command:Invoking command in '/youbot/build/trac_ik_kinematics': AMENT_PREFIX_PATH=/youbot/install/trac_ik_lib:${AMENT_PREFIX_PATH} CMAKE_PREFIX_PATH=/youbot/install/trac_ik_lib:/youbot/install/youbot_moveit:/youbot/install/youbot_description:/youbot/install/send_num:/opt/ros/humble LD_LIBRARY_PATH=/youbot/install/trac_ik_lib/lib:${LD_LIBRARY_PATH} /usr/bin/cmake --install /youbot/build/trac_ik_kinematics
[30.015s] Level 1:colcon.colcon_core.environment:create_environment_scripts_only(trac_ik_kinematics)
[30.016s] Level 1:colcon.colcon_core.environment:checking '/youbot/install/trac_ik_kinematics' for CMake module files
[30.016s] Level 1:colcon.colcon_core.environment:checking '/youbot/install/trac_ik_kinematics' for CMake config files
[30.016s] DEBUG:colcon.colcon_core.event_handler.log_command:Invoked command in '/youbot/build/trac_ik_kinematics' returned '0': AMENT_PREFIX_PATH=/youbot/install/trac_ik_lib:${AMENT_PREFIX_PATH} CMAKE_PREFIX_PATH=/youbot/install/trac_ik_lib:/youbot/install/youbot_moveit:/youbot/install/youbot_description:/youbot/install/send_num:/opt/ros/humble LD_LIBRARY_PATH=/youbot/install/trac_ik_lib/lib:${LD_LIBRARY_PATH} /usr/bin/cmake --install /youbot/build/trac_ik_kinematics
[30.017s] Level 1:colcon.colcon_core.shell:create_environment_hook('trac_ik_kinematics', 'cmake_prefix_path')
[30.017s] INFO:colcon.colcon_core.shell:Creating environment hook '/youbot/install/trac_ik_kinematics/share/trac_ik_kinematics/hook/cmake_prefix_path.ps1'
[30.018s] INFO:colcon.colcon_core.shell:Creating environment descriptor '/youbot/install/trac_ik_kinematics/share/trac_ik_kinematics/hook/cmake_prefix_path.dsv'
[30.018s] INFO:colcon.colcon_core.shell:Creating environment hook '/youbot/install/trac_ik_kinematics/share/trac_ik_kinematics/hook/cmake_prefix_path.sh'
[30.019s] Level 1:colcon.colcon_core.environment:checking '/youbot/install/trac_ik_kinematics/lib'
[30.019s] Level 1:colcon.colcon_core.shell:create_environment_hook('trac_ik_kinematics', 'ld_library_path_lib')
[30.019s] INFO:colcon.colcon_core.shell:Creating environment hook '/youbot/install/trac_ik_kinematics/share/trac_ik_kinematics/hook/ld_library_path_lib.ps1'
[30.019s] INFO:colcon.colcon_core.shell:Creating environment descriptor '/youbot/install/trac_ik_kinematics/share/trac_ik_kinematics/hook/ld_library_path_lib.dsv'
[30.020s] INFO:colcon.colcon_core.shell:Creating environment hook '/youbot/install/trac_ik_kinematics/share/trac_ik_kinematics/hook/ld_library_path_lib.sh'
[30.020s] Level 1:colcon.colcon_core.environment:checking '/youbot/install/trac_ik_kinematics/bin'
[30.020s] Level 1:colcon.colcon_core.environment:checking '/youbot/install/trac_ik_kinematics/lib/pkgconfig/trac_ik_kinematics.pc'
[30.020s] Level 1:colcon.colcon_core.environment:checking '/youbot/install/trac_ik_kinematics/lib/python3.10/site-packages'
[30.021s] Level 1:colcon.colcon_core.environment:checking '/youbot/install/trac_ik_kinematics/bin'
[30.021s] INFO:colcon.colcon_core.shell:Creating package script '/youbot/install/trac_ik_kinematics/share/trac_ik_kinematics/package.ps1'
[30.021s] INFO:colcon.colcon_core.shell:Creating package descriptor '/youbot/install/trac_ik_kinematics/share/trac_ik_kinematics/package.dsv'
[30.022s] INFO:colcon.colcon_core.shell:Creating package script '/youbot/install/trac_ik_kinematics/share/trac_ik_kinematics/package.sh'
[30.022s] INFO:colcon.colcon_core.shell:Creating package script '/youbot/install/trac_ik_kinematics/share/trac_ik_kinematics/package.bash'
[30.023s] INFO:colcon.colcon_core.shell:Creating package script '/youbot/install/trac_ik_kinematics/share/trac_ik_kinematics/package.zsh'
[30.023s] Level 1:colcon.colcon_core.environment:create_file_with_runtime_dependencies(/youbot/install/trac_ik_kinematics/share/colcon-core/packages/trac_ik_kinematics)
[30.024s] Level 1:colcon.colcon_core.environment:create_environment_scripts_only(trac_ik_kinematics)
[30.024s] Level 1:colcon.colcon_core.environment:checking '/youbot/install/trac_ik_kinematics' for CMake module files
[30.024s] Level 1:colcon.colcon_core.environment:checking '/youbot/install/trac_ik_kinematics' for CMake config files
[30.025s] Level 1:colcon.colcon_core.shell:create_environment_hook('trac_ik_kinematics', 'cmake_prefix_path')
[30.025s] INFO:colcon.colcon_core.shell:Creating environment hook '/youbot/install/trac_ik_kinematics/share/trac_ik_kinematics/hook/cmake_prefix_path.ps1'
[30.026s] INFO:colcon.colcon_core.shell:Creating environment descriptor '/youbot/install/trac_ik_kinematics/share/trac_ik_kinematics/hook/cmake_prefix_path.dsv'
[30.026s] INFO:colcon.colcon_core.shell:Creating environment hook '/youbot/install/trac_ik_kinematics/share/trac_ik_kinematics/hook/cmake_prefix_path.sh'
[30.027s] Level 1:colcon.colcon_core.environment:checking '/youbot/install/trac_ik_kinematics/lib'
[30.027s] Level 1:colcon.colcon_core.shell:create_environment_hook('trac_ik_kinematics', 'ld_library_path_lib')
[30.027s] INFO:colcon.colcon_core.shell:Creating environment hook '/youbot/install/trac_ik_kinematics/share/trac_ik_kinematics/hook/ld_library_path_lib.ps1'
[30.027s] INFO:colcon.colcon_core.shell:Creating environment descriptor '/youbot/install/trac_ik_kinematics/share/trac_ik_kinematics/hook/ld_library_path_lib.dsv'
[30.028s] INFO:colcon.colcon_core.shell:Creating environment hook '/youbot/install/trac_ik_kinematics/share/trac_ik_kinematics/hook/ld_library_path_lib.sh'
[30.028s] Level 1:colcon.colcon_core.environment:checking '/youbot/install/trac_ik_kinematics/bin'
[30.028s] Level 1:colcon.colcon_core.environment:checking '/youbot/install/trac_ik_kinematics/lib/pkgconfig/trac_ik_kinematics.pc'
[30.028s] Level 1:colcon.colcon_core.environment:checking '/youbot/install/trac_ik_kinematics/lib/python3.10/site-packages'
[30.029s] Level 1:colcon.colcon_core.environment:checking '/youbot/install/trac_ik_kinematics/bin'
[30.029s] INFO:colcon.colcon_core.shell:Creating package script '/youbot/install/trac_ik_kinematics/share/trac_ik_kinematics/package.ps1'
[30.030s] INFO:colcon.colcon_core.shell:Creating package descriptor '/youbot/install/trac_ik_kinematics/share/trac_ik_kinematics/package.dsv'
[30.030s] INFO:colcon.colcon_core.shell:Creating package script '/youbot/install/trac_ik_kinematics/share/trac_ik_kinematics/package.sh'
[30.031s] INFO:colcon.colcon_core.shell:Creating package script '/youbot/install/trac_ik_kinematics/share/trac_ik_kinematics/package.bash'
[30.031s] INFO:colcon.colcon_core.shell:Creating package script '/youbot/install/trac_ik_kinematics/share/trac_ik_kinematics/package.zsh'
[30.031s] Level 1:colcon.colcon_core.environment:create_file_with_runtime_dependencies(/youbot/install/trac_ik_kinematics/share/colcon-core/packages/trac_ik_kinematics)
[30.032s] INFO:colcon.colcon_ros.task.ament_cmake.build:Building ROS package in '/youbot/src/trac_ik/trac_ik' with build type 'ament_cmake'
[30.032s] INFO:colcon.colcon_cmake.task.cmake.build:Building CMake package in '/youbot/src/trac_ik/trac_ik'
[30.032s] INFO:colcon.colcon_core.shell:Skip shell extension 'powershell' for command environment: Not usable outside of PowerShell
[30.032s] DEBUG:colcon.colcon_core.shell:Skip shell extension 'dsv' for command environment
[30.048s] DEBUG:colcon.colcon_core.event_handler.log_command:Invoking command in '/youbot/build/trac_ik': AMENT_PREFIX_PATH=/youbot/install/trac_ik_kinematics:/youbot/install/trac_ik_examples:/youbot/install/trac_ik_lib:${AMENT_PREFIX_PATH} CMAKE_PREFIX_PATH=/youbot/install/trac_ik_kinematics:/youbot/install/trac_ik_examples:/youbot/install/trac_ik_lib:/youbot/install/youbot_moveit:/youbot/install/youbot_description:/youbot/install/send_num:/opt/ros/humble LD_LIBRARY_PATH=/youbot/install/trac_ik_kinematics/lib:/youbot/install/trac_ik_lib/lib:${LD_LIBRARY_PATH} /usr/bin/cmake /youbot/src/trac_ik/trac_ik -DAMENT_CMAKE_SYMLINK_INSTALL=1 -DCMAKE_INSTALL_PREFIX=/youbot/install/trac_ik
[30.851s] DEBUG:colcon.colcon_core.event_handler.log_command:Invoked command in '/youbot/build/trac_ik' returned '0': AMENT_PREFIX_PATH=/youbot/install/trac_ik_kinematics:/youbot/install/trac_ik_examples:/youbot/install/trac_ik_lib:${AMENT_PREFIX_PATH} CMAKE_PREFIX_PATH=/youbot/install/trac_ik_kinematics:/youbot/install/trac_ik_examples:/youbot/install/trac_ik_lib:/youbot/install/youbot_moveit:/youbot/install/youbot_description:/youbot/install/send_num:/opt/ros/humble LD_LIBRARY_PATH=/youbot/install/trac_ik_kinematics/lib:/youbot/install/trac_ik_lib/lib:${LD_LIBRARY_PATH} /usr/bin/cmake /youbot/src/trac_ik/trac_ik -DAMENT_CMAKE_SYMLINK_INSTALL=1 -DCMAKE_INSTALL_PREFIX=/youbot/install/trac_ik
[30.852s] DEBUG:colcon.colcon_core.event_handler.log_command:Invoking command in '/youbot/build/trac_ik': AMENT_PREFIX_PATH=/youbot/install/trac_ik_kinematics:/youbot/install/trac_ik_examples:/youbot/install/trac_ik_lib:${AMENT_PREFIX_PATH} CMAKE_PREFIX_PATH=/youbot/install/trac_ik_kinematics:/youbot/install/trac_ik_examples:/youbot/install/trac_ik_lib:/youbot/install/youbot_moveit:/youbot/install/youbot_description:/youbot/install/send_num:/opt/ros/humble LD_LIBRARY_PATH=/youbot/install/trac_ik_kinematics/lib:/youbot/install/trac_ik_lib/lib:${LD_LIBRARY_PATH} /usr/bin/cmake --build /youbot/build/trac_ik -- -j4 -l4
[30.901s] DEBUG:colcon.colcon_core.event_handler.log_command:Invoked command in '/youbot/build/trac_ik' returned '0': AMENT_PREFIX_PATH=/youbot/install/trac_ik_kinematics:/youbot/install/trac_ik_examples:/youbot/install/trac_ik_lib:${AMENT_PREFIX_PATH} CMAKE_PREFIX_PATH=/youbot/install/trac_ik_kinematics:/youbot/install/trac_ik_examples:/youbot/install/trac_ik_lib:/youbot/install/youbot_moveit:/youbot/install/youbot_description:/youbot/install/send_num:/opt/ros/humble LD_LIBRARY_PATH=/youbot/install/trac_ik_kinematics/lib:/youbot/install/trac_ik_lib/lib:${LD_LIBRARY_PATH} /usr/bin/cmake --build /youbot/build/trac_ik -- -j4 -l4
[30.901s] DEBUG:colcon.colcon_core.event_handler.log_command:Invoking command in '/youbot/build/trac_ik': AMENT_PREFIX_PATH=/youbot/install/trac_ik_kinematics:/youbot/install/trac_ik_examples:/youbot/install/trac_ik_lib:${AMENT_PREFIX_PATH} CMAKE_PREFIX_PATH=/youbot/install/trac_ik_kinematics:/youbot/install/trac_ik_examples:/youbot/install/trac_ik_lib:/youbot/install/youbot_moveit:/youbot/install/youbot_description:/youbot/install/send_num:/opt/ros/humble LD_LIBRARY_PATH=/youbot/install/trac_ik_kinematics/lib:/youbot/install/trac_ik_lib/lib:${LD_LIBRARY_PATH} /usr/bin/cmake --install /youbot/build/trac_ik
[31.083s] Level 1:colcon.colcon_core.environment:create_environment_scripts_only(trac_ik)
[31.084s] Level 1:colcon.colcon_core.environment:checking '/youbot/install/trac_ik' for CMake module files
[31.084s] DEBUG:colcon.colcon_core.event_handler.log_command:Invoked command in '/youbot/build/trac_ik' returned '0': AMENT_PREFIX_PATH=/youbot/install/trac_ik_kinematics:/youbot/install/trac_ik_examples:/youbot/install/trac_ik_lib:${AMENT_PREFIX_PATH} CMAKE_PREFIX_PATH=/youbot/install/trac_ik_kinematics:/youbot/install/trac_ik_examples:/youbot/install/trac_ik_lib:/youbot/install/youbot_moveit:/youbot/install/youbot_description:/youbot/install/send_num:/opt/ros/humble LD_LIBRARY_PATH=/youbot/install/trac_ik_kinematics/lib:/youbot/install/trac_ik_lib/lib:${LD_LIBRARY_PATH} /usr/bin/cmake --install /youbot/build/trac_ik
[31.084s] Level 1:colcon.colcon_core.environment:checking '/youbot/install/trac_ik' for CMake config files
[31.085s] Level 1:colcon.colcon_core.shell:create_environment_hook('trac_ik', 'cmake_prefix_path')
[31.085s] INFO:colcon.colcon_core.shell:Creating environment hook '/youbot/install/trac_ik/share/trac_ik/hook/cmake_prefix_path.ps1'
[31.086s] INFO:colcon.colcon_core.shell:Creating environment descriptor '/youbot/install/trac_ik/share/trac_ik/hook/cmake_prefix_path.dsv'
[31.086s] INFO:colcon.colcon_core.shell:Creating environment hook '/youbot/install/trac_ik/share/trac_ik/hook/cmake_prefix_path.sh'
[31.086s] Level 1:colcon.colcon_core.environment:checking '/youbot/install/trac_ik/bin'
[31.087s] Level 1:colcon.colcon_core.environment:checking '/youbot/install/trac_ik/lib/pkgconfig/trac_ik.pc'
[31.087s] Level 1:colcon.colcon_core.environment:checking '/youbot/install/trac_ik/lib/python3.10/site-packages'
[31.087s] Level 1:colcon.colcon_core.environment:checking '/youbot/install/trac_ik/bin'
[31.087s] INFO:colcon.colcon_core.shell:Creating package script '/youbot/install/trac_ik/share/trac_ik/package.ps1'
[31.088s] INFO:colcon.colcon_core.shell:Creating package descriptor '/youbot/install/trac_ik/share/trac_ik/package.dsv'
[31.088s] INFO:colcon.colcon_core.shell:Creating package script '/youbot/install/trac_ik/share/trac_ik/package.sh'
[31.089s] INFO:colcon.colcon_core.shell:Creating package script '/youbot/install/trac_ik/share/trac_ik/package.bash'
[31.089s] INFO:colcon.colcon_core.shell:Creating package script '/youbot/install/trac_ik/share/trac_ik/package.zsh'
[31.090s] Level 1:colcon.colcon_core.environment:create_file_with_runtime_dependencies(/youbot/install/trac_ik/share/colcon-core/packages/trac_ik)
[31.090s] Level 1:colcon.colcon_core.environment:create_environment_scripts_only(trac_ik)
[31.090s] Level 1:colcon.colcon_core.environment:checking '/youbot/install/trac_ik' for CMake module files
[31.091s] Level 1:colcon.colcon_core.environment:checking '/youbot/install/trac_ik' for CMake config files
[31.091s] Level 1:colcon.colcon_core.shell:create_environment_hook('trac_ik', 'cmake_prefix_path')
[31.092s] INFO:colcon.colcon_core.shell:Creating environment hook '/youbot/install/trac_ik/share/trac_ik/hook/cmake_prefix_path.ps1'
[31.092s] INFO:colcon.colcon_core.shell:Creating environment descriptor '/youbot/install/trac_ik/share/trac_ik/hook/cmake_prefix_path.dsv'
[31.092s] INFO:colcon.colcon_core.shell:Creating environment hook '/youbot/install/trac_ik/share/trac_ik/hook/cmake_prefix_path.sh'
[31.093s] Level 1:colcon.colcon_core.environment:checking '/youbot/install/trac_ik/bin'
[31.093s] Level 1:colcon.colcon_core.environment:checking '/youbot/install/trac_ik/lib/pkgconfig/trac_ik.pc'
[31.093s] Level 1:colcon.colcon_core.environment:checking '/youbot/install/trac_ik/lib/python3.10/site-packages'
[31.094s] Level 1:colcon.colcon_core.environment:checking '/youbot/install/trac_ik/bin'
[31.094s] INFO:colcon.colcon_core.shell:Creating package script '/youbot/install/trac_ik/share/trac_ik/package.ps1'
[31.095s] INFO:colcon.colcon_core.shell:Creating package descriptor '/youbot/install/trac_ik/share/trac_ik/package.dsv'
[31.095s] INFO:colcon.colcon_core.shell:Creating package script '/youbot/install/trac_ik/share/trac_ik/package.sh'
[31.095s] INFO:colcon.colcon_core.shell:Creating package script '/youbot/install/trac_ik/share/trac_ik/package.bash'
[31.096s] INFO:colcon.colcon_core.shell:Creating package script '/youbot/install/trac_ik/share/trac_ik/package.zsh'
[31.096s] Level 1:colcon.colcon_core.environment:create_file_with_runtime_dependencies(/youbot/install/trac_ik/share/colcon-core/packages/trac_ik)
[31.097s] DEBUG:colcon.colcon_parallel_executor.executor.parallel:closing loop
[31.097s] DEBUG:colcon.colcon_parallel_executor.executor.parallel:loop closed
[31.097s] DEBUG:colcon.colcon_parallel_executor.executor.parallel:run_until_complete finished with '0'
[31.097s] DEBUG:colcon.colcon_core.event_reactor:joining thread
[31.104s] INFO:colcon.colcon_core.plugin_system:Skipping extension 'colcon_notification.desktop_notification.notify_send': Could not find 'notify-send'
[31.104s] INFO:colcon.colcon_core.plugin_system:Skipping extension 'colcon_notification.desktop_notification.terminal_notifier': Not used on non-Darwin systems
[31.104s] INFO:colcon.colcon_core.plugin_system:Skipping extension 'colcon_notification.desktop_notification.win32': Not used on non-Windows systems
[31.104s] INFO:colcon.colcon_notification.desktop_notification:Sending desktop notification using 'notify2'
[31.107s] DEBUG:colcon.colcon_notification.desktop_notification.notify2:Failed to initialize notify2: org.freedesktop.DBus.Error.Spawn.ExecFailed: /usr/bin/dbus-launch terminated abnormally without any error message
[31.108s] DEBUG:colcon.colcon_core.event_reactor:joined thread
[31.109s] INFO:colcon.colcon_core.shell:Creating prefix script '/youbot/install/local_setup.ps1'
[31.110s] INFO:colcon.colcon_core.shell:Creating prefix util module '/youbot/install/_local_setup_util_ps1.py'
[31.112s] INFO:colcon.colcon_core.shell:Creating prefix chain script '/youbot/install/setup.ps1'
[31.114s] INFO:colcon.colcon_core.shell:Creating prefix script '/youbot/install/local_setup.sh'
[31.114s] INFO:colcon.colcon_core.shell:Creating prefix util module '/youbot/install/_local_setup_util_sh.py'
[31.115s] INFO:colcon.colcon_core.shell:Creating prefix chain script '/youbot/install/setup.sh'
[31.117s] INFO:colcon.colcon_core.shell:Creating prefix script '/youbot/install/local_setup.bash'
[31.118s] INFO:colcon.colcon_core.shell:Creating prefix chain script '/youbot/install/setup.bash'
[31.120s] INFO:colcon.colcon_core.shell:Creating prefix script '/youbot/install/local_setup.zsh'
[31.121s] INFO:colcon.colcon_core.shell:Creating prefix chain script '/youbot/install/setup.zsh'
