[0.000000] (-) TimerEvent: {}
[0.000142] (send_num) JobQueued: {'identifier': 'send_num', 'dependencies': OrderedDict()}
[0.000182] (trac_ik_lib) JobQueued: {'identifier': 'trac_ik_lib', 'dependencies': OrderedDict()}
[0.000210] (youbot_description) JobQueued: {'identifier': 'youbot_description', 'dependencies': OrderedDict()}
[0.000228] (trac_ik_examples) JobQueued: {'identifier': 'trac_ik_examples', 'dependencies': OrderedDict([('trac_ik_lib', '/youbot/install/trac_ik_lib')])}
[0.000265] (trac_ik_kinematics) JobQueued: {'identifier': 'trac_ik_kinematics', 'dependencies': OrderedDict([('trac_ik_lib', '/youbot/install/trac_ik_lib')])}
[0.000296] (youbot_moveit) JobQueued: {'identifier': 'youbot_moveit', 'dependencies': OrderedDict([('youbot_description', '/youbot/install/youbot_description')])}
[0.000319] (trac_ik) JobQueued: {'identifier': 'trac_ik', 'dependencies': OrderedDict([('trac_ik_lib', '/youbot/install/trac_ik_lib'), ('trac_ik_examples', '/youbot/install/trac_ik_examples'), ('trac_ik_kinematics', '/youbot/install/trac_ik_kinematics')])}
[0.000422] (trac_ik_lib) JobStarted: {'identifier': 'trac_ik_lib'}
[0.010020] (youbot_description) JobStarted: {'identifier': 'youbot_description'}
[0.014862] (send_num) JobStarted: {'identifier': 'send_num'}
[0.022325] (trac_ik_lib) JobProgress: {'identifier': 'trac_ik_lib', 'progress': 'cmake'}
[0.022614] (trac_ik_lib) JobProgress: {'identifier': 'trac_ik_lib', 'progress': 'build'}
[0.023397] (trac_ik_lib) Command: {'cmd': ['/usr/bin/cmake', '--build', '/youbot/build/trac_ik_lib', '--', '-j4', '-l4'], 'cwd': '/youbot/build/trac_ik_lib', 'env': OrderedDict([('HOSTNAME', 'danil-H110M-S2PV'), ('SHLVL', '1'), ('LD_LIBRARY_PATH', '/opt/ros/humble/opt/rviz_ogre_vendor/lib:/opt/ros/humble/lib/x86_64-linux-gnu:/opt/ros/humble/lib'), ('HOME', '/root'), ('OLDPWD', '/youbot'), ('ROS_PYTHON_VERSION', '3'), ('ROS_DISTRO', 'humble'), ('_', '/usr/bin/colcon'), ('ROS_VERSION', '2'), ('NVIDIA_DRIVER_CAPABILITIES', 'graphics'), ('TERM', 'xterm'), ('ROS_LOCALHOST_ONLY', '0'), ('QT_X11_NO_MITSHM', '1'), ('PATH', '/opt/ros/humble/bin:/usr/local/sbin:/usr/local/bin:/usr/sbin:/usr/bin:/sbin:/bin'), ('DISPLAY', 'unix:1'), ('LANG', 'C.UTF-8'), ('ROS_DOMAIN_ID', '213'), ('AMENT_PREFIX_PATH', '/opt/ros/humble'), ('PWD', '/youbot/build/trac_ik_lib'), ('LC_ALL', 'C.UTF-8'), ('PYTHONPATH', '/opt/ros/humble/lib/python3.10/site-packages:/opt/ros/humble/local/lib/python3.10/dist-packages'), ('NVIDIA_VISIBLE_DEVICES', 'all'), ('COLCON', '1'), ('CMAKE_PREFIX_PATH', '/opt/ros/humble')]), 'shell': False}
[0.026029] (youbot_description) JobProgress: {'identifier': 'youbot_description', 'progress': 'cmake'}
[0.026632] (youbot_description) JobProgress: {'identifier': 'youbot_description', 'progress': 'build'}
[0.026844] (youbot_description) Command: {'cmd': ['/usr/bin/cmake', '--build', '/youbot/build/youbot_description', '--', '-j4', '-l4'], 'cwd': '/youbot/build/youbot_description', 'env': OrderedDict([('HOSTNAME', 'danil-H110M-S2PV'), ('SHLVL', '1'), ('LD_LIBRARY_PATH', '/opt/ros/humble/opt/rviz_ogre_vendor/lib:/opt/ros/humble/lib/x86_64-linux-gnu:/opt/ros/humble/lib'), ('HOME', '/root'), ('OLDPWD', '/youbot'), ('ROS_PYTHON_VERSION', '3'), ('ROS_DISTRO', 'humble'), ('_', '/usr/bin/colcon'), ('ROS_VERSION', '2'), ('NVIDIA_DRIVER_CAPABILITIES', 'graphics'), ('TERM', 'xterm'), ('ROS_LOCALHOST_ONLY', '0'), ('QT_X11_NO_MITSHM', '1'), ('PATH', '/opt/ros/humble/bin:/usr/local/sbin:/usr/local/bin:/usr/sbin:/usr/bin:/sbin:/bin'), ('DISPLAY', 'unix:1'), ('LANG', 'C.UTF-8'), ('ROS_DOMAIN_ID', '213'), ('AMENT_PREFIX_PATH', '/opt/ros/humble'), ('PWD', '/youbot/build/youbot_description'), ('LC_ALL', 'C.UTF-8'), ('PYTHONPATH', '/opt/ros/humble/lib/python3.10/site-packages:/opt/ros/humble/local/lib/python3.10/dist-packages'), ('NVIDIA_VISIBLE_DEVICES', 'all'), ('COLCON', '1'), ('CMAKE_PREFIX_PATH', '/opt/ros/humble')]), 'shell': False}
[0.099280] (-) TimerEvent: {}
[0.103424] (trac_ik_lib) StdoutLine: {'line': b'[ 25%] \x1b[32mBuilding CXX object CMakeFiles/trac_ik_lib.dir/src/nlopt_ik.cpp.o\x1b[0m\n'}
[0.108378] (trac_ik_lib) StdoutLine: {'line': b'[ 50%] \x1b[32mBuilding CXX object CMakeFiles/trac_ik_lib.dir/src/trac_ik.cpp.o\x1b[0m\n'}
[0.200201] (-) TimerEvent: {}
[0.204935] (trac_ik_lib) StderrLine: {'line': b'In file included from \x1b[01m\x1b[K/youbot/src/trac_ik/trac_ik_lib/src/nlopt_ik.cpp:30\x1b[m\x1b[K:\n'}
[0.205127] (trac_ik_lib) StderrLine: {'line': b'\x1b[01m\x1b[K/youbot/src/trac_ik/trac_ik_lib/include/trac_ik/nlopt_ik.hpp:36:10:\x1b[m\x1b[K \x1b[01;31m\x1b[Kfatal error: \x1b[m\x1b[Knlopt.hpp: No such file or directory\n'}
[0.205216] (trac_ik_lib) StderrLine: {'line': b'   36 | #include \x1b[01;31m\x1b[K"nlopt.hpp"\x1b[m\x1b[K\n'}
[0.205283] (trac_ik_lib) StderrLine: {'line': b'      |          \x1b[01;31m\x1b[K^~~~~~~~~~~\x1b[m\x1b[K\n'}
[0.205392] (trac_ik_lib) StderrLine: {'line': b'In file included from \x1b[01m\x1b[K/youbot/src/trac_ik/trac_ik_lib/include/trac_ik/trac_ik.hpp:33\x1b[m\x1b[K,\n'}
[0.205461] (trac_ik_lib) StderrLine: {'line': b'                 from \x1b[01m\x1b[K/youbot/src/trac_ik/trac_ik_lib/src/trac_ik.cpp:30\x1b[m\x1b[K:\n'}
[0.205524] (trac_ik_lib) StderrLine: {'line': b'\x1b[01m\x1b[K/youbot/src/trac_ik/trac_ik_lib/include/trac_ik/nlopt_ik.hpp:36:10:\x1b[m\x1b[K \x1b[01;31m\x1b[Kfatal error: \x1b[m\x1b[Knlopt.hpp: No such file or directory\n'}
[0.205585] (trac_ik_lib) StderrLine: {'line': b'   36 | #include \x1b[01;31m\x1b[K"nlopt.hpp"\x1b[m\x1b[K\n'}
[0.205644] (trac_ik_lib) StderrLine: {'line': b'      |          \x1b[01;31m\x1b[K^~~~~~~~~~~\x1b[m\x1b[K\n'}
[0.207623] (trac_ik_lib) StderrLine: {'line': b'compilation terminated.\n'}
[0.207802] (trac_ik_lib) StderrLine: {'line': b'compilation terminated.\n'}
[0.207996] (trac_ik_lib) StderrLine: {'line': b'gmake[2]: *** [CMakeFiles/trac_ik_lib.dir/build.make:104: CMakeFiles/trac_ik_lib.dir/src/trac_ik.cpp.o] Error 1\n'}
[0.208084] (trac_ik_lib) StderrLine: {'line': b'gmake[2]: *** Waiting for unfinished jobs....\n'}
[0.208150] (trac_ik_lib) StderrLine: {'line': b'gmake[2]: *** [CMakeFiles/trac_ik_lib.dir/build.make:90: CMakeFiles/trac_ik_lib.dir/src/nlopt_ik.cpp.o] Error 1\n'}
[0.208344] (trac_ik_lib) StderrLine: {'line': b'gmake[1]: *** [CMakeFiles/Makefile2:137: CMakeFiles/trac_ik_lib.dir/all] Error 2\n'}
[0.208584] (trac_ik_lib) StderrLine: {'line': b'gmake: *** [Makefile:146: all] Error 2\n'}
[0.300326] (-) TimerEvent: {}
[0.316595] (youbot_description) CommandEnded: {'returncode': 0}
[0.317704] (youbot_description) JobProgress: {'identifier': 'youbot_description', 'progress': 'install'}
[0.327477] (youbot_description) Command: {'cmd': ['/usr/bin/cmake', '--install', '/youbot/build/youbot_description'], 'cwd': '/youbot/build/youbot_description', 'env': OrderedDict([('HOSTNAME', 'danil-H110M-S2PV'), ('SHLVL', '1'), ('LD_LIBRARY_PATH', '/opt/ros/humble/opt/rviz_ogre_vendor/lib:/opt/ros/humble/lib/x86_64-linux-gnu:/opt/ros/humble/lib'), ('HOME', '/root'), ('OLDPWD', '/youbot'), ('ROS_PYTHON_VERSION', '3'), ('ROS_DISTRO', 'humble'), ('_', '/usr/bin/colcon'), ('ROS_VERSION', '2'), ('NVIDIA_DRIVER_CAPABILITIES', 'graphics'), ('TERM', 'xterm'), ('ROS_LOCALHOST_ONLY', '0'), ('QT_X11_NO_MITSHM', '1'), ('PATH', '/opt/ros/humble/bin:/usr/local/sbin:/usr/local/bin:/usr/sbin:/usr/bin:/sbin:/bin'), ('DISPLAY', 'unix:1'), ('LANG', 'C.UTF-8'), ('ROS_DOMAIN_ID', '213'), ('AMENT_PREFIX_PATH', '/opt/ros/humble'), ('PWD', '/youbot/build/youbot_description'), ('LC_ALL', 'C.UTF-8'), ('PYTHONPATH', '/opt/ros/humble/lib/python3.10/site-packages:/opt/ros/humble/local/lib/python3.10/dist-packages'), ('NVIDIA_VISIBLE_DEVICES', 'all'), ('COLCON', '1'), ('CMAKE_PREFIX_PATH', '/opt/ros/humble')]), 'shell': False}
[0.328946] (trac_ik_lib) CommandEnded: {'returncode': 2}
[0.351046] (trac_ik_lib) JobEnded: {'identifier': 'trac_ik_lib', 'rc': 2}
[0.352481] (send_num) JobEnded: {'identifier': 'send_num', 'rc': 'SIGINT'}
[0.352756] (youbot_description) StdoutLine: {'line': b'-- Install configuration: ""\n'}
[0.352878] (youbot_description) StdoutLine: {'line': b'-- Execute custom install script\n'}
[0.352949] (youbot_description) StdoutLine: {'line': b'-- Up-to-date symlink: /youbot/install/youbot_description/share/youbot_description/launch/rviz.launch.py\n'}
[0.353021] (youbot_description) StdoutLine: {'line': b'-- Up-to-date symlink: /youbot/install/youbot_description/share/youbot_description/rviz/view.rviz\n'}
[0.353083] (youbot_description) StdoutLine: {'line': b'-- Up-to-date symlink: /youbot/install/youbot_description/share/youbot_description/urdf/youbot.urdf\n'}
[0.353143] (youbot_description) StdoutLine: {'line': b'-- Up-to-date symlink: /youbot/install/youbot_description/share/youbot_description/meshes/sensors/asus_xtion_pro_live_base.dae\n'}
[0.353218] (youbot_description) StdoutLine: {'line': b'-- Up-to-date symlink: /youbot/install/youbot_description/share/youbot_description/meshes/sensors/asus_xtion_pro_live_base.png\n'}
[0.353279] (youbot_description) StdoutLine: {'line': b'-- Up-to-date symlink: /youbot/install/youbot_description/share/youbot_description/meshes/sensors/asus_xtion_pro_live_camera.dae\n'}
[0.353339] (youbot_description) StdoutLine: {'line': b'-- Up-to-date symlink: /youbot/install/youbot_description/share/youbot_description/meshes/sensors/asus_xtion_pro_live_camera.png\n'}
[0.353398] (youbot_description) StdoutLine: {'line': b'-- Up-to-date symlink: /youbot/install/youbot_description/share/youbot_description/meshes/sensors/hokuyo.dae\n'}
[0.353456] (youbot_description) StdoutLine: {'line': b'-- Up-to-date symlink: /youbot/install/youbot_description/share/youbot_description/meshes/sensors/hokuyo_convex.dae\n'}
[0.353515] (youbot_description) StdoutLine: {'line': b'-- Up-to-date symlink: /youbot/install/youbot_description/share/youbot_description/meshes/sensors/kinect.dae\n'}
[0.353573] (youbot_description) StdoutLine: {'line': b'-- Up-to-date symlink: /youbot/install/youbot_description/share/youbot_description/meshes/sensors/kinect.tga\n'}
[0.353631] (youbot_description) StdoutLine: {'line': b'-- Up-to-date symlink: /youbot/install/youbot_description/share/youbot_description/meshes/sensors/microsoft_lifecam.dae\n'}
[0.353688] (youbot_description) StdoutLine: {'line': b'-- Up-to-date symlink: /youbot/install/youbot_description/share/youbot_description/meshes/youbot_arm/arm0.dae\n'}
[0.353749] (youbot_description) StdoutLine: {'line': b'-- Up-to-date symlink: /youbot/install/youbot_description/share/youbot_description/meshes/youbot_arm/arm0_convex.dae\n'}
[0.353808] (youbot_description) StdoutLine: {'line': b'-- Up-to-date symlink: /youbot/install/youbot_description/share/youbot_description/meshes/youbot_arm/arm0_convex.stl\n'}
[0.353866] (youbot_description) StdoutLine: {'line': b'-- Up-to-date symlink: /youbot/install/youbot_description/share/youbot_description/meshes/youbot_arm/arm0_convex.stl_Zone.Identifier\n'}
[0.353925] (youbot_description) StdoutLine: {'line': b'-- Up-to-date symlink: /youbot/install/youbot_description/share/youbot_description/meshes/youbot_arm/arm1.dae\n'}
[0.353983] (youbot_description) StdoutLine: {'line': b'-- Up-to-date symlink: /youbot/install/youbot_description/share/youbot_description/meshes/youbot_arm/arm1_convex.dae\n'}
[0.354042] (youbot_description) StdoutLine: {'line': b'-- Up-to-date symlink: /youbot/install/youbot_description/share/youbot_description/meshes/youbot_arm/arm2.dae\n'}
[0.354101] (youbot_description) StdoutLine: {'line': b'-- Up-to-date symlink: /youbot/install/youbot_description/share/youbot_description/meshes/youbot_arm/arm2_convex.dae\n'}
[0.354166] (youbot_description) StdoutLine: {'line': b'-- Up-to-date symlink: /youbot/install/youbot_description/share/youbot_description/meshes/youbot_arm/arm2_convex.stl\n'}
[0.354232] (youbot_description) StdoutLine: {'line': b'-- Up-to-date symlink: /youbot/install/youbot_description/share/youbot_description/meshes/youbot_arm/arm2_convex.stl_Zone.Identifier\n'}
[0.354291] (youbot_description) StdoutLine: {'line': b'-- Up-to-date symlink: /youbot/install/youbot_description/share/youbot_description/meshes/youbot_arm/arm3.dae\n'}
[0.354350] (youbot_description) StdoutLine: {'line': b'-- Up-to-date symlink: /youbot/install/youbot_description/share/youbot_description/meshes/youbot_arm/arm3_convex.dae\n'}
[0.354419] (youbot_description) StdoutLine: {'line': b'-- Up-to-date symlink: /youbot/install/youbot_description/share/youbot_description/meshes/youbot_arm/arm4.dae\n'}
[0.354477] (youbot_description) StdoutLine: {'line': b'-- Up-to-date symlink: /youbot/install/youbot_description/share/youbot_description/meshes/youbot_arm/arm4_convex.dae\n'}
[0.354536] (youbot_description) StdoutLine: {'line': b'-- Up-to-date symlink: /youbot/install/youbot_description/share/youbot_description/meshes/youbot_arm/arm5.dae\n'}
[0.354595] (youbot_description) StdoutLine: {'line': b'-- Up-to-date symlink: /youbot/install/youbot_description/share/youbot_description/meshes/youbot_arm/arm5_convex.dae\n'}
[0.354654] (youbot_description) StdoutLine: {'line': b'-- Up-to-date symlink: /youbot/install/youbot_description/share/youbot_description/meshes/youbot_arm/arm_joint_1_convex.stl\n'}
[0.354721] (youbot_description) StdoutLine: {'line': b'-- Up-to-date symlink: /youbot/install/youbot_description/share/youbot_description/meshes/youbot_arm/arm_joint_1_convex.stl_Zone.Identifier\n'}
[0.354782] (youbot_description) StdoutLine: {'line': b'-- Up-to-date symlink: /youbot/install/youbot_description/share/youbot_description/meshes/youbot_arm/arm_joint_2_convex.stl\n'}
[0.354841] (youbot_description) StdoutLine: {'line': b'-- Up-to-date symlink: /youbot/install/youbot_description/share/youbot_description/meshes/youbot_arm/arm_joint_2_convex.stl_Zone.Identifier\n'}
[0.354902] (youbot_description) StdoutLine: {'line': b'-- Up-to-date symlink: /youbot/install/youbot_description/share/youbot_description/meshes/youbot_arm/arm_joint_3_convex.stl\n'}
[0.354961] (youbot_description) StdoutLine: {'line': b'-- Up-to-date symlink: /youbot/install/youbot_description/share/youbot_description/meshes/youbot_arm/arm_joint_3_convex.stl_Zone.Identifier\n'}
[0.355225] (youbot_description) StdoutLine: {'line': b'-- Up-to-date symlink: /youbot/install/youbot_description/share/youbot_description/meshes/youbot_arm/arm_joint_4_convex.stl\n'}
[0.355315] (youbot_description) StdoutLine: {'line': b'-- Up-to-date symlink: /youbot/install/youbot_description/share/youbot_description/meshes/youbot_arm/arm_joint_4_convex.stl_Zone.Identifier\n'}
[0.355377] (youbot_description) StdoutLine: {'line': b'-- Up-to-date symlink: /youbot/install/youbot_description/share/youbot_description/meshes/youbot_arm/arm_joint_5_convex.stl\n'}
[0.355435] (youbot_description) StdoutLine: {'line': b'-- Up-to-date symlink: /youbot/install/youbot_description/share/youbot_description/meshes/youbot_arm/arm_joint_5_convex.stl_Zone.Identifier\n'}
[0.355494] (youbot_description) StdoutLine: {'line': b'-- Up-to-date symlink: /youbot/install/youbot_description/share/youbot_description/meshes/youbot_base/back-left_wheel.dae\n'}
[0.355552] (youbot_description) StdoutLine: {'line': b'-- Up-to-date symlink: /youbot/install/youbot_description/share/youbot_description/meshes/youbot_base/back-left_wheel.dae_Zone.Identifier\n'}
[0.355611] (youbot_description) StdoutLine: {'line': b'-- Up-to-date symlink: /youbot/install/youbot_description/share/youbot_description/meshes/youbot_base/back-right_wheel.dae\n'}
[0.355669] (youbot_description) StdoutLine: {'line': b'-- Up-to-date symlink: /youbot/install/youbot_description/share/youbot_description/meshes/youbot_base/back-right_wheel.dae_Zone.Identifier\n'}
[0.355727] (youbot_description) StdoutLine: {'line': b'-- Up-to-date symlink: /youbot/install/youbot_description/share/youbot_description/meshes/youbot_base/base.dae\n'}
[0.355784] (youbot_description) StdoutLine: {'line': b'-- Up-to-date symlink: /youbot/install/youbot_description/share/youbot_description/meshes/youbot_base/base_convex.dae\n'}
[0.355842] (youbot_description) StdoutLine: {'line': b'-- Up-to-date symlink: /youbot/install/youbot_description/share/youbot_description/meshes/youbot_base/base_convex.stl\n'}
[0.355900] (youbot_description) StdoutLine: {'line': b'-- Up-to-date symlink: /youbot/install/youbot_description/share/youbot_description/meshes/youbot_base/base_convex.stl_Zone.Identifier\n'}
[0.355958] (youbot_description) StdoutLine: {'line': b'-- Up-to-date symlink: /youbot/install/youbot_description/share/youbot_description/meshes/youbot_base/base_frame.dae\n'}
[0.356024] (youbot_description) StdoutLine: {'line': b'-- Up-to-date symlink: /youbot/install/youbot_description/share/youbot_description/meshes/youbot_base/base_frame.dae_Zone.Identifier\n'}
[0.356082] (youbot_description) StdoutLine: {'line': b'-- Up-to-date symlink: /youbot/install/youbot_description/share/youbot_description/meshes/youbot_base/front-left_wheel.dae\n'}
[0.356141] (youbot_description) StdoutLine: {'line': b'-- Up-to-date symlink: /youbot/install/youbot_description/share/youbot_description/meshes/youbot_base/front-left_wheel.dae_Zone.Identifier\n'}
[0.356222] (youbot_description) StdoutLine: {'line': b'-- Up-to-date symlink: /youbot/install/youbot_description/share/youbot_description/meshes/youbot_base/front-right_wheel.dae\n'}
[0.356283] (youbot_description) StdoutLine: {'line': b'-- Up-to-date symlink: /youbot/install/youbot_description/share/youbot_description/meshes/youbot_base/front-right_wheel.dae_Zone.Identifier\n'}
[0.356341] (youbot_description) StdoutLine: {'line': b'-- Up-to-date symlink: /youbot/install/youbot_description/share/youbot_description/meshes/youbot_gripper/finger.dae\n'}
[0.356401] (youbot_description) StdoutLine: {'line': b'-- Up-to-date symlink: /youbot/install/youbot_description/share/youbot_description/meshes/youbot_gripper/finger_convex.dae\n'}
[0.356460] (youbot_description) StdoutLine: {'line': b'-- Up-to-date symlink: /youbot/install/youbot_description/share/youbot_description/meshes/youbot_gripper/palm.dae\n'}
[0.356518] (youbot_description) StdoutLine: {'line': b'-- Up-to-date symlink: /youbot/install/youbot_description/share/youbot_description/meshes/youbot_gripper/palm_convex.dae\n'}
[0.356575] (youbot_description) StdoutLine: {'line': b'-- Up-to-date symlink: /youbot/install/youbot_description/share/youbot_description/meshes/youbot_plate/plate.dae\n'}
[0.356633] (youbot_description) StdoutLine: {'line': b'-- Up-to-date symlink: /youbot/install/youbot_description/share/youbot_description/meshes/youbot_plate/plate.stl\n'}
[0.356691] (youbot_description) StdoutLine: {'line': b'-- Up-to-date symlink: /youbot/install/youbot_description/share/youbot_description/meshes/youbot_plate/plate_convex.dae\n'}
[0.356760] (youbot_description) StdoutLine: {'line': b'-- Up-to-date symlink: /youbot/install/youbot_description/share/youbot_description/config/rviz.rviz\n'}
[0.356819] (youbot_description) StdoutLine: {'line': b'-- Up-to-date symlink: /youbot/install/youbot_description/share/youbot_description/config/youbot.yaml\n'}
[0.356876] (youbot_description) StdoutLine: {'line': b'-- Up-to-date symlink: /youbot/install/youbot_description/share/youbot_description/sdf/youbot/materials/scripts/youbot.material\n'}
[0.357033] (youbot_description) StdoutLine: {'line': b'-- Up-to-date symlink: /youbot/install/youbot_description/share/youbot_description/sdf/youbot/meshes/arm/arm0.dae\n'}
[0.357380] (youbot_description) StdoutLine: {'line': b'-- Up-to-date symlink: /youbot/install/youbot_description/share/youbot_description/sdf/youbot/meshes/arm/arm0_convex.stl\n'}
[0.357458] (youbot_description) StdoutLine: {'line': b'-- Up-to-date symlink: /youbot/install/youbot_description/share/youbot_description/sdf/youbot/meshes/arm/arm1.dae\n'}
[0.357520] (youbot_description) StdoutLine: {'line': b'-- Up-to-date symlink: /youbot/install/youbot_description/share/youbot_description/sdf/youbot/meshes/arm/arm1_convex.stl\n'}
[0.357578] (youbot_description) StdoutLine: {'line': b'-- Up-to-date symlink: /youbot/install/youbot_description/share/youbot_description/sdf/youbot/meshes/arm/arm2.dae\n'}
[0.357637] (youbot_description) StdoutLine: {'line': b'-- Up-to-date symlink: /youbot/install/youbot_description/share/youbot_description/sdf/youbot/meshes/arm/arm2_convex.stl\n'}
[0.357709] (youbot_description) StdoutLine: {'line': b'-- Up-to-date symlink: /youbot/install/youbot_description/share/youbot_description/sdf/youbot/meshes/arm/arm3.dae\n'}
[0.357775] (youbot_description) StdoutLine: {'line': b'-- Up-to-date symlink: /youbot/install/youbot_description/share/youbot_description/sdf/youbot/meshes/arm/arm3_convex.stl\n'}
[0.357835] (youbot_description) StdoutLine: {'line': b'-- Up-to-date symlink: /youbot/install/youbot_description/share/youbot_description/sdf/youbot/meshes/arm/arm4.dae\n'}
[0.357893] (youbot_description) StdoutLine: {'line': b'-- Up-to-date symlink: /youbot/install/youbot_description/share/youbot_description/sdf/youbot/meshes/arm/arm4_convex.stl\n'}
[0.357952] (youbot_description) StdoutLine: {'line': b'-- Up-to-date symlink: /youbot/install/youbot_description/share/youbot_description/sdf/youbot/meshes/arm/arm5.dae\n'}
[0.358936] (youbot_description) StdoutLine: {'line': b'-- Up-to-date symlink: /youbot/install/youbot_description/share/youbot_description/sdf/youbot/meshes/arm/arm5_convex.stl\n'}
[0.359020] (youbot_description) StdoutLine: {'line': b'-- Up-to-date symlink: /youbot/install/youbot_description/share/youbot_description/sdf/youbot/meshes/base/back-left_wheel.dae\n'}
[0.359083] (youbot_description) StdoutLine: {'line': b'-- Up-to-date symlink: /youbot/install/youbot_description/share/youbot_description/sdf/youbot/meshes/base/back-right_wheel.dae\n'}
[0.359144] (youbot_description) StdoutLine: {'line': b'-- Up-to-date symlink: /youbot/install/youbot_description/share/youbot_description/sdf/youbot/meshes/base/base.dae\n'}
[0.359221] (youbot_description) StdoutLine: {'line': b'-- Up-to-date symlink: /youbot/install/youbot_description/share/youbot_description/sdf/youbot/meshes/base/base_convex.stl\n'}
[0.359282] (youbot_description) StdoutLine: {'line': b'-- Up-to-date symlink: /youbot/install/youbot_description/share/youbot_description/sdf/youbot/meshes/base/front-left_wheel.dae\n'}
[0.359341] (youbot_description) StdoutLine: {'line': b'-- Up-to-date symlink: /youbot/install/youbot_description/share/youbot_description/sdf/youbot/meshes/base/front-right_wheel.dae\n'}
[0.359401] (youbot_description) StdoutLine: {'line': b'-- Up-to-date symlink: /youbot/install/youbot_description/share/youbot_description/sdf/youbot/meshes/gripper/finger.stl\n'}
[0.359460] (youbot_description) StdoutLine: {'line': b'-- Up-to-date symlink: /youbot/install/youbot_description/share/youbot_description/sdf/youbot/meshes/gripper/finger_convex.stl\n'}
[0.359519] (youbot_description) StdoutLine: {'line': b'-- Up-to-date symlink: /youbot/install/youbot_description/share/youbot_description/sdf/youbot/meshes/gripper/palm.stl\n'}
[0.359579] (youbot_description) StdoutLine: {'line': b'-- Up-to-date symlink: /youbot/install/youbot_description/share/youbot_description/sdf/youbot/meshes/gripper/palm_convex.stl\n'}
[0.359638] (youbot_description) StdoutLine: {'line': b'-- Up-to-date symlink: /youbot/install/youbot_description/share/youbot_description/sdf/youbot/meshes/plate/plate.dae\n'}
[0.359696] (youbot_description) StdoutLine: {'line': b'-- Up-to-date symlink: /youbot/install/youbot_description/share/youbot_description/sdf/youbot/meshes/plate/plate_convex.stl\n'}
[0.359754] (youbot_description) StdoutLine: {'line': b'-- Up-to-date symlink: /youbot/install/youbot_description/share/youbot_description/sdf/youbot/model.config\n'}
[0.359813] (youbot_description) StdoutLine: {'line': b'-- Up-to-date symlink: /youbot/install/youbot_description/share/youbot_description/sdf/youbot/model.sdf\n'}
[0.359872] (youbot_description) StdoutLine: {'line': b'-- Up-to-date symlink: /youbot/install/youbot_description/share/ament_index/resource_index/package_run_dependencies/youbot_description\n'}
[0.359932] (youbot_description) StdoutLine: {'line': b'-- Up-to-date symlink: /youbot/install/youbot_description/share/ament_index/resource_index/parent_prefix_path/youbot_description\n'}
[0.359991] (youbot_description) StdoutLine: {'line': b'-- Up-to-date symlink: /youbot/install/youbot_description/share/youbot_description/environment/ament_prefix_path.sh\n'}
[0.360063] (youbot_description) StdoutLine: {'line': b'-- Up-to-date symlink: /youbot/install/youbot_description/share/youbot_description/environment/ament_prefix_path.dsv\n'}
[0.360131] (youbot_description) StdoutLine: {'line': b'-- Up-to-date symlink: /youbot/install/youbot_description/share/youbot_description/environment/path.sh\n'}
[0.360203] (youbot_description) StdoutLine: {'line': b'-- Up-to-date symlink: /youbot/install/youbot_description/share/youbot_description/environment/path.dsv\n'}
[0.360265] (youbot_description) StdoutLine: {'line': b'-- Up-to-date symlink: /youbot/install/youbot_description/share/youbot_description/local_setup.bash\n'}
[0.360325] (youbot_description) StdoutLine: {'line': b'-- Up-to-date symlink: /youbot/install/youbot_description/share/youbot_description/local_setup.sh\n'}
[0.360383] (youbot_description) StdoutLine: {'line': b'-- Up-to-date symlink: /youbot/install/youbot_description/share/youbot_description/local_setup.zsh\n'}
[0.360443] (youbot_description) StdoutLine: {'line': b'-- Up-to-date symlink: /youbot/install/youbot_description/share/youbot_description/local_setup.dsv\n'}
[0.360501] (youbot_description) StdoutLine: {'line': b'-- Up-to-date symlink: /youbot/install/youbot_description/share/youbot_description/package.dsv\n'}
[0.360561] (youbot_description) StdoutLine: {'line': b'-- Up-to-date symlink: /youbot/install/youbot_description/share/ament_index/resource_index/packages/youbot_description\n'}
[0.360619] (youbot_description) StdoutLine: {'line': b'-- Up-to-date symlink: /youbot/install/youbot_description/share/youbot_description/cmake/youbot_descriptionConfig.cmake\n'}
[0.360678] (youbot_description) StdoutLine: {'line': b'-- Up-to-date symlink: /youbot/install/youbot_description/share/youbot_description/cmake/youbot_descriptionConfig-version.cmake\n'}
[0.360737] (youbot_description) StdoutLine: {'line': b'-- Up-to-date symlink: /youbot/install/youbot_description/share/youbot_description/package.xml\n'}
[0.360814] (youbot_description) JobEnded: {'identifier': 'youbot_description', 'rc': 'SIGINT'}
[0.369754] (trac_ik_examples) JobSkipped: {'identifier': 'trac_ik_examples'}
[0.369820] (trac_ik_kinematics) JobSkipped: {'identifier': 'trac_ik_kinematics'}
[0.369856] (youbot_moveit) JobSkipped: {'identifier': 'youbot_moveit'}
[0.369875] (trac_ik) JobSkipped: {'identifier': 'trac_ik'}
[0.369893] (-) EventReactorShutdown: {}
