[0.029s] Invoking command in '/youbot/build/trac_ik_lib': CMAKE_PREFIX_PATH=/opt/ros/humble /usr/bin/cmake /youbot/src/trac_ik/trac_ik_lib -DCMAKE_INSTALL_PREFIX=/youbot/install/trac_ik_lib
[0.047s] -- Found ament_cmake: 1.3.11 (/opt/ros/humble/share/ament_cmake/cmake)
[0.223s] -- Found eigen3_cmake_module: 0.1.1 (/opt/ros/humble/share/eigen3_cmake_module/cmake)
[0.226s] -- Found kdl_parser: 2.6.4 (/opt/ros/humble/share/kdl_parser/cmake)
[0.230s] -- Ensuring Eigen3 include directory is part of orocos-kdl CMake target
[0.263s] [31mCMake Error at CMakeLists.txt:22 (find_package):
[0.263s]   By not providing "FindNLopt.cmake" in CMAKE_MODULE_PATH this project has
[0.263s] -- Configuring incomplete, errors occurred!
[0.264s] See also "/youbot/build/trac_ik_lib/CMakeFiles/CMakeOutput.log".
[0.265s]   asked CMake to find a package configuration file provided by "NLopt", but
[0.265s]   CMake did not find one.
[0.265s] 
[0.265s]   Could not find a package configuration file provided by "NLopt" with any of
[0.265s]   the following names:
[0.265s] 
[0.265s]     NLoptConfig.cmake
[0.265s]     nlopt-config.cmake
[0.266s] 
[0.266s]   Add the installation prefix of "NLopt" to CMAKE_PREFIX_PATH or set
[0.266s]   "NLopt_DIR" to a directory containing one of the above files.  If "NLopt"
[0.266s]   provides a separate development package or SDK, be sure it has been
[0.266s]   installed.
[0.266s] 
[0.266s] [0m
[0.343s] Invoked command in '/youbot/build/trac_ik_lib' returned '1': CMAKE_PREFIX_PATH=/opt/ros/humble /usr/bin/cmake /youbot/src/trac_ik/trac_ik_lib -DCMAKE_INSTALL_PREFIX=/youbot/install/trac_ik_lib
