[0.024s] Invoking command in '/youbot/build/trac_ik_lib': CMAKE_PREFIX_PATH=/opt/ros/humble /usr/bin/cmake /youbot/src/trac_ik/trac_ik_lib -DCMAKE_INSTALL_PREFIX=/youbot/install/trac_ik_lib
[0.041s] -- Found ament_cmake: 1.3.11 (/opt/ros/humble/share/ament_cmake/cmake)
[0.179s] -- Override CMake install command with custom implementation using symlinks instead of copying resources
[0.199s] -- Found eigen3_cmake_module: 0.1.1 (/opt/ros/humble/share/eigen3_cmake_module/cmake)
[0.200s] -- Found kdl_parser: 2.6.4 (/opt/ros/humble/share/kdl_parser/cmake)
[0.205s] -- Ensuring Eigen3 include directory is part of orocos-kdl CMake target
[0.218s] -- Found rclcpp: 16.0.12 (/opt/ros/humble/share/rclcpp/cmake)
[0.242s] -- Found rosidl_generator_c: 3.1.6 (/opt/ros/humble/share/rosidl_generator_c/cmake)
[0.245s] -- Found rosidl_adapter: 3.1.6 (/opt/ros/humble/share/rosidl_adapter/cmake)
[0.252s] -- Found rosidl_generator_cpp: 3.1.6 (/opt/ros/humble/share/rosidl_generator_cpp/cmake)
[0.264s] -- Using all available rosidl_typesupport_c: rosidl_typesupport_fastrtps_c;rosidl_typesupport_introspection_c
[0.279s] -- Using all available rosidl_typesupport_cpp: rosidl_typesupport_fastrtps_cpp;rosidl_typesupport_introspection_cpp
[0.321s] -- Found rmw_implementation_cmake: 6.1.2 (/opt/ros/humble/share/rmw_implementation_cmake/cmake)
[0.326s] -- Found rmw_fastrtps_cpp: 6.2.7 (/opt/ros/humble/share/rmw_fastrtps_cpp/cmake)
[0.492s] -- Using RMW implementation 'rmw_fastrtps_cpp' as default
[0.560s] -- Found urdf: 2.6.1 (/opt/ros/humble/share/urdf/cmake)
[0.591s] -- Found ament_lint_auto: 0.12.12 (/opt/ros/humble/share/ament_lint_auto/cmake)
[0.680s] -- Added test 'copyright' to check source files copyright and LICENSE
[0.681s] -- Added test 'cpplint' to check C / C++ code against the Google style
[0.682s] -- Configured cpplint exclude dirs and/or files: 
[0.682s] -- Added test 'lint_cmake' to check CMake code style
[0.683s] -- Added test 'xmllint' to check XML markup files
[0.684s] -- Configuring done
[0.700s] -- Generating done
[0.705s] -- Build files have been written to: /youbot/build/trac_ik_lib
[0.717s] Invoked command in '/youbot/build/trac_ik_lib' returned '0': CMAKE_PREFIX_PATH=/opt/ros/humble /usr/bin/cmake /youbot/src/trac_ik/trac_ik_lib -DCMAKE_INSTALL_PREFIX=/youbot/install/trac_ik_lib
[0.717s] Invoking command in '/youbot/build/trac_ik_lib': CMAKE_PREFIX_PATH=/opt/ros/humble /usr/bin/cmake --build /youbot/build/trac_ik_lib -- -j4 -l4
[0.784s] [35m[1mConsolidate compiler generated dependencies of target trac_ik_lib[0m
[0.833s] [ 25%] [32mBuilding CXX object CMakeFiles/trac_ik_lib.dir/src/nlopt_ik.cpp.o[0m
[0.835s] [ 50%] [32mBuilding CXX object CMakeFiles/trac_ik_lib.dir/src/trac_ik.cpp.o[0m
[0.932s] In file included from [01m[K/youbot/src/trac_ik/trac_ik_lib/src/nlopt_ik.cpp:30[m[K:
[0.932s] [01m[K/youbot/src/trac_ik/trac_ik_lib/include/trac_ik/nlopt_ik.hpp:36:10:[m[K [01;31m[Kfatal error: [m[Knlopt.hpp: No such file or directory
[0.932s]    36 | #include [01;31m[K"nlopt.hpp"[m[K
[0.932s]       |          [01;31m[K^~~~~~~~~~~[m[K
[0.932s] compilation terminated.
[0.933s] In file included from [01m[K/youbot/src/trac_ik/trac_ik_lib/include/trac_ik/trac_ik.hpp:33[m[K,
[0.933s]                  from [01m[K/youbot/src/trac_ik/trac_ik_lib/src/trac_ik.cpp:30[m[K:
[0.933s] [01m[K/youbot/src/trac_ik/trac_ik_lib/include/trac_ik/nlopt_ik.hpp:36:10:[m[K [01;31m[Kfatal error: [m[Knlopt.hpp: No such file or directory
[0.933s]    36 | #include [01;31m[K"nlopt.hpp"[m[K
[0.933s]       |          [01;31m[K^~~~~~~~~~~[m[K
[0.934s] compilation terminated.
[0.935s] gmake[2]: *** [CMakeFiles/trac_ik_lib.dir/build.make:104: CMakeFiles/trac_ik_lib.dir/src/trac_ik.cpp.o] Error 1
[0.936s] gmake[2]: *** Waiting for unfinished jobs....
[0.936s] gmake[2]: *** [CMakeFiles/trac_ik_lib.dir/build.make:90: CMakeFiles/trac_ik_lib.dir/src/nlopt_ik.cpp.o] Error 1
[0.939s] gmake[1]: *** [CMakeFiles/Makefile2:137: CMakeFiles/trac_ik_lib.dir/all] Error 2
[0.939s] gmake: *** [Makefile:146: all] Error 2
[0.942s] Invoked command in '/youbot/build/trac_ik_lib' returned '2': CMAKE_PREFIX_PATH=/opt/ros/humble /usr/bin/cmake --build /youbot/build/trac_ik_lib -- -j4 -l4
