[0.722s] Invoking command in '/youbot/src/send_num': PYTHONPATH=/youbot/build/send_num/prefix_override:/usr/lib/python3/dist-packages/colcon_core/task/python/colcon_distutils_commands:/youbot/install/send_num/lib/python3.10/site-packages:${PYTHONPATH} /usr/bin/python3 -W ignore:setup.py install is deprecated -W ignore:easy_install command is deprecated setup.py egg_info --egg-base ../../build/send_num build --build-base /youbot/build/send_num/build install --record /youbot/build/send_num/install.log --single-version-externally-managed install_data
[0.986s] running egg_info
[0.987s] writing ../../build/send_num/send_num.egg-info/PKG-INFO
[0.988s] writing dependency_links to ../../build/send_num/send_num.egg-info/dependency_links.txt
[0.988s] writing entry points to ../../build/send_num/send_num.egg-info/entry_points.txt
[0.988s] writing requirements to ../../build/send_num/send_num.egg-info/requires.txt
[0.988s] writing top-level names to ../../build/send_num/send_num.egg-info/top_level.txt
[0.994s] reading manifest file '../../build/send_num/send_num.egg-info/SOURCES.txt'
[0.994s] adding license file 'LICENSE'
[0.995s] writing manifest file '../../build/send_num/send_num.egg-info/SOURCES.txt'
[0.995s] running build
[0.995s] running build_py
[0.995s] copying send_num/pose_camera_server.py -> /youbot/build/send_num/build/lib/send_num
[0.996s] running install
[0.996s] running install_lib
[0.996s] copying /youbot/build/send_num/build/lib/send_num/pose_camera_server.py -> /youbot/install/send_num/lib/python3.10/site-packages/send_num
[0.996s] byte-compiling /youbot/install/send_num/lib/python3.10/site-packages/send_num/pose_camera_server.py to pose_camera_server.cpython-310.pyc
[0.996s] running install_data
[0.996s] running install_egg_info
[0.997s] removing '/youbot/install/send_num/lib/python3.10/site-packages/send_num-0.0.0-py3.10.egg-info' (and everything under it)
[0.997s] Copying ../../build/send_num/send_num.egg-info to /youbot/install/send_num/lib/python3.10/site-packages/send_num-0.0.0-py3.10.egg-info
[0.998s] running install_scripts
[1.023s] Installing bridge script to /youbot/install/send_num/lib/send_num
[1.023s] Installing camera_server script to /youbot/install/send_num/lib/send_num
[1.023s] Installing on_youbot script to /youbot/install/send_num/lib/send_num
[1.023s] Installing send script to /youbot/install/send_num/lib/send_num
[1.023s] Installing test_bridge script to /youbot/install/send_num/lib/send_num
[1.023s] Installing test_server_copy script to /youbot/install/send_num/lib/send_num
[1.024s] writing list of installed files to '/youbot/build/send_num/install.log'
[1.054s] Invoked command in '/youbot/src/send_num' returned '0': PYTHONPATH=/youbot/build/send_num/prefix_override:/usr/lib/python3/dist-packages/colcon_core/task/python/colcon_distutils_commands:/youbot/install/send_num/lib/python3.10/site-packages:${PYTHONPATH} /usr/bin/python3 -W ignore:setup.py install is deprecated -W ignore:easy_install command is deprecated setup.py egg_info --egg-base ../../build/send_num build --build-base /youbot/build/send_num/build install --record /youbot/build/send_num/install.log --single-version-externally-managed install_data
