[0.487s] DEBUG:colcon:Command line arguments: ['/usr/bin/colcon', 'build']
[0.487s] DEBUG:colcon:Parsed command line arguments: Namespace(log_base=None, log_level=None, verb_name='build', build_base='build', install_base='install', merge_install=False, symlink_install=False, test_result_base=None, continue_on_error=False, executor='parallel', parallel_workers=4, event_handlers=None, ignore_user_meta=False, metas=['./colcon.meta'], base_paths=['.'], packages_ignore=None, packages_ignore_regex=None, paths=None, packages_up_to=None, packages_up_to_regex=None, packages_above=None, packages_above_and_dependencies=None, packages_above_depth=None, packages_select_by_dep=None, packages_skip_by_dep=None, packages_skip_up_to=None, packages_select_build_failed=False, packages_skip_build_finished=False, packages_select_test_failures=False, packages_skip_test_passed=False, packages_select=None, packages_skip=None, packages_select_regex=None, packages_skip_regex=None, packages_start=None, packages_end=None, cmake_args=None, cmake_target=None, cmake_target_skip_unavailable=False, cmake_clean_cache=False, cmake_clean_first=False, cmake_force_configure=False, ament_cmake_args=None, catkin_cmake_args=None, catkin_skip_building_tests=False, mixin_files=None, mixin=None, verb_parser=<colcon_mixin.mixin.mixin_argument.MixinArgumentDecorator object at 0x719391380700>, verb_extension=<colcon_core.verb.build.BuildVerb object at 0x719391380160>, main=<bound method BuildVerb.main of <colcon_core.verb.build.BuildVerb object at 0x719391380160>>, mixin_verb=('build',))
[0.825s] Level 1:colcon.colcon_core.package_discovery:discover_packages(colcon_meta) check parameters
[0.827s] INFO:colcon.colcon_metadata.package_discovery.colcon_meta:Using configuration from '/root/.colcon/metadata/default/Gazebo.meta'
[0.828s] INFO:colcon.colcon_metadata.package_discovery.colcon_meta:Using configuration from '/root/.colcon/metadata/default/fastrtps.meta'
[0.828s] Level 1:colcon.colcon_core.package_discovery:discover_packages(recursive) check parameters
[0.829s] Level 1:colcon.colcon_core.package_discovery:discover_packages(ignore) check parameters
[0.829s] Level 1:colcon.colcon_core.package_discovery:discover_packages(path) check parameters
[0.829s] Level 1:colcon.colcon_core.package_discovery:discover_packages(colcon_meta) discover
[0.829s] Level 1:colcon.colcon_core.package_discovery:discover_packages(recursive) discover
[0.829s] INFO:colcon.colcon_core.package_discovery:Crawling recursively for packages in '/youbot'
[0.829s] Level 1:colcon.colcon_core.package_identification:_identify(.) by extensions ['ignore', 'ignore_ament_install']
[0.829s] Level 1:colcon.colcon_core.package_identification:_identify(.) by extension 'ignore'
[0.829s] Level 1:colcon.colcon_core.package_identification:_identify(.) by extension 'ignore_ament_install'
[0.829s] Level 1:colcon.colcon_core.package_identification:_identify(.) by extensions ['colcon_pkg']
[0.829s] Level 1:colcon.colcon_core.package_identification:_identify(.) by extension 'colcon_pkg'
[0.829s] Level 1:colcon.colcon_core.package_identification:_identify(.) by extensions ['colcon_meta']
[0.829s] Level 1:colcon.colcon_core.package_identification:_identify(.) by extension 'colcon_meta'
[0.829s] Level 1:colcon.colcon_core.package_identification:_identify(.) by extensions ['ros']
[0.829s] Level 1:colcon.colcon_core.package_identification:_identify(.) by extension 'ros'
[0.847s] Level 1:colcon.colcon_core.package_identification:_identify(.) by extensions ['cmake', 'python']
[0.848s] Level 1:colcon.colcon_core.package_identification:_identify(.) by extension 'cmake'
[0.848s] Level 1:colcon.colcon_core.package_identification:_identify(.) by extension 'python'
[0.848s] Level 1:colcon.colcon_core.package_identification:_identify(.) by extensions ['python_setup_py']
[0.848s] Level 1:colcon.colcon_core.package_identification:_identify(.) by extension 'python_setup_py'
[0.848s] Level 1:colcon.colcon_core.package_identification:_identify(build) by extensions ['ignore', 'ignore_ament_install']
[0.848s] Level 1:colcon.colcon_core.package_identification:_identify(build) by extension 'ignore'
[0.848s] Level 1:colcon.colcon_core.package_identification:_identify(build) ignored
[0.848s] Level 1:colcon.colcon_core.package_identification:_identify(install) by extensions ['ignore', 'ignore_ament_install']
[0.848s] Level 1:colcon.colcon_core.package_identification:_identify(install) by extension 'ignore'
[0.848s] Level 1:colcon.colcon_core.package_identification:_identify(install) ignored
[0.849s] Level 1:colcon.colcon_core.package_identification:_identify(log) by extensions ['ignore', 'ignore_ament_install']
[0.849s] Level 1:colcon.colcon_core.package_identification:_identify(log) by extension 'ignore'
[0.849s] Level 1:colcon.colcon_core.package_identification:_identify(log) ignored
[0.849s] Level 1:colcon.colcon_core.package_identification:_identify(materials) by extensions ['ignore', 'ignore_ament_install']
[0.849s] Level 1:colcon.colcon_core.package_identification:_identify(materials) by extension 'ignore'
[0.849s] Level 1:colcon.colcon_core.package_identification:_identify(materials) by extension 'ignore_ament_install'
[0.849s] Level 1:colcon.colcon_core.package_identification:_identify(materials) by extensions ['colcon_pkg']
[0.849s] Level 1:colcon.colcon_core.package_identification:_identify(materials) by extension 'colcon_pkg'
[0.849s] Level 1:colcon.colcon_core.package_identification:_identify(materials) by extensions ['colcon_meta']
[0.849s] Level 1:colcon.colcon_core.package_identification:_identify(materials) by extension 'colcon_meta'
[0.849s] Level 1:colcon.colcon_core.package_identification:_identify(materials) by extensions ['ros']
[0.849s] Level 1:colcon.colcon_core.package_identification:_identify(materials) by extension 'ros'
[0.849s] Level 1:colcon.colcon_core.package_identification:_identify(materials) by extensions ['cmake', 'python']
[0.850s] Level 1:colcon.colcon_core.package_identification:_identify(materials) by extension 'cmake'
[0.850s] Level 1:colcon.colcon_core.package_identification:_identify(materials) by extension 'python'
[0.850s] Level 1:colcon.colcon_core.package_identification:_identify(materials) by extensions ['python_setup_py']
[0.850s] Level 1:colcon.colcon_core.package_identification:_identify(materials) by extension 'python_setup_py'
[0.850s] Level 1:colcon.colcon_core.package_identification:_identify(src) by extensions ['ignore', 'ignore_ament_install']
[0.850s] Level 1:colcon.colcon_core.package_identification:_identify(src) by extension 'ignore'
[0.850s] Level 1:colcon.colcon_core.package_identification:_identify(src) by extension 'ignore_ament_install'
[0.850s] Level 1:colcon.colcon_core.package_identification:_identify(src) by extensions ['colcon_pkg']
[0.850s] Level 1:colcon.colcon_core.package_identification:_identify(src) by extension 'colcon_pkg'
[0.850s] Level 1:colcon.colcon_core.package_identification:_identify(src) by extensions ['colcon_meta']
[0.850s] Level 1:colcon.colcon_core.package_identification:_identify(src) by extension 'colcon_meta'
[0.850s] Level 1:colcon.colcon_core.package_identification:_identify(src) by extensions ['ros']
[0.850s] Level 1:colcon.colcon_core.package_identification:_identify(src) by extension 'ros'
[0.850s] Level 1:colcon.colcon_core.package_identification:_identify(src) by extensions ['cmake', 'python']
[0.850s] Level 1:colcon.colcon_core.package_identification:_identify(src) by extension 'cmake'
[0.850s] Level 1:colcon.colcon_core.package_identification:_identify(src) by extension 'python'
[0.850s] Level 1:colcon.colcon_core.package_identification:_identify(src) by extensions ['python_setup_py']
[0.851s] Level 1:colcon.colcon_core.package_identification:_identify(src) by extension 'python_setup_py'
[0.851s] Level 1:colcon.colcon_core.package_identification:_identify(src/send_num) by extensions ['ignore', 'ignore_ament_install']
[0.851s] Level 1:colcon.colcon_core.package_identification:_identify(src/send_num) by extension 'ignore'
[0.851s] Level 1:colcon.colcon_core.package_identification:_identify(src/send_num) by extension 'ignore_ament_install'
[0.851s] Level 1:colcon.colcon_core.package_identification:_identify(src/send_num) by extensions ['colcon_pkg']
[0.851s] Level 1:colcon.colcon_core.package_identification:_identify(src/send_num) by extension 'colcon_pkg'
[0.851s] Level 1:colcon.colcon_core.package_identification:_identify(src/send_num) by extensions ['colcon_meta']
[0.851s] Level 1:colcon.colcon_core.package_identification:_identify(src/send_num) by extension 'colcon_meta'
[0.851s] Level 1:colcon.colcon_core.package_identification:_identify(src/send_num) by extensions ['ros']
[0.851s] Level 1:colcon.colcon_core.package_identification:_identify(src/send_num) by extension 'ros'
[0.855s] DEBUG:colcon.colcon_core.package_identification:Package 'src/send_num' with type 'ros.ament_python' and name 'send_num'
[0.855s] Level 1:colcon.colcon_core.package_identification:_identify(src/youbot_description) by extensions ['ignore', 'ignore_ament_install']
[0.855s] Level 1:colcon.colcon_core.package_identification:_identify(src/youbot_description) by extension 'ignore'
[0.855s] Level 1:colcon.colcon_core.package_identification:_identify(src/youbot_description) by extension 'ignore_ament_install'
[0.856s] Level 1:colcon.colcon_core.package_identification:_identify(src/youbot_description) by extensions ['colcon_pkg']
[0.856s] Level 1:colcon.colcon_core.package_identification:_identify(src/youbot_description) by extension 'colcon_pkg'
[0.856s] Level 1:colcon.colcon_core.package_identification:_identify(src/youbot_description) by extensions ['colcon_meta']
[0.856s] Level 1:colcon.colcon_core.package_identification:_identify(src/youbot_description) by extension 'colcon_meta'
[0.856s] Level 1:colcon.colcon_core.package_identification:_identify(src/youbot_description) by extensions ['ros']
[0.856s] Level 1:colcon.colcon_core.package_identification:_identify(src/youbot_description) by extension 'ros'
[0.857s] DEBUG:colcon.colcon_core.package_identification:Package 'src/youbot_description' with type 'ros.ament_cmake' and name 'youbot_description'
[0.857s] Level 1:colcon.colcon_core.package_identification:_identify(src/youbot_moveit) by extensions ['ignore', 'ignore_ament_install']
[0.857s] Level 1:colcon.colcon_core.package_identification:_identify(src/youbot_moveit) by extension 'ignore'
[0.857s] Level 1:colcon.colcon_core.package_identification:_identify(src/youbot_moveit) by extension 'ignore_ament_install'
[0.857s] Level 1:colcon.colcon_core.package_identification:_identify(src/youbot_moveit) by extensions ['colcon_pkg']
[0.857s] Level 1:colcon.colcon_core.package_identification:_identify(src/youbot_moveit) by extension 'colcon_pkg'
[0.857s] Level 1:colcon.colcon_core.package_identification:_identify(src/youbot_moveit) by extensions ['colcon_meta']
[0.857s] Level 1:colcon.colcon_core.package_identification:_identify(src/youbot_moveit) by extension 'colcon_meta'
[0.857s] Level 1:colcon.colcon_core.package_identification:_identify(src/youbot_moveit) by extensions ['ros']
[0.857s] Level 1:colcon.colcon_core.package_identification:_identify(src/youbot_moveit) by extension 'ros'
[0.858s] DEBUG:colcon.colcon_core.package_identification:Package 'src/youbot_moveit' with type 'ros.ament_cmake' and name 'youbot_moveit'
[0.858s] Level 1:colcon.colcon_core.package_discovery:discover_packages(recursive) using defaults
[0.859s] Level 1:colcon.colcon_core.package_discovery:discover_packages(ignore) discover
[0.859s] Level 1:colcon.colcon_core.package_discovery:discover_packages(ignore) using defaults
[0.859s] Level 1:colcon.colcon_core.package_discovery:discover_packages(path) discover
[0.859s] Level 1:colcon.colcon_core.package_discovery:discover_packages(path) using defaults
[0.905s] Level 5:colcon.colcon_core.verb:set package 'send_num' build argument 'cmake_args' from command line to 'None'
[0.905s] Level 5:colcon.colcon_core.verb:set package 'send_num' build argument 'cmake_target' from command line to 'None'
[0.905s] Level 5:colcon.colcon_core.verb:set package 'send_num' build argument 'cmake_target_skip_unavailable' from command line to 'False'
[0.905s] Level 5:colcon.colcon_core.verb:set package 'send_num' build argument 'cmake_clean_cache' from command line to 'False'
[0.905s] Level 5:colcon.colcon_core.verb:set package 'send_num' build argument 'cmake_clean_first' from command line to 'False'
[0.905s] Level 5:colcon.colcon_core.verb:set package 'send_num' build argument 'cmake_force_configure' from command line to 'False'
[0.905s] Level 5:colcon.colcon_core.verb:set package 'send_num' build argument 'ament_cmake_args' from command line to 'None'
[0.905s] Level 5:colcon.colcon_core.verb:set package 'send_num' build argument 'catkin_cmake_args' from command line to 'None'
[0.905s] Level 5:colcon.colcon_core.verb:set package 'send_num' build argument 'catkin_skip_building_tests' from command line to 'False'
[0.905s] DEBUG:colcon.colcon_core.verb:Building package 'send_num' with the following arguments: {'ament_cmake_args': None, 'build_base': '/youbot/build/send_num', 'catkin_cmake_args': None, 'catkin_skip_building_tests': False, 'cmake_args': None, 'cmake_clean_cache': False, 'cmake_clean_first': False, 'cmake_force_configure': False, 'cmake_target': None, 'cmake_target_skip_unavailable': False, 'install_base': '/youbot/install/send_num', 'merge_install': False, 'path': '/youbot/src/send_num', 'symlink_install': False, 'test_result_base': None}
[0.905s] Level 5:colcon.colcon_core.verb:set package 'youbot_description' build argument 'cmake_args' from command line to 'None'
[0.905s] Level 5:colcon.colcon_core.verb:set package 'youbot_description' build argument 'cmake_target' from command line to 'None'
[0.905s] Level 5:colcon.colcon_core.verb:set package 'youbot_description' build argument 'cmake_target_skip_unavailable' from command line to 'False'
[0.905s] Level 5:colcon.colcon_core.verb:set package 'youbot_description' build argument 'cmake_clean_cache' from command line to 'False'
[0.906s] Level 5:colcon.colcon_core.verb:set package 'youbot_description' build argument 'cmake_clean_first' from command line to 'False'
[0.906s] Level 5:colcon.colcon_core.verb:set package 'youbot_description' build argument 'cmake_force_configure' from command line to 'False'
[0.906s] Level 5:colcon.colcon_core.verb:set package 'youbot_description' build argument 'ament_cmake_args' from command line to 'None'
[0.906s] Level 5:colcon.colcon_core.verb:set package 'youbot_description' build argument 'catkin_cmake_args' from command line to 'None'
[0.906s] Level 5:colcon.colcon_core.verb:set package 'youbot_description' build argument 'catkin_skip_building_tests' from command line to 'False'
[0.906s] DEBUG:colcon.colcon_core.verb:Building package 'youbot_description' with the following arguments: {'ament_cmake_args': None, 'build_base': '/youbot/build/youbot_description', 'catkin_cmake_args': None, 'catkin_skip_building_tests': False, 'cmake_args': None, 'cmake_clean_cache': False, 'cmake_clean_first': False, 'cmake_force_configure': False, 'cmake_target': None, 'cmake_target_skip_unavailable': False, 'install_base': '/youbot/install/youbot_description', 'merge_install': False, 'path': '/youbot/src/youbot_description', 'symlink_install': False, 'test_result_base': None}
[0.906s] Level 5:colcon.colcon_core.verb:set package 'youbot_moveit' build argument 'cmake_args' from command line to 'None'
[0.906s] Level 5:colcon.colcon_core.verb:set package 'youbot_moveit' build argument 'cmake_target' from command line to 'None'
[0.906s] Level 5:colcon.colcon_core.verb:set package 'youbot_moveit' build argument 'cmake_target_skip_unavailable' from command line to 'False'
[0.906s] Level 5:colcon.colcon_core.verb:set package 'youbot_moveit' build argument 'cmake_clean_cache' from command line to 'False'
[0.906s] Level 5:colcon.colcon_core.verb:set package 'youbot_moveit' build argument 'cmake_clean_first' from command line to 'False'
[0.906s] Level 5:colcon.colcon_core.verb:set package 'youbot_moveit' build argument 'cmake_force_configure' from command line to 'False'
[0.906s] Level 5:colcon.colcon_core.verb:set package 'youbot_moveit' build argument 'ament_cmake_args' from command line to 'None'
[0.906s] Level 5:colcon.colcon_core.verb:set package 'youbot_moveit' build argument 'catkin_cmake_args' from command line to 'None'
[0.906s] Level 5:colcon.colcon_core.verb:set package 'youbot_moveit' build argument 'catkin_skip_building_tests' from command line to 'False'
[0.906s] DEBUG:colcon.colcon_core.verb:Building package 'youbot_moveit' with the following arguments: {'ament_cmake_args': None, 'build_base': '/youbot/build/youbot_moveit', 'catkin_cmake_args': None, 'catkin_skip_building_tests': False, 'cmake_args': None, 'cmake_clean_cache': False, 'cmake_clean_first': False, 'cmake_force_configure': False, 'cmake_target': None, 'cmake_target_skip_unavailable': False, 'install_base': '/youbot/install/youbot_moveit', 'merge_install': False, 'path': '/youbot/src/youbot_moveit', 'symlink_install': False, 'test_result_base': None}
[0.906s] INFO:colcon.colcon_core.executor:Executing jobs using 'parallel' executor
[0.908s] DEBUG:colcon.colcon_parallel_executor.executor.parallel:run_until_complete
[0.908s] INFO:colcon.colcon_ros.task.ament_cmake.build:Building ROS package in '/youbot/src/youbot_description' with build type 'ament_cmake'
[0.908s] INFO:colcon.colcon_cmake.task.cmake.build:Building CMake package in '/youbot/src/youbot_description'
[0.916s] INFO:colcon.colcon_core.plugin_system:Skipping extension 'colcon_core.shell.bat': Not used on non-Windows systems
[0.916s] INFO:colcon.colcon_core.shell:Skip shell extension 'powershell' for command environment: Not usable outside of PowerShell
[0.916s] DEBUG:colcon.colcon_core.shell:Skip shell extension 'dsv' for command environment
[0.924s] INFO:colcon.colcon_ros.task.ament_python.build:Building ROS package in '/youbot/src/send_num' with build type 'ament_python'
[0.924s] Level 1:colcon.colcon_core.shell:create_environment_hook('send_num', 'ament_prefix_path')
[0.925s] INFO:colcon.colcon_core.shell:Creating environment hook '/youbot/install/send_num/share/send_num/hook/ament_prefix_path.ps1'
[0.926s] INFO:colcon.colcon_core.shell:Creating environment descriptor '/youbot/install/send_num/share/send_num/hook/ament_prefix_path.dsv'
[0.927s] INFO:colcon.colcon_core.shell:Creating environment hook '/youbot/install/send_num/share/send_num/hook/ament_prefix_path.sh'
[0.928s] INFO:colcon.colcon_core.shell:Skip shell extension 'powershell' for command environment: Not usable outside of PowerShell
[0.928s] DEBUG:colcon.colcon_core.shell:Skip shell extension 'dsv' for command environment
[0.937s] DEBUG:colcon.colcon_core.event_handler.log_command:Invoking command in '/youbot/build/youbot_description': CMAKE_PREFIX_PATH=/opt/ros/humble /usr/bin/cmake --build /youbot/build/youbot_description -- -j4 -l4
[1.208s] INFO:colcon.colcon_core.task.python.build:Building Python package in '/youbot/src/send_num'
[1.208s] INFO:colcon.colcon_core.shell:Skip shell extension 'powershell' for command environment: Not usable outside of PowerShell
[1.208s] DEBUG:colcon.colcon_core.shell:Skip shell extension 'dsv' for command environment
[1.214s] DEBUG:colcon.colcon_core.event_handler.log_command:Invoked command in '/youbot/build/youbot_description' returned '0': CMAKE_PREFIX_PATH=/opt/ros/humble /usr/bin/cmake --build /youbot/build/youbot_description -- -j4 -l4
[1.227s] DEBUG:colcon.colcon_core.event_handler.log_command:Invoking command in '/youbot/build/youbot_description': CMAKE_PREFIX_PATH=/opt/ros/humble /usr/bin/cmake --install /youbot/build/youbot_description
[1.255s] Level 1:colcon.colcon_core.environment:create_environment_scripts_only(youbot_description)
[1.255s] DEBUG:colcon.colcon_core.event_handler.log_command:Invoked command in '/youbot/build/youbot_description' returned '0': CMAKE_PREFIX_PATH=/opt/ros/humble /usr/bin/cmake --install /youbot/build/youbot_description
[1.262s] Level 1:colcon.colcon_core.environment:checking '/youbot/install/youbot_description' for CMake module files
[1.263s] Level 1:colcon.colcon_core.environment:checking '/youbot/install/youbot_description' for CMake config files
[1.264s] Level 1:colcon.colcon_core.shell:create_environment_hook('youbot_description', 'cmake_prefix_path')
[1.264s] INFO:colcon.colcon_core.shell:Creating environment hook '/youbot/install/youbot_description/share/youbot_description/hook/cmake_prefix_path.ps1'
[1.265s] INFO:colcon.colcon_core.shell:Creating environment descriptor '/youbot/install/youbot_description/share/youbot_description/hook/cmake_prefix_path.dsv'
[1.265s] INFO:colcon.colcon_core.shell:Creating environment hook '/youbot/install/youbot_description/share/youbot_description/hook/cmake_prefix_path.sh'
[1.266s] Level 1:colcon.colcon_core.environment:checking '/youbot/install/youbot_description/bin'
[1.266s] Level 1:colcon.colcon_core.environment:checking '/youbot/install/youbot_description/lib/pkgconfig/youbot_description.pc'
[1.266s] Level 1:colcon.colcon_core.environment:checking '/youbot/install/youbot_description/lib/python3.10/site-packages'
[1.266s] Level 1:colcon.colcon_core.environment:checking '/youbot/install/youbot_description/bin'
[1.267s] INFO:colcon.colcon_core.shell:Creating package script '/youbot/install/youbot_description/share/youbot_description/package.ps1'
[1.268s] INFO:colcon.colcon_core.shell:Creating package descriptor '/youbot/install/youbot_description/share/youbot_description/package.dsv'
[1.269s] INFO:colcon.colcon_core.shell:Creating package script '/youbot/install/youbot_description/share/youbot_description/package.sh'
[1.270s] INFO:colcon.colcon_core.shell:Creating package script '/youbot/install/youbot_description/share/youbot_description/package.bash'
[1.272s] INFO:colcon.colcon_core.shell:Creating package script '/youbot/install/youbot_description/share/youbot_description/package.zsh'
[1.273s] Level 1:colcon.colcon_core.environment:create_file_with_runtime_dependencies(/youbot/install/youbot_description/share/colcon-core/packages/youbot_description)
[1.274s] Level 1:colcon.colcon_core.environment:create_environment_scripts_only(youbot_description)
[1.274s] Level 1:colcon.colcon_core.environment:checking '/youbot/install/youbot_description' for CMake module files
[1.275s] Level 1:colcon.colcon_core.environment:checking '/youbot/install/youbot_description' for CMake config files
[1.276s] Level 1:colcon.colcon_core.shell:create_environment_hook('youbot_description', 'cmake_prefix_path')
[1.276s] INFO:colcon.colcon_core.shell:Creating environment hook '/youbot/install/youbot_description/share/youbot_description/hook/cmake_prefix_path.ps1'
[1.277s] INFO:colcon.colcon_core.shell:Creating environment descriptor '/youbot/install/youbot_description/share/youbot_description/hook/cmake_prefix_path.dsv'
[1.277s] INFO:colcon.colcon_core.shell:Creating environment hook '/youbot/install/youbot_description/share/youbot_description/hook/cmake_prefix_path.sh'
[1.278s] Level 1:colcon.colcon_core.environment:checking '/youbot/install/youbot_description/bin'
[1.278s] Level 1:colcon.colcon_core.environment:checking '/youbot/install/youbot_description/lib/pkgconfig/youbot_description.pc'
[1.278s] Level 1:colcon.colcon_core.environment:checking '/youbot/install/youbot_description/lib/python3.10/site-packages'
[1.278s] Level 1:colcon.colcon_core.environment:checking '/youbot/install/youbot_description/bin'
[1.278s] INFO:colcon.colcon_core.shell:Creating package script '/youbot/install/youbot_description/share/youbot_description/package.ps1'
[1.279s] INFO:colcon.colcon_core.shell:Creating package descriptor '/youbot/install/youbot_description/share/youbot_description/package.dsv'
[1.280s] INFO:colcon.colcon_core.shell:Creating package script '/youbot/install/youbot_description/share/youbot_description/package.sh'
[1.280s] INFO:colcon.colcon_core.shell:Creating package script '/youbot/install/youbot_description/share/youbot_description/package.bash'
[1.281s] INFO:colcon.colcon_core.shell:Creating package script '/youbot/install/youbot_description/share/youbot_description/package.zsh'
[1.281s] Level 1:colcon.colcon_core.environment:create_file_with_runtime_dependencies(/youbot/install/youbot_description/share/colcon-core/packages/youbot_description)
[1.281s] INFO:colcon.colcon_ros.task.ament_cmake.build:Building ROS package in '/youbot/src/youbot_moveit' with build type 'ament_cmake'
[1.282s] INFO:colcon.colcon_cmake.task.cmake.build:Building CMake package in '/youbot/src/youbot_moveit'
[1.282s] INFO:colcon.colcon_core.shell:Skip shell extension 'powershell' for command environment: Not usable outside of PowerShell
[1.282s] DEBUG:colcon.colcon_core.shell:Skip shell extension 'dsv' for command environment
[1.293s] DEBUG:colcon.colcon_core.event_handler.log_command:Invoking command in '/youbot/build/youbot_moveit': AMENT_PREFIX_PATH=/youbot/install/youbot_description:${AMENT_PREFIX_PATH} CMAKE_PREFIX_PATH=/youbot/install/youbot_description:/opt/ros/humble /usr/bin/cmake --build /youbot/build/youbot_moveit -- -j4 -l4
[4.769s] DEBUG:colcon.colcon_core.event_handler.log_command:Invoked command in '/youbot/build/youbot_moveit' returned '0': AMENT_PREFIX_PATH=/youbot/install/youbot_description:${AMENT_PREFIX_PATH} CMAKE_PREFIX_PATH=/youbot/install/youbot_description:/opt/ros/humble /usr/bin/cmake --build /youbot/build/youbot_moveit -- -j4 -l4
[4.771s] DEBUG:colcon.colcon_core.event_handler.log_command:Invoking command in '/youbot/build/youbot_moveit': AMENT_PREFIX_PATH=/youbot/install/youbot_description:${AMENT_PREFIX_PATH} CMAKE_PREFIX_PATH=/youbot/install/youbot_description:/opt/ros/humble /usr/bin/cmake --install /youbot/build/youbot_moveit
[4.818s] Level 1:colcon.colcon_core.environment:create_environment_scripts_only(youbot_moveit)
[4.818s] Level 1:colcon.colcon_core.environment:checking '/youbot/install/youbot_moveit' for CMake module files
[4.818s] DEBUG:colcon.colcon_core.event_handler.log_command:Invoked command in '/youbot/build/youbot_moveit' returned '0': AMENT_PREFIX_PATH=/youbot/install/youbot_description:${AMENT_PREFIX_PATH} CMAKE_PREFIX_PATH=/youbot/install/youbot_description:/opt/ros/humble /usr/bin/cmake --install /youbot/build/youbot_moveit
[4.819s] Level 1:colcon.colcon_core.environment:checking '/youbot/install/youbot_moveit' for CMake config files
[4.819s] Level 1:colcon.colcon_core.shell:create_environment_hook('youbot_moveit', 'cmake_prefix_path')
[4.819s] INFO:colcon.colcon_core.shell:Creating environment hook '/youbot/install/youbot_moveit/share/youbot_moveit/hook/cmake_prefix_path.ps1'
[4.820s] INFO:colcon.colcon_core.shell:Creating environment descriptor '/youbot/install/youbot_moveit/share/youbot_moveit/hook/cmake_prefix_path.dsv'
[4.820s] INFO:colcon.colcon_core.shell:Creating environment hook '/youbot/install/youbot_moveit/share/youbot_moveit/hook/cmake_prefix_path.sh'
[4.821s] Level 1:colcon.colcon_core.environment:checking '/youbot/install/youbot_moveit/lib'
[4.821s] Level 1:colcon.colcon_core.environment:checking '/youbot/install/youbot_moveit/bin'
[4.821s] Level 1:colcon.colcon_core.environment:checking '/youbot/install/youbot_moveit/lib/pkgconfig/youbot_moveit.pc'
[4.821s] Level 1:colcon.colcon_core.environment:checking '/youbot/install/youbot_moveit/lib/python3.10/site-packages'
[4.822s] Level 1:colcon.colcon_core.environment:checking '/youbot/install/youbot_moveit/bin'
[4.822s] INFO:colcon.colcon_core.shell:Creating package script '/youbot/install/youbot_moveit/share/youbot_moveit/package.ps1'
[4.822s] INFO:colcon.colcon_core.shell:Creating package descriptor '/youbot/install/youbot_moveit/share/youbot_moveit/package.dsv'
[4.823s] INFO:colcon.colcon_core.shell:Creating package script '/youbot/install/youbot_moveit/share/youbot_moveit/package.sh'
[4.823s] INFO:colcon.colcon_core.shell:Creating package script '/youbot/install/youbot_moveit/share/youbot_moveit/package.bash'
[4.824s] INFO:colcon.colcon_core.shell:Creating package script '/youbot/install/youbot_moveit/share/youbot_moveit/package.zsh'
[4.824s] Level 1:colcon.colcon_core.environment:create_file_with_runtime_dependencies(/youbot/install/youbot_moveit/share/colcon-core/packages/youbot_moveit)
[4.825s] Level 1:colcon.colcon_core.environment:create_environment_scripts_only(youbot_moveit)
[4.825s] Level 1:colcon.colcon_core.environment:checking '/youbot/install/youbot_moveit' for CMake module files
[4.825s] Level 1:colcon.colcon_core.environment:checking '/youbot/install/youbot_moveit' for CMake config files
[4.826s] Level 1:colcon.colcon_core.shell:create_environment_hook('youbot_moveit', 'cmake_prefix_path')
[4.826s] INFO:colcon.colcon_core.shell:Creating environment hook '/youbot/install/youbot_moveit/share/youbot_moveit/hook/cmake_prefix_path.ps1'
[4.826s] INFO:colcon.colcon_core.shell:Creating environment descriptor '/youbot/install/youbot_moveit/share/youbot_moveit/hook/cmake_prefix_path.dsv'
[4.827s] INFO:colcon.colcon_core.shell:Creating environment hook '/youbot/install/youbot_moveit/share/youbot_moveit/hook/cmake_prefix_path.sh'
[4.827s] Level 1:colcon.colcon_core.environment:checking '/youbot/install/youbot_moveit/lib'
[4.827s] Level 1:colcon.colcon_core.environment:checking '/youbot/install/youbot_moveit/bin'
[4.828s] Level 1:colcon.colcon_core.environment:checking '/youbot/install/youbot_moveit/lib/pkgconfig/youbot_moveit.pc'
[4.828s] Level 1:colcon.colcon_core.environment:checking '/youbot/install/youbot_moveit/lib/python3.10/site-packages'
[4.828s] Level 1:colcon.colcon_core.environment:checking '/youbot/install/youbot_moveit/bin'
[4.828s] INFO:colcon.colcon_core.shell:Creating package script '/youbot/install/youbot_moveit/share/youbot_moveit/package.ps1'
[4.829s] INFO:colcon.colcon_core.shell:Creating package descriptor '/youbot/install/youbot_moveit/share/youbot_moveit/package.dsv'
[4.829s] INFO:colcon.colcon_core.shell:Creating package script '/youbot/install/youbot_moveit/share/youbot_moveit/package.sh'
[4.830s] INFO:colcon.colcon_core.shell:Creating package script '/youbot/install/youbot_moveit/share/youbot_moveit/package.bash'
[4.830s] INFO:colcon.colcon_core.shell:Creating package script '/youbot/install/youbot_moveit/share/youbot_moveit/package.zsh'
[4.831s] Level 1:colcon.colcon_core.environment:create_file_with_runtime_dependencies(/youbot/install/youbot_moveit/share/colcon-core/packages/youbot_moveit)
[4.917s] DEBUG:colcon.colcon_core.event_handler.log_command:Invoking command in '/youbot/build/send_num': PYTHONPATH=/youbot/build/send_num/prefix_override:/usr/lib/python3/dist-packages/colcon_core/task/python/colcon_distutils_commands:/youbot/install/send_num/lib/python3.10/site-packages:${PYTHONPATH} /usr/bin/python3 -W ignore:setup.py install is deprecated -W ignore:easy_install command is deprecated setup.py develop --uninstall --editable --build-directory /youbot/build/send_num/build
[5.360s] DEBUG:colcon.colcon_core.event_handler.log_command:Invoked command in '/youbot/build/send_num' returned '0': PYTHONPATH=/youbot/build/send_num/prefix_override:/usr/lib/python3/dist-packages/colcon_core/task/python/colcon_distutils_commands:/youbot/install/send_num/lib/python3.10/site-packages:${PYTHONPATH} /usr/bin/python3 -W ignore:setup.py install is deprecated -W ignore:easy_install command is deprecated setup.py develop --uninstall --editable --build-directory /youbot/build/send_num/build
[5.361s] DEBUG:colcon.colcon_core.event_handler.log_command:Invoking command in '/youbot/src/send_num': PYTHONPATH=/youbot/build/send_num/prefix_override:/usr/lib/python3/dist-packages/colcon_core/task/python/colcon_distutils_commands:/youbot/install/send_num/lib/python3.10/site-packages:${PYTHONPATH} /usr/bin/python3 -W ignore:setup.py install is deprecated -W ignore:easy_install command is deprecated setup.py egg_info --egg-base ../../build/send_num build --build-base /youbot/build/send_num/build install --record /youbot/build/send_num/install.log --single-version-externally-managed install_data --force
[5.667s] Level 1:colcon.colcon_core.environment:checking '/youbot/install/send_num' for CMake module files
[5.667s] DEBUG:colcon.colcon_core.event_handler.log_command:Invoked command in '/youbot/src/send_num' returned '0': PYTHONPATH=/youbot/build/send_num/prefix_override:/usr/lib/python3/dist-packages/colcon_core/task/python/colcon_distutils_commands:/youbot/install/send_num/lib/python3.10/site-packages:${PYTHONPATH} /usr/bin/python3 -W ignore:setup.py install is deprecated -W ignore:easy_install command is deprecated setup.py egg_info --egg-base ../../build/send_num build --build-base /youbot/build/send_num/build install --record /youbot/build/send_num/install.log --single-version-externally-managed install_data --force
[5.668s] Level 1:colcon.colcon_core.environment:checking '/youbot/install/send_num' for CMake config files
[5.668s] Level 1:colcon.colcon_core.environment:checking '/youbot/install/send_num/lib'
[5.668s] Level 1:colcon.colcon_core.environment:checking '/youbot/install/send_num/bin'
[5.669s] Level 1:colcon.colcon_core.environment:checking '/youbot/install/send_num/lib/pkgconfig/send_num.pc'
[5.669s] Level 1:colcon.colcon_core.environment:checking '/youbot/install/send_num/lib/python3.10/site-packages'
[5.669s] Level 1:colcon.colcon_core.shell:create_environment_hook('send_num', 'pythonpath')
[5.669s] INFO:colcon.colcon_core.shell:Creating environment hook '/youbot/install/send_num/share/send_num/hook/pythonpath.ps1'
[5.670s] INFO:colcon.colcon_core.shell:Creating environment descriptor '/youbot/install/send_num/share/send_num/hook/pythonpath.dsv'
[5.670s] INFO:colcon.colcon_core.shell:Creating environment hook '/youbot/install/send_num/share/send_num/hook/pythonpath.sh'
[5.671s] Level 1:colcon.colcon_core.environment:checking '/youbot/install/send_num/bin'
[5.671s] Level 1:colcon.colcon_core.environment:create_environment_scripts_only(send_num)
[5.671s] INFO:colcon.colcon_core.shell:Creating package script '/youbot/install/send_num/share/send_num/package.ps1'
[5.672s] INFO:colcon.colcon_core.shell:Creating package descriptor '/youbot/install/send_num/share/send_num/package.dsv'
[5.672s] INFO:colcon.colcon_core.shell:Creating package script '/youbot/install/send_num/share/send_num/package.sh'
[5.673s] INFO:colcon.colcon_core.shell:Creating package script '/youbot/install/send_num/share/send_num/package.bash'
[5.673s] INFO:colcon.colcon_core.shell:Creating package script '/youbot/install/send_num/share/send_num/package.zsh'
[5.673s] Level 1:colcon.colcon_core.environment:create_file_with_runtime_dependencies(/youbot/install/send_num/share/colcon-core/packages/send_num)
[5.674s] DEBUG:colcon.colcon_parallel_executor.executor.parallel:closing loop
[5.674s] DEBUG:colcon.colcon_parallel_executor.executor.parallel:loop closed
[5.674s] DEBUG:colcon.colcon_parallel_executor.executor.parallel:run_until_complete finished with '0'
[5.674s] DEBUG:colcon.colcon_core.event_reactor:joining thread
[5.694s] INFO:colcon.colcon_core.plugin_system:Skipping extension 'colcon_notification.desktop_notification.notify_send': Could not find 'notify-send'
[5.695s] INFO:colcon.colcon_core.plugin_system:Skipping extension 'colcon_notification.desktop_notification.terminal_notifier': Not used on non-Darwin systems
[5.695s] INFO:colcon.colcon_core.plugin_system:Skipping extension 'colcon_notification.desktop_notification.win32': Not used on non-Windows systems
[5.695s] INFO:colcon.colcon_notification.desktop_notification:Sending desktop notification using 'notify2'
[5.699s] DEBUG:colcon.colcon_notification.desktop_notification.notify2:Failed to initialize notify2: org.freedesktop.DBus.Error.Spawn.ExecFailed: /usr/bin/dbus-launch terminated abnormally without any error message
[5.700s] DEBUG:colcon.colcon_core.event_reactor:joined thread
[5.701s] INFO:colcon.colcon_core.shell:Creating prefix script '/youbot/install/local_setup.ps1'
[5.702s] INFO:colcon.colcon_core.shell:Creating prefix util module '/youbot/install/_local_setup_util_ps1.py'
[5.705s] INFO:colcon.colcon_core.shell:Creating prefix chain script '/youbot/install/setup.ps1'
[5.706s] INFO:colcon.colcon_core.shell:Creating prefix script '/youbot/install/local_setup.sh'
[5.707s] INFO:colcon.colcon_core.shell:Creating prefix util module '/youbot/install/_local_setup_util_sh.py'
[5.708s] INFO:colcon.colcon_core.shell:Creating prefix chain script '/youbot/install/setup.sh'
[5.709s] INFO:colcon.colcon_core.shell:Creating prefix script '/youbot/install/local_setup.bash'
[5.710s] INFO:colcon.colcon_core.shell:Creating prefix chain script '/youbot/install/setup.bash'
[5.711s] INFO:colcon.colcon_core.shell:Creating prefix script '/youbot/install/local_setup.zsh'
[5.712s] INFO:colcon.colcon_core.shell:Creating prefix chain script '/youbot/install/setup.zsh'
