[0.859s] Invoking command in '/youbot/src/send_num': PYTHONPATH=/youbot/build/send_num/prefix_override:/usr/lib/python3/dist-packages/colcon_core/task/python/colcon_distutils_commands:/youbot/install/send_num/lib/python3.10/site-packages:${PYTHONPATH} /usr/bin/python3 -W ignore:setup.py install is deprecated -W ignore:easy_install command is deprecated setup.py egg_info --egg-base ../../build/send_num build --build-base /youbot/build/send_num/build install --record /youbot/build/send_num/install.log --single-version-externally-managed install_data
[1.113s] running egg_info
[1.114s] writing ../../build/send_num/send_num.egg-info/PKG-INFO
[1.115s] writing dependency_links to ../../build/send_num/send_num.egg-info/dependency_links.txt
[1.115s] writing entry points to ../../build/send_num/send_num.egg-info/entry_points.txt
[1.116s] writing requirements to ../../build/send_num/send_num.egg-info/requires.txt
[1.116s] writing top-level names to ../../build/send_num/send_num.egg-info/top_level.txt
[1.117s] reading manifest file '../../build/send_num/send_num.egg-info/SOURCES.txt'
[1.118s] adding license file 'LICENSE'
[1.118s] writing manifest file '../../build/send_num/send_num.egg-info/SOURCES.txt'
[1.119s] running build
[1.119s] running build_py
[1.119s] running install
[1.120s] running install_lib
[1.121s] running install_data
[1.122s] running install_egg_info
[1.124s] removing '/youbot/install/send_num/lib/python3.10/site-packages/send_num-0.0.0-py3.10.egg-info' (and everything under it)
[1.124s] Copying ../../build/send_num/send_num.egg-info to /youbot/install/send_num/lib/python3.10/site-packages/send_num-0.0.0-py3.10.egg-info
[1.125s] running install_scripts
[1.149s] Installing bridge script to /youbot/install/send_num/lib/send_num
[1.149s] Installing camera_server script to /youbot/install/send_num/lib/send_num
[1.150s] Installing on_youbot script to /youbot/install/send_num/lib/send_num
[1.150s] Installing send script to /youbot/install/send_num/lib/send_num
[1.150s] Installing test_bridge script to /youbot/install/send_num/lib/send_num
[1.150s] Installing test_server_copy script to /youbot/install/send_num/lib/send_num
[1.150s] writing list of installed files to '/youbot/build/send_num/install.log'
[1.176s] Invoked command in '/youbot/src/send_num' returned '0': PYTHONPATH=/youbot/build/send_num/prefix_override:/usr/lib/python3/dist-packages/colcon_core/task/python/colcon_distutils_commands:/youbot/install/send_num/lib/python3.10/site-packages:${PYTHONPATH} /usr/bin/python3 -W ignore:setup.py install is deprecated -W ignore:easy_install command is deprecated setup.py egg_info --egg-base ../../build/send_num build --build-base /youbot/build/send_num/build install --record /youbot/build/send_num/install.log --single-version-externally-managed install_data
