[0.687s] Invoking command in '/youbot/src/send_num': PYTHONPATH=/youbot/build/send_num/prefix_override:/usr/lib/python3/dist-packages/colcon_core/task/python/colcon_distutils_commands:/youbot/install/send_num/lib/python3.10/site-packages:${PYTHONPATH} /usr/bin/python3 -W ignore:setup.py install is deprecated -W ignore:easy_install command is deprecated setup.py egg_info --egg-base ../../build/send_num build --build-base /youbot/build/send_num/build install --record /youbot/build/send_num/install.log --single-version-externally-managed install_data
[0.937s] running egg_info
[0.938s] writing ../../build/send_num/send_num.egg-info/PKG-INFO
[0.938s] writing dependency_links to ../../build/send_num/send_num.egg-info/dependency_links.txt
[0.938s] writing entry points to ../../build/send_num/send_num.egg-info/entry_points.txt
[0.938s] writing requirements to ../../build/send_num/send_num.egg-info/requires.txt
[0.938s] writing top-level names to ../../build/send_num/send_num.egg-info/top_level.txt
[0.940s] reading manifest file '../../build/send_num/send_num.egg-info/SOURCES.txt'
[0.941s] adding license file 'LICENSE'
[0.941s] writing manifest file '../../build/send_num/send_num.egg-info/SOURCES.txt'
[0.942s] running build
[0.942s] running build_py
[0.942s] running install
[0.943s] running install_lib
[0.944s] running install_data
[0.945s] running install_egg_info
[0.947s] removing '/youbot/install/send_num/lib/python3.10/site-packages/send_num-0.0.0-py3.10.egg-info' (and everything under it)
[0.947s] Copying ../../build/send_num/send_num.egg-info to /youbot/install/send_num/lib/python3.10/site-packages/send_num-0.0.0-py3.10.egg-info
[0.948s] running install_scripts
[0.969s] Installing bridge script to /youbot/install/send_num/lib/send_num
[0.969s] Installing camera_server script to /youbot/install/send_num/lib/send_num
[0.969s] Installing on_youbot script to /youbot/install/send_num/lib/send_num
[0.970s] Installing send script to /youbot/install/send_num/lib/send_num
[0.970s] Installing test_bridge script to /youbot/install/send_num/lib/send_num
[0.970s] Installing test_server_copy script to /youbot/install/send_num/lib/send_num
[0.970s] writing list of installed files to '/youbot/build/send_num/install.log'
[0.996s] Invoked command in '/youbot/src/send_num' returned '0': PYTHONPATH=/youbot/build/send_num/prefix_override:/usr/lib/python3/dist-packages/colcon_core/task/python/colcon_distutils_commands:/youbot/install/send_num/lib/python3.10/site-packages:${PYTHONPATH} /usr/bin/python3 -W ignore:setup.py install is deprecated -W ignore:easy_install command is deprecated setup.py egg_info --egg-base ../../build/send_num build --build-base /youbot/build/send_num/build install --record /youbot/build/send_num/install.log --single-version-externally-managed install_data
